Archive member included to satisfy reference by file (symbol)

/home/pedro/LPCXpresso/workspace/lpcxpresso-board-project/Lib_EaBaseBoard/Debug/libLib_EaBaseBoard.a(acc.o)
                              ./src/main.o (acc_init)
/home/pedro/LPCXpresso/workspace/lpcxpresso-board-project/Lib_EaBaseBoard/Debug/libLib_EaBaseBoard.a(joystick.o)
                              ./src/main.o (joystick_init)
/home/pedro/LPCXpresso/workspace/lpcxpresso-board-project/Lib_EaBaseBoard/Debug/libLib_EaBaseBoard.a(led7seg.o)
                              ./src/main.o (led7seg_init)
/home/pedro/LPCXpresso/workspace/lpcxpresso-board-project/Lib_EaBaseBoard/Debug/libLib_EaBaseBoard.a(oled.o)
                              ./src/main.o (oled_putPixel)
/home/pedro/LPCXpresso/workspace/lpcxpresso-board-project/Lib_EaBaseBoard/Debug/libLib_EaBaseBoard.a(pca9532.o)
                              ./src/main.o (pca9532_init)
/home/pedro/LPCXpresso/workspace/lpcxpresso-board-project/Lib_EaBaseBoard/Debug/libLib_EaBaseBoard.a(rgb.o)
                              ./src/main.o (rgb_init)
/home/pedro/LPCXpresso/workspace/lpcxpresso-board-project/Lib_EaBaseBoard/Debug/libLib_EaBaseBoard.a(rotary.o)
                              ./src/main.o (rotary_init)
/home/pedro/LPCXpresso/workspace/lpcxpresso-board-project/Lib_EaBaseBoard/Debug/libLib_EaBaseBoard.a(font5x7.o)
                              /home/pedro/LPCXpresso/workspace/lpcxpresso-board-project/Lib_EaBaseBoard/Debug/libLib_EaBaseBoard.a(oled.o) (font5x7)
/home/pedro/LPCXpresso/workspace/lpcxpresso-board-project/Lib_MCU/Debug/libLib_MCU.a(lpc17xx_adc.o)
                              ./src/main.o (ADC_Init)
/home/pedro/LPCXpresso/workspace/lpcxpresso-board-project/Lib_MCU/Debug/libLib_MCU.a(lpc17xx_clkpwr.o)
                              /home/pedro/LPCXpresso/workspace/lpcxpresso-board-project/Lib_MCU/Debug/libLib_MCU.a(lpc17xx_adc.o) (CLKPWR_GetPCLK)
/home/pedro/LPCXpresso/workspace/lpcxpresso-board-project/Lib_MCU/Debug/libLib_MCU.a(lpc17xx_gpio.o)
                              ./src/main.o (GPIO_SetDir)
/home/pedro/LPCXpresso/workspace/lpcxpresso-board-project/Lib_MCU/Debug/libLib_MCU.a(lpc17xx_i2c.o)
                              ./src/main.o (I2C_Init)
/home/pedro/LPCXpresso/workspace/lpcxpresso-board-project/Lib_MCU/Debug/libLib_MCU.a(lpc17xx_pinsel.o)
                              ./src/main.o (PINSEL_ConfigPin)
/home/pedro/LPCXpresso/workspace/lpcxpresso-board-project/Lib_MCU/Debug/libLib_MCU.a(lpc17xx_ssp.o)
                              ./src/main.o (SSP_Init)
/home/pedro/LPCXpresso/workspace/lpcxpresso-board-project/Lib_MCU/Debug/libLib_MCU.a(lpc17xx_timer.o)
                              ./src/main.o (Timer0_Wait)
/usr/local/lpcxpresso_8.2.2_650/lpcxpresso/tools/bin/../lib/gcc/arm-none-eabi/5.4.1/armv7-m/libgcc.a(_aeabi_uldivmod.o)
                              /home/pedro/LPCXpresso/workspace/lpcxpresso-board-project/Lib_MCU/Debug/libLib_MCU.a(lpc17xx_timer.o) (__aeabi_uldivmod)
/usr/local/lpcxpresso_8.2.2_650/lpcxpresso/tools/bin/../lib/gcc/arm-none-eabi/5.4.1/armv7-m/libgcc.a(_udivmoddi4.o)
                              /usr/local/lpcxpresso_8.2.2_650/lpcxpresso/tools/bin/../lib/gcc/arm-none-eabi/5.4.1/armv7-m/libgcc.a(_aeabi_uldivmod.o) (__udivmoddi4)
/usr/local/lpcxpresso_8.2.2_650/lpcxpresso/tools/bin/../lib/gcc/arm-none-eabi/5.4.1/armv7-m/libgcc.a(_dvmd_tls.o)
                              /usr/local/lpcxpresso_8.2.2_650/lpcxpresso/tools/bin/../lib/gcc/arm-none-eabi/5.4.1/armv7-m/libgcc.a(_aeabi_uldivmod.o) (__aeabi_ldiv0)
/usr/local/lpcxpresso_8.2.2_650/lpcxpresso/tools/bin/../lib/gcc/arm-none-eabi/5.4.1/../../../../arm-none-eabi/lib/armv7-m/libc.a(lib_a-memset.o)
                              /home/pedro/LPCXpresso/workspace/lpcxpresso-board-project/Lib_EaBaseBoard/Debug/libLib_EaBaseBoard.a(oled.o) (memset)
