Archive member included because of file (symbol)

C:\Users\aluno.SERVIDORES\Documents\LPCXpresso_6.1.4_194\workspace\projeto1\Lib_CMSISv1p30_LPC17xx\Debug\libCMSISv1p30_LPC17xx.a(system_LPC17xx.o)
                              ./src/easyweb.o (SystemCoreClock)
C:\Users\aluno.SERVIDORES\Documents\LPCXpresso_6.1.4_194\workspace\projeto1\Lib_EaBaseBoard\Debug\libLib_EaBaseBoard.a(light.o)
                              ./src/biblioteca.o (light_enable)
C:\Users\aluno.SERVIDORES\Documents\LPCXpresso_6.1.4_194\workspace\projeto1\Lib_EaBaseBoard\Debug\libLib_EaBaseBoard.a(oled.o)
                              ./src/biblioteca.o (oled_init)
C:\Users\aluno.SERVIDORES\Documents\LPCXpresso_6.1.4_194\workspace\projeto1\Lib_EaBaseBoard\Debug\libLib_EaBaseBoard.a(font5x7.o)
                              C:\Users\aluno.SERVIDORES\Documents\LPCXpresso_6.1.4_194\workspace\projeto1\Lib_EaBaseBoard\Debug\libLib_EaBaseBoard.a(oled.o) (font5x7)
C:\Users\aluno.SERVIDORES\Documents\LPCXpresso_6.1.4_194\workspace\projeto1\Lib_MCU\Debug\libLib_MCU.a(lpc17xx_gpio.o)
                              C:\Users\aluno.SERVIDORES\Documents\LPCXpresso_6.1.4_194\workspace\projeto1\Lib_EaBaseBoard\Debug\libLib_EaBaseBoard.a(oled.o) (GPIO_SetDir)
C:\Users\aluno.SERVIDORES\Documents\LPCXpresso_6.1.4_194\workspace\projeto1\Lib_MCU\Debug\libLib_MCU.a(lpc17xx_i2c.o)
                              ./src/biblioteca.o (I2C_Init)
C:\Users\aluno.SERVIDORES\Documents\LPCXpresso_6.1.4_194\workspace\projeto1\Lib_MCU\Debug\libLib_MCU.a(lpc17xx_libcfg_default.o)
                              C:\Users\aluno.SERVIDORES\Documents\LPCXpresso_6.1.4_194\workspace\projeto1\Lib_MCU\Debug\libLib_MCU.a(lpc17xx_i2c.o) (check_failed)
C:\Users\aluno.SERVIDORES\Documents\LPCXpresso_6.1.4_194\workspace\projeto1\Lib_MCU\Debug\libLib_MCU.a(lpc17xx_pinsel.o)
                              ./src/biblioteca.o (PINSEL_ConfigPin)
C:\Users\aluno.SERVIDORES\Documents\LPCXpresso_6.1.4_194\workspace\projeto1\Lib_MCU\Debug\libLib_MCU.a(lpc17xx_ssp.o)
                              ./src/biblioteca.o (SSP_Init)
C:\Users\aluno.SERVIDORES\Documents\LPCXpresso_6.1.4_194\workspace\projeto1\Lib_MCU\Debug\libLib_MCU.a(lpc17xx_timer.o)
                              ./src/biblioteca.o (Timer0_Wait)
C:\Users\aluno.SERVIDORES\Documents\LPCXpresso_6.1.4_194\workspace\projeto1\Lib_MCU\Debug\libLib_MCU.a(lpc17xx_uart.o)
                              ./src/biblioteca.o (UART_TxCmd)
C:\Users\aluno.SERVIDORES\Documents\LPCXpresso_6.1.4_194\workspace\projeto1\Lib_MCU\Debug\libLib_MCU.a(lpc17xx_clkpwr.o)
                              C:\Users\aluno.SERVIDORES\Documents\LPCXpresso_6.1.4_194\workspace\projeto1\Lib_MCU\Debug\libLib_MCU.a(lpc17xx_i2c.o) (CLKPWR_SetPCLKDiv)
c:/nxp/lpcxpresso_6.1.4_194/lpcxpresso/tools/bin/../lib/gcc/arm-none-eabi/4.6.2/armv7-m\libgcc.a(_aeabi_uldivmod.o)
                              C:\Users\aluno.SERVIDORES\Documents\LPCXpresso_6.1.4_194\workspace\projeto1\Lib_CMSISv1p30_LPC17xx\Debug\libCMSISv1p30_LPC17xx.a(system_LPC17xx.o) (__aeabi_uldivmod)
c:/nxp/lpcxpresso_6.1.4_194/lpcxpresso/tools/bin/../lib/gcc/arm-none-eabi/4.6.2/armv7-m\libgcc.a(bpabi.o)
                              c:/nxp/lpcxpresso_6.1.4_194/lpcxpresso/tools/bin/../lib/gcc/arm-none-eabi/4.6.2/armv7-m\libgcc.a(_aeabi_uldivmod.o) (__gnu_uldivmod_helper)
c:/nxp/lpcxpresso_6.1.4_194/lpcxpresso/tools/bin/../lib/gcc/arm-none-eabi/4.6.2/armv7-m\libgcc.a(_dvmd_tls.o)
                              c:/nxp/lpcxpresso_6.1.4_194/lpcxpresso/tools/bin/../lib/gcc/arm-none-eabi/4.6.2/armv7-m\libgcc.a(_aeabi_uldivmod.o) (__aeabi_ldiv0)
c:/nxp/lpcxpresso_6.1.4_194/lpcxpresso/tools/bin/../lib/gcc/arm-none-eabi/4.6.2/armv7-m\libgcc.a(_divdi3.o)
                              c:/nxp/lpcxpresso_6.1.4_194/lpcxpresso/tools/bin/../lib/gcc/arm-none-eabi/4.6.2/armv7-m\libgcc.a(bpabi.o) (__divdi3)
c:/nxp/lpcxpresso_6.1.4_194/lpcxpresso/tools/bin/../lib/gcc/arm-none-eabi/4.6.2/armv7-m\libgcc.a(_udivdi3.o)
                              c:/nxp/lpcxpresso_6.1.4_194/lpcxpresso/tools/bin/../lib/gcc/arm-none-eabi/4.6.2/armv7-m\libgcc.a(bpabi.o) (__udivdi3)
c:/nxp/lpcxpresso_6.1.4_194/lpcxpresso/tools/bin/../lib/gcc/arm-none-eabi/4.6.2/../../../../arm-none-eabi/lib/armv7-m\libc.a(lib_a-memcmp.o)
                              ./src/tcpip.o (memcmp)
c:/nxp/lpcxpresso_6.1.4_194/lpcxpresso/tools/bin/../lib/gcc/arm-none-eabi/4.6.2/../../../../arm-none-eabi/lib/armv7-m\libc.a(lib_a-memcpy.o)
                              ./src/easyweb.o (memcpy)
c:/nxp/lpcxpresso_6.1.4_194/lpcxpresso/tools/bin/../lib/gcc/arm-none-eabi/4.6.2/../../../../arm-none-eabi/lib/armv7-m\libc.a(lib_a-memset.o)
                              ./src/tcpip.o (memset)
c:/nxp/lpcxpresso_6.1.4_194/lpcxpresso/tools/bin/../lib/gcc/arm-none-eabi/4.6.2/../../../../arm-none-eabi/lib/armv7-m\libc.a(lib_a-sprintf.o)
                              ./src/biblioteca.o (sprintf)
[...]
Memory Configuration

Name             Origin             Length             Attributes
MFlash512        0x00000000         0x00080000         xr
RamLoc32         0x10000000         0x00008000         xrw
RamAHB32         0x2007c000         0x00008000         xrw
*default*        0x00000000         0xffffffff

Linker script and memory map

LOAD ./src/biblioteca.o
LOAD ./src/cr_startup_lpc17.o
LOAD ./src/easyweb.o
LOAD ./src/ethmac.o
LOAD ./src/ew_systick.o
LOAD ./src/tcpip.o
LOAD C:\Users\aluno.SERVIDORES\Documents\LPCXpresso_6.1.4_194\workspace\projeto1\Lib_CMSISv1p30_LPC17xx\Debug\libCMSISv1p30_LPC17xx.a
LOAD C:\Users\aluno.SERVIDORES\Documents\LPCXpresso_6.1.4_194\workspace\projeto1\Lib_EaBaseBoard\Debug\libLib_EaBaseBoard.a
LOAD C:\Users\aluno.SERVIDORES\Documents\LPCXpresso_6.1.4_194\workspace\projeto1\Lib_MCU\Debug\libLib_MCU.a
START GROUP
LOAD c:/nxp/lpcxpresso_6.1.4_194/lpcxpresso/tools/bin/../lib/gcc/arm-none-eabi/4.6.2/armv7-m\libgcc.a
LOAD c:/nxp/lpcxpresso_6.1.4_194/lpcxpresso/tools/bin/../lib/gcc/arm-none-eabi/4.6.2/../../../../arm-none-eabi/lib/armv7-m\libc.a
LOAD c:/nxp/lpcxpresso_6.1.4_194/lpcxpresso/tools/bin/../lib/gcc/arm-none-eabi/4.6.2/../../../../arm-none-eabi/lib/armv7-m\libm.a
LOAD c:/nxp/lpcxpresso_6.1.4_194/lpcxpresso/tools/bin/../lib/gcc/arm-none-eabi/4.6.2/../../../../arm-none-eabi/lib/armv7-m\libcr_newlib_semihost.a
END GROUP
                0x00080000                __top_MFlash512 = 0x80000
                0x10008000                __top_RamLoc32 = 0x10008000
                0x20084000                __top_RamAHB32 = 0x20084000

.text           0x00000000     0xb954
 FILL mask 0xff
                0x00000000                __vectors_start__ = ABSOLUTE (.)
 *(.isr_vector)
 .isr_vector    0x00000000       0xcc ./src/cr_startup_lpc17.o
                0x00000000                g_pfnVectors
                0x000000cc                . = ALIGN (0x4)
                0x000000cc                __section_table_start = .
                0x000000cc                __data_section_table = .
                0x000000cc        0x4 LONG 0xb95c LOADADDR (.data)
                0x000000d0        0x4 LONG 0x10000000 ADDR (.data)
                0x000000d4        0x4 LONG 0x884 SIZEOF (.data)
                0x000000d8        0x4 LONG 0xb95c LOADADDR (.data_RAM2)
                0x000000dc        0x4 LONG 0x2007c000 ADDR (.data_RAM2)
                0x000000e0        0x4 LONG 0x0 SIZEOF (.data_RAM2)
                0x000000e4                __data_section_table_end = .
                0x000000e4                __bss_section_table = .
                0x000000e4        0x4 LONG 0x10000884 ADDR (.bss)
                0x000000e8        0x4 LONG 0x76c SIZEOF (.bss)
                0x000000ec        0x4 LONG 0x2007c000 ADDR (.bss_RAM2)
                0x000000f0        0x4 LONG 0x0 SIZEOF (.bss_RAM2)
                0x000000f4                __bss_section_table_end = .
                0x000000f4                __section_table_end = .
 *(.after_vectors*)
 *(.text*)
 .text.init_ssp
                0x000000f4       0x98 ./src/biblioteca.o
 .text.init_uart
                0x0000018c       0x74 ./src/biblioteca.o
 .text.init_i2c
                0x00000200       0x5c ./src/biblioteca.o
 .text.print_disp
                0x0000025c      0x12c ./src/biblioteca.o
                0x0000025c                print_disp
 .text.print_uart
                0x00000388       0x84 ./src/biblioteca.o
                0x00000388                print_uart
 .text.init_all
                0x0000040c       0x2c ./src/biblioteca.o
                0x0000040c                init_all
 .text.exit_    0x00000438       0x4c ./src/biblioteca.o
                0x00000438                exit_
 .text.ResetISR
                0x00000484       0x68 ./src/cr_startup_lpc17.o
                0x00000484                ResetISR
 .text.NMI_Handler
                0x000004ec        0x8 ./src/cr_startup_lpc17.o
                0x000004ec                NMI_Handler
 .text.HardFault_Handler
                0x000004f4        0x8 ./src/cr_startup_lpc17.o
                0x000004f4                HardFault_Handler
 .text.MemManage_Handler
                0x000004fc        0x8 ./src/cr_startup_lpc17.o
                0x000004fc                MemManage_Handler
 .text.BusFault_Handler
                0x00000504        0x8 ./src/cr_startup_lpc17.o
                0x00000504                BusFault_Handler
 .text.UsageFault_Handler
                0x0000050c        0x8 ./src/cr_startup_lpc17.o
                0x0000050c                UsageFault_Handler
 .text.SVCall_Handler
                0x00000514        0x8 ./src/cr_startup_lpc17.o
                0x00000514                SVCall_Handler
 .text.DebugMon_Handler
                0x0000051c        0x8 ./src/cr_startup_lpc17.o
                0x0000051c                DebugMon_Handler
 .text.PendSV_Handler
                0x00000524        0x8 ./src/cr_startup_lpc17.o
                0x00000524                PendSV_Handler
 .text.IntDefaultHandler
                0x0000052c        0x8 ./src/cr_startup_lpc17.o
                0x0000052c                TIMER2_IRQHandler
                0x0000052c                RIT_IRQHandler
                0x0000052c                I2C0_IRQHandler
                0x0000052c                USBActivity_IRQHandler
                0x0000052c                PWM1_IRQHandler
                0x0000052c                I2C1_IRQHandler
                0x0000052c                EINT2_IRQHandler
                0x0000052c                UART1_IRQHandler
                0x0000052c                EINT3_IRQHandler
                0x0000052c                CANActivity_IRQHandler
                0x0000052c                TIMER3_IRQHandler
                0x0000052c                UART0_IRQHandler
                0x0000052c                IntDefaultHandler
                0x0000052c                PLL0_IRQHandler
                0x0000052c                CAN_IRQHandler
                0x0000052c                PLL1_IRQHandler
                0x0000052c                SSP0_IRQHandler
                0x0000052c                I2S_IRQHandler
                0x0000052c                I2C2_IRQHandler
                0x0000052c                RTC_IRQHandler
                0x0000052c                TIMER0_IRQHandler
                0x0000052c                SPI_IRQHandler
                0x0000052c                EINT1_IRQHandler
                0x0000052c                TIMER1_IRQHandler
                0x0000052c                UART2_IRQHandler
                0x0000052c                ADC_IRQHandler
                0x0000052c                SSP1_IRQHandler
                0x0000052c                USB_IRQHandler
                0x0000052c                BOD_IRQHandler
                0x0000052c                WDT_IRQHandler
                0x0000052c                QEI_IRQHandler
                0x0000052c                EINT0_IRQHandler
                0x0000052c                DMA_IRQHandler
                0x0000052c                UART3_IRQHandler
                0x0000052c                MCPWM_IRQHandler
                0x0000052c                ENET_IRQHandler
 .text.main     0x00000534      0x188 ./src/easyweb.o
                0x00000534                main
 .text.HTTPServer
                0x000006bc      0x1ec ./src/easyweb.o
                0x000006bc                HTTPServer
 .text.GetAD7Val
                0x000008a8       0x68 ./src/easyweb.o
                0x000008a8                GetAD7Val
 .text.InsertDynamicValues
                0x00000910      0x128 ./src/easyweb.o
                0x00000910                InsertDynamicValues
 .text.WriteToPHY
                0x00000a38       0x58 ./src/ethmac.o
                0x00000a38                WriteToPHY
 .text.ReadFromPHY
                0x00000a90       0x70 ./src/ethmac.o
                0x00000a90                ReadFromPHY
 .text.Init_EthMAC
                0x00000b00      0x478 ./src/ethmac.o
                0x00000b00                Init_EthMAC
 .text.WriteFrame_EthMAC
                0x00000f78       0x30 ./src/ethmac.o
                0x00000f78                WriteFrame_EthMAC
 .text.CopyToFrame_EthMAC
                0x00000fa8       0x70 ./src/ethmac.o
                0x00000fa8                CopyToFrame_EthMAC
 .text.ReadFrame_EthMAC
                0x00001018       0x28 ./src/ethmac.o
                0x00001018                ReadFrame_EthMAC
 .text.ReadFrameBE_EthMAC
                0x00001040       0x38 ./src/ethmac.o
                0x00001040                ReadFrameBE_EthMAC
 .text.CopyFromFrame_EthMAC
                0x00001078       0x50 ./src/ethmac.o
                0x00001078                CopyFromFrame_EthMAC
 .text.DummyReadFrame_EthMAC
                0x000010c8       0x28 ./src/ethmac.o
                0x000010c8                DummyReadFrame_EthMAC
 .text.RequestSend
                0x000010f0       0x54 ./src/ethmac.o
                0x000010f0                RequestSend
 .text.Rdy4Tx   0x00001144       0x10 ./src/ethmac.o
                0x00001144                Rdy4Tx
 .text.StartReadingFrame
                0x00001154       0x60 ./src/ethmac.o
                0x00001154                StartReadingFrame
 .text.StopReadingFrame
                0x000011b4       0x38 ./src/ethmac.o
                0x000011b4                StopReadingFrame
 .text.CheckIfFrameReceived
                0x000011ec       0x2c ./src/ethmac.o
                0x000011ec                CheckIfFrameReceived
 .text.NVIC_SetPriority
                0x00001218       0x5c ./src/ew_systick.o
 .text.SysTick_Config
                0x00001274       0x64 ./src/ew_systick.o
 .text.SysTick_Handler
                0x000012d8       0x8c ./src/ew_systick.o
                0x000012d8                SysTick_Handler
 .text.Start_SysTick10ms
                0x00001364       0x30 ./src/ew_systick.o
                0x00001364                Start_SysTick10ms
 .text.TCPLowLevelInit
                0x00001394       0x54 ./src/tcpip.o
                0x00001394                TCPLowLevelInit
 .text.TCPPassiveOpen
                0x000013e8       0x50 ./src/tcpip.o
                0x000013e8                TCPPassiveOpen
 .text.TCPClose
                0x00001438       0x7c ./src/tcpip.o
                0x00001438                TCPClose
 .text.TCPReleaseRxBuffer
                0x000014b4       0x24 ./src/tcpip.o
                0x000014b4                TCPReleaseRxBuffer
 .text.TCPTransmitTxBuffer
                0x000014d8       0xb8 ./src/tcpip.o
                0x000014d8                TCPTransmitTxBuffer
 .text.BroadcastMessage
                0x00001590       0x68 ./src/tcpip.o
                0x00001590                BroadcastMessage
 .text.DoNetworkStuff
                0x000015f8      0x3c4 ./src/tcpip.o
                0x000015f8                DoNetworkStuff
 .text.ProcessEthBroadcastFrame
                0x000019bc       0x9c ./src/tcpip.o
                0x000019bc                ProcessEthBroadcastFrame
 .text.ProcessEthIAFrame
                0x00001a58      0x138 ./src/tcpip.o
                0x00001a58                ProcessEthIAFrame
 .text.ProcessICMPFrame
                0x00001b90       0x2c ./src/tcpip.o
                0x00001b90                ProcessICMPFrame
 .text.ProcessTCPFrame
                0x00001bbc      0x768 ./src/tcpip.o
                0x00001bbc                ProcessTCPFrame
 .text.PrepareARP_REQUEST
                0x00002324      0x15c ./src/tcpip.o
                0x00002324                PrepareARP_REQUEST
 .text.PrepareARP_ANSWER
                0x00002480       0xfc ./src/tcpip.o
                0x00002480                PrepareARP_ANSWER
 .text.PrepareICMP_ECHO_REPLY
                0x0000257c      0x1dc ./src/tcpip.o
                0x0000257c                PrepareICMP_ECHO_REPLY
 .text.PrepareTCP_FRAME
                0x00002758      0x260 ./src/tcpip.o
                0x00002758                PrepareTCP_FRAME
 .text.PrepareTCP_DATA_FRAME
                0x000029b8      0x1ac ./src/tcpip.o
                0x000029b8                PrepareTCP_DATA_FRAME
 .text.CalcChecksum
                0x00002b64       0xe4 ./src/tcpip.o
                0x00002b64                CalcChecksum
 .text.TCPStartRetryTimer
                0x00002c48       0x5c ./src/tcpip.o
                0x00002c48                TCPStartRetryTimer
 .text.TCPStartTimeWaitTimer
                0x00002ca4       0x4c ./src/tcpip.o
                0x00002ca4                TCPStartTimeWaitTimer
 .text.TCPRestartTimer
                0x00002cf0       0x18 ./src/tcpip.o
                0x00002cf0                TCPRestartTimer
 .text.TCPStopTimer
                0x00002d08       0x24 ./src/tcpip.o
                0x00002d08                TCPStopTimer
 .text.TCPHandleRetransmission
                0x00002d2c       0x70 ./src/tcpip.o
                0x00002d2c                TCPHandleRetransmission
 .text.TCPHandleTimeout
                0x00002d9c       0x58 ./src/tcpip.o
                0x00002d9c                TCPHandleTimeout
 .text.TCPClockHandler
                0x00002df4       0x40 ./src/tcpip.o
                0x00002df4                TCPClockHandler
 .text.SendFrame1
                0x00002e34       0x20 ./src/tcpip.o
                0x00002e34                SendFrame1
 .text.SendFrame2
                0x00002e54       0x20 ./src/tcpip.o
                0x00002e54                SendFrame2
 .text.WriteWBE
                0x00002e74       0x34 ./src/tcpip.o
                0x00002e74                WriteWBE
 .text.WriteDWBE
                0x00002ea8       0x58 ./src/tcpip.o
                0x00002ea8                WriteDWBE
 .text.SwapBytes
                0x00002f00       0x30 ./src/tcpip.o
                0x00002f00                SwapBytes
 .text.SystemInit
                0x00002f30      0x22c C:\Users\aluno.SERVIDORES\Documents\LPCXpresso_6.1.4_194\workspace\projeto1\Lib_CMSISv1p30_LPC17xx\Debug\libCMSISv1p30_LPC17xx.a(system_LPC17xx.o)
                0x00002f30                SystemInit
 .text.I2CRead  0x0000315c       0x5c C:\Users\aluno.SERVIDORES\Documents\LPCXpresso_6.1.4_194\workspace\projeto1\Lib_EaBaseBoard\Debug\libLib_EaBaseBoard.a(light.o)
 .text.I2CWrite
                0x000031b8       0x5c C:\Users\aluno.SERVIDORES\Documents\LPCXpresso_6.1.4_194\workspace\projeto1\Lib_EaBaseBoard\Debug\libLib_EaBaseBoard.a(light.o)
 .text.light_enable
                0x00003214       0x48 C:\Users\aluno.SERVIDORES\Documents\LPCXpresso_6.1.4_194\workspace\projeto1\Lib_EaBaseBoard\Debug\libLib_EaBaseBoard.a(light.o)
                0x00003214                light_enable
 .text.light_read
                0x0000325c       0x90 C:\Users\aluno.SERVIDORES\Documents\LPCXpresso_6.1.4_194\workspace\projeto1\Lib_EaBaseBoard\Debug\libLib_EaBaseBoard.a(light.o)
                0x0000325c                light_read
 .text.writeCommand
                0x000032ec       0x60 C:\Users\aluno.SERVIDORES\Documents\LPCXpresso_6.1.4_194\workspace\projeto1\Lib_EaBaseBoard\Debug\libLib_EaBaseBoard.a(oled.o)
 .text.writeData
                0x0000334c       0x60 C:\Users\aluno.SERVIDORES\Documents\LPCXpresso_6.1.4_194\workspace\projeto1\Lib_EaBaseBoard\Debug\libLib_EaBaseBoard.a(oled.o)
 .text.writeDataLen
                0x000033ac       0x8c C:\Users\aluno.SERVIDORES\Documents\LPCXpresso_6.1.4_194\workspace\projeto1\Lib_EaBaseBoard\Debug\libLib_EaBaseBoard.a(oled.o)
 .text.runInitSequence
                0x00003438      0x118 C:\Users\aluno.SERVIDORES\Documents\LPCXpresso_6.1.4_194\workspace\projeto1\Lib_EaBaseBoard\Debug\libLib_EaBaseBoard.a(oled.o)
 .text.oled_init
                0x00003550       0x9c C:\Users\aluno.SERVIDORES\Documents\LPCXpresso_6.1.4_194\workspace\projeto1\Lib_EaBaseBoard\Debug\libLib_EaBaseBoard.a(oled.o)
                0x00003550                oled_init
 .text.oled_putPixel
                0x000035ec      0x188 C:\Users\aluno.SERVIDORES\Documents\LPCXpresso_6.1.4_194\workspace\projeto1\Lib_EaBaseBoard\Debug\libLib_EaBaseBoard.a(oled.o)
                0x000035ec                oled_putPixel
 .text.oled_clearScreen
                0x00003774       0x74 C:\Users\aluno.SERVIDORES\Documents\LPCXpresso_6.1.4_194\workspace\projeto1\Lib_EaBaseBoard\Debug\libLib_EaBaseBoard.a(oled.o)
                0x00003774                oled_clearScreen
 .text.oled_putChar
                0x000037e8       0xf0 C:\Users\aluno.SERVIDORES\Documents\LPCXpresso_6.1.4_194\workspace\projeto1\Lib_EaBaseBoard\Debug\libLib_EaBaseBoard.a(oled.o)
                0x000037e8                oled_putChar
 .text.oled_putString
                0x000038d8       0x54 C:\Users\aluno.SERVIDORES\Documents\LPCXpresso_6.1.4_194\workspace\projeto1\Lib_EaBaseBoard\Debug\libLib_EaBaseBoard.a(oled.o)
                0x000038d8                oled_putString
 .text.GPIO_GetPointer
                0x0000392c       0x7c C:\Users\aluno.SERVIDORES\Documents\LPCXpresso_6.1.4_194\workspace\projeto1\Lib_MCU\Debug\libLib_MCU.a(lpc17xx_gpio.o)
 .text.GPIO_SetDir
                0x000039a8       0x54 C:\Users\aluno.SERVIDORES\Documents\LPCXpresso_6.1.4_194\workspace\projeto1\Lib_MCU\Debug\libLib_MCU.a(lpc17xx_gpio.o)
                0x000039a8                GPIO_SetDir
 .text.GPIO_SetValue
                0x000039fc       0x2c C:\Users\aluno.SERVIDORES\Documents\LPCXpresso_6.1.4_194\workspace\projeto1\Lib_MCU\Debug\libLib_MCU.a(lpc17xx_gpio.o)
                0x000039fc                GPIO_SetValue
 .text.GPIO_ClearValue
                0x00003a28       0x2c C:\Users\aluno.SERVIDORES\Documents\LPCXpresso_6.1.4_194\workspace\projeto1\Lib_MCU\Debug\libLib_MCU.a(lpc17xx_gpio.o)
                0x00003a28                GPIO_ClearValue
 .text.GPIO_ReadValue
                0x00003a54       0x30 C:\Users\aluno.SERVIDORES\Documents\LPCXpresso_6.1.4_194\workspace\projeto1\Lib_MCU\Debug\libLib_MCU.a(lpc17xx_gpio.o)
                0x00003a54                GPIO_ReadValue
 .text.NVIC_EnableIRQ
                0x00003a84       0x38 C:\Users\aluno.SERVIDORES\Documents\LPCXpresso_6.1.4_194\workspace\projeto1\Lib_MCU\Debug\libLib_MCU.a(lpc17xx_i2c.o)
 .text.NVIC_DisableIRQ
                0x00003abc       0x3c C:\Users\aluno.SERVIDORES\Documents\LPCXpresso_6.1.4_194\workspace\projeto1\Lib_MCU\Debug\libLib_MCU.a(lpc17xx_i2c.o)
 .text.I2C_getNum
                0x00003af8       0x54 C:\Users\aluno.SERVIDORES\Documents\LPCXpresso_6.1.4_194\workspace\projeto1\Lib_MCU\Debug\libLib_MCU.a(lpc17xx_i2c.o)
 .text.I2C_Start
                0x00003b4c       0x44 C:\Users\aluno.SERVIDORES\Documents\LPCXpresso_6.1.4_194\workspace\projeto1\Lib_MCU\Debug\libLib_MCU.a(lpc17xx_i2c.o)
 .text.I2C_Stop
                0x00003b90       0x38 C:\Users\aluno.SERVIDORES\Documents\LPCXpresso_6.1.4_194\workspace\projeto1\Lib_MCU\Debug\libLib_MCU.a(lpc17xx_i2c.o)
 .text.I2C_SendByte
                0x00003bc8       0x50 C:\Users\aluno.SERVIDORES\Documents\LPCXpresso_6.1.4_194\workspace\projeto1\Lib_MCU\Debug\libLib_MCU.a(lpc17xx_i2c.o)
 .text.I2C_GetByte
                0x00003c18       0x5c C:\Users\aluno.SERVIDORES\Documents\LPCXpresso_6.1.4_194\workspace\projeto1\Lib_MCU\Debug\libLib_MCU.a(lpc17xx_i2c.o)
 .text.I2C_IntCmd
                0x00003c74       0xa8 C:\Users\aluno.SERVIDORES\Documents\LPCXpresso_6.1.4_194\workspace\projeto1\Lib_MCU\Debug\libLib_MCU.a(lpc17xx_i2c.o)
                0x00003c74                I2C_IntCmd
 .text.I2C_MasterHandler
                0x00003d1c      0x408 C:\Users\aluno.SERVIDORES\Documents\LPCXpresso_6.1.4_194\workspace\projeto1\Lib_MCU\Debug\libLib_MCU.a(lpc17xx_i2c.o)
                0x00003d1c                I2C_MasterHandler
 .text.I2C_SetClock
                0x00004124       0xc8 C:\Users\aluno.SERVIDORES\Documents\LPCXpresso_6.1.4_194\workspace\projeto1\Lib_MCU\Debug\libLib_MCU.a(lpc17xx_i2c.o)
                0x00004124                I2C_SetClock
 .text.I2C_Init
                0x000041ec       0xd8 C:\Users\aluno.SERVIDORES\Documents\LPCXpresso_6.1.4_194\workspace\projeto1\Lib_MCU\Debug\libLib_MCU.a(lpc17xx_i2c.o)
                0x000041ec                I2C_Init
 .text.I2C_Cmd  0x000042c4       0x84 C:\Users\aluno.SERVIDORES\Documents\LPCXpresso_6.1.4_194\workspace\projeto1\Lib_MCU\Debug\libLib_MCU.a(lpc17xx_i2c.o)
                0x000042c4                I2C_Cmd
 .text.I2C_MasterTransferData
                0x00004348      0x390 C:\Users\aluno.SERVIDORES\Documents\LPCXpresso_6.1.4_194\workspace\projeto1\Lib_MCU\Debug\libLib_MCU.a(lpc17xx_i2c.o)
                0x00004348                I2C_MasterTransferData
 .text.check_failed
                0x000046d8        0xc C:\Users\aluno.SERVIDORES\Documents\LPCXpresso_6.1.4_194\workspace\projeto1\Lib_MCU\Debug\libLib_MCU.a(lpc17xx_libcfg_default.o)
                0x000046d8                check_failed
 .text.PINSEL_SetPinFunc
                0x000046e4       0x9c C:\Users\aluno.SERVIDORES\Documents\LPCXpresso_6.1.4_194\workspace\projeto1\Lib_MCU\Debug\libLib_MCU.a(lpc17xx_pinsel.o)
                0x000046e4                PINSEL_SetPinFunc
 .text.PINSEL_SetResistorMode
                0x00004780       0x9c C:\Users\aluno.SERVIDORES\Documents\LPCXpresso_6.1.4_194\workspace\projeto1\Lib_MCU\Debug\libLib_MCU.a(lpc17xx_pinsel.o)
                0x00004780                PINSEL_SetResistorMode
 .text.PINSEL_SetOpenDrainMode
                0x0000481c       0x7c C:\Users\aluno.SERVIDORES\Documents\LPCXpresso_6.1.4_194\workspace\projeto1\Lib_MCU\Debug\libLib_MCU.a(lpc17xx_pinsel.o)
                0x0000481c                PINSEL_SetOpenDrainMode
 .text.PINSEL_ConfigPin
                0x00004898       0x54 C:\Users\aluno.SERVIDORES\Documents\LPCXpresso_6.1.4_194\workspace\projeto1\Lib_MCU\Debug\libLib_MCU.a(lpc17xx_pinsel.o)
                0x00004898                PINSEL_ConfigPin
 .text.SSP_getNum
                0x000048ec       0x40 C:\Users\aluno.SERVIDORES\Documents\LPCXpresso_6.1.4_194\workspace\projeto1\Lib_MCU\Debug\libLib_MCU.a(lpc17xx_ssp.o)
 .text.SSP_IntHandler
                0x0000492c      0x338 C:\Users\aluno.SERVIDORES\Documents\LPCXpresso_6.1.4_194\workspace\projeto1\Lib_MCU\Debug\libLib_MCU.a(lpc17xx_ssp.o)
                0x0000492c                SSP_IntHandler
 .text.SSP_SetClock
                0x00004c64       0xf8 C:\Users\aluno.SERVIDORES\Documents\LPCXpresso_6.1.4_194\workspace\projeto1\Lib_MCU\Debug\libLib_MCU.a(lpc17xx_ssp.o)
                0x00004c64                SSP_SetClock
 .text.SSP_Init
                0x00004d5c      0x10c C:\Users\aluno.SERVIDORES\Documents\LPCXpresso_6.1.4_194\workspace\projeto1\Lib_MCU\Debug\libLib_MCU.a(lpc17xx_ssp.o)
                0x00004d5c                SSP_Init
 .text.SSP_ConfigStructInit
                0x00004e68       0x48 C:\Users\aluno.SERVIDORES\Documents\LPCXpresso_6.1.4_194\workspace\projeto1\Lib_MCU\Debug\libLib_MCU.a(lpc17xx_ssp.o)
                0x00004e68                SSP_ConfigStructInit
 .text.SSP_Cmd  0x00004eb0       0x7c C:\Users\aluno.SERVIDORES\Documents\LPCXpresso_6.1.4_194\workspace\projeto1\Lib_MCU\Debug\libLib_MCU.a(lpc17xx_ssp.o)
                0x00004eb0                SSP_Cmd
 .text.SSP_SendData
                0x00004f2c       0x48 C:\Users\aluno.SERVIDORES\Documents\LPCXpresso_6.1.4_194\workspace\projeto1\Lib_MCU\Debug\libLib_MCU.a(lpc17xx_ssp.o)
                0x00004f2c                SSP_SendData
 .text.SSP_ReceiveData
                0x00004f74       0x44 C:\Users\aluno.SERVIDORES\Documents\LPCXpresso_6.1.4_194\workspace\projeto1\Lib_MCU\Debug\libLib_MCU.a(lpc17xx_ssp.o)
                0x00004f74                SSP_ReceiveData
 .text.SSP_ReadWrite
                0x00004fb8      0x440 C:\Users\aluno.SERVIDORES\Documents\LPCXpresso_6.1.4_194\workspace\projeto1\Lib_MCU\Debug\libLib_MCU.a(lpc17xx_ssp.o)
                0x00004fb8                SSP_ReadWrite
 .text.TIM_GetPClock
                0x000053f8       0x68 C:\Users\aluno.SERVIDORES\Documents\LPCXpresso_6.1.4_194\workspace\projeto1\Lib_MCU\Debug\libLib_MCU.a(lpc17xx_timer.o)
                0x000053f8                TIM_GetPClock
 .text.TIM_ConverUSecToVal
                0x00005460       0x64 C:\Users\aluno.SERVIDORES\Documents\LPCXpresso_6.1.4_194\workspace\projeto1\Lib_MCU\Debug\libLib_MCU.a(lpc17xx_timer.o)
                0x00005460                TIM_ConverUSecToVal
 .text.TIM_ConverPtrToTimeNum
                0x000054c4       0x6c C:\Users\aluno.SERVIDORES\Documents\LPCXpresso_6.1.4_194\workspace\projeto1\Lib_MCU\Debug\libLib_MCU.a(lpc17xx_timer.o)
                0x000054c4                TIM_ConverPtrToTimeNum
 .text.TIM_GetIntStatus
                0x00005530       0xb4 C:\Users\aluno.SERVIDORES\Documents\LPCXpresso_6.1.4_194\workspace\projeto1\Lib_MCU\Debug\libLib_MCU.a(lpc17xx_timer.o)
                0x00005530                TIM_GetIntStatus
 .text.TIM_ClearIntPending
                0x000055e4       0xa0 C:\Users\aluno.SERVIDORES\Documents\LPCXpresso_6.1.4_194\workspace\projeto1\Lib_MCU\Debug\libLib_MCU.a(lpc17xx_timer.o)
                0x000055e4                TIM_ClearIntPending
 .text.TIM_Init
                0x00005684      0x1bc C:\Users\aluno.SERVIDORES\Documents\LPCXpresso_6.1.4_194\workspace\projeto1\Lib_MCU\Debug\libLib_MCU.a(lpc17xx_timer.o)
                0x00005684                TIM_Init
 .text.TIM_Cmd  0x00005840       0x78 C:\Users\aluno.SERVIDORES\Documents\LPCXpresso_6.1.4_194\workspace\projeto1\Lib_MCU\Debug\libLib_MCU.a(lpc17xx_timer.o)
                0x00005840                TIM_Cmd
 .text.TIM_ConfigMatch
                0x000058b8      0x19c C:\Users\aluno.SERVIDORES\Documents\LPCXpresso_6.1.4_194\workspace\projeto1\Lib_MCU\Debug\libLib_MCU.a(lpc17xx_timer.o)
                0x000058b8                TIM_ConfigMatch
 .text.Timer0_Wait
                0x00005a54       0x8c C:\Users\aluno.SERVIDORES\Documents\LPCXpresso_6.1.4_194\workspace\projeto1\Lib_MCU\Debug\libLib_MCU.a(lpc17xx_timer.o)
                0x00005a54                Timer0_Wait
 .text.uart_set_divisors
                0x00005ae0      0x26c C:\Users\aluno.SERVIDORES\Documents\LPCXpresso_6.1.4_194\workspace\projeto1\Lib_MCU\Debug\libLib_MCU.a(lpc17xx_uart.o)
                0x00005ae0                uart_set_divisors
 .text.UART_Init
                0x00005d4c      0x368 C:\Users\aluno.SERVIDORES\Documents\LPCXpresso_6.1.4_194\workspace\projeto1\Lib_MCU\Debug\libLib_MCU.a(lpc17xx_uart.o)
                0x00005d4c                UART_Init
 .text.UART_SendData
                0x000060b4       0x78 C:\Users\aluno.SERVIDORES\Documents\LPCXpresso_6.1.4_194\workspace\projeto1\Lib_MCU\Debug\libLib_MCU.a(lpc17xx_uart.o)
                0x000060b4                UART_SendData
 .text.UART_ReceiveData
                0x0000612c       0x78 C:\Users\aluno.SERVIDORES\Documents\LPCXpresso_6.1.4_194\workspace\projeto1\Lib_MCU\Debug\libLib_MCU.a(lpc17xx_uart.o)
                0x0000612c                UART_ReceiveData
 .text.UART_TxCmd
                0x000061a4       0xe8 C:\Users\aluno.SERVIDORES\Documents\LPCXpresso_6.1.4_194\workspace\projeto1\Lib_MCU\Debug\libLib_MCU.a(lpc17xx_uart.o)
                0x000061a4                UART_TxCmd
 .text.UART_Send
                0x0000628c      0x10c C:\Users\aluno.SERVIDORES\Documents\LPCXpresso_6.1.4_194\workspace\projeto1\Lib_MCU\Debug\libLib_MCU.a(lpc17xx_uart.o)
                0x0000628c                UART_Send
 .text.UART_SendString
                0x00006398       0x2c C:\Users\aluno.SERVIDORES\Documents\LPCXpresso_6.1.4_194\workspace\projeto1\Lib_MCU\Debug\libLib_MCU.a(lpc17xx_uart.o)
                0x00006398                UART_SendString
 .text.UART_Receive
                0x000063c4       0xd8 C:\Users\aluno.SERVIDORES\Documents\LPCXpresso_6.1.4_194\workspace\projeto1\Lib_MCU\Debug\libLib_MCU.a(lpc17xx_uart.o)
                0x000063c4                UART_Receive
 .text.CLKPWR_SetPCLKDiv
                0x0000649c       0xcc C:\Users\aluno.SERVIDORES\Documents\LPCXpresso_6.1.4_194\workspace\projeto1\Lib_MCU\Debug\libLib_MCU.a(lpc17xx_clkpwr.o)
                0x0000649c                CLKPWR_SetPCLKDiv
 .text.CLKPWR_GetPCLKSEL
                0x00006568       0x54 C:\Users\aluno.SERVIDORES\Documents\LPCXpresso_6.1.4_194\workspace\projeto1\Lib_MCU\Debug\libLib_MCU.a(lpc17xx_clkpwr.o)
                0x00006568                CLKPWR_GetPCLKSEL
 .text.CLKPWR_GetPCLK
                0x000065bc       0x74 C:\Users\aluno.SERVIDORES\Documents\LPCXpresso_6.1.4_194\workspace\projeto1\Lib_MCU\Debug\libLib_MCU.a(lpc17xx_clkpwr.o)
                0x000065bc                CLKPWR_GetPCLK
 .text.CLKPWR_ConfigPPWR
                0x00006630       0x78 C:\Users\aluno.SERVIDORES\Documents\LPCXpresso_6.1.4_194\workspace\projeto1\Lib_MCU\Debug\libLib_MCU.a(lpc17xx_clkpwr.o)
                0x00006630                CLKPWR_ConfigPPWR
 .text          0x000066a8       0x2c c:/nxp/lpcxpresso_6.1.4_194/lpcxpresso/tools/bin/../lib/gcc/arm-none-eabi/4.6.2/armv7-m\libgcc.a(_aeabi_uldivmod.o)
                0x000066a8                __aeabi_uldivmod
 .text          0x000066d4       0x5c c:/nxp/lpcxpresso_6.1.4_194/lpcxpresso/tools/bin/../lib/gcc/arm-none-eabi/4.6.2/armv7-m\libgcc.a(bpabi.o)
                0x000066d4                __gnu_ldivmod_helper
                0x00006704                __gnu_uldivmod_helper
 .text          0x00006730        0x4 c:/nxp/lpcxpresso_6.1.4_194/lpcxpresso/tools/bin/../lib/gcc/arm-none-eabi/4.6.2/armv7-m\libgcc.a(_dvmd_tls.o)
                0x00006730                __aeabi_idiv0
                0x00006730                __aeabi_ldiv0
 .text          0x00006734      0x2c8 c:/nxp/lpcxpresso_6.1.4_194/lpcxpresso/tools/bin/../lib/gcc/arm-none-eabi/4.6.2/armv7-m\libgcc.a(_divdi3.o)
                0x00006734                __divdi3
 .text          0x000069fc      0x298 c:/nxp/lpcxpresso_6.1.4_194/lpcxpresso/tools/bin/../lib/gcc/arm-none-eabi/4.6.2/armv7-m\libgcc.a(_udivdi3.o)
                0x000069fc                __udivdi3
 .text.memcmp   0x00006c94       0x60 c:/nxp/lpcxpresso_6.1.4_194/lpcxpresso/tools/bin/../lib/gcc/arm-none-eabi/4.6.2/../../../../arm-none-eabi/lib/armv7-m\libc.a(lib_a-memcmp.o)
                0x00006c94                memcmp
 .text.memcpy   0x00006cf4       0x84 c:/nxp/lpcxpresso_6.1.4_194/lpcxpresso/tools/bin/../lib/gcc/arm-none-eabi/4.6.2/../../../../arm-none-eabi/lib/armv7-m\libc.a(lib_a-memcpy.o)
                0x00006cf4                memcpy
 .text.memset   0x00006d78       0x90 c:/nxp/lpcxpresso_6.1.4_194/lpcxpresso/tools/bin/../lib/gcc/arm-none-eabi/4.6.2/../../../../arm-none-eabi/lib/armv7-m\libc.a(lib_a-memset.o)
                0x00006d78                memset
 .text.sprintf  0x00006e08       0x50 c:/nxp/lpcxpresso_6.1.4_194/lpcxpresso/tools/bin/../lib/gcc/arm-none-eabi/4.6.2/../../../../arm-none-eabi/lib/armv7-m\libc.a(lib_a-sprintf.o)
                0x00006e08                sprintf
 .text.strlen   0x00006e58       0x60 c:/nxp/lpcxpresso_6.1.4_194/lpcxpresso/tools/bin/../lib/gcc/arm-none-eabi/4.6.2/../../../../arm-none-eabi/lib/armv7-m\libc.a(lib_a-strlen.o)
                0x00006e58                strlen
 .text._svfprintf_r
                0x00006eb8     0x1408 c:/nxp/lpcxpresso_6.1.4_194/lpcxpresso/tools/bin/../lib/gcc/arm-none-eabi/4.6.2/../../../../arm-none-eabi/lib/armv7-m\libc.a(lib_a-svfprintf.o)
                0x00006eb8                _svfprintf_r
 .text.quorem   0x000082c0      0x150 c:/nxp/lpcxpresso_6.1.4_194/lpcxpresso/tools/bin/../lib/gcc/arm-none-eabi/4.6.2/../../../../arm-none-eabi/lib/armv7-m\libc.a(lib_a-dtoa.o)
 .text._dtoa_r  0x00008410      0xe60 c:/nxp/lpcxpresso_6.1.4_194/lpcxpresso/tools/bin/../lib/gcc/arm-none-eabi/4.6.2/../../../../arm-none-eabi/lib/armv7-m\libc.a(lib_a-dtoa.o)
                0x00008410                _dtoa_r
 .text._localeconv_r
                0x00009270        0xc c:/nxp/lpcxpresso_6.1.4_194/lpcxpresso/tools/bin/../lib/gcc/arm-none-eabi/4.6.2/../../../../arm-none-eabi/lib/armv7-m\libc.a(lib_a-locale.o)
                0x00009270                _localeconv_r
 .text._malloc_r
                0x0000927c      0x528 c:/nxp/lpcxpresso_6.1.4_194/lpcxpresso/tools/bin/../lib/gcc/arm-none-eabi/4.6.2/../../../../arm-none-eabi/lib/armv7-m\libc.a(lib_a-mallocr.o)
                0x0000927c                _malloc_r
 .text.memchr   0x000097a4       0x84 c:/nxp/lpcxpresso_6.1.4_194/lpcxpresso/tools/bin/../lib/gcc/arm-none-eabi/4.6.2/../../../../arm-none-eabi/lib/armv7-m\libc.a(lib_a-memchr.o)
                0x000097a4                memchr
 .text.__malloc_lock
                0x00009828        0x4 c:/nxp/lpcxpresso_6.1.4_194/lpcxpresso/tools/bin/../lib/gcc/arm-none-eabi/4.6.2/../../../../arm-none-eabi/lib/armv7-m\libc.a(lib_a-mlock.o)
                0x00009828                __malloc_lock
 .text.__malloc_unlock
                0x0000982c        0x4 c:/nxp/lpcxpresso_6.1.4_194/lpcxpresso/tools/bin/../lib/gcc/arm-none-eabi/4.6.2/../../../../arm-none-eabi/lib/armv7-m\libc.a(lib_a-mlock.o)
                0x0000982c                __malloc_unlock
 .text._Balloc  0x00009830       0x4c c:/nxp/lpcxpresso_6.1.4_194/lpcxpresso/tools/bin/../lib/gcc/arm-none-eabi/4.6.2/../../../../arm-none-eabi/lib/armv7-m\libc.a(lib_a-mprec.o)
                0x00009830                _Balloc
 .text._Bfree   0x0000987c       0x14 c:/nxp/lpcxpresso_6.1.4_194/lpcxpresso/tools/bin/../lib/gcc/arm-none-eabi/4.6.2/../../../../arm-none-eabi/lib/armv7-m\libc.a(lib_a-mprec.o)
                0x0000987c                _Bfree
 .text.__multadd
                0x00009890       0x84 c:/nxp/lpcxpresso_6.1.4_194/lpcxpresso/tools/bin/../lib/gcc/arm-none-eabi/4.6.2/../../../../arm-none-eabi/lib/armv7-m\libc.a(lib_a-mprec.o)
                0x00009890                __multadd
 .text.__hi0bits
                0x00009914       0x3c c:/nxp/lpcxpresso_6.1.4_194/lpcxpresso/tools/bin/../lib/gcc/arm-none-eabi/4.6.2/../../../../arm-none-eabi/lib/armv7-m\libc.a(lib_a-mprec.o)
                0x00009914                __hi0bits
 .text.__lo0bits
                0x00009950       0x5c c:/nxp/lpcxpresso_6.1.4_194/lpcxpresso/tools/bin/../lib/gcc/arm-none-eabi/4.6.2/../../../../arm-none-eabi/lib/armv7-m\libc.a(lib_a-mprec.o)
                0x00009950                __lo0bits
 .text.__i2b    0x000099ac       0x14 c:/nxp/lpcxpresso_6.1.4_194/lpcxpresso/tools/bin/../lib/gcc/arm-none-eabi/4.6.2/../../../../arm-none-eabi/lib/armv7-m\libc.a(lib_a-mprec.o)
                0x000099ac                __i2b
 .text.__multiply
                0x000099c0      0x144 c:/nxp/lpcxpresso_6.1.4_194/lpcxpresso/tools/bin/../lib/gcc/arm-none-eabi/4.6.2/../../../../arm-none-eabi/lib/armv7-m\libc.a(lib_a-mprec.o)
                0x000099c0                __multiply
 .text.__pow5mult
                0x00009b04       0x98 c:/nxp/lpcxpresso_6.1.4_194/lpcxpresso/tools/bin/../lib/gcc/arm-none-eabi/4.6.2/../../../../arm-none-eabi/lib/armv7-m\libc.a(lib_a-mprec.o)
                0x00009b04                __pow5mult
 .text.__lshift
                0x00009b9c       0xc0 c:/nxp/lpcxpresso_6.1.4_194/lpcxpresso/tools/bin/../lib/gcc/arm-none-eabi/4.6.2/../../../../arm-none-eabi/lib/armv7-m\libc.a(lib_a-mprec.o)
                0x00009b9c                __lshift
 .text.__mcmp   0x00009c5c       0x3c c:/nxp/lpcxpresso_6.1.4_194/lpcxpresso/tools/bin/../lib/gcc/arm-none-eabi/4.6.2/../../../../arm-none-eabi/lib/armv7-m\libc.a(lib_a-mprec.o)
                0x00009c5c                __mcmp
 .text.__mdiff  0x00009c98       0xd8 c:/nxp/lpcxpresso_6.1.4_194/lpcxpresso/tools/bin/../lib/gcc/arm-none-eabi/4.6.2/../../../../arm-none-eabi/lib/armv7-m\libc.a(lib_a-mprec.o)
                0x00009c98                __mdiff
 .text.__d2b    0x00009d70       0xcc c:/nxp/lpcxpresso_6.1.4_194/lpcxpresso/tools/bin/../lib/gcc/arm-none-eabi/4.6.2/../../../../arm-none-eabi/lib/armv7-m\libc.a(lib_a-mprec.o)
                0x00009d70                __d2b
 .text.__fpclassifyd
                0x00009e3c       0x68 c:/nxp/lpcxpresso_6.1.4_194/lpcxpresso/tools/bin/../lib/gcc/arm-none-eabi/4.6.2/../../../../arm-none-eabi/lib/armv7-m\libc.a(lib_a-s_fpclassify.o)
                0x00009e3c                __fpclassifyd
 .text._sbrk_r  0x00009ea4       0x24 c:/nxp/lpcxpresso_6.1.4_194/lpcxpresso/tools/bin/../lib/gcc/arm-none-eabi/4.6.2/../../../../arm-none-eabi/lib/armv7-m\libc.a(lib_a-sbrkr.o)
                0x00009ea4                _sbrk_r
 .text.__ssprint_r
                0x00009ec8       0xf8 c:/nxp/lpcxpresso_6.1.4_194/lpcxpresso/tools/bin/../lib/gcc/arm-none-eabi/4.6.2/../../../../arm-none-eabi/lib/armv7-m\libc.a(lib_a-svfiprintf.o)
                0x00009ec8                __ssprint_r
 .text._calloc_r
                0x00009fc0       0x60 c:/nxp/lpcxpresso_6.1.4_194/lpcxpresso/tools/bin/../lib/gcc/arm-none-eabi/4.6.2/../../../../arm-none-eabi/lib/armv7-m\libc.a(lib_a-callocr.o)
                0x00009fc0                _calloc_r
 .text._malloc_trim_r
                0x0000a020       0xa0 c:/nxp/lpcxpresso_6.1.4_194/lpcxpresso/tools/bin/../lib/gcc/arm-none-eabi/4.6.2/../../../../arm-none-eabi/lib/armv7-m\libc.a(lib_a-freer.o)
                0x0000a020                _malloc_trim_r
 .text._free_r  0x0000a0c0      0x190 c:/nxp/lpcxpresso_6.1.4_194/lpcxpresso/tools/bin/../lib/gcc/arm-none-eabi/4.6.2/../../../../arm-none-eabi/lib/armv7-m\libc.a(lib_a-freer.o)
                0x0000a0c0                _free_r
 .text.memmove  0x0000a250       0xb0 c:/nxp/lpcxpresso_6.1.4_194/lpcxpresso/tools/bin/../lib/gcc/arm-none-eabi/4.6.2/../../../../arm-none-eabi/lib/armv7-m\libc.a(lib_a-memmove.o)
                0x0000a250                memmove
 .text._realloc_r
                0x0000a300      0x3f4 c:/nxp/lpcxpresso_6.1.4_194/lpcxpresso/tools/bin/../lib/gcc/arm-none-eabi/4.6.2/../../../../arm-none-eabi/lib/armv7-m\libc.a(lib_a-reallocr.o)
                0x0000a300                _realloc_r
 .text._sbrk    0x0000a6f4       0x3c c:/nxp/lpcxpresso_6.1.4_194/lpcxpresso/tools/bin/../lib/gcc/arm-none-eabi/4.6.2/../../../../arm-none-eabi/lib/armv7-m\libcr_newlib_semihost.a(_cr_sbrk.o)
                0x0000a6f4                _sbrk
 .text.__check_heap_overflow
                0x0000a730       0x2c c:/nxp/lpcxpresso_6.1.4_194/lpcxpresso/tools/bin/../lib/gcc/arm-none-eabi/4.6.2/../../../../arm-none-eabi/lib/armv7-m\libcr_newlib_semihost.a(_cr_check_heap.o)
                0x0000a730                __check_heap_overflow
 .text          0x0000a75c      0x370 c:/nxp/lpcxpresso_6.1.4_194/lpcxpresso/tools/bin/../lib/gcc/arm-none-eabi/4.6.2/armv7-m\libgcc.a(_arm_addsubdf3.o)
                0x0000a75c                __aeabi_drsub
                0x0000a764                __aeabi_dsub
                0x0000a764                __subdf3
                0x0000a768                __aeabi_dadd
                0x0000a768                __adddf3
                0x0000a9e0                __floatunsidf
                0x0000a9e0                __aeabi_ui2d
                0x0000aa00                __floatsidf
                0x0000aa00                __aeabi_i2d
                0x0000aa24                __aeabi_f2d
                0x0000aa24                __extendsfdf2
                0x0000aa60                __floatundidf
                0x0000aa60                __aeabi_ul2d
                0x0000aa70                __floatdidf
                0x0000aa70                __aeabi_l2d
 .text          0x0000aacc      0x424 c:/nxp/lpcxpresso_6.1.4_194/lpcxpresso/tools/bin/../lib/gcc/arm-none-eabi/4.6.2/armv7-m\libgcc.a(_arm_muldivdf3.o)
                0x0000aacc                __aeabi_dmul
                0x0000aacc                __muldf3
                0x0000ad20                __divdf3
                0x0000ad20                __aeabi_ddiv
 .text          0x0000aef0      0x110 c:/nxp/lpcxpresso_6.1.4_194/lpcxpresso/tools/bin/../lib/gcc/arm-none-eabi/4.6.2/armv7-m\libgcc.a(_arm_cmpdf2.o)
                0x0000aef0                __gtdf2
                0x0000aef0                __gedf2
                0x0000aef8                __ltdf2
                0x0000aef8                __ledf2
                0x0000af00                __nedf2
                0x0000af00                __eqdf2
                0x0000af00                __cmpdf2
                0x0000af7c                __aeabi_cdrcmple
                0x0000af8c                __aeabi_cdcmpeq
                0x0000af8c                __aeabi_cdcmple
                0x0000af9c                __aeabi_dcmpeq
                0x0000afb0                __aeabi_dcmplt
                0x0000afc4                __aeabi_dcmple
                0x0000afd8                __aeabi_dcmpge
                0x0000afec                __aeabi_dcmpgt
 .text          0x0000b000       0x50 c:/nxp/lpcxpresso_6.1.4_194/lpcxpresso/tools/bin/../lib/gcc/arm-none-eabi/4.6.2/armv7-m\libgcc.a(_arm_fixdfsi.o)
                0x0000b000                __aeabi_d2iz
                0x0000b000                __fixdfsi
 .text.__errno  0x0000b050        0xc c:/nxp/lpcxpresso_6.1.4_194/lpcxpresso/tools/bin/../lib/gcc/arm-none-eabi/4.6.2/../../../../arm-none-eabi/lib/armv7-m\libc.a(lib_a-errno.o)
                0x0000b050                __errno
 *(.rodata .rodata.* .constdata .constdata.*)
 .rodata        0x0000b05c       0xf8 ./src/biblioteca.o
 .rodata        0x0000b154      0x310 ./src/easyweb.o
                0x0000b154                GetResponse
                0x0000b184                MyIP
                0x0000b188                SubnetMask
                0x0000b18c                GatewayIP
                0x0000b190                WebSide
 .rodata        0x0000b464        0x8 ./src/tcpip.o
                0x0000b464                MyMAC
 .rodata        0x0000b46c        0x8 C:\Users\aluno.SERVIDORES\Documents\LPCXpresso_6.1.4_194\workspace\projeto1\Lib_EaBaseBoard\Debug\libLib_EaBaseBoard.a(oled.o)
 .rodata        0x0000b474      0x300 C:\Users\aluno.SERVIDORES\Documents\LPCXpresso_6.1.4_194\workspace\projeto1\Lib_EaBaseBoard\Debug\libLib_EaBaseBoard.a(font5x7.o)
                0x0000b474                font5x7
 .rodata        0x0000b774       0x18 C:\Users\aluno.SERVIDORES\Documents\LPCXpresso_6.1.4_194\workspace\projeto1\Lib_MCU\Debug\libLib_MCU.a(lpc17xx_i2c.o)
 .rodata        0x0000b78c       0x18 C:\Users\aluno.SERVIDORES\Documents\LPCXpresso_6.1.4_194\workspace\projeto1\Lib_MCU\Debug\libLib_MCU.a(lpc17xx_ssp.o)
 .rodata        0x0000b7a4       0x18 C:\Users\aluno.SERVIDORES\Documents\LPCXpresso_6.1.4_194\workspace\projeto1\Lib_MCU\Debug\libLib_MCU.a(lpc17xx_timer.o)
 .rodata        0x0000b7bc       0x18 C:\Users\aluno.SERVIDORES\Documents\LPCXpresso_6.1.4_194\workspace\projeto1\Lib_MCU\Debug\libLib_MCU.a(lpc17xx_uart.o)
 .rodata.zeroes.6590
                0x0000b7d4       0x10 c:/nxp/lpcxpresso_6.1.4_194/lpcxpresso/tools/bin/../lib/gcc/arm-none-eabi/4.6.2/../../../../arm-none-eabi/lib/armv7-m\libc.a(lib_a-svfprintf.o)
 .rodata.str1.4
                0x0000b7e4       0x42 c:/nxp/lpcxpresso_6.1.4_194/lpcxpresso/tools/bin/../lib/gcc/arm-none-eabi/4.6.2/../../../../arm-none-eabi/lib/armv7-m\libc.a(lib_a-svfprintf.o)
                                 0x44 (size before relaxing)
 *fill*         0x0000b826        0x2 00
 .rodata.blanks.6589
                0x0000b828       0x10 c:/nxp/lpcxpresso_6.1.4_194/lpcxpresso/tools/bin/../lib/gcc/arm-none-eabi/4.6.2/../../../../arm-none-eabi/lib/armv7-m\libc.a(lib_a-svfprintf.o)
 .rodata.str1.4
                0x0000b838       0x10 c:/nxp/lpcxpresso_6.1.4_194/lpcxpresso/tools/bin/../lib/gcc/arm-none-eabi/4.6.2/../../../../arm-none-eabi/lib/armv7-m\libc.a(lib_a-dtoa.o)
                                 0x14 (size before relaxing)
 .rodata.str1.4
                0x0000b848        0x2 c:/nxp/lpcxpresso_6.1.4_194/lpcxpresso/tools/bin/../lib/gcc/arm-none-eabi/4.6.2/../../../../arm-none-eabi/lib/armv7-m\libc.a(lib_a-impure.o)
                                  0x4 (size before relaxing)
 *fill*         0x0000b84a        0x2 00
 .rodata.str1.4
                0x0000b84c        0xc c:/nxp/lpcxpresso_6.1.4_194/lpcxpresso/tools/bin/../lib/gcc/arm-none-eabi/4.6.2/../../../../arm-none-eabi/lib/armv7-m\libc.a(lib_a-locale.o)
                                 0x14 (size before relaxing)
 .rodata.__mprec_tens
                0x0000b858       0xc8 c:/nxp/lpcxpresso_6.1.4_194/lpcxpresso/tools/bin/../lib/gcc/arm-none-eabi/4.6.2/../../../../arm-none-eabi/lib/armv7-m\libc.a(lib_a-mprec.o)
                0x0000b858                __mprec_tens
 .rodata.__mprec_bigtens
                0x0000b920       0x28 c:/nxp/lpcxpresso_6.1.4_194/lpcxpresso/tools/bin/../lib/gcc/arm-none-eabi/4.6.2/../../../../arm-none-eabi/lib/armv7-m\libc.a(lib_a-mprec.o)
                0x0000b920                __mprec_bigtens
 .rodata.p05.5111
                0x0000b948        0xc c:/nxp/lpcxpresso_6.1.4_194/lpcxpresso/tools/bin/../lib/gcc/arm-none-eabi/4.6.2/../../../../arm-none-eabi/lib/armv7-m\libc.a(lib_a-mprec.o)
                0x0000b954                . = ALIGN (0x4)

.glue_7         0x0000b954        0x0
 .glue_7        0x00000000        0x0 linker stubs

.glue_7t        0x0000b954        0x0
 .glue_7t       0x00000000        0x0 linker stubs

.vfp11_veneer   0x0000b954        0x0
 .vfp11_veneer  0x00000000        0x0 linker stubs

.v4_bx          0x0000b954        0x0
 .v4_bx         0x00000000        0x0 linker stubs

.ARM.extab
 *(.ARM.extab* .gnu.linkonce.armextab.*)
                0x0000b954                __exidx_start = .

.ARM.exidx      0x0000b954        0x8
 *(.ARM.exidx* .gnu.linkonce.armexidx.*)
 .ARM.exidx     0x0000b954        0x8 c:/nxp/lpcxpresso_6.1.4_194/lpcxpresso/tools/bin/../lib/gcc/arm-none-eabi/4.6.2/armv7-m\libgcc.a(_divdi3.o)
 .ARM.exidx     0x0000b95c        0x0 c:/nxp/lpcxpresso_6.1.4_194/lpcxpresso/tools/bin/../lib/gcc/arm-none-eabi/4.6.2/armv7-m\libgcc.a(_udivdi3.o)
                                  0x8 (size before relaxing)
                0x0000b95c                __exidx_end = .
                0x0000b95c                _etext = .

.data_RAM2      0x2007c000        0x0 load address 0x0000b95c
 FILL mask 0xff
 *(.data.$RAM2*)
 *(.data.$RamAHB32*)
                0x2007c000                . = ALIGN (0x4)

.uninit_RESERVED
                0x10000000        0x0
 *(.bss.$RESERVED*)
                0x10000000                . = ALIGN (0x4)
                0x10000000                _end_uninit_RESERVED = .

.data           0x10000000      0x884 load address 0x0000b95c
 FILL mask 0xff
                0x10000000                _data = .
 *(vtable)
 *(.data*)
 .data          0x10000000        0x4 ./src/easyweb.o
                0x10000000                aaScrollbar
 .data          0x10000004        0x4 C:\Users\aluno.SERVIDORES\Documents\LPCXpresso_6.1.4_194\workspace\projeto1\Lib_CMSISv1p30_LPC17xx\Debug\libCMSISv1p30_LPC17xx.a(system_LPC17xx.o)
                0x10000004                SystemCoreClock
 .data          0x10000008        0x8 C:\Users\aluno.SERVIDORES\Documents\LPCXpresso_6.1.4_194\workspace\projeto1\Lib_EaBaseBoard\Debug\libLib_EaBaseBoard.a(light.o)
 .data.impure_data
                0x10000010      0x428 c:/nxp/lpcxpresso_6.1.4_194/lpcxpresso/tools/bin/../lib/gcc/arm-none-eabi/4.6.2/../../../../arm-none-eabi/lib/armv7-m\libc.a(lib_a-impure.o)
 .data._impure_ptr
                0x10000438        0x4 c:/nxp/lpcxpresso_6.1.4_194/lpcxpresso/tools/bin/../lib/gcc/arm-none-eabi/4.6.2/../../../../arm-none-eabi/lib/armv7-m\libc.a(lib_a-impure.o)
                0x10000438                _impure_ptr
 .data.lconv    0x1000043c       0x38 c:/nxp/lpcxpresso_6.1.4_194/lpcxpresso/tools/bin/../lib/gcc/arm-none-eabi/4.6.2/../../../../arm-none-eabi/lib/armv7-m\libc.a(lib_a-locale.o)
 .data.__malloc_av_
                0x10000474      0x408 c:/nxp/lpcxpresso_6.1.4_194/lpcxpresso/tools/bin/../lib/gcc/arm-none-eabi/4.6.2/../../../../arm-none-eabi/lib/armv7-m\libc.a(lib_a-mallocr.o)
                0x10000474                __malloc_av_
 .data.__malloc_trim_threshold
                0x1000087c        0x4 c:/nxp/lpcxpresso_6.1.4_194/lpcxpresso/tools/bin/../lib/gcc/arm-none-eabi/4.6.2/../../../../arm-none-eabi/lib/armv7-m\libc.a(lib_a-mallocr.o)
                0x1000087c                __malloc_trim_threshold
 .data.__malloc_sbrk_base
                0x10000880        0x4 c:/nxp/lpcxpresso_6.1.4_194/lpcxpresso/tools/bin/../lib/gcc/arm-none-eabi/4.6.2/../../../../arm-none-eabi/lib/armv7-m\libc.a(lib_a-mallocr.o)
                0x10000880                __malloc_sbrk_base
                0x10000884                . = ALIGN (0x4)
                0x10000884                _edata = .

.bss_RAM2       0x2007c000        0x0
 *(.bss.$RAM2*)
 *(.bss.$RamAHB32*)
                0x2007c000                . = ALIGN (0x4)

.bss            0x10000884      0x76c
                0x10000884                _bss = .
 *(.bss*)
 .bss           0x10000884        0x8 ./src/easyweb.o
                0x10000884                aaPagecounter
                0x10000888                adcValue
 .bss           0x1000088c        0x8 ./src/ethmac.o
 .bss           0x10000894        0x8 ./src/ew_systick.o
                0x10000894                TimeTick
                0x10000898                TimeTick2
 .bss           0x1000089c      0x300 C:\Users\aluno.SERVIDORES\Documents\LPCXpresso_6.1.4_194\workspace\projeto1\Lib_EaBaseBoard\Debug\libLib_EaBaseBoard.a(oled.o)
 .bss           0x10000b9c       0x24 C:\Users\aluno.SERVIDORES\Documents\LPCXpresso_6.1.4_194\workspace\projeto1\Lib_MCU\Debug\libLib_MCU.a(lpc17xx_i2c.o)
 .bss           0x10000bc0       0x18 C:\Users\aluno.SERVIDORES\Documents\LPCXpresso_6.1.4_194\workspace\projeto1\Lib_MCU\Debug\libLib_MCU.a(lpc17xx_ssp.o)
 .bss.__malloc_max_total_mem
                0x10000bd8        0x4 c:/nxp/lpcxpresso_6.1.4_194/lpcxpresso/tools/bin/../lib/gcc/arm-none-eabi/4.6.2/../../../../arm-none-eabi/lib/armv7-m\libc.a(lib_a-mallocr.o)
                0x10000bd8                __malloc_max_total_mem
 .bss.__malloc_max_sbrked_mem
                0x10000bdc        0x4 c:/nxp/lpcxpresso_6.1.4_194/lpcxpresso/tools/bin/../lib/gcc/arm-none-eabi/4.6.2/../../../../arm-none-eabi/lib/armv7-m\libc.a(lib_a-mallocr.o)
                0x10000bdc                __malloc_max_sbrked_mem
 .bss.__malloc_top_pad
                0x10000be0        0x4 c:/nxp/lpcxpresso_6.1.4_194/lpcxpresso/tools/bin/../lib/gcc/arm-none-eabi/4.6.2/../../../../arm-none-eabi/lib/armv7-m\libc.a(lib_a-mallocr.o)
                0x10000be0                __malloc_top_pad
 .bss.__malloc_current_mallinfo
                0x10000be4       0x28 c:/nxp/lpcxpresso_6.1.4_194/lpcxpresso/tools/bin/../lib/gcc/arm-none-eabi/4.6.2/../../../../arm-none-eabi/lib/armv7-m\libc.a(lib_a-mallocr.o)
                0x10000be4                __malloc_current_mallinfo
 *(COMMON)
 COMMON         0x10000c0c      0x3da ./src/easyweb.o
                0x10000c0c                TCPTimer
                0x10000c10                HTTPBytesToSend
                0x10000c14                TCPRxDataCount
                0x10000c16                HTTPStatus
                0x10000c18                TCPTxDataCount
                0x10000c1c                RecdFrameIP
                0x10000c20                RemoteMAC
                0x10000c26                TCPStateMachine
                0x10000c28                TCPUNASeqNr
                0x10000c2c                TCPLocalPort
                0x10000c30                _RxTCPBuffer
                0x10000d30                ITM_RxBuffer
                0x10000d34                TCPFlags
                0x10000d38                RecdFrameMAC
                0x10000d3e                RecdIPFrameLength
                0x10000d40                PWebSide
                0x10000d44                RemoteIP
                0x10000d48                LastFrameSent
                0x10000d4a                TCPRemotePort
                0x10000d4c                TxFrame2Size
                0x10000d50                TCPAckNr
                0x10000d54                TransmitControl
                0x10000d56                TxFrame1Size
                0x10000d58                ISNGenHigh
                0x10000d5c                _TxFrame2
                0x10000da6                RecdFrameLength
                0x10000da8                _TxFrame1
                0x10000fe0                TCPSeqNr
                0x10000fe4                RetryCounter
                0x10000fe5                SocketStatus
 *fill*         0x10000fe6        0x2 00
 COMMON         0x10000fe8        0x4 c:/nxp/lpcxpresso_6.1.4_194/lpcxpresso/tools/bin/../lib/gcc/arm-none-eabi/4.6.2/../../../../arm-none-eabi/lib/armv7-m\libc.a(lib_a-reent.o)
                0x10000fe8                errno
 COMMON         0x10000fec        0x4 c:/nxp/lpcxpresso_6.1.4_194/lpcxpresso/tools/bin/../lib/gcc/arm-none-eabi/4.6.2/../../../../arm-none-eabi/lib/armv7-m\libcr_newlib_semihost.a(_cr_sbrk.o)
                0x10000fec                __end_of_heap
                0x10000ff0                . = ALIGN (0x4)
                0x10000ff0                _ebss = .
                0x10000ff0                PROVIDE (end, .)

.noinit_RAM2    0x2007c000        0x0
 *(.noinit.$RAM2*)
 *(.noinit.$RamAHB32*)
                0x2007c000                . = ALIGN (0x4)

.noinit         0x10000ff0        0x0
                0x10000ff0                _noinit = .
 *(.noinit*)
                0x10000ff0                . = ALIGN (0x4)
                0x10000ff0                _end_noinit = .
                0x10000ff0                PROVIDE (_pvHeapStart, .)
                0x10008000                PROVIDE (_vStackTop, (__top_RamLoc32 - 0x0))
OUTPUT(easyweb.axf elf32-littlearm)

.debug_info     0x00000000     0x9603
 .debug_info    0x00000000      0x779 ./src/biblioteca.o
 .debug_info    0x00000779      0x209 ./src/cr_startup_lpc17.o
 .debug_info    0x00000982      0xa0d ./src/easyweb.o
 .debug_info    0x0000138f      0xbb4 ./src/ethmac.o
 .debug_info    0x00001f43      0x8c4 ./src/ew_systick.o
 .debug_info    0x00002807      0xd64 ./src/tcpip.o
 .debug_info    0x0000356b      0x357 C:\Users\aluno.SERVIDORES\Documents\LPCXpresso_6.1.4_194\workspace\projeto1\Lib_CMSISv1p30_LPC17xx\Debug\libCMSISv1p30_LPC17xx.a(system_LPC17xx.o)
 .debug_info    0x000038c2      0x763 C:\Users\aluno.SERVIDORES\Documents\LPCXpresso_6.1.4_194\workspace\projeto1\Lib_EaBaseBoard\Debug\libLib_EaBaseBoard.a(light.o)
 .debug_info    0x00004025      0x97d C:\Users\aluno.SERVIDORES\Documents\LPCXpresso_6.1.4_194\workspace\projeto1\Lib_EaBaseBoard\Debug\libLib_EaBaseBoard.a(oled.o)
 .debug_info    0x000049a2       0x65 C:\Users\aluno.SERVIDORES\Documents\LPCXpresso_6.1.4_194\workspace\projeto1\Lib_EaBaseBoard\Debug\libLib_EaBaseBoard.a(font5x7.o)
 .debug_info    0x00004a07      0xb95 C:\Users\aluno.SERVIDORES\Documents\LPCXpresso_6.1.4_194\workspace\projeto1\Lib_MCU\Debug\libLib_MCU.a(lpc17xx_gpio.o)
 .debug_info    0x0000559c      0xcc3 C:\Users\aluno.SERVIDORES\Documents\LPCXpresso_6.1.4_194\workspace\projeto1\Lib_MCU\Debug\libLib_MCU.a(lpc17xx_i2c.o)
 .debug_info    0x0000625f       0xcd C:\Users\aluno.SERVIDORES\Documents\LPCXpresso_6.1.4_194\workspace\projeto1\Lib_MCU\Debug\libLib_MCU.a(lpc17xx_libcfg_default.o)
 .debug_info    0x0000632c      0x4b1 C:\Users\aluno.SERVIDORES\Documents\LPCXpresso_6.1.4_194\workspace\projeto1\Lib_MCU\Debug\libLib_MCU.a(lpc17xx_pinsel.o)
 .debug_info    0x000067dd      0x867 C:\Users\aluno.SERVIDORES\Documents\LPCXpresso_6.1.4_194\workspace\projeto1\Lib_MCU\Debug\libLib_MCU.a(lpc17xx_ssp.o)
 .debug_info    0x00007044      0x8e4 C:\Users\aluno.SERVIDORES\Documents\LPCXpresso_6.1.4_194\workspace\projeto1\Lib_MCU\Debug\libLib_MCU.a(lpc17xx_timer.o)
 .debug_info    0x00007928     0x14df C:\Users\aluno.SERVIDORES\Documents\LPCXpresso_6.1.4_194\workspace\projeto1\Lib_MCU\Debug\libLib_MCU.a(lpc17xx_uart.o)
 .debug_info    0x00008e07      0x641 C:\Users\aluno.SERVIDORES\Documents\LPCXpresso_6.1.4_194\workspace\projeto1\Lib_MCU\Debug\libLib_MCU.a(lpc17xx_clkpwr.o)
 .debug_info    0x00009448      0x106 c:/nxp/lpcxpresso_6.1.4_194/lpcxpresso/tools/bin/../lib/gcc/arm-none-eabi/4.6.2/../../../../arm-none-eabi/lib/armv7-m\libcr_newlib_semihost.a(_cr_sbrk.o)
 .debug_info    0x0000954e       0xb5 c:/nxp/lpcxpresso_6.1.4_194/lpcxpresso/tools/bin/../lib/gcc/arm-none-eabi/4.6.2/../../../../arm-none-eabi/lib/armv7-m\libcr_newlib_semihost.a(_cr_check_heap.o)

.debug_abbrev   0x00000000     0x1c1b
 .debug_abbrev  0x00000000      0x1ad ./src/biblioteca.o
 .debug_abbrev  0x000001ad       0xb4 ./src/cr_startup_lpc17.o
 .debug_abbrev  0x00000261      0x20e ./src/easyweb.o
 .debug_abbrev  0x0000046f      0x1b7 ./src/ethmac.o
 .debug_abbrev  0x00000626      0x199 ./src/ew_systick.o
 .debug_abbrev  0x000007bf      0x1f9 ./src/tcpip.o
 .debug_abbrev  0x000009b8       0xce C:\Users\aluno.SERVIDORES\Documents\LPCXpresso_6.1.4_194\workspace\projeto1\Lib_CMSISv1p30_LPC17xx\Debug\libCMSISv1p30_LPC17xx.a(system_LPC17xx.o)
 .debug_abbrev  0x00000a86      0x1bd C:\Users\aluno.SERVIDORES\Documents\LPCXpresso_6.1.4_194\workspace\projeto1\Lib_EaBaseBoard\Debug\libLib_EaBaseBoard.a(light.o)
 .debug_abbrev  0x00000c43      0x1f1 C:\Users\aluno.SERVIDORES\Documents\LPCXpresso_6.1.4_194\workspace\projeto1\Lib_EaBaseBoard\Debug\libLib_EaBaseBoard.a(oled.o)
 .debug_abbrev  0x00000e34       0x4b C:\Users\aluno.SERVIDORES\Documents\LPCXpresso_6.1.4_194\workspace\projeto1\Lib_EaBaseBoard\Debug\libLib_EaBaseBoard.a(font5x7.o)
 .debug_abbrev  0x00000e7f      0x185 C:\Users\aluno.SERVIDORES\Documents\LPCXpresso_6.1.4_194\workspace\projeto1\Lib_MCU\Debug\libLib_MCU.a(lpc17xx_gpio.o)
 .debug_abbrev  0x00001004      0x24a C:\Users\aluno.SERVIDORES\Documents\LPCXpresso_6.1.4_194\workspace\projeto1\Lib_MCU\Debug\libLib_MCU.a(lpc17xx_i2c.o)
 .debug_abbrev  0x0000124e       0x6a C:\Users\aluno.SERVIDORES\Documents\LPCXpresso_6.1.4_194\workspace\projeto1\Lib_MCU\Debug\libLib_MCU.a(lpc17xx_libcfg_default.o)
 .debug_abbrev  0x000012b8      0x10a C:\Users\aluno.SERVIDORES\Documents\LPCXpresso_6.1.4_194\workspace\projeto1\Lib_MCU\Debug\libLib_MCU.a(lpc17xx_pinsel.o)
 .debug_abbrev  0x000013c2      0x1d3 C:\Users\aluno.SERVIDORES\Documents\LPCXpresso_6.1.4_194\workspace\projeto1\Lib_MCU\Debug\libLib_MCU.a(lpc17xx_ssp.o)
 .debug_abbrev  0x00001595      0x19f C:\Users\aluno.SERVIDORES\Documents\LPCXpresso_6.1.4_194\workspace\projeto1\Lib_MCU\Debug\libLib_MCU.a(lpc17xx_timer.o)
 .debug_abbrev  0x00001734      0x259 C:\Users\aluno.SERVIDORES\Documents\LPCXpresso_6.1.4_194\workspace\projeto1\Lib_MCU\Debug\libLib_MCU.a(lpc17xx_uart.o)
 .debug_abbrev  0x0000198d      0x174 C:\Users\aluno.SERVIDORES\Documents\LPCXpresso_6.1.4_194\workspace\projeto1\Lib_MCU\Debug\libLib_MCU.a(lpc17xx_clkpwr.o)
 .debug_abbrev  0x00001b01       0xa8 c:/nxp/lpcxpresso_6.1.4_194/lpcxpresso/tools/bin/../lib/gcc/arm-none-eabi/4.6.2/../../../../arm-none-eabi/lib/armv7-m\libcr_newlib_semihost.a(_cr_sbrk.o)
 .debug_abbrev  0x00001ba9       0x72 c:/nxp/lpcxpresso_6.1.4_194/lpcxpresso/tools/bin/../lib/gcc/arm-none-eabi/4.6.2/../../../../arm-none-eabi/lib/armv7-m\libcr_newlib_semihost.a(_cr_check_heap.o)

.debug_loc      0x00000000     0x31cc
 .debug_loc     0x00000000      0x17e ./src/biblioteca.o
 .debug_loc     0x0000017e      0x1f0 ./src/cr_startup_lpc17.o
 .debug_loc     0x0000036e      0x100 ./src/easyweb.o
 .debug_loc     0x0000046e      0x2ec ./src/ethmac.o
 .debug_loc     0x0000075a       0xc8 ./src/ew_systick.o
 .debug_loc     0x00000822      0x5ac ./src/tcpip.o
 .debug_loc     0x00000dce       0x58 C:\Users\aluno.SERVIDORES\Documents\LPCXpresso_6.1.4_194\workspace\projeto1\Lib_CMSISv1p30_LPC17xx\Debug\libCMSISv1p30_LPC17xx.a(system_LPC17xx.o)
 .debug_loc     0x00000e26      0x378 C:\Users\aluno.SERVIDORES\Documents\LPCXpresso_6.1.4_194\workspace\projeto1\Lib_EaBaseBoard\Debug\libLib_EaBaseBoard.a(light.o)
 .debug_loc     0x0000119e      0x33e C:\Users\aluno.SERVIDORES\Documents\LPCXpresso_6.1.4_194\workspace\projeto1\Lib_EaBaseBoard\Debug\libLib_EaBaseBoard.a(oled.o)
 .debug_loc     0x000014dc      0x4d0 C:\Users\aluno.SERVIDORES\Documents\LPCXpresso_6.1.4_194\workspace\projeto1\Lib_MCU\Debug\libLib_MCU.a(lpc17xx_gpio.o)
 .debug_loc     0x000019ac      0x4e4 C:\Users\aluno.SERVIDORES\Documents\LPCXpresso_6.1.4_194\workspace\projeto1\Lib_MCU\Debug\libLib_MCU.a(lpc17xx_i2c.o)
 .debug_loc     0x00001e90       0x38 C:\Users\aluno.SERVIDORES\Documents\LPCXpresso_6.1.4_194\workspace\projeto1\Lib_MCU\Debug\libLib_MCU.a(lpc17xx_libcfg_default.o)
 .debug_loc     0x00001ec8      0x150 C:\Users\aluno.SERVIDORES\Documents\LPCXpresso_6.1.4_194\workspace\projeto1\Lib_MCU\Debug\libLib_MCU.a(lpc17xx_pinsel.o)
 .debug_loc     0x00002018      0x448 C:\Users\aluno.SERVIDORES\Documents\LPCXpresso_6.1.4_194\workspace\projeto1\Lib_MCU\Debug\libLib_MCU.a(lpc17xx_ssp.o)
 .debug_loc     0x00002460      0x3b8 C:\Users\aluno.SERVIDORES\Documents\LPCXpresso_6.1.4_194\workspace\projeto1\Lib_MCU\Debug\libLib_MCU.a(lpc17xx_timer.o)
 .debug_loc     0x00002818      0x77a C:\Users\aluno.SERVIDORES\Documents\LPCXpresso_6.1.4_194\workspace\projeto1\Lib_MCU\Debug\libLib_MCU.a(lpc17xx_uart.o)
 .debug_loc     0x00002f92      0x1bc C:\Users\aluno.SERVIDORES\Documents\LPCXpresso_6.1.4_194\workspace\projeto1\Lib_MCU\Debug\libLib_MCU.a(lpc17xx_clkpwr.o)
 .debug_loc     0x0000314e       0x55 c:/nxp/lpcxpresso_6.1.4_194/lpcxpresso/tools/bin/../lib/gcc/arm-none-eabi/4.6.2/../../../../arm-none-eabi/lib/armv7-m\libcr_newlib_semihost.a(_cr_sbrk.o)
 .debug_loc     0x000031a3       0x29 c:/nxp/lpcxpresso_6.1.4_194/lpcxpresso/tools/bin/../lib/gcc/arm-none-eabi/4.6.2/../../../../arm-none-eabi/lib/armv7-m\libcr_newlib_semihost.a(_cr_check_heap.o)

.debug_aranges  0x00000000      0x940
 .debug_aranges
                0x00000000       0x50 ./src/biblioteca.o
 .debug_aranges
                0x00000050       0x70 ./src/cr_startup_lpc17.o
 .debug_aranges
                0x000000c0       0x40 ./src/easyweb.o
 .debug_aranges
                0x00000100       0x88 ./src/ethmac.o
 .debug_aranges
                0x00000188       0x38 ./src/ew_systick.o
 .debug_aranges
                0x000001c0      0x108 ./src/tcpip.o
 .debug_aranges
                0x000002c8       0x28 C:\Users\aluno.SERVIDORES\Documents\LPCXpresso_6.1.4_194\workspace\projeto1\Lib_CMSISv1p30_LPC17xx\Debug\libCMSISv1p30_LPC17xx.a(system_LPC17xx.o)
 .debug_aranges
                0x000002f0       0x98 C:\Users\aluno.SERVIDORES\Documents\LPCXpresso_6.1.4_194\workspace\projeto1\Lib_EaBaseBoard\Debug\libLib_EaBaseBoard.a(light.o)
 .debug_aranges
                0x00000388       0x90 C:\Users\aluno.SERVIDORES\Documents\LPCXpresso_6.1.4_194\workspace\projeto1\Lib_EaBaseBoard\Debug\libLib_EaBaseBoard.a(oled.o)
 .debug_aranges
                0x00000418       0xc8 C:\Users\aluno.SERVIDORES\Documents\LPCXpresso_6.1.4_194\workspace\projeto1\Lib_MCU\Debug\libLib_MCU.a(lpc17xx_gpio.o)
 .debug_aranges
                0x000004e0       0xd0 C:\Users\aluno.SERVIDORES\Documents\LPCXpresso_6.1.4_194\workspace\projeto1\Lib_MCU\Debug\libLib_MCU.a(lpc17xx_i2c.o)
 .debug_aranges
                0x000005b0       0x20 C:\Users\aluno.SERVIDORES\Documents\LPCXpresso_6.1.4_194\workspace\projeto1\Lib_MCU\Debug\libLib_MCU.a(lpc17xx_libcfg_default.o)
 .debug_aranges
                0x000005d0       0x48 C:\Users\aluno.SERVIDORES\Documents\LPCXpresso_6.1.4_194\workspace\projeto1\Lib_MCU\Debug\libLib_MCU.a(lpc17xx_pinsel.o)
 .debug_aranges
                0x00000618       0xb8 C:\Users\aluno.SERVIDORES\Documents\LPCXpresso_6.1.4_194\workspace\projeto1\Lib_MCU\Debug\libLib_MCU.a(lpc17xx_ssp.o)
 .debug_aranges
                0x000006d0       0xa0 C:\Users\aluno.SERVIDORES\Documents\LPCXpresso_6.1.4_194\workspace\projeto1\Lib_MCU\Debug\libLib_MCU.a(lpc17xx_timer.o)
 .debug_aranges
                0x00000770      0x130 C:\Users\aluno.SERVIDORES\Documents\LPCXpresso_6.1.4_194\workspace\projeto1\Lib_MCU\Debug\libLib_MCU.a(lpc17xx_uart.o)
 .debug_aranges
                0x000008a0       0x60 C:\Users\aluno.SERVIDORES\Documents\LPCXpresso_6.1.4_194\workspace\projeto1\Lib_MCU\Debug\libLib_MCU.a(lpc17xx_clkpwr.o)
 .debug_aranges
                0x00000900       0x20 c:/nxp/lpcxpresso_6.1.4_194/lpcxpresso/tools/bin/../lib/gcc/arm-none-eabi/4.6.2/../../../../arm-none-eabi/lib/armv7-m\libcr_newlib_semihost.a(_cr_sbrk.o)
 .debug_aranges
                0x00000920       0x20 c:/nxp/lpcxpresso_6.1.4_194/lpcxpresso/tools/bin/../lib/gcc/arm-none-eabi/4.6.2/../../../../arm-none-eabi/lib/armv7-m\libcr_newlib_semihost.a(_cr_check_heap.o)

.debug_ranges   0x00000000      0x810
 .debug_ranges  0x00000000       0x40 ./src/biblioteca.o
 .debug_ranges  0x00000040       0x60 ./src/cr_startup_lpc17.o
 .debug_ranges  0x000000a0       0x30 ./src/easyweb.o
 .debug_ranges  0x000000d0       0x78 ./src/ethmac.o
 .debug_ranges  0x00000148       0x28 ./src/ew_systick.o
 .debug_ranges  0x00000170       0xf8 ./src/tcpip.o
 .debug_ranges  0x00000268       0x18 C:\Users\aluno.SERVIDORES\Documents\LPCXpresso_6.1.4_194\workspace\projeto1\Lib_CMSISv1p30_LPC17xx\Debug\libCMSISv1p30_LPC17xx.a(system_LPC17xx.o)
 .debug_ranges  0x00000280       0x88 C:\Users\aluno.SERVIDORES\Documents\LPCXpresso_6.1.4_194\workspace\projeto1\Lib_EaBaseBoard\Debug\libLib_EaBaseBoard.a(light.o)
 .debug_ranges  0x00000308       0x80 C:\Users\aluno.SERVIDORES\Documents\LPCXpresso_6.1.4_194\workspace\projeto1\Lib_EaBaseBoard\Debug\libLib_EaBaseBoard.a(oled.o)
 .debug_ranges  0x00000388       0xb8 C:\Users\aluno.SERVIDORES\Documents\LPCXpresso_6.1.4_194\workspace\projeto1\Lib_MCU\Debug\libLib_MCU.a(lpc17xx_gpio.o)
 .debug_ranges  0x00000440       0xc0 C:\Users\aluno.SERVIDORES\Documents\LPCXpresso_6.1.4_194\workspace\projeto1\Lib_MCU\Debug\libLib_MCU.a(lpc17xx_i2c.o)
 .debug_ranges  0x00000500       0x10 C:\Users\aluno.SERVIDORES\Documents\LPCXpresso_6.1.4_194\workspace\projeto1\Lib_MCU\Debug\libLib_MCU.a(lpc17xx_libcfg_default.o)
 .debug_ranges  0x00000510       0x38 C:\Users\aluno.SERVIDORES\Documents\LPCXpresso_6.1.4_194\workspace\projeto1\Lib_MCU\Debug\libLib_MCU.a(lpc17xx_pinsel.o)
 .debug_ranges  0x00000548       0xa8 C:\Users\aluno.SERVIDORES\Documents\LPCXpresso_6.1.4_194\workspace\projeto1\Lib_MCU\Debug\libLib_MCU.a(lpc17xx_ssp.o)
 .debug_ranges  0x000005f0       0x90 C:\Users\aluno.SERVIDORES\Documents\LPCXpresso_6.1.4_194\workspace\projeto1\Lib_MCU\Debug\libLib_MCU.a(lpc17xx_timer.o)
 .debug_ranges  0x00000680      0x120 C:\Users\aluno.SERVIDORES\Documents\LPCXpresso_6.1.4_194\workspace\projeto1\Lib_MCU\Debug\libLib_MCU.a(lpc17xx_uart.o)
 .debug_ranges  0x000007a0       0x50 C:\Users\aluno.SERVIDORES\Documents\LPCXpresso_6.1.4_194\workspace\projeto1\Lib_MCU\Debug\libLib_MCU.a(lpc17xx_clkpwr.o)
 .debug_ranges  0x000007f0       0x10 c:/nxp/lpcxpresso_6.1.4_194/lpcxpresso/tools/bin/../lib/gcc/arm-none-eabi/4.6.2/../../../../arm-none-eabi/lib/armv7-m\libcr_newlib_semihost.a(_cr_sbrk.o)
 .debug_ranges  0x00000800       0x10 c:/nxp/lpcxpresso_6.1.4_194/lpcxpresso/tools/bin/../lib/gcc/arm-none-eabi/4.6.2/../../../../arm-none-eabi/lib/armv7-m\libcr_newlib_semihost.a(_cr_check_heap.o)

.debug_line     0x00000000     0x7290
 .debug_line    0x00000000      0x808 ./src/biblioteca.o
 .debug_line    0x00000808      0x387 ./src/cr_startup_lpc17.o
 .debug_line    0x00000b8f      0x916 ./src/easyweb.o
 .debug_line    0x000014a5      0x4ac ./src/ethmac.o
 .debug_line    0x00001951      0x30a ./src/ew_systick.o
 .debug_line    0x00001c5b      0xa3c ./src/tcpip.o
 .debug_line    0x00002697      0x426 C:\Users\aluno.SERVIDORES\Documents\LPCXpresso_6.1.4_194\workspace\projeto1\Lib_CMSISv1p30_LPC17xx\Debug\libCMSISv1p30_LPC17xx.a(system_LPC17xx.o)
 .debug_line    0x00002abd      0x5eb C:\Users\aluno.SERVIDORES\Documents\LPCXpresso_6.1.4_194\workspace\projeto1\Lib_EaBaseBoard\Debug\libLib_EaBaseBoard.a(light.o)
 .debug_line    0x000030a8      0x7c4 C:\Users\aluno.SERVIDORES\Documents\LPCXpresso_6.1.4_194\workspace\projeto1\Lib_EaBaseBoard\Debug\libLib_EaBaseBoard.a(oled.o)
 .debug_line    0x0000386c       0xa1 C:\Users\aluno.SERVIDORES\Documents\LPCXpresso_6.1.4_194\workspace\projeto1\Lib_EaBaseBoard\Debug\libLib_EaBaseBoard.a(font5x7.o)
 .debug_line    0x0000390d      0x61c C:\Users\aluno.SERVIDORES\Documents\LPCXpresso_6.1.4_194\workspace\projeto1\Lib_MCU\Debug\libLib_MCU.a(lpc17xx_gpio.o)
 .debug_line    0x00003f29      0x937 C:\Users\aluno.SERVIDORES\Documents\LPCXpresso_6.1.4_194\workspace\projeto1\Lib_MCU\Debug\libLib_MCU.a(lpc17xx_i2c.o)
 .debug_line    0x00004860      0x39d C:\Users\aluno.SERVIDORES\Documents\LPCXpresso_6.1.4_194\workspace\projeto1\Lib_MCU\Debug\libLib_MCU.a(lpc17xx_libcfg_default.o)
 .debug_line    0x00004bfd      0x49b C:\Users\aluno.SERVIDORES\Documents\LPCXpresso_6.1.4_194\workspace\projeto1\Lib_MCU\Debug\libLib_MCU.a(lpc17xx_pinsel.o)
 .debug_line    0x00005098      0x86a C:\Users\aluno.SERVIDORES\Documents\LPCXpresso_6.1.4_194\workspace\projeto1\Lib_MCU\Debug\libLib_MCU.a(lpc17xx_ssp.o)
 .debug_line    0x00005902      0x7c8 C:\Users\aluno.SERVIDORES\Documents\LPCXpresso_6.1.4_194\workspace\projeto1\Lib_MCU\Debug\libLib_MCU.a(lpc17xx_timer.o)
 .debug_line    0x000060ca      0xbb6 C:\Users\aluno.SERVIDORES\Documents\LPCXpresso_6.1.4_194\workspace\projeto1\Lib_MCU\Debug\libLib_MCU.a(lpc17xx_uart.o)
 .debug_line    0x00006c80      0x4fc C:\Users\aluno.SERVIDORES\Documents\LPCXpresso_6.1.4_194\workspace\projeto1\Lib_MCU\Debug\libLib_MCU.a(lpc17xx_clkpwr.o)
 .debug_line    0x0000717c       0xc0 c:/nxp/lpcxpresso_6.1.4_194/lpcxpresso/tools/bin/../lib/gcc/arm-none-eabi/4.6.2/../../../../arm-none-eabi/lib/armv7-m\libcr_newlib_semihost.a(_cr_sbrk.o)
 .debug_line    0x0000723c       0x54 c:/nxp/lpcxpresso_6.1.4_194/lpcxpresso/tools/bin/../lib/gcc/arm-none-eabi/4.6.2/../../../../arm-none-eabi/lib/armv7-m\libcr_newlib_semihost.a(_cr_check_heap.o)

.debug_macinfo  0x00000000    0xa358c
 .debug_macinfo
                0x00000000     0xde3d ./src/biblioteca.o
 .debug_macinfo
                0x0000de3d     0x2c15 ./src/cr_startup_lpc17.o
 .debug_macinfo
                0x00010a52    0x10723 ./src/easyweb.o
 .debug_macinfo
                0x00021175     0x93db ./src/ethmac.o
 .debug_macinfo
                0x0002a550     0x7009 ./src/ew_systick.o
 .debug_macinfo
                0x00031559     0xb14f ./src/tcpip.o
 .debug_macinfo
                0x0003c6a8     0x83f8 C:\Users\aluno.SERVIDORES\Documents\LPCXpresso_6.1.4_194\workspace\projeto1\Lib_CMSISv1p30_LPC17xx\Debug\libCMSISv1p30_LPC17xx.a(system_LPC17xx.o)
 .debug_macinfo
                0x00044aa0     0x8e3a C:\Users\aluno.SERVIDORES\Documents\LPCXpresso_6.1.4_194\workspace\projeto1\Lib_EaBaseBoard\Debug\libLib_EaBaseBoard.a(light.o)
 .debug_macinfo
                0x0004d8da     0xa143 C:\Users\aluno.SERVIDORES\Documents\LPCXpresso_6.1.4_194\workspace\projeto1\Lib_EaBaseBoard\Debug\libLib_EaBaseBoard.a(oled.o)
 .debug_macinfo
                0x00057a1d     0x332a C:\Users\aluno.SERVIDORES\Documents\LPCXpresso_6.1.4_194\workspace\projeto1\Lib_EaBaseBoard\Debug\libLib_EaBaseBoard.a(font5x7.o)
 .debug_macinfo
                0x0005ad47     0x86b8 C:\Users\aluno.SERVIDORES\Documents\LPCXpresso_6.1.4_194\workspace\projeto1\Lib_MCU\Debug\libLib_MCU.a(lpc17xx_gpio.o)
 .debug_macinfo
                0x000633ff     0xa5d8 C:\Users\aluno.SERVIDORES\Documents\LPCXpresso_6.1.4_194\workspace\projeto1\Lib_MCU\Debug\libLib_MCU.a(lpc17xx_i2c.o)
 .debug_macinfo
                0x0006d9d7     0x400d C:\Users\aluno.SERVIDORES\Documents\LPCXpresso_6.1.4_194\workspace\projeto1\Lib_MCU\Debug\libLib_MCU.a(lpc17xx_libcfg_default.o)
 .debug_macinfo
                0x000719e4     0x87d3 C:\Users\aluno.SERVIDORES\Documents\LPCXpresso_6.1.4_194\workspace\projeto1\Lib_MCU\Debug\libLib_MCU.a(lpc17xx_pinsel.o)
 .debug_macinfo
                0x0007a1b7     0xa8d0 C:\Users\aluno.SERVIDORES\Documents\LPCXpresso_6.1.4_194\workspace\projeto1\Lib_MCU\Debug\libLib_MCU.a(lpc17xx_ssp.o)
 .debug_macinfo
                0x00084a87     0xa4cd C:\Users\aluno.SERVIDORES\Documents\LPCXpresso_6.1.4_194\workspace\projeto1\Lib_MCU\Debug\libLib_MCU.a(lpc17xx_timer.o)
 .debug_macinfo
                0x0008ef54     0xb03f C:\Users\aluno.SERVIDORES\Documents\LPCXpresso_6.1.4_194\workspace\projeto1\Lib_MCU\Debug\libLib_MCU.a(lpc17xx_uart.o)
 .debug_macinfo
                0x00099f93     0x95f9 C:\Users\aluno.SERVIDORES\Documents\LPCXpresso_6.1.4_194\workspace\projeto1\Lib_MCU\Debug\libLib_MCU.a(lpc17xx_clkpwr.o)

.debug_str      0x00000000     0x3213
 .debug_str     0x00000000      0x465 ./src/biblioteca.o
                                0x4a3 (size before relaxing)
 .debug_str     0x00000465       0xf2 ./src/cr_startup_lpc17.o
                                0x21f (size before relaxing)
 .debug_str     0x00000557      0x2c0 ./src/easyweb.o
                                0x59c (size before relaxing)
 .debug_str     0x00000817      0x4f0 ./src/ethmac.o
                                0x6bd (size before relaxing)
 .debug_str     0x00000d07      0x40c ./src/ew_systick.o
                                0x5ad (size before relaxing)
 .debug_str     0x00001113      0x2b8 ./src/tcpip.o
                                0x795 (size before relaxing)
 .debug_str     0x000013cb       0xa9 C:\Users\aluno.SERVIDORES\Documents\LPCXpresso_6.1.4_194\workspace\projeto1\Lib_CMSISv1p30_LPC17xx\Debug\libCMSISv1p30_LPC17xx.a(system_LPC17xx.o)
                                0x2bb (size before relaxing)
 .debug_str     0x00001474      0x39a C:\Users\aluno.SERVIDORES\Documents\LPCXpresso_6.1.4_194\workspace\projeto1\Lib_EaBaseBoard\Debug\libLib_EaBaseBoard.a(light.o)
                                0x51c (size before relaxing)
 .debug_str     0x0000180e      0x202 C:\Users\aluno.SERVIDORES\Documents\LPCXpresso_6.1.4_194\workspace\projeto1\Lib_EaBaseBoard\Debug\libLib_EaBaseBoard.a(oled.o)
                                0x3d4 (size before relaxing)
 .debug_str     0x00001a10       0x11 C:\Users\aluno.SERVIDORES\Documents\LPCXpresso_6.1.4_194\workspace\projeto1\Lib_EaBaseBoard\Debug\libLib_EaBaseBoard.a(font5x7.o)
                                 0xdf (size before relaxing)
 .debug_str     0x00001a21      0x26d C:\Users\aluno.SERVIDORES\Documents\LPCXpresso_6.1.4_194\workspace\projeto1\Lib_MCU\Debug\libLib_MCU.a(lpc17xx_gpio.o)
                                0x490 (size before relaxing)
 .debug_str     0x00001c8e      0x323 C:\Users\aluno.SERVIDORES\Documents\LPCXpresso_6.1.4_194\workspace\projeto1\Lib_MCU\Debug\libLib_MCU.a(lpc17xx_i2c.o)
                                0x826 (size before relaxing)
 .debug_str     0x00001fb1       0x32 C:\Users\aluno.SERVIDORES\Documents\LPCXpresso_6.1.4_194\workspace\projeto1\Lib_MCU\Debug\libLib_MCU.a(lpc17xx_libcfg_default.o)
                                0x169 (size before relaxing)
 .debug_str     0x00001fe3      0x108 C:\Users\aluno.SERVIDORES\Documents\LPCXpresso_6.1.4_194\workspace\projeto1\Lib_MCU\Debug\libLib_MCU.a(lpc17xx_pinsel.o)
                                0x3c5 (size before relaxing)
 .debug_str     0x000020eb      0x209 C:\Users\aluno.SERVIDORES\Documents\LPCXpresso_6.1.4_194\workspace\projeto1\Lib_MCU\Debug\libLib_MCU.a(lpc17xx_ssp.o)
                                0x4a3 (size before relaxing)
 .debug_str     0x000022f4      0x423 C:\Users\aluno.SERVIDORES\Documents\LPCXpresso_6.1.4_194\workspace\projeto1\Lib_MCU\Debug\libLib_MCU.a(lpc17xx_timer.o)
                                0x5d9 (size before relaxing)
 .debug_str     0x00002717      0x930 C:\Users\aluno.SERVIDORES\Documents\LPCXpresso_6.1.4_194\workspace\projeto1\Lib_MCU\Debug\libLib_MCU.a(lpc17xx_uart.o)
                                0xc79 (size before relaxing)
 .debug_str     0x00003047       0xcb C:\Users\aluno.SERVIDORES\Documents\LPCXpresso_6.1.4_194\workspace\projeto1\Lib_MCU\Debug\libLib_MCU.a(lpc17xx_clkpwr.o)
                                0x3c1 (size before relaxing)
 .debug_str     0x00003112       0xbc c:/nxp/lpcxpresso_6.1.4_194/lpcxpresso/tools/bin/../lib/gcc/arm-none-eabi/4.6.2/../../../../arm-none-eabi/lib/armv7-m\libcr_newlib_semihost.a(_cr_sbrk.o)
                                0x145 (size before relaxing)
 .debug_str     0x000031ce       0x45 c:/nxp/lpcxpresso_6.1.4_194/lpcxpresso/tools/bin/../lib/gcc/arm-none-eabi/4.6.2/../../../../arm-none-eabi/lib/armv7-m\libcr_newlib_semihost.a(_cr_check_heap.o)
                                 0xd1 (size before relaxing)

.comment        0x00000000       0x9a
 .comment       0x00000000       0x70 ./src/biblioteca.o
                                 0x71 (size before relaxing)
 .comment       0x00000000       0x71 ./src/cr_startup_lpc17.o
 .comment       0x00000000       0x71 ./src/easyweb.o
 .comment       0x00000000       0x71 ./src/ethmac.o
 .comment       0x00000000       0x71 ./src/ew_systick.o
 .comment       0x00000000       0x71 ./src/tcpip.o
 .comment       0x00000000       0x71 C:\Users\aluno.SERVIDORES\Documents\LPCXpresso_6.1.4_194\workspace\projeto1\Lib_CMSISv1p30_LPC17xx\Debug\libCMSISv1p30_LPC17xx.a(system_LPC17xx.o)
 .comment       0x00000000       0x71 C:\Users\aluno.SERVIDORES\Documents\LPCXpresso_6.1.4_194\workspace\projeto1\Lib_EaBaseBoard\Debug\libLib_EaBaseBoard.a(light.o)
 .comment       0x00000000       0x71 C:\Users\aluno.SERVIDORES\Documents\LPCXpresso_6.1.4_194\workspace\projeto1\Lib_EaBaseBoard\Debug\libLib_EaBaseBoard.a(oled.o)
 .comment       0x00000000       0x71 C:\Users\aluno.SERVIDORES\Documents\LPCXpresso_6.1.4_194\workspace\projeto1\Lib_EaBaseBoard\Debug\libLib_EaBaseBoard.a(font5x7.o)
 .comment       0x00000000       0x71 C:\Users\aluno.SERVIDORES\Documents\LPCXpresso_6.1.4_194\workspace\projeto1\Lib_MCU\Debug\libLib_MCU.a(lpc17xx_gpio.o)
 .comment       0x00000000       0x71 C:\Users\aluno.SERVIDORES\Documents\LPCXpresso_6.1.4_194\workspace\projeto1\Lib_MCU\Debug\libLib_MCU.a(lpc17xx_i2c.o)
 .comment       0x00000000       0x71 C:\Users\aluno.SERVIDORES\Documents\LPCXpresso_6.1.4_194\workspace\projeto1\Lib_MCU\Debug\libLib_MCU.a(lpc17xx_libcfg_default.o)
 .comment       0x00000000       0x71 C:\Users\aluno.SERVIDORES\Documents\LPCXpresso_6.1.4_194\workspace\projeto1\Lib_MCU\Debug\libLib_MCU.a(lpc17xx_pinsel.o)
 .comment       0x00000000       0x71 C:\Users\aluno.SERVIDORES\Documents\LPCXpresso_6.1.4_194\workspace\projeto1\Lib_MCU\Debug\libLib_MCU.a(lpc17xx_ssp.o)
 .comment       0x00000000       0x71 C:\Users\aluno.SERVIDORES\Documents\LPCXpresso_6.1.4_194\workspace\projeto1\Lib_MCU\Debug\libLib_MCU.a(lpc17xx_timer.o)
 .comment       0x00000000       0x71 C:\Users\aluno.SERVIDORES\Documents\LPCXpresso_6.1.4_194\workspace\projeto1\Lib_MCU\Debug\libLib_MCU.a(lpc17xx_uart.o)
 .comment       0x00000000       0x71 C:\Users\aluno.SERVIDORES\Documents\LPCXpresso_6.1.4_194\workspace\projeto1\Lib_MCU\Debug\libLib_MCU.a(lpc17xx_clkpwr.o)
 .comment       0x00000070       0x2a c:/nxp/lpcxpresso_6.1.4_194/lpcxpresso/tools/bin/../lib/gcc/arm-none-eabi/4.6.2/../../../../arm-none-eabi/lib/armv7-m\libcr_newlib_semihost.a(_cr_sbrk.o)
                                 0x2b (size before relaxing)
 .comment       0x00000000       0x2b c:/nxp/lpcxpresso_6.1.4_194/lpcxpresso/tools/bin/../lib/gcc/arm-none-eabi/4.6.2/../../../../arm-none-eabi/lib/armv7-m\libcr_newlib_semihost.a(_cr_check_heap.o)

.ARM.attributes
                0x00000000       0x33
 .ARM.attributes
                0x00000000       0x33 ./src/biblioteca.o
 .ARM.attributes
                0x00000033       0x33 ./src/cr_startup_lpc17.o
 .ARM.attributes
                0x00000066       0x33 ./src/easyweb.o
 .ARM.attributes
                0x00000099       0x33 ./src/ethmac.o
 .ARM.attributes
                0x000000cc       0x33 ./src/ew_systick.o
 .ARM.attributes
                0x000000ff       0x33 ./src/tcpip.o
 .ARM.attributes
                0x00000132       0x33 C:\Users\aluno.SERVIDORES\Documents\LPCXpresso_6.1.4_194\workspace\projeto1\Lib_CMSISv1p30_LPC17xx\Debug\libCMSISv1p30_LPC17xx.a(system_LPC17xx.o)
 .ARM.attributes
                0x00000165       0x33 C:\Users\aluno.SERVIDORES\Documents\LPCXpresso_6.1.4_194\workspace\projeto1\Lib_EaBaseBoard\Debug\libLib_EaBaseBoard.a(light.o)
 .ARM.attributes
                0x00000198       0x33 C:\Users\aluno.SERVIDORES\Documents\LPCXpresso_6.1.4_194\workspace\projeto1\Lib_EaBaseBoard\Debug\libLib_EaBaseBoard.a(oled.o)
 .ARM.attributes
                0x000001cb       0x33 C:\Users\aluno.SERVIDORES\Documents\LPCXpresso_6.1.4_194\workspace\projeto1\Lib_EaBaseBoard\Debug\libLib_EaBaseBoard.a(font5x7.o)
 .ARM.attributes
                0x000001fe       0x33 C:\Users\aluno.SERVIDORES\Documents\LPCXpresso_6.1.4_194\workspace\projeto1\Lib_MCU\Debug\libLib_MCU.a(lpc17xx_gpio.o)
 .ARM.attributes
                0x00000231       0x33 C:\Users\aluno.SERVIDORES\Documents\LPCXpresso_6.1.4_194\workspace\projeto1\Lib_MCU\Debug\libLib_MCU.a(lpc17xx_i2c.o)
 .ARM.attributes
                0x00000264       0x33 C:\Users\aluno.SERVIDORES\Documents\LPCXpresso_6.1.4_194\workspace\projeto1\Lib_MCU\Debug\libLib_MCU.a(lpc17xx_libcfg_default.o)
 .ARM.attributes
                0x00000297       0x33 C:\Users\aluno.SERVIDORES\Documents\LPCXpresso_6.1.4_194\workspace\projeto1\Lib_MCU\Debug\libLib_MCU.a(lpc17xx_pinsel.o)
 .ARM.attributes
                0x000002ca       0x33 C:\Users\aluno.SERVIDORES\Documents\LPCXpresso_6.1.4_194\workspace\projeto1\Lib_MCU\Debug\libLib_MCU.a(lpc17xx_ssp.o)
 .ARM.attributes
                0x000002fd       0x33 C:\Users\aluno.SERVIDORES\Documents\LPCXpresso_6.1.4_194\workspace\projeto1\Lib_MCU\Debug\libLib_MCU.a(lpc17xx_timer.o)
 .ARM.attributes
                0x00000330       0x33 C:\Users\aluno.SERVIDORES\Documents\LPCXpresso_6.1.4_194\workspace\projeto1\Lib_MCU\Debug\libLib_MCU.a(lpc17xx_uart.o)
 .ARM.attributes
                0x00000363       0x33 C:\Users\aluno.SERVIDORES\Documents\LPCXpresso_6.1.4_194\workspace\projeto1\Lib_MCU\Debug\libLib_MCU.a(lpc17xx_clkpwr.o)
 .ARM.attributes
                0x00000396       0x1d c:/nxp/lpcxpresso_6.1.4_194/lpcxpresso/tools/bin/../lib/gcc/arm-none-eabi/4.6.2/armv7-m\libgcc.a(_aeabi_uldivmod.o)
 .ARM.attributes
                0x000003b3       0x2d c:/nxp/lpcxpresso_6.1.4_194/lpcxpresso/tools/bin/../lib/gcc/arm-none-eabi/4.6.2/armv7-m\libgcc.a(bpabi.o)
 .ARM.attributes
                0x000003e0       0x1d c:/nxp/lpcxpresso_6.1.4_194/lpcxpresso/tools/bin/../lib/gcc/arm-none-eabi/4.6.2/armv7-m\libgcc.a(_dvmd_tls.o)
 .ARM.attributes
                0x000003fd       0x2d c:/nxp/lpcxpresso_6.1.4_194/lpcxpresso/tools/bin/../lib/gcc/arm-none-eabi/4.6.2/armv7-m\libgcc.a(_divdi3.o)
 .ARM.attributes
                0x0000042a       0x2d c:/nxp/lpcxpresso_6.1.4_194/lpcxpresso/tools/bin/../lib/gcc/arm-none-eabi/4.6.2/armv7-m\libgcc.a(_udivdi3.o)
 .ARM.attributes
                0x00000457       0x2d c:/nxp/lpcxpresso_6.1.4_194/lpcxpresso/tools/bin/../lib/gcc/arm-none-eabi/4.6.2/../../../../arm-none-eabi/lib/armv7-m\libc.a(lib_a-memcmp.o)
 .ARM.attributes
                0x00000484       0x2d c:/nxp/lpcxpresso_6.1.4_194/lpcxpresso/tools/bin/../lib/gcc/arm-none-eabi/4.6.2/../../../../arm-none-eabi/lib/armv7-m\libc.a(lib_a-memcpy.o)
 .ARM.attributes
                0x000004b1       0x2d c:/nxp/lpcxpresso_6.1.4_194/lpcxpresso/tools/bin/../lib/gcc/arm-none-eabi/4.6.2/../../../../arm-none-eabi/lib/armv7-m\libc.a(lib_a-memset.o)
 .ARM.attributes
                0x000004de       0x2d c:/nxp/lpcxpresso_6.1.4_194/lpcxpresso/tools/bin/../lib/gcc/arm-none-eabi/4.6.2/../../../../arm-none-eabi/lib/armv7-m\libc.a(lib_a-sprintf.o)
 .ARM.attributes
                0x0000050b       0x2d c:/nxp/lpcxpresso_6.1.4_194/lpcxpresso/tools/bin/../lib/gcc/arm-none-eabi/4.6.2/../../../../arm-none-eabi/lib/armv7-m\libc.a(lib_a-strlen.o)
 .ARM.attributes
                0x00000538       0x2d c:/nxp/lpcxpresso_6.1.4_194/lpcxpresso/tools/bin/../lib/gcc/arm-none-eabi/4.6.2/../../../../arm-none-eabi/lib/armv7-m\libc.a(lib_a-svfprintf.o)
 .ARM.attributes
                0x00000565       0x2d c:/nxp/lpcxpresso_6.1.4_194/lpcxpresso/tools/bin/../lib/gcc/arm-none-eabi/4.6.2/../../../../arm-none-eabi/lib/armv7-m\libc.a(lib_a-dtoa.o)
 .ARM.attributes
                0x00000592       0x2d c:/nxp/lpcxpresso_6.1.4_194/lpcxpresso/tools/bin/../lib/gcc/arm-none-eabi/4.6.2/../../../../arm-none-eabi/lib/armv7-m\libc.a(lib_a-impure.o)
 .ARM.attributes
                0x000005bf       0x2d c:/nxp/lpcxpresso_6.1.4_194/lpcxpresso/tools/bin/../lib/gcc/arm-none-eabi/4.6.2/../../../../arm-none-eabi/lib/armv7-m\libc.a(lib_a-locale.o)
 .ARM.attributes
                0x000005ec       0x2d c:/nxp/lpcxpresso_6.1.4_194/lpcxpresso/tools/bin/../lib/gcc/arm-none-eabi/4.6.2/../../../../arm-none-eabi/lib/armv7-m\libc.a(lib_a-mallocr.o)
 .ARM.attributes
                0x00000619       0x2d c:/nxp/lpcxpresso_6.1.4_194/lpcxpresso/tools/bin/../lib/gcc/arm-none-eabi/4.6.2/../../../../arm-none-eabi/lib/armv7-m\libc.a(lib_a-memchr.o)
 .ARM.attributes
                0x00000646       0x2d c:/nxp/lpcxpresso_6.1.4_194/lpcxpresso/tools/bin/../lib/gcc/arm-none-eabi/4.6.2/../../../../arm-none-eabi/lib/armv7-m\libc.a(lib_a-mlock.o)
 .ARM.attributes
                0x00000673       0x2d c:/nxp/lpcxpresso_6.1.4_194/lpcxpresso/tools/bin/../lib/gcc/arm-none-eabi/4.6.2/../../../../arm-none-eabi/lib/armv7-m\libc.a(lib_a-mprec.o)
 .ARM.attributes
                0x000006a0       0x2d c:/nxp/lpcxpresso_6.1.4_194/lpcxpresso/tools/bin/../lib/gcc/arm-none-eabi/4.6.2/../../../../arm-none-eabi/lib/armv7-m\libc.a(lib_a-s_fpclassify.o)
 .ARM.attributes
                0x000006cd       0x2d c:/nxp/lpcxpresso_6.1.4_194/lpcxpresso/tools/bin/../lib/gcc/arm-none-eabi/4.6.2/../../../../arm-none-eabi/lib/armv7-m\libc.a(lib_a-sbrkr.o)
 .ARM.attributes
                0x000006fa       0x2d c:/nxp/lpcxpresso_6.1.4_194/lpcxpresso/tools/bin/../lib/gcc/arm-none-eabi/4.6.2/../../../../arm-none-eabi/lib/armv7-m\libc.a(lib_a-strcmp.o)
 .ARM.attributes
                0x00000727       0x2d c:/nxp/lpcxpresso_6.1.4_194/lpcxpresso/tools/bin/../lib/gcc/arm-none-eabi/4.6.2/../../../../arm-none-eabi/lib/armv7-m\libc.a(lib_a-svfiprintf.o)
 .ARM.attributes
                0x00000754       0x2d c:/nxp/lpcxpresso_6.1.4_194/lpcxpresso/tools/bin/../lib/gcc/arm-none-eabi/4.6.2/../../../../arm-none-eabi/lib/armv7-m\libc.a(lib_a-callocr.o)
 .ARM.attributes
                0x00000781       0x2d c:/nxp/lpcxpresso_6.1.4_194/lpcxpresso/tools/bin/../lib/gcc/arm-none-eabi/4.6.2/../../../../arm-none-eabi/lib/armv7-m\libc.a(lib_a-freer.o)
 .ARM.attributes
                0x000007ae       0x2d c:/nxp/lpcxpresso_6.1.4_194/lpcxpresso/tools/bin/../lib/gcc/arm-none-eabi/4.6.2/../../../../arm-none-eabi/lib/armv7-m\libc.a(lib_a-memmove.o)
 .ARM.attributes
                0x000007db       0x2d c:/nxp/lpcxpresso_6.1.4_194/lpcxpresso/tools/bin/../lib/gcc/arm-none-eabi/4.6.2/../../../../arm-none-eabi/lib/armv7-m\libc.a(lib_a-reallocr.o)
 .ARM.attributes
                0x00000808       0x2d c:/nxp/lpcxpresso_6.1.4_194/lpcxpresso/tools/bin/../lib/gcc/arm-none-eabi/4.6.2/../../../../arm-none-eabi/lib/armv7-m\libc.a(lib_a-reent.o)
 .ARM.attributes
                0x00000835       0x31 c:/nxp/lpcxpresso_6.1.4_194/lpcxpresso/tools/bin/../lib/gcc/arm-none-eabi/4.6.2/../../../../arm-none-eabi/lib/armv7-m\libcr_newlib_semihost.a(_cr_sbrk.o)
 .ARM.attributes
                0x00000866       0x31 c:/nxp/lpcxpresso_6.1.4_194/lpcxpresso/tools/bin/../lib/gcc/arm-none-eabi/4.6.2/../../../../arm-none-eabi/lib/armv7-m\libcr_newlib_semihost.a(_cr_check_heap.o)
 .ARM.attributes
                0x00000897       0x1d c:/nxp/lpcxpresso_6.1.4_194/lpcxpresso/tools/bin/../lib/gcc/arm-none-eabi/4.6.2/armv7-m\libgcc.a(_arm_addsubdf3.o)
 .ARM.attributes
                0x000008b4       0x1d c:/nxp/lpcxpresso_6.1.4_194/lpcxpresso/tools/bin/../lib/gcc/arm-none-eabi/4.6.2/armv7-m\libgcc.a(_arm_muldivdf3.o)
 .ARM.attributes
                0x000008d1       0x1d c:/nxp/lpcxpresso_6.1.4_194/lpcxpresso/tools/bin/../lib/gcc/arm-none-eabi/4.6.2/armv7-m\libgcc.a(_arm_cmpdf2.o)
 .ARM.attributes
                0x000008ee       0x1d c:/nxp/lpcxpresso_6.1.4_194/lpcxpresso/tools/bin/../lib/gcc/arm-none-eabi/4.6.2/armv7-m\libgcc.a(_arm_fixdfsi.o)
 .ARM.attributes
                0x0000090b       0x2d c:/nxp/lpcxpresso_6.1.4_194/lpcxpresso/tools/bin/../lib/gcc/arm-none-eabi/4.6.2/../../../../arm-none-eabi/lib/armv7-m\libc.a(lib_a-errno.o)

.debug_frame    0x00000000     0x251c
 .debug_frame   0x00000000       0xec ./src/biblioteca.o
 .debug_frame   0x000000ec      0x120 ./src/cr_startup_lpc17.o
 .debug_frame   0x0000020c       0xa4 ./src/easyweb.o
 .debug_frame   0x000002b0      0x1a0 ./src/ethmac.o
 .debug_frame   0x00000450       0x84 ./src/ew_systick.o
 .debug_frame   0x000004d4      0x354 ./src/tcpip.o
 .debug_frame   0x00000828       0x48 C:\Users\aluno.SERVIDORES\Documents\LPCXpresso_6.1.4_194\workspace\projeto1\Lib_CMSISv1p30_LPC17xx\Debug\libCMSISv1p30_LPC17xx.a(system_LPC17xx.o)
 .debug_frame   0x00000870      0x208 C:\Users\aluno.SERVIDORES\Documents\LPCXpresso_6.1.4_194\workspace\projeto1\Lib_EaBaseBoard\Debug\libLib_EaBaseBoard.a(light.o)
 .debug_frame   0x00000a78      0x1ec C:\Users\aluno.SERVIDORES\Documents\LPCXpresso_6.1.4_194\workspace\projeto1\Lib_EaBaseBoard\Debug\libLib_EaBaseBoard.a(oled.o)
 .debug_frame   0x00000c64      0x2c4 C:\Users\aluno.SERVIDORES\Documents\LPCXpresso_6.1.4_194\workspace\projeto1\Lib_MCU\Debug\libLib_MCU.a(lpc17xx_gpio.o)
 .debug_frame   0x00000f28      0x2c8 C:\Users\aluno.SERVIDORES\Documents\LPCXpresso_6.1.4_194\workspace\projeto1\Lib_MCU\Debug\libLib_MCU.a(lpc17xx_i2c.o)
 .debug_frame   0x000011f0       0x2c C:\Users\aluno.SERVIDORES\Documents\LPCXpresso_6.1.4_194\workspace\projeto1\Lib_MCU\Debug\libLib_MCU.a(lpc17xx_libcfg_default.o)
 .debug_frame   0x0000121c       0xbc C:\Users\aluno.SERVIDORES\Documents\LPCXpresso_6.1.4_194\workspace\projeto1\Lib_MCU\Debug\libLib_MCU.a(lpc17xx_pinsel.o)
 .debug_frame   0x000012d8      0x280 C:\Users\aluno.SERVIDORES\Documents\LPCXpresso_6.1.4_194\workspace\projeto1\Lib_MCU\Debug\libLib_MCU.a(lpc17xx_ssp.o)
 .debug_frame   0x00001558      0x228 C:\Users\aluno.SERVIDORES\Documents\LPCXpresso_6.1.4_194\workspace\projeto1\Lib_MCU\Debug\libLib_MCU.a(lpc17xx_timer.o)
 .debug_frame   0x00001780      0x44c C:\Users\aluno.SERVIDORES\Documents\LPCXpresso_6.1.4_194\workspace\projeto1\Lib_MCU\Debug\libLib_MCU.a(lpc17xx_uart.o)
 .debug_frame   0x00001bcc      0x10c C:\Users\aluno.SERVIDORES\Documents\LPCXpresso_6.1.4_194\workspace\projeto1\Lib_MCU\Debug\libLib_MCU.a(lpc17xx_clkpwr.o)
 .debug_frame   0x00001cd8       0x50 c:/nxp/lpcxpresso_6.1.4_194/lpcxpresso/tools/bin/../lib/gcc/arm-none-eabi/4.6.2/armv7-m\libgcc.a(bpabi.o)
 .debug_frame   0x00001d28       0x34 c:/nxp/lpcxpresso_6.1.4_194/lpcxpresso/tools/bin/../lib/gcc/arm-none-eabi/4.6.2/armv7-m\libgcc.a(_divdi3.o)
 .debug_frame   0x00001d5c       0x34 c:/nxp/lpcxpresso_6.1.4_194/lpcxpresso/tools/bin/../lib/gcc/arm-none-eabi/4.6.2/armv7-m\libgcc.a(_udivdi3.o)
 .debug_frame   0x00001d90       0x2c c:/nxp/lpcxpresso_6.1.4_194/lpcxpresso/tools/bin/../lib/gcc/arm-none-eabi/4.6.2/../../../../arm-none-eabi/lib/armv7-m\libc.a(lib_a-memcmp.o)
 .debug_frame   0x00001dbc       0x2c c:/nxp/lpcxpresso_6.1.4_194/lpcxpresso/tools/bin/../lib/gcc/arm-none-eabi/4.6.2/../../../../arm-none-eabi/lib/armv7-m\libc.a(lib_a-memcpy.o)
 .debug_frame   0x00001de8       0x2c c:/nxp/lpcxpresso_6.1.4_194/lpcxpresso/tools/bin/../lib/gcc/arm-none-eabi/4.6.2/../../../../arm-none-eabi/lib/armv7-m\libc.a(lib_a-memset.o)
 .debug_frame   0x00001e14       0x64 c:/nxp/lpcxpresso_6.1.4_194/lpcxpresso/tools/bin/../lib/gcc/arm-none-eabi/4.6.2/../../../../arm-none-eabi/lib/armv7-m\libc.a(lib_a-sprintf.o)
 .debug_frame   0x00001e78       0x20 c:/nxp/lpcxpresso_6.1.4_194/lpcxpresso/tools/bin/../lib/gcc/arm-none-eabi/4.6.2/../../../../arm-none-eabi/lib/armv7-m\libc.a(lib_a-strlen.o)
 .debug_frame   0x00001e98       0x3c c:/nxp/lpcxpresso_6.1.4_194/lpcxpresso/tools/bin/../lib/gcc/arm-none-eabi/4.6.2/../../../../arm-none-eabi/lib/armv7-m\libc.a(lib_a-svfprintf.o)
 .debug_frame   0x00001ed4       0x64 c:/nxp/lpcxpresso_6.1.4_194/lpcxpresso/tools/bin/../lib/gcc/arm-none-eabi/4.6.2/../../../../arm-none-eabi/lib/armv7-m\libc.a(lib_a-dtoa.o)
 .debug_frame   0x00001f38       0x98 c:/nxp/lpcxpresso_6.1.4_194/lpcxpresso/tools/bin/../lib/gcc/arm-none-eabi/4.6.2/../../../../arm-none-eabi/lib/armv7-m\libc.a(lib_a-locale.o)
 .debug_frame   0x00001fd0       0x38 c:/nxp/lpcxpresso_6.1.4_194/lpcxpresso/tools/bin/../lib/gcc/arm-none-eabi/4.6.2/../../../../arm-none-eabi/lib/armv7-m\libc.a(lib_a-mallocr.o)
 .debug_frame   0x00002008       0x2c c:/nxp/lpcxpresso_6.1.4_194/lpcxpresso/tools/bin/../lib/gcc/arm-none-eabi/4.6.2/../../../../arm-none-eabi/lib/armv7-m\libc.a(lib_a-memchr.o)
 .debug_frame   0x00002034       0x30 c:/nxp/lpcxpresso_6.1.4_194/lpcxpresso/tools/bin/../lib/gcc/arm-none-eabi/4.6.2/../../../../arm-none-eabi/lib/armv7-m\libc.a(lib_a-mlock.o)
 .debug_frame   0x00002064      0x228 c:/nxp/lpcxpresso_6.1.4_194/lpcxpresso/tools/bin/../lib/gcc/arm-none-eabi/4.6.2/../../../../arm-none-eabi/lib/armv7-m\libc.a(lib_a-mprec.o)
 .debug_frame   0x0000228c       0x20 c:/nxp/lpcxpresso_6.1.4_194/lpcxpresso/tools/bin/../lib/gcc/arm-none-eabi/4.6.2/../../../../arm-none-eabi/lib/armv7-m\libc.a(lib_a-s_fpclassify.o)
 .debug_frame   0x000022ac       0x2c c:/nxp/lpcxpresso_6.1.4_194/lpcxpresso/tools/bin/../lib/gcc/arm-none-eabi/4.6.2/../../../../arm-none-eabi/lib/armv7-m\libc.a(lib_a-sbrkr.o)
 .debug_frame   0x000022d8       0x30 c:/nxp/lpcxpresso_6.1.4_194/lpcxpresso/tools/bin/../lib/gcc/arm-none-eabi/4.6.2/../../../../arm-none-eabi/lib/armv7-m\libc.a(lib_a-strcmp.o)
 .debug_frame   0x00002308       0x64 c:/nxp/lpcxpresso_6.1.4_194/lpcxpresso/tools/bin/../lib/gcc/arm-none-eabi/4.6.2/../../../../arm-none-eabi/lib/armv7-m\libc.a(lib_a-svfiprintf.o)