Archive member included to satisfy reference by file (symbol)

/home/pedro/Documents/dev/LPCxpresso/CMSISv2p00_LPC17xx/Debug/libCMSISv2p00_LPC17xx.a(system_LPC17xx.o)
                              ./src/cr_startup_lpc17.o (SystemInit)
/home/pedro/Documents/dev/LPCxpresso/Lib_EaBaseBoard/Debug/libLib_EaBaseBoard.a(acc.o)
                              ./src/custom_lib.o (acc_init)
/home/pedro/Documents/dev/LPCxpresso/Lib_EaBaseBoard/Debug/libLib_EaBaseBoard.a(joystick.o)
                              ./src/custom_lib.o (joystick_init)
/home/pedro/Documents/dev/LPCxpresso/Lib_EaBaseBoard/Debug/libLib_EaBaseBoard.a(light.o)
                              ./src/custom_lib.o (light_enable)
/home/pedro/Documents/dev/LPCxpresso/Lib_EaBaseBoard/Debug/libLib_EaBaseBoard.a(oled.o)
                              ./src/custom_lib.o (oled_init)
/home/pedro/Documents/dev/LPCxpresso/Lib_EaBaseBoard/Debug/libLib_EaBaseBoard.a(rgb.o)
                              ./src/custom_lib.o (rgb_init)
/home/pedro/Documents/dev/LPCxpresso/Lib_EaBaseBoard/Debug/libLib_EaBaseBoard.a(font5x7.o)
                              /home/pedro/Documents/dev/LPCxpresso/Lib_EaBaseBoard/Debug/libLib_EaBaseBoard.a(oled.o) (font5x7)
/home/pedro/Documents/dev/LPCxpresso/Lib_MCU/Debug/libLib_MCU.a(lpc17xx_gpio.o)
                              /home/pedro/Documents/dev/LPCxpresso/Lib_EaBaseBoard/Debug/libLib_EaBaseBoard.a(joystick.o) (GPIO_SetDir)
/home/pedro/Documents/dev/LPCxpresso/Lib_MCU/Debug/libLib_MCU.a(lpc17xx_i2c.o)
                              ./src/custom_lib.o (I2C_Init)
/home/pedro/Documents/dev/LPCxpresso/Lib_MCU/Debug/libLib_MCU.a(lpc17xx_libcfg_default.o)
                              /home/pedro/Documents/dev/LPCxpresso/Lib_MCU/Debug/libLib_MCU.a(lpc17xx_i2c.o) (check_failed)
/home/pedro/Documents/dev/LPCxpresso/Lib_MCU/Debug/libLib_MCU.a(lpc17xx_pinsel.o)
                              ./src/custom_lib.o (PINSEL_ConfigPin)
/home/pedro/Documents/dev/LPCxpresso/Lib_MCU/Debug/libLib_MCU.a(lpc17xx_ssp.o)
                              ./src/custom_lib.o (SSP_Init)
/home/pedro/Documents/dev/LPCxpresso/Lib_MCU/Debug/libLib_MCU.a(lpc17xx_timer.o)
                              ./src/custom_lib.o (Timer0_Wait)
/home/pedro/Documents/dev/LPCxpresso/Lib_MCU/Debug/libLib_MCU.a(lpc17xx_clkpwr.o)
                              /home/pedro/Documents/dev/LPCxpresso/Lib_MCU/Debug/libLib_MCU.a(lpc17xx_i2c.o) (CLKPWR_SetPCLKDiv)
/usr/local/lpcxpresso_8.2.2_650/lpcxpresso/tools/bin/../lib/gcc/arm-none-eabi/5.4.1/armv7-m/libgcc.a(_aeabi_uldivmod.o)
                              /home/pedro/Documents/dev/LPCxpresso/CMSISv2p00_LPC17xx/Debug/libCMSISv2p00_LPC17xx.a(system_LPC17xx.o) (__aeabi_uldivmod)
/usr/local/lpcxpresso_8.2.2_650/lpcxpresso/tools/bin/../lib/gcc/arm-none-eabi/5.4.1/armv7-m/libgcc.a(_udivmoddi4.o)
                              /usr/local/lpcxpresso_8.2.2_650/lpcxpresso/tools/bin/../lib/gcc/arm-none-eabi/5.4.1/armv7-m/libgcc.a(_aeabi_uldivmod.o) (__udivmoddi4)
/usr/local/lpcxpresso_8.2.2_650/lpcxpresso/tools/bin/../lib/gcc/arm-none-eabi/5.4.1/armv7-m/libgcc.a(_dvmd_tls.o)
                              /usr/local/lpcxpresso_8.2.2_650/lpcxpresso/tools/bin/../lib/gcc/arm-none-eabi/5.4.1/armv7-m/libgcc.a(_aeabi_uldivmod.o) (__aeabi_ldiv0)
/usr/local/lpcxpresso_8.2.2_650/lpcxpresso/tools/bin/../lib/gcc/arm-none-eabi/5.4.1/../../../../arm-none-eabi/lib/armv7-m/libc.a(lib_a-memcmp.o)
                              ./src/tcpip.o (memcmp)
/usr/local/lpcxpresso_8.2.2_650/lpcxpresso/tools/bin/../lib/gcc/arm-none-eabi/5.4.1/../../../../arm-none-eabi/lib/armv7-m/libc.a(lib_a-memcpy.o)
                              ./src/easyweb.o (memcpy)
/usr/local/lpcxpresso_8.2.2_650/lpcxpresso/tools/bin/../lib/gcc/arm-none-eabi/5.4.1/../../../../arm-none-eabi/lib/armv7-m/libc.a(lib_a-memset.o)
                              ./src/tcpip.o (memset)
/usr/local/lpcxpresso_8.2.2_650/lpcxpresso/tools/bin/../lib/gcc/arm-none-eabi/5.4.1/../../../../arm-none-eabi/lib/armv7-m/libc.a(lib_a-sprintf.o)
                              ./src/custom_lib.o (sprintf)
/usr/local/lpcxpresso_8.2.2_650/lpcxpresso/tools/bin/../lib/gcc/arm-none-eabi/5.4.1/../../../../arm-none-eabi/lib/armv7-m/libc.a(lib_a-svfprintf.o)
                              /usr/local/lpcxpresso_8.2.2_650/lpcxpresso/tools/bin/../lib/gcc/arm-none-eabi/5.4.1/../../../../arm-none-eabi/lib/armv7-m/libc.a(lib_a-sprintf.o) (_svfprintf_r)
/usr/local/lpcxpresso_8.2.2_650/lpcxpresso/tools/bin/../lib/gcc/arm-none-eabi/5.4.1/../../../../arm-none-eabi/lib/armv7-m/libc.a(lib_a-dtoa.o)
                              /usr/local/lpcxpresso_8.2.2_650/lpcxpresso/tools/bin/../lib/gcc/arm-none-eabi/5.4.1/../../../../arm-none-eabi/lib/armv7-m/libc.a(lib_a-svfprintf.o) (_dtoa_r)
/usr/local/lpcxpresso_8.2.2_650/lpcxpresso/tools/bin/../lib/gcc/arm-none-eabi/5.4.1/../../../../arm-none-eabi/lib/armv7-m/libc.a(lib_a-impure.o)
[...]
Memory Configuration

Name             Origin             Length             Attributes
MFlash512        0x00000000         0x00080000         xr
RamLoc32         0x10000000         0x00008000         xrw
RamAHB32         0x2007c000         0x00008000         xrw
*default*        0x00000000         0xffffffff

Linker script and memory map

LOAD ./src/cr_startup_lpc17.o
LOAD ./src/custom_lib.o
LOAD ./src/easyweb.o
LOAD ./src/ethmac.o
LOAD ./src/ew_systick.o
LOAD ./src/tcpip.o
LOAD /home/pedro/Documents/dev/LPCxpresso/CMSISv2p00_LPC17xx/Debug/libCMSISv2p00_LPC17xx.a
LOAD /home/pedro/Documents/dev/LPCxpresso/Lib_EaBaseBoard/Debug/libLib_EaBaseBoard.a
LOAD /home/pedro/Documents/dev/LPCxpresso/Lib_MCU/Debug/libLib_MCU.a
START GROUP
LOAD /usr/local/lpcxpresso_8.2.2_650/lpcxpresso/tools/bin/../lib/gcc/arm-none-eabi/5.4.1/armv7-m/libgcc.a
LOAD /usr/local/lpcxpresso_8.2.2_650/lpcxpresso/tools/bin/../lib/gcc/arm-none-eabi/5.4.1/../../../../arm-none-eabi/lib/armv7-m/libc.a
LOAD /usr/local/lpcxpresso_8.2.2_650/lpcxpresso/tools/bin/../lib/gcc/arm-none-eabi/5.4.1/../../../../arm-none-eabi/lib/armv7-m/libm.a
LOAD /usr/local/lpcxpresso_8.2.2_650/lpcxpresso/tools/bin/../lib/gcc/arm-none-eabi/5.4.1/../../../../arm-none-eabi/lib/armv7-m/libcr_newlib_semihost.a
END GROUP
                0x00000000                __base_MFlash512 = 0x0
                0x00000000                __base_Flash = 0x0
                0x00080000                __top_MFlash512 = 0x80000
                0x00080000                __top_Flash = 0x80000
                0x10000000                __base_RamLoc32 = 0x10000000
                0x10000000                __base_RAM = 0x10000000
                0x10008000                __top_RamLoc32 = 0x10008000
                0x10008000                __top_RAM = 0x10008000
                0x2007c000                __base_RamAHB32 = 0x2007c000
                0x2007c000                __base_RAM2 = 0x2007c000
                0x20084000                __top_RamAHB32 = 0x20084000
                0x20084000                __top_RAM2 = 0x20084000

.text           0x00000000     0x9e84
 FILL mask 0xff
                0x00000000                __vectors_start__ = ABSOLUTE (.)
 *(.isr_vector)
 .isr_vector    0x00000000       0xcc ./src/cr_startup_lpc17.o
                0x00000000                g_pfnVectors
                0x000000cc                . = ALIGN (0x4)
                0x000000cc                __section_table_start = .
                0x000000cc                __data_section_table = .
                0x000000cc        0x4 LONG 0x9e8c LOADADDR (.data)
                0x000000d0        0x4 LONG 0x10000000 ADDR (.data)
                0x000000d4        0x4 LONG 0x894 SIZEOF (.data)
                0x000000d8        0x4 LONG 0x9e8c LOADADDR (.data_RAM2)
                0x000000dc        0x4 LONG 0x2007c000 ADDR (.data_RAM2)
                0x000000e0        0x4 LONG 0x0 SIZEOF (.data_RAM2)
                0x000000e4                __data_section_table_end = .
                0x000000e4                __bss_section_table = .
                0x000000e4        0x4 LONG 0x10000894 ADDR (.bss)
                0x000000e8        0x4 LONG 0x770 SIZEOF (.bss)
                0x000000ec        0x4 LONG 0x2007c000 ADDR (.bss_RAM2)
                0x000000f0        0x4 LONG 0x0 SIZEOF (.bss_RAM2)
                0x000000f4                __bss_section_table_end = .
                0x000000f4                __section_table_end = .
 *(.after_vectors*)
 *(.text*)
 .text.ResetISR
                0x000000f4       0x58 ./src/cr_startup_lpc17.o
                0x000000f4                ResetISR
 .text.NMI_Handler
                0x0000014c        0x8 ./src/cr_startup_lpc17.o
                0x0000014c                NMI_Handler
 .text.HardFault_Handler
                0x00000154        0x8 ./src/cr_startup_lpc17.o
                0x00000154                HardFault_Handler
 .text.MemManage_Handler
                0x0000015c        0x8 ./src/cr_startup_lpc17.o
                0x0000015c                MemManage_Handler
 .text.BusFault_Handler
                0x00000164        0x8 ./src/cr_startup_lpc17.o
                0x00000164                BusFault_Handler
 .text.UsageFault_Handler
                0x0000016c        0x8 ./src/cr_startup_lpc17.o
                0x0000016c                UsageFault_Handler
 .text.SVCall_Handler
                0x00000174        0x8 ./src/cr_startup_lpc17.o
                0x00000174                SVCall_Handler
 .text.DebugMon_Handler
                0x0000017c        0x8 ./src/cr_startup_lpc17.o
                0x0000017c                DebugMon_Handler
 .text.PendSV_Handler
                0x00000184        0x8 ./src/cr_startup_lpc17.o
                0x00000184                PendSV_Handler
 .text.IntDefaultHandler
                0x0000018c        0x8 ./src/cr_startup_lpc17.o
                0x0000018c                TIMER2_IRQHandler
                0x0000018c                RIT_IRQHandler
                0x0000018c                I2C0_IRQHandler
                0x0000018c                USBActivity_IRQHandler
                0x0000018c                PWM1_IRQHandler
                0x0000018c                I2C1_IRQHandler
                0x0000018c                EINT2_IRQHandler
                0x0000018c                UART1_IRQHandler
                0x0000018c                EINT3_IRQHandler
                0x0000018c                CANActivity_IRQHandler
                0x0000018c                TIMER3_IRQHandler
                0x0000018c                UART0_IRQHandler
                0x0000018c                IntDefaultHandler
                0x0000018c                PLL0_IRQHandler
                0x0000018c                CAN_IRQHandler
                0x0000018c                PLL1_IRQHandler
                0x0000018c                SSP0_IRQHandler
                0x0000018c                I2S_IRQHandler
                0x0000018c                I2C2_IRQHandler
                0x0000018c                RTC_IRQHandler
                0x0000018c                TIMER0_IRQHandler
                0x0000018c                SPI_IRQHandler
                0x0000018c                EINT1_IRQHandler
                0x0000018c                TIMER1_IRQHandler
                0x0000018c                UART2_IRQHandler
                0x0000018c                ADC_IRQHandler
                0x0000018c                SSP1_IRQHandler
                0x0000018c                USB_IRQHandler
                0x0000018c                BOD_IRQHandler
                0x0000018c                WDT_IRQHandler
                0x0000018c                QEI_IRQHandler
                0x0000018c                EINT0_IRQHandler
                0x0000018c                DMA_IRQHandler
                0x0000018c                UART3_IRQHandler
                0x0000018c                MCPWM_IRQHandler
                0x0000018c                ENET_IRQHandler
 .text.init_ssp
                0x00000194       0x78 ./src/custom_lib.o
 .text.init_i2c
                0x0000020c       0x48 ./src/custom_lib.o
 .text.print_disp
                0x00000254      0x134 ./src/custom_lib.o
                0x00000254                print_disp
 .text.init_all
                0x00000388       0x34 ./src/custom_lib.o
                0x00000388                init_all
 .text.main     0x000003bc      0x150 ./src/easyweb.o
                0x000003bc                main
 .text.InsertDynamicValues
                0x0000050c       0xd0 ./src/easyweb.o
                0x0000050c                InsertDynamicValues
 .text.HTTPServer
                0x000005dc      0x148 ./src/easyweb.o
                0x000005dc                HTTPServer
 .text.WriteToPHY
                0x00000724       0x50 ./src/ethmac.o
                0x00000724                WriteToPHY
 .text.ReadFromPHY
                0x00000774       0x60 ./src/ethmac.o
                0x00000774                ReadFromPHY
 .text.Init_EthMAC
                0x000007d4      0x3b8 ./src/ethmac.o
                0x000007d4                Init_EthMAC
 .text.WriteFrame_EthMAC
                0x00000b8c       0x28 ./src/ethmac.o
                0x00000b8c                WriteFrame_EthMAC
 .text.CopyToFrame_EthMAC
                0x00000bb4       0x64 ./src/ethmac.o
                0x00000bb4                CopyToFrame_EthMAC
 .text.ReadFrame_EthMAC
                0x00000c18       0x1c ./src/ethmac.o
                0x00000c18                ReadFrame_EthMAC
 .text.ReadFrameBE_EthMAC
                0x00000c34       0x2c ./src/ethmac.o
                0x00000c34                ReadFrameBE_EthMAC
 .text.CopyFromFrame_EthMAC
                0x00000c60       0x48 ./src/ethmac.o
                0x00000c60                CopyFromFrame_EthMAC
 .text.DummyReadFrame_EthMAC
                0x00000ca8       0x24 ./src/ethmac.o
                0x00000ca8                DummyReadFrame_EthMAC
 .text.RequestSend
                0x00000ccc       0x4c ./src/ethmac.o
                0x00000ccc                RequestSend
 .text.Rdy4Tx   0x00000d18       0x10 ./src/ethmac.o
                0x00000d18                Rdy4Tx
 .text.StartReadingFrame
                0x00000d28       0x50 ./src/ethmac.o
                0x00000d28                StartReadingFrame
 .text.StopReadingFrame
                0x00000d78       0x34 ./src/ethmac.o
                0x00000d78                StopReadingFrame
 .text.CheckIfFrameReceived
                0x00000dac       0x28 ./src/ethmac.o
                0x00000dac                CheckIfFrameReceived
 .text.NVIC_SetPriority
                0x00000dd4       0x54 ./src/ew_systick.o
 .text.SysTick_Config
                0x00000e28       0x44 ./src/ew_systick.o
 .text.SysTick_Handler
                0x00000e6c       0x54 ./src/ew_systick.o
                0x00000e6c                SysTick_Handler
 .text.Start_SysTick10ms
                0x00000ec0       0x2c ./src/ew_systick.o
                0x00000ec0                Start_SysTick10ms
 .text.TCPLowLevelInit
                0x00000eec       0x44 ./src/tcpip.o
                0x00000eec                TCPLowLevelInit
 .text.TCPPassiveOpen
                0x00000f30       0x3c ./src/tcpip.o
                0x00000f30                TCPPassiveOpen
 .text.TCPClose
                0x00000f6c       0x5c ./src/tcpip.o
                0x00000f6c                TCPClose
 .text.TCPReleaseRxBuffer
                0x00000fc8       0x20 ./src/tcpip.o
                0x00000fc8                TCPReleaseRxBuffer
 .text.TCPTransmitTxBuffer
                0x00000fe8       0x84 ./src/tcpip.o
                0x00000fe8                TCPTransmitTxBuffer
 .text.BroadcastMessage
                0x0000106c       0x58 ./src/tcpip.o
                0x0000106c                BroadcastMessage
 .text.DoNetworkStuff
                0x000010c4      0x27c ./src/tcpip.o
                0x000010c4                DoNetworkStuff
 .text.ProcessEthBroadcastFrame
                0x00001340       0x8c ./src/tcpip.o
                0x00001340                ProcessEthBroadcastFrame
 .text.ProcessEthIAFrame
                0x000013cc      0x114 ./src/tcpip.o
                0x000013cc                ProcessEthIAFrame
 .text.ProcessICMPFrame
                0x000014e0       0x2c ./src/tcpip.o
                0x000014e0                ProcessICMPFrame
 .text.ProcessTCPFrame
                0x0000150c      0x52c ./src/tcpip.o
                0x0000150c                ProcessTCPFrame
 .text.PrepareARP_REQUEST
                0x00001a38       0xfc ./src/tcpip.o
                0x00001a38                PrepareARP_REQUEST
 .text.PrepareARP_ANSWER
                0x00001b34       0xb8 ./src/tcpip.o
                0x00001b34                PrepareARP_ANSWER
 .text.PrepareICMP_ECHO_REPLY
                0x00001bec      0x154 ./src/tcpip.o
                0x00001bec                PrepareICMP_ECHO_REPLY
 .text.PrepareTCP_FRAME
                0x00001d40      0x1ac ./src/tcpip.o
                0x00001d40                PrepareTCP_FRAME
 .text.PrepareTCP_DATA_FRAME
                0x00001eec      0x13c ./src/tcpip.o
                0x00001eec                PrepareTCP_DATA_FRAME
 .text.CalcChecksum
                0x00002028       0xc8 ./src/tcpip.o
                0x00002028                CalcChecksum
 .text.TCPStartRetryTimer
                0x000020f0       0x40 ./src/tcpip.o
                0x000020f0                TCPStartRetryTimer
 .text.TCPStartTimeWaitTimer
                0x00002130       0x38 ./src/tcpip.o
                0x00002130                TCPStartTimeWaitTimer
 .text.TCPRestartTimer
                0x00002168       0x18 ./src/tcpip.o
                0x00002168                TCPRestartTimer
 .text.TCPStopTimer
                0x00002180       0x20 ./src/tcpip.o
                0x00002180                TCPStopTimer
 .text.TCPHandleRetransmission
                0x000021a0       0x64 ./src/tcpip.o
                0x000021a0                TCPHandleRetransmission
 .text.TCPHandleTimeout
                0x00002204       0x40 ./src/tcpip.o
                0x00002204                TCPHandleTimeout
 .text.TCPClockHandler
                0x00002244       0x2c ./src/tcpip.o
                0x00002244                TCPClockHandler
 .text.SendFrame1
                0x00002270       0x1c ./src/tcpip.o
                0x00002270                SendFrame1
 .text.SendFrame2
                0x0000228c       0x1c ./src/tcpip.o
                0x0000228c                SendFrame2
 .text.WriteWBE
                0x000022a8       0x30 ./src/tcpip.o
                0x000022a8                WriteWBE
 .text.WriteDWBE
                0x000022d8       0x48 ./src/tcpip.o
                0x000022d8                WriteDWBE
 .text.SwapBytes
                0x00002320       0x28 ./src/tcpip.o
                0x00002320                SwapBytes
 .text.SystemInit
                0x00002348       0xe4 /home/pedro/Documents/dev/LPCxpresso/CMSISv2p00_LPC17xx/Debug/libCMSISv2p00_LPC17xx.a(system_LPC17xx.o)
                0x00002348                SystemInit
 .text.I2CRead  0x0000242c       0x50 /home/pedro/Documents/dev/LPCxpresso/Lib_EaBaseBoard/Debug/libLib_EaBaseBoard.a(acc.o)
 .text.I2CWrite
                0x0000247c       0x50 /home/pedro/Documents/dev/LPCxpresso/Lib_EaBaseBoard/Debug/libLib_EaBaseBoard.a(acc.o)
 .text.getStatus
                0x000024cc       0x2c /home/pedro/Documents/dev/LPCxpresso/Lib_EaBaseBoard/Debug/libLib_EaBaseBoard.a(acc.o)
 .text.setModeControl
                0x000024f8       0x28 /home/pedro/Documents/dev/LPCxpresso/Lib_EaBaseBoard/Debug/libLib_EaBaseBoard.a(acc.o)
 .text.acc_init
                0x00002520       0x10 /home/pedro/Documents/dev/LPCxpresso/Lib_EaBaseBoard/Debug/libLib_EaBaseBoard.a(acc.o)
                0x00002520                acc_init
 .text.acc_read
                0x00002530       0x9c /home/pedro/Documents/dev/LPCxpresso/Lib_EaBaseBoard/Debug/libLib_EaBaseBoard.a(acc.o)
                0x00002530                acc_read
 .text.joystick_init
                0x000025cc       0x20 /home/pedro/Documents/dev/LPCxpresso/Lib_EaBaseBoard/Debug/libLib_EaBaseBoard.a(joystick.o)
                0x000025cc                joystick_init
 .text.joystick_read
                0x000025ec       0x88 /home/pedro/Documents/dev/LPCxpresso/Lib_EaBaseBoard/Debug/libLib_EaBaseBoard.a(joystick.o)
                0x000025ec                joystick_read
 .text.I2CRead  0x00002674       0x50 /home/pedro/Documents/dev/LPCxpresso/Lib_EaBaseBoard/Debug/libLib_EaBaseBoard.a(light.o)
 .text.I2CWrite
                0x000026c4       0x50 /home/pedro/Documents/dev/LPCxpresso/Lib_EaBaseBoard/Debug/libLib_EaBaseBoard.a(light.o)
 .text.light_enable
                0x00002714       0x3c /home/pedro/Documents/dev/LPCxpresso/Lib_EaBaseBoard/Debug/libLib_EaBaseBoard.a(light.o)
                0x00002714                light_enable
 .text.light_read
                0x00002750       0x74 /home/pedro/Documents/dev/LPCxpresso/Lib_EaBaseBoard/Debug/libLib_EaBaseBoard.a(light.o)
                0x00002750                light_read
 .text.writeCommand
                0x000027c4       0x48 /home/pedro/Documents/dev/LPCxpresso/Lib_EaBaseBoard/Debug/libLib_EaBaseBoard.a(oled.o)
 .text.writeData
                0x0000280c       0x48 /home/pedro/Documents/dev/LPCxpresso/Lib_EaBaseBoard/Debug/libLib_EaBaseBoard.a(oled.o)
 .text.writeDataLen
                0x00002854       0x78 /home/pedro/Documents/dev/LPCxpresso/Lib_EaBaseBoard/Debug/libLib_EaBaseBoard.a(oled.o)
 .text.runInitSequence
                0x000028cc       0xd4 /home/pedro/Documents/dev/LPCxpresso/Lib_EaBaseBoard/Debug/libLib_EaBaseBoard.a(oled.o)
 .text.oled_init
                0x000029a0       0x74 /home/pedro/Documents/dev/LPCxpresso/Lib_EaBaseBoard/Debug/libLib_EaBaseBoard.a(oled.o)
                0x000029a0                oled_init
 .text.oled_putPixel
                0x00002a14      0x150 /home/pedro/Documents/dev/LPCxpresso/Lib_EaBaseBoard/Debug/libLib_EaBaseBoard.a(oled.o)
                0x00002a14                oled_putPixel
 .text.oled_clearScreen
                0x00002b64       0x64 /home/pedro/Documents/dev/LPCxpresso/Lib_EaBaseBoard/Debug/libLib_EaBaseBoard.a(oled.o)
                0x00002b64                oled_clearScreen
 .text.oled_putChar
                0x00002bc8       0xd8 /home/pedro/Documents/dev/LPCxpresso/Lib_EaBaseBoard/Debug/libLib_EaBaseBoard.a(oled.o)
                0x00002bc8                oled_putChar
 .text.oled_putString
                0x00002ca0       0x54 /home/pedro/Documents/dev/LPCxpresso/Lib_EaBaseBoard/Debug/libLib_EaBaseBoard.a(oled.o)
                0x00002ca0                oled_putString
 .text.rgb_init
                0x00002cf4       0x28 /home/pedro/Documents/dev/LPCxpresso/Lib_EaBaseBoard/Debug/libLib_EaBaseBoard.a(rgb.o)
                0x00002cf4                rgb_init
 .text.rgb_setLeds
                0x00002d1c       0x6c /home/pedro/Documents/dev/LPCxpresso/Lib_EaBaseBoard/Debug/libLib_EaBaseBoard.a(rgb.o)
                0x00002d1c                rgb_setLeds
 .text.GPIO_GetPointer
                0x00002d88       0x70 /home/pedro/Documents/dev/LPCxpresso/Lib_MCU/Debug/libLib_MCU.a(lpc17xx_gpio.o)
 .text.GPIO_SetDir
                0x00002df8       0x4c /home/pedro/Documents/dev/LPCxpresso/Lib_MCU/Debug/libLib_MCU.a(lpc17xx_gpio.o)
                0x00002df8                GPIO_SetDir
 .text.GPIO_SetValue
                0x00002e44       0x2c /home/pedro/Documents/dev/LPCxpresso/Lib_MCU/Debug/libLib_MCU.a(lpc17xx_gpio.o)
                0x00002e44                GPIO_SetValue
 .text.GPIO_ClearValue
                0x00002e70       0x2c /home/pedro/Documents/dev/LPCxpresso/Lib_MCU/Debug/libLib_MCU.a(lpc17xx_gpio.o)
                0x00002e70                GPIO_ClearValue
 .text.GPIO_ReadValue
                0x00002e9c       0x2c /home/pedro/Documents/dev/LPCxpresso/Lib_MCU/Debug/libLib_MCU.a(lpc17xx_gpio.o)
                0x00002e9c                GPIO_ReadValue
 .text.NVIC_EnableIRQ
                0x00002ec8       0x30 /home/pedro/Documents/dev/LPCxpresso/Lib_MCU/Debug/libLib_MCU.a(lpc17xx_i2c.o)
 .text.NVIC_DisableIRQ
                0x00002ef8       0x34 /home/pedro/Documents/dev/LPCxpresso/Lib_MCU/Debug/libLib_MCU.a(lpc17xx_i2c.o)
 .text.I2C_getNum
                0x00002f2c       0x48 /home/pedro/Documents/dev/LPCxpresso/Lib_MCU/Debug/libLib_MCU.a(lpc17xx_i2c.o)
 .text.I2C_Start
                0x00002f74       0x3c /home/pedro/Documents/dev/LPCxpresso/Lib_MCU/Debug/libLib_MCU.a(lpc17xx_i2c.o)
 .text.I2C_Stop
                0x00002fb0       0x30 /home/pedro/Documents/dev/LPCxpresso/Lib_MCU/Debug/libLib_MCU.a(lpc17xx_i2c.o)
 .text.I2C_SendByte
                0x00002fe0       0x4c /home/pedro/Documents/dev/LPCxpresso/Lib_MCU/Debug/libLib_MCU.a(lpc17xx_i2c.o)
 .text.I2C_GetByte
                0x0000302c       0x54 /home/pedro/Documents/dev/LPCxpresso/Lib_MCU/Debug/libLib_MCU.a(lpc17xx_i2c.o)
 .text.I2C_IntCmd
                0x00003080       0x88 /home/pedro/Documents/dev/LPCxpresso/Lib_MCU/Debug/libLib_MCU.a(lpc17xx_i2c.o)
                0x00003080                I2C_IntCmd
 .text.I2C_MasterHandler
                0x00003108      0x3a0 /home/pedro/Documents/dev/LPCxpresso/Lib_MCU/Debug/libLib_MCU.a(lpc17xx_i2c.o)
                0x00003108                I2C_MasterHandler
 .text.I2C_SetClock
                0x000034a8       0xa4 /home/pedro/Documents/dev/LPCxpresso/Lib_MCU/Debug/libLib_MCU.a(lpc17xx_i2c.o)
                0x000034a8                I2C_SetClock
 .text.I2C_Init
                0x0000354c       0xa4 /home/pedro/Documents/dev/LPCxpresso/Lib_MCU/Debug/libLib_MCU.a(lpc17xx_i2c.o)
                0x0000354c                I2C_Init
 .text.I2C_Cmd  0x000035f0       0x70 /home/pedro/Documents/dev/LPCxpresso/Lib_MCU/Debug/libLib_MCU.a(lpc17xx_i2c.o)
                0x000035f0                I2C_Cmd
 .text.I2C_MasterTransferData
                0x00003660      0x2f8 /home/pedro/Documents/dev/LPCxpresso/Lib_MCU/Debug/libLib_MCU.a(lpc17xx_i2c.o)
                0x00003660                I2C_MasterTransferData
 .text.check_failed
                0x00003958        0xc /home/pedro/Documents/dev/LPCxpresso/Lib_MCU/Debug/libLib_MCU.a(lpc17xx_libcfg_default.o)
                0x00003958                check_failed
 .text.PINSEL_SetPinFunc
                0x00003964       0x84 /home/pedro/Documents/dev/LPCxpresso/Lib_MCU/Debug/libLib_MCU.a(lpc17xx_pinsel.o)
                0x00003964                PINSEL_SetPinFunc
 .text.PINSEL_SetResistorMode
                0x000039e8       0x84 /home/pedro/Documents/dev/LPCxpresso/Lib_MCU/Debug/libLib_MCU.a(lpc17xx_pinsel.o)
                0x000039e8                PINSEL_SetResistorMode
 .text.PINSEL_SetOpenDrainMode
                0x00003a6c       0x6c /home/pedro/Documents/dev/LPCxpresso/Lib_MCU/Debug/libLib_MCU.a(lpc17xx_pinsel.o)
                0x00003a6c                PINSEL_SetOpenDrainMode
 .text.PINSEL_ConfigPin
                0x00003ad8       0x48 /home/pedro/Documents/dev/LPCxpresso/Lib_MCU/Debug/libLib_MCU.a(lpc17xx_pinsel.o)
                0x00003ad8                PINSEL_ConfigPin
 .text.SSP_getNum
                0x00003b20       0x38 /home/pedro/Documents/dev/LPCxpresso/Lib_MCU/Debug/libLib_MCU.a(lpc17xx_ssp.o)
 .text.SSP_IntHandler
                0x00003b58      0x2cc /home/pedro/Documents/dev/LPCxpresso/Lib_MCU/Debug/libLib_MCU.a(lpc17xx_ssp.o)
                0x00003b58                SSP_IntHandler
 .text.SSP_SetClock
                0x00003e24       0xc4 /home/pedro/Documents/dev/LPCxpresso/Lib_MCU/Debug/libLib_MCU.a(lpc17xx_ssp.o)
                0x00003e24                SSP_SetClock
 .text.SSP_Init
                0x00003ee8       0xd8 /home/pedro/Documents/dev/LPCxpresso/Lib_MCU/Debug/libLib_MCU.a(lpc17xx_ssp.o)
                0x00003ee8                SSP_Init
 .text.SSP_ConfigStructInit
                0x00003fc0       0x3c /home/pedro/Documents/dev/LPCxpresso/Lib_MCU/Debug/libLib_MCU.a(lpc17xx_ssp.o)
                0x00003fc0                SSP_ConfigStructInit
 .text.SSP_Cmd  0x00003ffc       0x70 /home/pedro/Documents/dev/LPCxpresso/Lib_MCU/Debug/libLib_MCU.a(lpc17xx_ssp.o)
                0x00003ffc                SSP_Cmd
 .text.SSP_SendData
                0x0000406c       0x40 /home/pedro/Documents/dev/LPCxpresso/Lib_MCU/Debug/libLib_MCU.a(lpc17xx_ssp.o)
                0x0000406c                SSP_SendData
 .text.SSP_ReceiveData
                0x000040ac       0x3c /home/pedro/Documents/dev/LPCxpresso/Lib_MCU/Debug/libLib_MCU.a(lpc17xx_ssp.o)
                0x000040ac                SSP_ReceiveData
 .text.SSP_ReadWrite
                0x000040e8      0x3c0 /home/pedro/Documents/dev/LPCxpresso/Lib_MCU/Debug/libLib_MCU.a(lpc17xx_ssp.o)
                0x000040e8                SSP_ReadWrite
 .text.TIM_GetPClock
                0x000044a8       0x58 /home/pedro/Documents/dev/LPCxpresso/Lib_MCU/Debug/libLib_MCU.a(lpc17xx_timer.o)
                0x000044a8                TIM_GetPClock
 .text.TIM_ConverUSecToVal
                0x00004500       0x58 /home/pedro/Documents/dev/LPCxpresso/Lib_MCU/Debug/libLib_MCU.a(lpc17xx_timer.o)
                0x00004500                TIM_ConverUSecToVal
 .text.TIM_ConverPtrToTimeNum
                0x00004558       0x5c /home/pedro/Documents/dev/LPCxpresso/Lib_MCU/Debug/libLib_MCU.a(lpc17xx_timer.o)
                0x00004558                TIM_ConverPtrToTimeNum
 .text.TIM_GetIntStatus
                0x000045b4       0x98 /home/pedro/Documents/dev/LPCxpresso/Lib_MCU/Debug/libLib_MCU.a(lpc17xx_timer.o)
                0x000045b4                TIM_GetIntStatus
 .text.TIM_ClearIntPending
                0x0000464c       0x8c /home/pedro/Documents/dev/LPCxpresso/Lib_MCU/Debug/libLib_MCU.a(lpc17xx_timer.o)
                0x0000464c                TIM_ClearIntPending
 .text.TIM_Init
                0x000046d8      0x170 /home/pedro/Documents/dev/LPCxpresso/Lib_MCU/Debug/libLib_MCU.a(lpc17xx_timer.o)
                0x000046d8                TIM_Init
 .text.TIM_Cmd  0x00004848       0x70 /home/pedro/Documents/dev/LPCxpresso/Lib_MCU/Debug/libLib_MCU.a(lpc17xx_timer.o)
                0x00004848                TIM_Cmd
 .text.TIM_ConfigMatch
                0x000048b8      0x15c /home/pedro/Documents/dev/LPCxpresso/Lib_MCU/Debug/libLib_MCU.a(lpc17xx_timer.o)
                0x000048b8                TIM_ConfigMatch
 .text.Timer0_Wait
                0x00004a14       0x78 /home/pedro/Documents/dev/LPCxpresso/Lib_MCU/Debug/libLib_MCU.a(lpc17xx_timer.o)
                0x00004a14                Timer0_Wait
 .text.CLKPWR_SetPCLKDiv
                0x00004a8c       0x8c /home/pedro/Documents/dev/LPCxpresso/Lib_MCU/Debug/libLib_MCU.a(lpc17xx_clkpwr.o)
                0x00004a8c                CLKPWR_SetPCLKDiv
 .text.CLKPWR_GetPCLKSEL
                0x00004b18       0x48 /home/pedro/Documents/dev/LPCxpresso/Lib_MCU/Debug/libLib_MCU.a(lpc17xx_clkpwr.o)
                0x00004b18                CLKPWR_GetPCLKSEL
 .text.CLKPWR_GetPCLK
                0x00004b60       0x64 /home/pedro/Documents/dev/LPCxpresso/Lib_MCU/Debug/libLib_MCU.a(lpc17xx_clkpwr.o)
                0x00004b60                CLKPWR_GetPCLK
 .text.CLKPWR_ConfigPPWR
                0x00004bc4       0x58 /home/pedro/Documents/dev/LPCxpresso/Lib_MCU/Debug/libLib_MCU.a(lpc17xx_clkpwr.o)
                0x00004bc4                CLKPWR_ConfigPPWR
 .text          0x00004c1c       0x30 /usr/local/lpcxpresso_8.2.2_650/lpcxpresso/tools/bin/../lib/gcc/arm-none-eabi/5.4.1/armv7-m/libgcc.a(_aeabi_uldivmod.o)
                0x00004c1c                __aeabi_uldivmod
 .text          0x00004c4c      0x2ec /usr/local/lpcxpresso_8.2.2_650/lpcxpresso/tools/bin/../lib/gcc/arm-none-eabi/5.4.1/armv7-m/libgcc.a(_udivmoddi4.o)
                0x00004c4c                __udivmoddi4
 .text          0x00004f38        0x4 /usr/local/lpcxpresso_8.2.2_650/lpcxpresso/tools/bin/../lib/gcc/arm-none-eabi/5.4.1/armv7-m/libgcc.a(_dvmd_tls.o)
                0x00004f38                __aeabi_ldiv0
                0x00004f38                __aeabi_idiv0
 .text.memcmp   0x00004f3c       0x64 /usr/local/lpcxpresso_8.2.2_650/lpcxpresso/tools/bin/../lib/gcc/arm-none-eabi/5.4.1/../../../../arm-none-eabi/lib/armv7-m/libc.a(lib_a-memcmp.o)
                0x00004f3c                memcmp
 .text          0x00004fa0       0xec /usr/local/lpcxpresso_8.2.2_650/lpcxpresso/tools/bin/../lib/gcc/arm-none-eabi/5.4.1/../../../../arm-none-eabi/lib/armv7-m/libc.a(lib_a-memcpy.o)
                0x00004fa0                memcpy
 .text.memset   0x0000508c       0x9c /usr/local/lpcxpresso_8.2.2_650/lpcxpresso/tools/bin/../lib/gcc/arm-none-eabi/5.4.1/../../../../arm-none-eabi/lib/armv7-m/libc.a(lib_a-memset.o)
                0x0000508c                memset
 .text.sprintf  0x00005128       0x4c /usr/local/lpcxpresso_8.2.2_650/lpcxpresso/tools/bin/../lib/gcc/arm-none-eabi/5.4.1/../../../../arm-none-eabi/lib/armv7-m/libc.a(lib_a-sprintf.o)
                0x00005128                sprintf
 .text._svfprintf_r
                0x00005174     0x175c /usr/local/lpcxpresso_8.2.2_650/lpcxpresso/tools/bin/../lib/gcc/arm-none-eabi/5.4.1/../../../../arm-none-eabi/lib/armv7-m/libc.a(lib_a-svfprintf.o)
                0x00005174                _svfprintf_r
 .text.quorem   0x000068d0      0x12c /usr/local/lpcxpresso_8.2.2_650/lpcxpresso/tools/bin/../lib/gcc/arm-none-eabi/5.4.1/../../../../arm-none-eabi/lib/armv7-m/libc.a(lib_a-dtoa.o)
 *fill*         0x000069fc        0x4 ff
 .text._dtoa_r  0x00006a00      0xe4c /usr/local/lpcxpresso_8.2.2_650/lpcxpresso/tools/bin/../lib/gcc/arm-none-eabi/5.4.1/../../../../arm-none-eabi/lib/armv7-m/libc.a(lib_a-dtoa.o)
                0x00006a00                _dtoa_r
 .text._localeconv_r
                0x0000784c        0x8 /usr/local/lpcxpresso_8.2.2_650/lpcxpresso/tools/bin/../lib/gcc/arm-none-eabi/5.4.1/../../../../arm-none-eabi/lib/armv7-m/libc.a(lib_a-locale.o)
                0x0000784c                _localeconv_r
 .text._malloc_r
                0x00007854      0x558 /usr/local/lpcxpresso_8.2.2_650/lpcxpresso/tools/bin/../lib/gcc/arm-none-eabi/5.4.1/../../../../arm-none-eabi/lib/armv7-m/libc.a(lib_a-mallocr.o)
                0x00007854                _malloc_r
 .text.memchr   0x00007dac       0x8c /usr/local/lpcxpresso_8.2.2_650/lpcxpresso/tools/bin/../lib/gcc/arm-none-eabi/5.4.1/../../../../arm-none-eabi/lib/armv7-m/libc.a(lib_a-memchr-stub.o)
                0x00007dac                memchr
 .text.__malloc_lock
                0x00007e38        0x4 /usr/local/lpcxpresso_8.2.2_650/lpcxpresso/tools/bin/../lib/gcc/arm-none-eabi/5.4.1/../../../../arm-none-eabi/lib/armv7-m/libc.a(lib_a-mlock.o)
                0x00007e38                __malloc_lock
 .text.__malloc_unlock
                0x00007e3c        0x4 /usr/local/lpcxpresso_8.2.2_650/lpcxpresso/tools/bin/../lib/gcc/arm-none-eabi/5.4.1/../../../../arm-none-eabi/lib/armv7-m/libc.a(lib_a-mlock.o)
                0x00007e3c                __malloc_unlock
 .text._Balloc  0x00007e40       0x50 /usr/local/lpcxpresso_8.2.2_650/lpcxpresso/tools/bin/../lib/gcc/arm-none-eabi/5.4.1/../../../../arm-none-eabi/lib/armv7-m/libc.a(lib_a-mprec.o)
                0x00007e40                _Balloc
 .text._Bfree   0x00007e90       0x14 /usr/local/lpcxpresso_8.2.2_650/lpcxpresso/tools/bin/../lib/gcc/arm-none-eabi/5.4.1/../../../../arm-none-eabi/lib/armv7-m/libc.a(lib_a-mprec.o)
                0x00007e90                _Bfree
 .text.__multadd
                0x00007ea4       0x80 /usr/local/lpcxpresso_8.2.2_650/lpcxpresso/tools/bin/../lib/gcc/arm-none-eabi/5.4.1/../../../../arm-none-eabi/lib/armv7-m/libc.a(lib_a-mprec.o)
                0x00007ea4                __multadd
 .text.__hi0bits
                0x00007f24       0x40 /usr/local/lpcxpresso_8.2.2_650/lpcxpresso/tools/bin/../lib/gcc/arm-none-eabi/5.4.1/../../../../arm-none-eabi/lib/armv7-m/libc.a(lib_a-mprec.o)
                0x00007f24                __hi0bits
 .text.__lo0bits
                0x00007f64       0x5c /usr/local/lpcxpresso_8.2.2_650/lpcxpresso/tools/bin/../lib/gcc/arm-none-eabi/5.4.1/../../../../arm-none-eabi/lib/armv7-m/libc.a(lib_a-mprec.o)
                0x00007f64                __lo0bits
 .text.__i2b    0x00007fc0       0x14 /usr/local/lpcxpresso_8.2.2_650/lpcxpresso/tools/bin/../lib/gcc/arm-none-eabi/5.4.1/../../../../arm-none-eabi/lib/armv7-m/libc.a(lib_a-mprec.o)
                0x00007fc0                __i2b
 .text.__multiply
                0x00007fd4      0x13c /usr/local/lpcxpresso_8.2.2_650/lpcxpresso/tools/bin/../lib/gcc/arm-none-eabi/5.4.1/../../../../arm-none-eabi/lib/armv7-m/libc.a(lib_a-mprec.o)
                0x00007fd4                __multiply
 .text.__pow5mult
                0x00008110       0xa0 /usr/local/lpcxpresso_8.2.2_650/lpcxpresso/tools/bin/../lib/gcc/arm-none-eabi/5.4.1/../../../../arm-none-eabi/lib/armv7-m/libc.a(lib_a-mprec.o)
                0x00008110                __pow5mult
 .text.__lshift
                0x000081b0       0xac /usr/local/lpcxpresso_8.2.2_650/lpcxpresso/tools/bin/../lib/gcc/arm-none-eabi/5.4.1/../../../../arm-none-eabi/lib/armv7-m/libc.a(lib_a-mprec.o)
                0x000081b0                __lshift
 .text.__mcmp   0x0000825c       0x40 /usr/local/lpcxpresso_8.2.2_650/lpcxpresso/tools/bin/../lib/gcc/arm-none-eabi/5.4.1/../../../../arm-none-eabi/lib/armv7-m/libc.a(lib_a-mprec.o)
                0x0000825c                __mcmp
 .text.__mdiff  0x0000829c      0x128 /usr/local/lpcxpresso_8.2.2_650/lpcxpresso/tools/bin/../lib/gcc/arm-none-eabi/5.4.1/../../../../arm-none-eabi/lib/armv7-m/libc.a(lib_a-mprec.o)
                0x0000829c                __mdiff
 .text.__d2b    0x000083c4       0xa8 /usr/local/lpcxpresso_8.2.2_650/lpcxpresso/tools/bin/../lib/gcc/arm-none-eabi/5.4.1/../../../../arm-none-eabi/lib/armv7-m/libc.a(lib_a-mprec.o)
                0x000083c4                __d2b
 .text._sbrk_r  0x0000846c       0x24 /usr/local/lpcxpresso_8.2.2_650/lpcxpresso/tools/bin/../lib/gcc/arm-none-eabi/5.4.1/../../../../arm-none-eabi/lib/armv7-m/libc.a(lib_a-sbrkr.o)
                0x0000846c                _sbrk_r
 .text.strlen   0x00008490       0x5c /usr/local/lpcxpresso_8.2.2_650/lpcxpresso/tools/bin/../lib/gcc/arm-none-eabi/5.4.1/../../../../arm-none-eabi/lib/armv7-m/libc.a(lib_a-strlen-stub.o)
                0x00008490                strlen
 .text.__ssprint_r
                0x000084ec      0x100 /usr/local/lpcxpresso_8.2.2_650/lpcxpresso/tools/bin/../lib/gcc/arm-none-eabi/5.4.1/../../../../arm-none-eabi/lib/armv7-m/libc.a(lib_a-svfiprintf.o)
                0x000084ec                __ssprint_r
 .text._calloc_r
                0x000085ec       0x60 /usr/local/lpcxpresso_8.2.2_650/lpcxpresso/tools/bin/../lib/gcc/arm-none-eabi/5.4.1/../../../../arm-none-eabi/lib/armv7-m/libc.a(lib_a-callocr.o)
                0x000085ec                _calloc_r
 .text._malloc_trim_r
                0x0000864c       0x9c /usr/local/lpcxpresso_8.2.2_650/lpcxpresso/tools/bin/../lib/gcc/arm-none-eabi/5.4.1/../../../../arm-none-eabi/lib/armv7-m/libc.a(lib_a-freer.o)
                0x0000864c                _malloc_trim_r
 .text._free_r  0x000086e8      0x1d0 /usr/local/lpcxpresso_8.2.2_650/lpcxpresso/tools/bin/../lib/gcc/arm-none-eabi/5.4.1/../../../../arm-none-eabi/lib/armv7-m/libc.a(lib_a-freer.o)
                0x000086e8                _free_r
 .text.memmove  0x000088b8       0xc8 /usr/local/lpcxpresso_8.2.2_650/lpcxpresso/tools/bin/../lib/gcc/arm-none-eabi/5.4.1/../../../../arm-none-eabi/lib/armv7-m/libc.a(lib_a-memmove.o)
                0x000088b8                memmove
 .text._realloc_r
                0x00008980      0x3d4 /usr/local/lpcxpresso_8.2.2_650/lpcxpresso/tools/bin/../lib/gcc/arm-none-eabi/5.4.1/../../../../arm-none-eabi/lib/armv7-m/libc.a(lib_a-reallocr.o)
                0x00008980                _realloc_r
 .text._sbrk    0x00008d54       0x3c /usr/local/lpcxpresso_8.2.2_650/lpcxpresso/tools/bin/../lib/gcc/arm-none-eabi/5.4.1/../../../../arm-none-eabi/lib/armv7-m/libcr_newlib_semihost.a(_cr_sbrk.o)
                0x00008d54                _sbrk
 .text.__check_heap_overflow
                0x00008d90       0x18 /usr/local/lpcxpresso_8.2.2_650/lpcxpresso/tools/bin/../lib/gcc/arm-none-eabi/5.4.1/../../../../arm-none-eabi/lib/armv7-m/libcr_newlib_semihost.a(_cr_check_heap.o)
                0x00008d90                __check_heap_overflow
 .text          0x00008da8      0x370 /usr/local/lpcxpresso_8.2.2_650/lpcxpresso/tools/bin/../lib/gcc/arm-none-eabi/5.4.1/armv7-m/libgcc.a(_arm_addsubdf3.o)
                0x00008da8                __aeabi_drsub
                0x00008db0                __aeabi_dsub
                0x00008db0                __subdf3
                0x00008db4                __adddf3
                0x00008db4                __aeabi_dadd
                0x0000902c                __aeabi_ui2d
                0x0000902c                __floatunsidf
                0x0000904c                __floatsidf
                0x0000904c                __aeabi_i2d
                0x00009070                __extendsfdf2
                0x00009070                __aeabi_f2d
                0x000090ac                __aeabi_ul2d
                0x000090ac                __floatundidf
                0x000090bc                __floatdidf
                0x000090bc                __aeabi_l2d
 .text          0x00009118      0x424 /usr/local/lpcxpresso_8.2.2_650/lpcxpresso/tools/bin/../lib/gcc/arm-none-eabi/5.4.1/armv7-m/libgcc.a(_arm_muldivdf3.o)
                0x00009118                __aeabi_dmul
                0x00009118                __muldf3
                0x0000936c                __aeabi_ddiv
                0x0000936c                __divdf3
 .text          0x0000953c      0x110 /usr/local/lpcxpresso_8.2.2_650/lpcxpresso/tools/bin/../lib/gcc/arm-none-eabi/5.4.1/armv7-m/libgcc.a(_arm_cmpdf2.o)
                0x0000953c                __gtdf2
                0x0000953c                __gedf2
                0x00009544                __ltdf2
                0x00009544                __ledf2
                0x0000954c                __cmpdf2
                0x0000954c                __eqdf2
                0x0000954c                __nedf2
                0x000095c8                __aeabi_cdrcmple
                0x000095d8                __aeabi_cdcmple
                0x000095d8                __aeabi_cdcmpeq
                0x000095e8                __aeabi_dcmpeq
                0x000095fc                __aeabi_dcmplt
                0x00009610                __aeabi_dcmple
                0x00009624                __aeabi_dcmpge
                0x00009638                __aeabi_dcmpgt
 .text          0x0000964c       0x2c /usr/local/lpcxpresso_8.2.2_650/lpcxpresso/tools/bin/../lib/gcc/arm-none-eabi/5.4.1/armv7-m/libgcc.a(_arm_unorddf2.o)
                0x0000964c                __aeabi_dcmpun
                0x0000964c                __unorddf2
 .text          0x00009678       0x50 /usr/local/lpcxpresso_8.2.2_650/lpcxpresso/tools/bin/../lib/gcc/arm-none-eabi/5.4.1/armv7-m/libgcc.a(_arm_fixdfsi.o)
                0x00009678                __fixdfsi
                0x00009678                __aeabi_d2iz
 .text.__errno  0x000096c8        0xc /usr/local/lpcxpresso_8.2.2_650/lpcxpresso/tools/bin/../lib/gcc/arm-none-eabi/5.4.1/../../../../arm-none-eabi/lib/armv7-m/libc.a(lib_a-errno.o)
                0x000096c8                __errno
 *(.rodata .rodata.* .constdata .constdata.*)
 .rodata        0x000096d4       0x75 ./src/custom_lib.o
 *fill*         0x00009749        0x3 ff
 .rodata        0x0000974c      0x259 ./src/easyweb.o
                0x0000974c                GetResponse
                0x0000977c                MyIP
                0x00009780                SubnetMask
                0x00009784                GatewayIP
                0x00009788                WebSide
 *fill*         0x000099a5        0x3 ff
 .rodata        0x000099a8        0x6 ./src/tcpip.o
                0x000099a8                MyMAC
 *fill*         0x000099ae        0x2 ff
 .rodata        0x000099b0        0x8 /home/pedro/Documents/dev/LPCxpresso/Lib_EaBaseBoard/Debug/libLib_EaBaseBoard.a(oled.o)
 .rodata        0x000099b8      0x300 /home/pedro/Documents/dev/LPCxpresso/Lib_EaBaseBoard/Debug/libLib_EaBaseBoard.a(font5x7.o)
                0x000099b8                font5x7
 .rodata        0x00009cb8       0x15 /home/pedro/Documents/dev/LPCxpresso/Lib_MCU/Debug/libLib_MCU.a(lpc17xx_i2c.o)
 *fill*         0x00009ccd        0x3 ff
 .rodata        0x00009cd0       0x15 /home/pedro/Documents/dev/LPCxpresso/Lib_MCU/Debug/libLib_MCU.a(lpc17xx_ssp.o)
 *fill*         0x00009ce5        0x3 ff
 .rodata        0x00009ce8       0x17 /home/pedro/Documents/dev/LPCxpresso/Lib_MCU/Debug/libLib_MCU.a(lpc17xx_timer.o)
 *fill*         0x00009cff        0x1 ff
 .rodata.blanks.7055
                0x00009d00       0x10 /usr/local/lpcxpresso_8.2.2_650/lpcxpresso/tools/bin/../lib/gcc/arm-none-eabi/5.4.1/../../../../arm-none-eabi/lib/armv7-m/libc.a(lib_a-svfprintf.o)
 .rodata.str1.4
                0x00009d10       0x42 /usr/local/lpcxpresso_8.2.2_650/lpcxpresso/tools/bin/../lib/gcc/arm-none-eabi/5.4.1/../../../../arm-none-eabi/lib/armv7-m/libc.a(lib_a-svfprintf.o)
 *fill*         0x00009d52        0x2 ff
 .rodata.zeroes.7056
                0x00009d54       0x10 /usr/local/lpcxpresso_8.2.2_650/lpcxpresso/tools/bin/../lib/gcc/arm-none-eabi/5.4.1/../../../../arm-none-eabi/lib/armv7-m/libc.a(lib_a-svfprintf.o)
 .rodata.str1.4
                0x00009d64       0x10 /usr/local/lpcxpresso_8.2.2_650/lpcxpresso/tools/bin/../lib/gcc/arm-none-eabi/5.4.1/../../../../arm-none-eabi/lib/armv7-m/libc.a(lib_a-dtoa.o)
                                 0x12 (size before relaxing)
 .rodata.str1.4
                0x00009d74        0x2 /usr/local/lpcxpresso_8.2.2_650/lpcxpresso/tools/bin/../lib/gcc/arm-none-eabi/5.4.1/../../../../arm-none-eabi/lib/armv7-m/libc.a(lib_a-impure.o)
 *fill*         0x00009d76        0x2 ff
 .rodata.str1.4
                0x00009d78        0xc /usr/local/lpcxpresso_8.2.2_650/lpcxpresso/tools/bin/../lib/gcc/arm-none-eabi/5.4.1/../../../../arm-none-eabi/lib/armv7-m/libc.a(lib_a-locale.o)
                                 0x12 (size before relaxing)
 *fill*         0x00009d84        0x4 ff
 .rodata.__mprec_tens
                0x00009d88       0xc8 /usr/local/lpcxpresso_8.2.2_650/lpcxpresso/tools/bin/../lib/gcc/arm-none-eabi/5.4.1/../../../../arm-none-eabi/lib/armv7-m/libc.a(lib_a-mprec.o)
                0x00009d88                __mprec_tens
 .rodata.__mprec_bigtens
                0x00009e50       0x28 /usr/local/lpcxpresso_8.2.2_650/lpcxpresso/tools/bin/../lib/gcc/arm-none-eabi/5.4.1/../../../../arm-none-eabi/lib/armv7-m/libc.a(lib_a-mprec.o)
                0x00009e50                __mprec_bigtens
 .rodata.p05.5396
                0x00009e78        0xc /usr/local/lpcxpresso_8.2.2_650/lpcxpresso/tools/bin/../lib/gcc/arm-none-eabi/5.4.1/../../../../arm-none-eabi/lib/armv7-m/libc.a(lib_a-mprec.o)
                0x00009e84                . = ALIGN (0x4)

.glue_7         0x00009e84        0x0
 .glue_7        0x00009e84        0x0 linker stubs

.glue_7t        0x00009e84        0x0
 .glue_7t       0x00009e84        0x0 linker stubs

.vfp11_veneer   0x00009e84        0x0
 .vfp11_veneer  0x00009e84        0x0 linker stubs

.v4_bx          0x00009e84        0x0
 .v4_bx         0x00009e84        0x0 linker stubs

.iplt           0x00009e84        0x0
 .iplt          0x00009e84        0x0 ./src/cr_startup_lpc17.o

.ARM.extab
 *(.ARM.extab* .gnu.linkonce.armextab.*)
                0x00009e84                __exidx_start = .

.ARM.exidx      0x00009e84        0x8
 *(.ARM.exidx* .gnu.linkonce.armexidx.*)
 .ARM.exidx     0x00009e84        0x8 /usr/local/lpcxpresso_8.2.2_650/lpcxpresso/tools/bin/../lib/gcc/arm-none-eabi/5.4.1/armv7-m/libgcc.a(_udivmoddi4.o)
                0x00009e8c                __exidx_end = .
                0x00009e8c                _etext = .

.rel.dyn        0x00009e8c        0x0
 .rel.iplt      0x00009e8c        0x0 ./src/cr_startup_lpc17.o

.data_RAM2      0x2007c000        0x0 load address 0x00009e8c
 FILL mask 0xff
                [!provide]                PROVIDE (__start_data_RAM2, .)
 *(.ramfunc.$RAM2)
 *(.ramfunc.$RamAHB32)
 *(.data.$RAM2*)
 *(.data.$RamAHB32*)
                0x2007c000                . = ALIGN (0x4)
                [!provide]                PROVIDE (__end_data_RAM2, .)

.uninit_RESERVED
                0x10000000        0x0
 *(.bss.$RESERVED*)
                0x10000000                . = ALIGN (0x4)
                0x10000000                _end_uninit_RESERVED = .

.data           0x10000000      0x894 load address 0x00009e8c
 FILL mask 0xff
                0x10000000                _data = .
 *(vtable)
 *(.ramfunc*)
 *(.data*)
 .data          0x10000000       0x14 ./src/easyweb.o
                0x10000000                light
 .data.SystemCoreClock
                0x10000014        0x4 /home/pedro/Documents/dev/LPCxpresso/CMSISv2p00_LPC17xx/Debug/libCMSISv2p00_LPC17xx.a(system_LPC17xx.o)
                0x10000014                SystemCoreClock
 .data          0x10000018        0x8 /home/pedro/Documents/dev/LPCxpresso/Lib_EaBaseBoard/Debug/libLib_EaBaseBoard.a(light.o)
 .data.impure_data
                0x10000020      0x428 /usr/local/lpcxpresso_8.2.2_650/lpcxpresso/tools/bin/../lib/gcc/arm-none-eabi/5.4.1/../../../../arm-none-eabi/lib/armv7-m/libc.a(lib_a-impure.o)
 .data._impure_ptr
                0x10000448        0x4 /usr/local/lpcxpresso_8.2.2_650/lpcxpresso/tools/bin/../lib/gcc/arm-none-eabi/5.4.1/../../../../arm-none-eabi/lib/armv7-m/libc.a(lib_a-impure.o)
                0x10000448                _impure_ptr
 .data.lconv    0x1000044c       0x38 /usr/local/lpcxpresso_8.2.2_650/lpcxpresso/tools/bin/../lib/gcc/arm-none-eabi/5.4.1/../../../../arm-none-eabi/lib/armv7-m/libc.a(lib_a-locale.o)
 .data.__malloc_av_
                0x10000484      0x408 /usr/local/lpcxpresso_8.2.2_650/lpcxpresso/tools/bin/../lib/gcc/arm-none-eabi/5.4.1/../../../../arm-none-eabi/lib/armv7-m/libc.a(lib_a-mallocr.o)
                0x10000484                __malloc_av_
 .data.__malloc_trim_threshold
                0x1000088c        0x4 /usr/local/lpcxpresso_8.2.2_650/lpcxpresso/tools/bin/../lib/gcc/arm-none-eabi/5.4.1/../../../../arm-none-eabi/lib/armv7-m/libc.a(lib_a-mallocr.o)
                0x1000088c                __malloc_trim_threshold
 .data.__malloc_sbrk_base
                0x10000890        0x4 /usr/local/lpcxpresso_8.2.2_650/lpcxpresso/tools/bin/../lib/gcc/arm-none-eabi/5.4.1/../../../../arm-none-eabi/lib/armv7-m/libc.a(lib_a-mallocr.o)
                0x10000890                __malloc_sbrk_base
                0x10000894                . = ALIGN (0x4)
                0x10000894                _edata = .

.igot.plt       0x10000894        0x0 load address 0x0000a720
 .igot.plt      0x10000894        0x0 ./src/cr_startup_lpc17.o

.bss_RAM2       0x2007c000        0x0
                [!provide]                PROVIDE (__start_bss_RAM2, .)
 *(.bss.$RAM2*)
 *(.bss.$RamAHB32*)
                0x2007c000                . = ALIGN ((. != 0x0)?0x4:0x1)
                [!provide]                PROVIDE (__end_bss_RAM2, .)

.bss            0x10000894      0x770
                0x10000894                _bss = .
 *(.bss*)
 .bss           0x10000894        0xb ./src/easyweb.o
                0x10000894                aaPagecounter
                0x10000898                adcValue
                0x1000089c                axis
 *fill*         0x1000089f        0x1 
 .bss           0x100008a0        0x8 ./src/ethmac.o
 .bss           0x100008a8        0x8 ./src/ew_systick.o
                0x100008a8                TimeTick
                0x100008ac                TimeTick2
 .bss           0x100008b0      0x300 /home/pedro/Documents/dev/LPCxpresso/Lib_EaBaseBoard/Debug/libLib_EaBaseBoard.a(oled.o)
 .bss           0x10000bb0       0x24 /home/pedro/Documents/dev/LPCxpresso/Lib_MCU/Debug/libLib_MCU.a(lpc17xx_i2c.o)
 .bss           0x10000bd4       0x18 /home/pedro/Documents/dev/LPCxpresso/Lib_MCU/Debug/libLib_MCU.a(lpc17xx_ssp.o)
 .bss.__malloc_max_total_mem
                0x10000bec        0x4 /usr/local/lpcxpresso_8.2.2_650/lpcxpresso/tools/bin/../lib/gcc/arm-none-eabi/5.4.1/../../../../arm-none-eabi/lib/armv7-m/libc.a(lib_a-mallocr.o)
                0x10000bec                __malloc_max_total_mem
 .bss.__malloc_max_sbrked_mem
                0x10000bf0        0x4 /usr/local/lpcxpresso_8.2.2_650/lpcxpresso/tools/bin/../lib/gcc/arm-none-eabi/5.4.1/../../../../arm-none-eabi/lib/armv7-m/libc.a(lib_a-mallocr.o)
                0x10000bf0                __malloc_max_sbrked_mem
 .bss.__malloc_top_pad
                0x10000bf4        0x4 /usr/local/lpcxpresso_8.2.2_650/lpcxpresso/tools/bin/../lib/gcc/arm-none-eabi/5.4.1/../../../../arm-none-eabi/lib/armv7-m/libc.a(lib_a-mallocr.o)
                0x10000bf4                __malloc_top_pad
 .bss.__malloc_current_mallinfo
                0x10000bf8       0x28 /usr/local/lpcxpresso_8.2.2_650/lpcxpresso/tools/bin/../lib/gcc/arm-none-eabi/5.4.1/../../../../arm-none-eabi/lib/armv7-m/libc.a(lib_a-mallocr.o)
                0x10000bf8                __malloc_current_mallinfo
 .bss.__end_of_heap
                0x10000c20        0x4 /usr/local/lpcxpresso_8.2.2_650/lpcxpresso/tools/bin/../lib/gcc/arm-none-eabi/5.4.1/../../../../arm-none-eabi/lib/armv7-m/libcr_newlib_semihost.a(_cr_sbrk.o)
                0x10000c20                __end_of_heap
 *(COMMON)
 COMMON         0x10000c24      0x3da ./src/easyweb.o
                0x10000c24                TCPTimer
                0x10000c28                HTTPBytesToSend
                0x10000c2c                TCPRxDataCount
                0x10000c2e                HTTPStatus
                0x10000c30                TCPTxDataCount
                0x10000c34                RecdFrameIP
                0x10000c38                RemoteMAC
                0x10000c3e                TCPStateMachine
                0x10000c40                TCPUNASeqNr
                0x10000c44                TCPLocalPort
                0x10000c48                _RxTCPBuffer
                0x10000d48                ITM_RxBuffer
                0x10000d4c                TCPFlags
                0x10000d50                RecdFrameMAC
                0x10000d56                RecdIPFrameLength
                0x10000d58                PWebSide
                0x10000d5c                RemoteIP
                0x10000d60                LastFrameSent
                0x10000d62                TCPRemotePort
                0x10000d64                TxFrame2Size
                0x10000d68                TCPAckNr
                0x10000d6c                TransmitControl
                0x10000d6e                TxFrame1Size
                0x10000d70                ISNGenHigh
                0x10000d74                _TxFrame2
                0x10000dbe                RecdFrameLength
                0x10000dc0                _TxFrame1
                0x10000ff8                TCPSeqNr
                0x10000ffc                RetryCounter
                0x10000ffd                SocketStatus
 *fill*         0x10000ffe        0x2 
 COMMON         0x10001000        0x4 /usr/local/lpcxpresso_8.2.2_650/lpcxpresso/tools/bin/../lib/gcc/arm-none-eabi/5.4.1/../../../../arm-none-eabi/lib/armv7-m/libc.a(lib_a-reent.o)
                0x10001000                errno
                0x10001004                . = ALIGN (0x4)
                0x10001004                _ebss = .
                [!provide]                PROVIDE (end, .)

.noinit_RAM2    0x2007c000        0x0
 *(.noinit.$RAM2*)
 *(.noinit.$RamAHB32*)
                0x2007c000                . = ALIGN (0x4)

.noinit         0x10001004        0x0
                0x10001004                _noinit = .
 *(.noinit*)
                0x10001004                . = ALIGN (0x4)
                0x10001004                _end_noinit = .
                0x10001004                PROVIDE (_pvHeapStart, DEFINED (__user_heap_base)?__user_heap_base:.)
                0x10008000                PROVIDE (_vStackTop, DEFINED (__user_stack_top)?__user_stack_top:(__top_RamLoc32 - 0x0))
                [!provide]                PROVIDE (__valid_user_code_checksum, (0x0 - ((((((_vStackTop + (ResetISR + 0x1)) + (NMI_Handler + 0x1)) + (HardFault_Handler + 0x1)) + (DEFINED (MemManage_Handler)?MemManage_Handler:0x0 + 0x1)) + (DEFINED (BusFault_Handler)?BusFault_Handler:0x0 + 0x1)) + (DEFINED (UsageFault_Handler)?UsageFault_Handler:0x0 + 0x1))))
OUTPUT(easyweb.axf elf32-littlearm)

.debug_info     0x00000000     0x78e8
 .debug_info    0x00000000      0x1b6 ./src/cr_startup_lpc17.o
 .debug_info    0x000001b6      0x49f ./src/custom_lib.o
 .debug_info    0x00000655      0x605 ./src/easyweb.o
 .debug_info    0x00000c5a      0xab5 ./src/ethmac.o
 .debug_info    0x0000170f      0x846 ./src/ew_systick.o
 .debug_info    0x00001f55      0xaf9 ./src/tcpip.o
 .debug_info    0x00002a4e      0x318 /home/pedro/Documents/dev/LPCxpresso/CMSISv2p00_LPC17xx/Debug/libCMSISv2p00_LPC17xx.a(system_LPC17xx.o)
 .debug_info    0x00002d66      0x4f5 /home/pedro/Documents/dev/LPCxpresso/Lib_EaBaseBoard/Debug/libLib_EaBaseBoard.a(acc.o)
 .debug_info    0x0000325b      0x105 /home/pedro/Documents/dev/LPCxpresso/Lib_EaBaseBoard/Debug/libLib_EaBaseBoard.a(joystick.o)
 .debug_info    0x00003360      0x706 /home/pedro/Documents/dev/LPCxpresso/Lib_EaBaseBoard/Debug/libLib_EaBaseBoard.a(light.o)
 .debug_info    0x00003a66      0x920 /home/pedro/Documents/dev/LPCxpresso/Lib_EaBaseBoard/Debug/libLib_EaBaseBoard.a(oled.o)
 .debug_info    0x00004386       0xda /home/pedro/Documents/dev/LPCxpresso/Lib_EaBaseBoard/Debug/libLib_EaBaseBoard.a(rgb.o)
 .debug_info    0x00004460       0x61 /home/pedro/Documents/dev/LPCxpresso/Lib_EaBaseBoard/Debug/libLib_EaBaseBoard.a(font5x7.o)
 .debug_info    0x000044c1      0xad4 /home/pedro/Documents/dev/LPCxpresso/Lib_MCU/Debug/libLib_MCU.a(lpc17xx_gpio.o)
 .debug_info    0x00004f95      0xc14 /home/pedro/Documents/dev/LPCxpresso/Lib_MCU/Debug/libLib_MCU.a(lpc17xx_i2c.o)
 .debug_info    0x00005ba9       0xc5 /home/pedro/Documents/dev/LPCxpresso/Lib_MCU/Debug/libLib_MCU.a(lpc17xx_libcfg_default.o)
 .debug_info    0x00005c6e      0x459 /home/pedro/Documents/dev/LPCxpresso/Lib_MCU/Debug/libLib_MCU.a(lpc17xx_pinsel.o)
 .debug_info    0x000060c7      0x7e1 /home/pedro/Documents/dev/LPCxpresso/Lib_MCU/Debug/libLib_MCU.a(lpc17xx_ssp.o)
 .debug_info    0x000068a8      0x87a /home/pedro/Documents/dev/LPCxpresso/Lib_MCU/Debug/libLib_MCU.a(lpc17xx_timer.o)
 .debug_info    0x00007122      0x638 /home/pedro/Documents/dev/LPCxpresso/Lib_MCU/Debug/libLib_MCU.a(lpc17xx_clkpwr.o)
 .debug_info    0x0000775a      0x124 /usr/local/lpcxpresso_8.2.2_650/lpcxpresso/tools/bin/../lib/gcc/arm-none-eabi/5.4.1/../../../../arm-none-eabi/lib/armv7-m/libcr_newlib_semihost.a(_cr_sbrk.o)
 .debug_info    0x0000787e       0x6a /usr/local/lpcxpresso_8.2.2_650/lpcxpresso/tools/bin/../lib/gcc/arm-none-eabi/5.4.1/../../../../arm-none-eabi/lib/armv7-m/libcr_newlib_semihost.a(_cr_check_heap.o)

.debug_abbrev   0x00000000     0x1e35
 .debug_abbrev  0x00000000       0xb9 ./src/cr_startup_lpc17.o
 .debug_abbrev  0x000000b9      0x1a5 ./src/custom_lib.o
 .debug_abbrev  0x0000025e      0x146 ./src/easyweb.o
 .debug_abbrev  0x000003a4      0x242 ./src/ethmac.o
 .debug_abbrev  0x000005e6      0x1bb ./src/ew_systick.o
 .debug_abbrev  0x000007a1      0x26f ./src/tcpip.o
 .debug_abbrev  0x00000a10       0xe6 /home/pedro/Documents/dev/LPCxpresso/CMSISv2p00_LPC17xx/Debug/libCMSISv2p00_LPC17xx.a(system_LPC17xx.o)
 .debug_abbrev  0x00000af6      0x16b /home/pedro/Documents/dev/LPCxpresso/Lib_EaBaseBoard/Debug/libLib_EaBaseBoard.a(acc.o)
 .debug_abbrev  0x00000c61       0x95 /home/pedro/Documents/dev/LPCxpresso/Lib_EaBaseBoard/Debug/libLib_EaBaseBoard.a(joystick.o)
 .debug_abbrev  0x00000cf6      0x1d2 /home/pedro/Documents/dev/LPCxpresso/Lib_EaBaseBoard/Debug/libLib_EaBaseBoard.a(light.o)
 .debug_abbrev  0x00000ec8      0x201 /home/pedro/Documents/dev/LPCxpresso/Lib_EaBaseBoard/Debug/libLib_EaBaseBoard.a(oled.o)
 .debug_abbrev  0x000010c9       0x93 /home/pedro/Documents/dev/LPCxpresso/Lib_EaBaseBoard/Debug/libLib_EaBaseBoard.a(rgb.o)
 .debug_abbrev  0x0000115c       0x48 /home/pedro/Documents/dev/LPCxpresso/Lib_EaBaseBoard/Debug/libLib_EaBaseBoard.a(font5x7.o)
 .debug_abbrev  0x000011a4      0x193 /home/pedro/Documents/dev/LPCxpresso/Lib_MCU/Debug/libLib_MCU.a(lpc17xx_gpio.o)
 .debug_abbrev  0x00001337      0x28b /home/pedro/Documents/dev/LPCxpresso/Lib_MCU/Debug/libLib_MCU.a(lpc17xx_i2c.o)
 .debug_abbrev  0x000015c2       0x6c /home/pedro/Documents/dev/LPCxpresso/Lib_MCU/Debug/libLib_MCU.a(lpc17xx_libcfg_default.o)
 .debug_abbrev  0x0000162e      0x12b /home/pedro/Documents/dev/LPCxpresso/Lib_MCU/Debug/libLib_MCU.a(lpc17xx_pinsel.o)
 .debug_abbrev  0x00001759      0x1fd /home/pedro/Documents/dev/LPCxpresso/Lib_MCU/Debug/libLib_MCU.a(lpc17xx_ssp.o)
 .debug_abbrev  0x00001956      0x1e2 /home/pedro/Documents/dev/LPCxpresso/Lib_MCU/Debug/libLib_MCU.a(lpc17xx_timer.o)
 .debug_abbrev  0x00001b38      0x1cc /home/pedro/Documents/dev/LPCxpresso/Lib_MCU/Debug/libLib_MCU.a(lpc17xx_clkpwr.o)
 .debug_abbrev  0x00001d04       0xcf /usr/local/lpcxpresso_8.2.2_650/lpcxpresso/tools/bin/../lib/gcc/arm-none-eabi/5.4.1/../../../../arm-none-eabi/lib/armv7-m/libcr_newlib_semihost.a(_cr_sbrk.o)
 .debug_abbrev  0x00001dd3       0x62 /usr/local/lpcxpresso_8.2.2_650/lpcxpresso/tools/bin/../lib/gcc/arm-none-eabi/5.4.1/../../../../arm-none-eabi/lib/armv7-m/libcr_newlib_semihost.a(_cr_check_heap.o)

.debug_aranges  0x00000000      0x8a8
 .debug_aranges
                0x00000000       0x70 ./src/cr_startup_lpc17.o
 .debug_aranges
                0x00000070       0x38 ./src/custom_lib.o
 .debug_aranges
                0x000000a8       0x30 ./src/easyweb.o
 .debug_aranges
                0x000000d8       0x88 ./src/ethmac.o
 .debug_aranges
                0x00000160       0x38 ./src/ew_systick.o
 .debug_aranges
                0x00000198      0x108 ./src/tcpip.o
 .debug_aranges
                0x000002a0       0x28 /home/pedro/Documents/dev/LPCxpresso/CMSISv2p00_LPC17xx/Debug/libCMSISv2p00_LPC17xx.a(system_LPC17xx.o)
 .debug_aranges
                0x000002c8       0x60 /home/pedro/Documents/dev/LPCxpresso/Lib_EaBaseBoard/Debug/libLib_EaBaseBoard.a(acc.o)
 .debug_aranges
                0x00000328       0x28 /home/pedro/Documents/dev/LPCxpresso/Lib_EaBaseBoard/Debug/libLib_EaBaseBoard.a(joystick.o)
 .debug_aranges
                0x00000350       0x98 /home/pedro/Documents/dev/LPCxpresso/Lib_EaBaseBoard/Debug/libLib_EaBaseBoard.a(light.o)
 .debug_aranges
                0x000003e8       0x90 /home/pedro/Documents/dev/LPCxpresso/Lib_EaBaseBoard/Debug/libLib_EaBaseBoard.a(oled.o)
 .debug_aranges
                0x00000478       0x28 /home/pedro/Documents/dev/LPCxpresso/Lib_EaBaseBoard/Debug/libLib_EaBaseBoard.a(rgb.o)
 .debug_aranges
                0x000004a0       0x18 /home/pedro/Documents/dev/LPCxpresso/Lib_EaBaseBoard/Debug/libLib_EaBaseBoard.a(font5x7.o)
 .debug_aranges
                0x000004b8       0xc8 /home/pedro/Documents/dev/LPCxpresso/Lib_MCU/Debug/libLib_MCU.a(lpc17xx_gpio.o)
 .debug_aranges
                0x00000580       0xd0 /home/pedro/Documents/dev/LPCxpresso/Lib_MCU/Debug/libLib_MCU.a(lpc17xx_i2c.o)
 .debug_aranges
                0x00000650       0x20 /home/pedro/Documents/dev/LPCxpresso/Lib_MCU/Debug/libLib_MCU.a(lpc17xx_libcfg_default.o)
 .debug_aranges
                0x00000670       0x48 /home/pedro/Documents/dev/LPCxpresso/Lib_MCU/Debug/libLib_MCU.a(lpc17xx_pinsel.o)
 .debug_aranges
                0x000006b8       0xb8 /home/pedro/Documents/dev/LPCxpresso/Lib_MCU/Debug/libLib_MCU.a(lpc17xx_ssp.o)
 .debug_aranges
                0x00000770       0xa0 /home/pedro/Documents/dev/LPCxpresso/Lib_MCU/Debug/libLib_MCU.a(lpc17xx_timer.o)
 .debug_aranges
                0x00000810       0x58 /home/pedro/Documents/dev/LPCxpresso/Lib_MCU/Debug/libLib_MCU.a(lpc17xx_clkpwr.o)
 .debug_aranges
                0x00000868       0x20 /usr/local/lpcxpresso_8.2.2_650/lpcxpresso/tools/bin/../lib/gcc/arm-none-eabi/5.4.1/../../../../arm-none-eabi/lib/armv7-m/libcr_newlib_semihost.a(_cr_sbrk.o)
 .debug_aranges
                0x00000888       0x20 /usr/local/lpcxpresso_8.2.2_650/lpcxpresso/tools/bin/../lib/gcc/arm-none-eabi/5.4.1/../../../../arm-none-eabi/lib/armv7-m/libcr_newlib_semihost.a(_cr_check_heap.o)

.debug_ranges   0x00000000      0x740
 .debug_ranges  0x00000000       0x60 ./src/cr_startup_lpc17.o
 .debug_ranges  0x00000060       0x28 ./src/custom_lib.o
 .debug_ranges  0x00000088       0x20 ./src/easyweb.o
 .debug_ranges  0x000000a8       0x78 ./src/ethmac.o
 .debug_ranges  0x00000120       0x28 ./src/ew_systick.o
 .debug_ranges  0x00000148       0xf8 ./src/tcpip.o
 .debug_ranges  0x00000240       0x18 /home/pedro/Documents/dev/LPCxpresso/CMSISv2p00_LPC17xx/Debug/libCMSISv2p00_LPC17xx.a(system_LPC17xx.o)
 .debug_ranges  0x00000258       0x50 /home/pedro/Documents/dev/LPCxpresso/Lib_EaBaseBoard/Debug/libLib_EaBaseBoard.a(acc.o)
 .debug_ranges  0x000002a8       0x18 /home/pedro/Documents/dev/LPCxpresso/Lib_EaBaseBoard/Debug/libLib_EaBaseBoard.a(joystick.o)
 .debug_ranges  0x000002c0       0x88 /home/pedro/Documents/dev/LPCxpresso/Lib_EaBaseBoard/Debug/libLib_EaBaseBoard.a(light.o)
 .debug_ranges  0x00000348       0x80 /home/pedro/Documents/dev/LPCxpresso/Lib_EaBaseBoard/Debug/libLib_EaBaseBoard.a(oled.o)
 .debug_ranges  0x000003c8       0x18 /home/pedro/Documents/dev/LPCxpresso/Lib_EaBaseBoard/Debug/libLib_EaBaseBoard.a(rgb.o)
 .debug_ranges  0x000003e0       0xb8 /home/pedro/Documents/dev/LPCxpresso/Lib_MCU/Debug/libLib_MCU.a(lpc17xx_gpio.o)
 .debug_ranges  0x00000498       0xc0 /home/pedro/Documents/dev/LPCxpresso/Lib_MCU/Debug/libLib_MCU.a(lpc17xx_i2c.o)
 .debug_ranges  0x00000558       0x10 /home/pedro/Documents/dev/LPCxpresso/Lib_MCU/Debug/libLib_MCU.a(lpc17xx_libcfg_default.o)
 .debug_ranges  0x00000568       0x38 /home/pedro/Documents/dev/LPCxpresso/Lib_MCU/Debug/libLib_MCU.a(lpc17xx_pinsel.o)
 .debug_ranges  0x000005a0       0xa8 /home/pedro/Documents/dev/LPCxpresso/Lib_MCU/Debug/libLib_MCU.a(lpc17xx_ssp.o)
 .debug_ranges  0x00000648       0x90 /home/pedro/Documents/dev/LPCxpresso/Lib_MCU/Debug/libLib_MCU.a(lpc17xx_timer.o)
 .debug_ranges  0x000006d8       0x48 /home/pedro/Documents/dev/LPCxpresso/Lib_MCU/Debug/libLib_MCU.a(lpc17xx_clkpwr.o)
 .debug_ranges  0x00000720       0x10 /usr/local/lpcxpresso_8.2.2_650/lpcxpresso/tools/bin/../lib/gcc/arm-none-eabi/5.4.1/../../../../arm-none-eabi/lib/armv7-m/libcr_newlib_semihost.a(_cr_sbrk.o)
 .debug_ranges  0x00000730       0x10 /usr/local/lpcxpresso_8.2.2_650/lpcxpresso/tools/bin/../lib/gcc/arm-none-eabi/5.4.1/../../../../arm-none-eabi/lib/armv7-m/libcr_newlib_semihost.a(_cr_check_heap.o)

.debug_macro    0x00000000     0x7951
 .debug_macro   0x00000000       0x79 ./src/cr_startup_lpc17.o
 .debug_macro   0x00000079      0x886 ./src/cr_startup_lpc17.o
 .debug_macro   0x000008ff       0x22 ./src/cr_startup_lpc17.o
 .debug_macro   0x00000921       0x87 ./src/cr_startup_lpc17.o
 .debug_macro   0x000009a8       0x44 ./src/cr_startup_lpc17.o
 .debug_macro   0x000009ec       0xfd ./src/cr_startup_lpc17.o
 .debug_macro   0x00000ae9       0x5e ./src/cr_startup_lpc17.o
 .debug_macro   0x00000b47      0x1df ./src/cr_startup_lpc17.o
 .debug_macro   0x00000d26      0x1d0 ./src/custom_lib.o
 .debug_macro   0x00000ef6       0x10 ./src/custom_lib.o
 .debug_macro   0x00000f06       0x1c ./src/custom_lib.o
 .debug_macro   0x00000f22       0x2e ./src/custom_lib.o
 .debug_macro   0x00000f50       0x18 ./src/custom_lib.o
 .debug_macro   0x00000f68      0x7af ./src/custom_lib.o
 .debug_macro   0x00001717      0x2c7 ./src/custom_lib.o
 .debug_macro   0x000019de       0x63 ./src/custom_lib.o
 .debug_macro   0x00001a41      0x2a9 ./src/custom_lib.o
 .debug_macro   0x00001cea      0x149 ./src/custom_lib.o
 .debug_macro   0x00001e33      0x32a ./src/custom_lib.o
 .debug_macro   0x0000215d      0x192 ./src/custom_lib.o
 .debug_macro   0x000022ef       0xe9 ./src/custom_lib.o
 .debug_macro   0x000023d8       0x46 ./src/custom_lib.o
 .debug_macro   0x0000241e       0x16 ./src/custom_lib.o
 .debug_macro   0x00002434      0x2db ./src/custom_lib.o
 .debug_macro   0x0000270f       0x1c ./src/custom_lib.o
 .debug_macro   0x0000272b       0x28 ./src/custom_lib.o
 .debug_macro   0x00002753       0x52 ./src/custom_lib.o
 .debug_macro   0x000027a5       0x35 ./src/custom_lib.o
 .debug_macro   0x000027da       0x9c ./src/custom_lib.o
 .debug_macro   0x00002876      0x174 ./src/custom_lib.o
 .debug_macro   0x000029ea       0x52 ./src/custom_lib.o
 .debug_macro   0x00002a3c       0x1f ./src/custom_lib.o
 .debug_macro   0x00002a5b       0x43 ./src/custom_lib.o
 .debug_macro   0x00002a9e       0x20 ./src/custom_lib.o
 .debug_macro   0x00002abe      0x187 ./src/custom_lib.o
 .debug_macro   0x00002c45      0x30d ./src/custom_lib.o
 .debug_macro   0x00002f52       0x10 ./src/custom_lib.o
 .debug_macro   0x00002f62       0x35 ./src/custom_lib.o
 .debug_macro   0x00002f97      0x2c0 ./src/easyweb.o
 .debug_macro   0x00003257       0x4c ./src/easyweb.o
 .debug_macro   0x000032a3       0x8d ./src/easyweb.o
 .debug_macro   0x00003330       0x16 ./src/easyweb.o
 .debug_macro   0x00003346      0x10e ./src/easyweb.o
 .debug_macro   0x00003454       0x8d ./src/easyweb.o
 .debug_macro   0x000034e1       0x4a ./src/easyweb.o
 .debug_macro   0x0000352b       0x16 ./src/easyweb.o
 .debug_macro   0x00003541       0x29 ./src/easyweb.o
 .debug_macro   0x0000356a       0x1c ./src/easyweb.o
 .debug_macro   0x00003586       0x10 ./src/easyweb.o
 .debug_macro   0x00003596       0x10 ./src/easyweb.o
 .debug_macro   0x000035a6       0x1c ./src/easyweb.o
 .debug_macro   0x000035c2       0x52 ./src/easyweb.o
 .debug_macro   0x00003614       0x40 ./src/easyweb.o
 .debug_macro   0x00003654       0x10 ./src/easyweb.o
 .debug_macro   0x00003664       0x40 ./src/easyweb.o
 .debug_macro   0x000036a4       0xd7 ./src/easyweb.o
 .debug_macro   0x0000377b       0x16 ./src/easyweb.o
 .debug_macro   0x00003791      0x189 ./src/easyweb.o
 .debug_macro   0x0000391a       0x16 ./src/easyweb.o
 .debug_macro   0x00003930       0x10 ./src/easyweb.o
 .debug_macro   0x00003940      0x5e5 ./src/easyweb.o
 .debug_macro   0x00003f25       0x5d ./src/easyweb.o
 .debug_macro   0x00003f82      0x143 ./src/easyweb.o
 .debug_macro   0x000040c5      0x2af ./src/easyweb.o
 .debug_macro   0x00004374       0xc6 ./src/ethmac.o
 .debug_macro   0x0000443a       0x9c ./src/ew_systick.o
 .debug_macro   0x000044d6      0x156 ./src/tcpip.o
 .debug_macro   0x0000462c      0x12b /home/pedro/Documents/dev/LPCxpresso/CMSISv2p00_LPC17xx/Debug/libCMSISv2p00_LPC17xx.a(system_LPC17xx.o)
 .debug_macro   0x00004757      0x886 /home/pedro/Documents/dev/LPCxpresso/CMSISv2p00_LPC17xx/Debug/libCMSISv2p00_LPC17xx.a(system_LPC17xx.o)
 .debug_macro   0x00004fdd       0x10 /home/pedro/Documents/dev/LPCxpresso/CMSISv2p00_LPC17xx/Debug/libCMSISv2p00_LPC17xx.a(system_LPC17xx.o)
 .debug_macro   0x00004fed      0x12d /home/pedro/Documents/dev/LPCxpresso/CMSISv2p00_LPC17xx/Debug/libCMSISv2p00_LPC17xx.a(system_LPC17xx.o)
 .debug_macro   0x0000511a      0x5b2 /home/pedro/Documents/dev/LPCxpresso/CMSISv2p00_LPC17xx/Debug/libCMSISv2p00_LPC17xx.a(system_LPC17xx.o)
 .debug_macro   0x000056cc      0x175 /home/pedro/Documents/dev/LPCxpresso/Lib_EaBaseBoard/Debug/libLib_EaBaseBoard.a(acc.o)
 .debug_macro   0x00005841      0x880 /home/pedro/Documents/dev/LPCxpresso/Lib_EaBaseBoard/Debug/libLib_EaBaseBoard.a(acc.o)
 .debug_macro   0x000060c1      0x18c /home/pedro/Documents/dev/LPCxpresso/Lib_EaBaseBoard/Debug/libLib_EaBaseBoard.a(acc.o)
 .debug_macro   0x0000624d       0x96 /home/pedro/Documents/dev/LPCxpresso/Lib_EaBaseBoard/Debug/libLib_EaBaseBoard.a(joystick.o)
 .debug_macro   0x000062e3       0x40 /home/pedro/Documents/dev/LPCxpresso/Lib_EaBaseBoard/Debug/libLib_EaBaseBoard.a(joystick.o)
 .debug_macro   0x00006323      0x139 /home/pedro/Documents/dev/LPCxpresso/Lib_EaBaseBoard/Debug/libLib_EaBaseBoard.a(light.o)
 .debug_macro   0x0000645c       0xf0 /home/pedro/Documents/dev/LPCxpresso/Lib_EaBaseBoard/Debug/libLib_EaBaseBoard.a(oled.o)
 .debug_macro   0x0000654c       0x96 /home/pedro/Documents/dev/LPCxpresso/Lib_EaBaseBoard/Debug/libLib_EaBaseBoard.a(rgb.o)
 .debug_macro   0x000065e2       0x1a /home/pedro/Documents/dev/LPCxpresso/Lib_EaBaseBoard/Debug/libLib_EaBaseBoard.a(font5x7.o)
 .debug_macro   0x000065fc      0x696 /home/pedro/Documents/dev/LPCxpresso/Lib_EaBaseBoard/Debug/libLib_EaBaseBoard.a(font5x7.o)
 .debug_macro   0x00006c92       0x96 /home/pedro/Documents/dev/LPCxpresso/Lib_MCU/Debug/libLib_MCU.a(lpc17xx_gpio.o)
 .debug_macro   0x00006d28       0xcb /home/pedro/Documents/dev/LPCxpresso/Lib_MCU/Debug/libLib_MCU.a(lpc17xx_gpio.o)
 .debug_macro   0x00006df3       0xa8 /home/pedro/Documents/dev/LPCxpresso/Lib_MCU/Debug/libLib_MCU.a(lpc17xx_i2c.o)
 .debug_macro   0x00006e9b      0x2fe /home/pedro/Documents/dev/LPCxpresso/Lib_MCU/Debug/libLib_MCU.a(lpc17xx_i2c.o)
 .debug_macro   0x00007199       0x5a /home/pedro/Documents/dev/LPCxpresso/Lib_MCU/Debug/libLib_MCU.a(lpc17xx_libcfg_default.o)
 .debug_macro   0x000071f3       0x5d /home/pedro/Documents/dev/LPCxpresso/Lib_MCU/Debug/libLib_MCU.a(lpc17xx_libcfg_default.o)
 .debug_macro   0x00007250       0xc5 /home/pedro/Documents/dev/LPCxpresso/Lib_MCU/Debug/libLib_MCU.a(lpc17xx_libcfg_default.o)
 .debug_macro   0x00007315       0x8d /home/pedro/Documents/dev/LPCxpresso/Lib_MCU/Debug/libLib_MCU.a(lpc17xx_pinsel.o)
 .debug_macro   0x000073a2       0x9f /home/pedro/Documents/dev/LPCxpresso/Lib_MCU/Debug/libLib_MCU.a(lpc17xx_ssp.o)
 .debug_macro   0x00007441       0xa8 /home/pedro/Documents/dev/LPCxpresso/Lib_MCU/Debug/libLib_MCU.a(lpc17xx_timer.o)
 .debug_macro   0x000074e9       0xe3 /home/pedro/Documents/dev/LPCxpresso/Lib_MCU/Debug/libLib_MCU.a(lpc17xx_timer.o)
 .debug_macro   0x000075cc       0x8d /home/pedro/Documents/dev/LPCxpresso/Lib_MCU/Debug/libLib_MCU.a(lpc17xx_clkpwr.o)
 .debug_macro   0x00007659      0x2f8 /home/pedro/Documents/dev/LPCxpresso/Lib_MCU/Debug/libLib_MCU.a(lpc17xx_clkpwr.o)

.debug_line     0x00000000     0x4d83
 .debug_line    0x00000000      0x321 ./src/cr_startup_lpc17.o
 .debug_line    0x00000321      0x495 ./src/custom_lib.o
 .debug_line    0x000007b6      0x5bc ./src/easyweb.o
 .debug_line    0x00000d72      0x46f ./src/ethmac.o
 .debug_line    0x000011e1      0x2c6 ./src/ew_systick.o
 .debug_line    0x000014a7      0x74c ./src/tcpip.o
 .debug_line    0x00001bf3      0x1db /home/pedro/Documents/dev/LPCxpresso/CMSISv2p00_LPC17xx/Debug/libCMSISv2p00_LPC17xx.a(system_LPC17xx.o)
 .debug_line    0x00001dce      0x2f1 /home/pedro/Documents/dev/LPCxpresso/Lib_EaBaseBoard/Debug/libLib_EaBaseBoard.a(acc.o)
 .debug_line    0x000020bf      0x254 /home/pedro/Documents/dev/LPCxpresso/Lib_EaBaseBoard/Debug/libLib_EaBaseBoard.a(joystick.o)
 .debug_line    0x00002313      0x39d /home/pedro/Documents/dev/LPCxpresso/Lib_EaBaseBoard/Debug/libLib_EaBaseBoard.a(light.o)
 .debug_line    0x000026b0      0x56f /home/pedro/Documents/dev/LPCxpresso/Lib_EaBaseBoard/Debug/libLib_EaBaseBoard.a(oled.o)
 .debug_line    0x00002c1f      0x242 /home/pedro/Documents/dev/LPCxpresso/Lib_EaBaseBoard/Debug/libLib_EaBaseBoard.a(rgb.o)
 .debug_line    0x00002e61       0x7a /home/pedro/Documents/dev/LPCxpresso/Lib_EaBaseBoard/Debug/libLib_EaBaseBoard.a(font5x7.o)
 .debug_line    0x00002edb      0x410 /home/pedro/Documents/dev/LPCxpresso/Lib_MCU/Debug/libLib_MCU.a(lpc17xx_gpio.o)
 .debug_line    0x000032eb      0x6e5 /home/pedro/Documents/dev/LPCxpresso/Lib_MCU/Debug/libLib_MCU.a(lpc17xx_i2c.o)
 .debug_line    0x000039d0      0x176 /home/pedro/Documents/dev/LPCxpresso/Lib_MCU/Debug/libLib_MCU.a(lpc17xx_libcfg_default.o)
 .debug_line    0x00003b46      0x26a /home/pedro/Documents/dev/LPCxpresso/Lib_MCU/Debug/libLib_MCU.a(lpc17xx_pinsel.o)
 .debug_line    0x00003db0      0x616 /home/pedro/Documents/dev/LPCxpresso/Lib_MCU/Debug/libLib_MCU.a(lpc17xx_ssp.o)
 .debug_line    0x000043c6      0x59d /home/pedro/Documents/dev/LPCxpresso/Lib_MCU/Debug/libLib_MCU.a(lpc17xx_timer.o)
 .debug_line    0x00004963      0x2d2 /home/pedro/Documents/dev/LPCxpresso/Lib_MCU/Debug/libLib_MCU.a(lpc17xx_clkpwr.o)
 .debug_line    0x00004c35      0x101 /usr/local/lpcxpresso_8.2.2_650/lpcxpresso/tools/bin/../lib/gcc/arm-none-eabi/5.4.1/../../../../arm-none-eabi/lib/armv7-m/libcr_newlib_semihost.a(_cr_sbrk.o)
 .debug_line    0x00004d36       0x4d /usr/local/lpcxpresso_8.2.2_650/lpcxpresso/tools/bin/../lib/gcc/arm-none-eabi/5.4.1/../../../../arm-none-eabi/lib/armv7-m/libcr_newlib_semihost.a(_cr_check_heap.o)

.debug_str      0x00000000    0x17ae0
 .debug_str     0x00000000     0x334f ./src/cr_startup_lpc17.o
                               0x34b5 (size before relaxing)
 .debug_str     0x0000334f     0xb7a9 ./src/custom_lib.o
                               0xebe6 (size before relaxing)
 .debug_str     0x0000eaf8     0x2a67 ./src/easyweb.o
                              0x114f4 (size before relaxing)
 .debug_str     0x0001155f      0x5bc ./src/ethmac.o
                               0x9a33 (size before relaxing)
 .debug_str     0x00011b1b      0x430 ./src/ew_systick.o
                               0x790d (size before relaxing)
 .debug_str     0x00011f4b      0x2b8 ./src/tcpip.o
                               0xc479 (size before relaxing)
 .debug_str     0x00012203     0x1ae2 /home/pedro/Documents/dev/LPCxpresso/CMSISv2p00_LPC17xx/Debug/libCMSISv2p00_LPC17xx.a(system_LPC17xx.o)
                               0x8138 (size before relaxing)
 .debug_str     0x00013ce5      0x4fa /home/pedro/Documents/dev/LPCxpresso/Lib_EaBaseBoard/Debug/libLib_EaBaseBoard.a(acc.o)
                               0x8c54 (size before relaxing)
 .debug_str     0x000141df       0x3a /home/pedro/Documents/dev/LPCxpresso/Lib_EaBaseBoard/Debug/libLib_EaBaseBoard.a(joystick.o)
                               0x8159 (size before relaxing)
 .debug_str     0x00014219      0x454 /home/pedro/Documents/dev/LPCxpresso/Lib_EaBaseBoard/Debug/libLib_EaBaseBoard.a(light.o)
                               0x8cec (size before relaxing)
 .debug_str     0x0001466d      0x37c /home/pedro/Documents/dev/LPCxpresso/Lib_EaBaseBoard/Debug/libLib_EaBaseBoard.a(oled.o)
                               0x9d78 (size before relaxing)
 .debug_str     0x000149e9       0x2a /home/pedro/Documents/dev/LPCxpresso/Lib_EaBaseBoard/Debug/libLib_EaBaseBoard.a(rgb.o)
                               0x80fe (size before relaxing)
 .debug_str     0x00014a13      0xe21 /home/pedro/Documents/dev/LPCxpresso/Lib_EaBaseBoard/Debug/libLib_EaBaseBoard.a(font5x7.o)
                               0x32bf (size before relaxing)
 .debug_str     0x00015834      0x3a2 /home/pedro/Documents/dev/LPCxpresso/Lib_MCU/Debug/libLib_MCU.a(lpc17xx_gpio.o)
                               0x854f (size before relaxing)
 .debug_str     0x00015bd6     0x1526 /home/pedro/Documents/dev/LPCxpresso/Lib_MCU/Debug/libLib_MCU.a(lpc17xx_i2c.o)
                               0xa5ec (size before relaxing)
 .debug_str     0x000170fc       0x32 /home/pedro/Documents/dev/LPCxpresso/Lib_MCU/Debug/libLib_MCU.a(lpc17xx_libcfg_default.o)
                               0x3f0e (size before relaxing)
 .debug_str     0x0001712e      0x108 /home/pedro/Documents/dev/LPCxpresso/Lib_MCU/Debug/libLib_MCU.a(lpc17xx_pinsel.o)
                               0x8593 (size before relaxing)
 .debug_str     0x00017236      0x211 /home/pedro/Documents/dev/LPCxpresso/Lib_MCU/Debug/libLib_MCU.a(lpc17xx_ssp.o)
                               0xa537 (size before relaxing)
 .debug_str     0x00017447      0x423 /home/pedro/Documents/dev/LPCxpresso/Lib_MCU/Debug/libLib_MCU.a(lpc17xx_timer.o)
                               0xa2c3 (size before relaxing)
 .debug_str     0x0001786a       0xcb /home/pedro/Documents/dev/LPCxpresso/Lib_MCU/Debug/libLib_MCU.a(lpc17xx_clkpwr.o)
                               0x9309 (size before relaxing)
 .debug_str     0x00017935      0x186 /usr/local/lpcxpresso_8.2.2_650/lpcxpresso/tools/bin/../lib/gcc/arm-none-eabi/5.4.1/../../../../arm-none-eabi/lib/armv7-m/libcr_newlib_semihost.a(_cr_sbrk.o)
                                0x22b (size before relaxing)
 .debug_str     0x00017abb       0x25 /usr/local/lpcxpresso_8.2.2_650/lpcxpresso/tools/bin/../lib/gcc/arm-none-eabi/5.4.1/../../../../arm-none-eabi/lib/armv7-m/libcr_newlib_semihost.a(_cr_check_heap.o)
                                0x16d (size before relaxing)

.comment        0x00000000       0xdc
 .comment       0x00000000       0x6e ./src/cr_startup_lpc17.o
                                 0x6f (size before relaxing)
 .comment       0x0000006e       0x6f ./src/custom_lib.o
 .comment       0x0000006e       0x6f ./src/easyweb.o
 .comment       0x0000006e       0x6f ./src/ethmac.o
 .comment       0x0000006e       0x6f ./src/ew_systick.o
 .comment       0x0000006e       0x6f ./src/tcpip.o
 .comment       0x0000006e       0x6f /home/pedro/Documents/dev/LPCxpresso/CMSISv2p00_LPC17xx/Debug/libCMSISv2p00_LPC17xx.a(system_LPC17xx.o)
 .comment       0x0000006e       0x6f /home/pedro/Documents/dev/LPCxpresso/Lib_EaBaseBoard/Debug/libLib_EaBaseBoard.a(acc.o)
 .comment       0x0000006e       0x6f /home/pedro/Documents/dev/LPCxpresso/Lib_EaBaseBoard/Debug/libLib_EaBaseBoard.a(joystick.o)
 .comment       0x0000006e       0x6f /home/pedro/Documents/dev/LPCxpresso/Lib_EaBaseBoard/Debug/libLib_EaBaseBoard.a(light.o)
 .comment       0x0000006e       0x6f /home/pedro/Documents/dev/LPCxpresso/Lib_EaBaseBoard/Debug/libLib_EaBaseBoard.a(oled.o)
 .comment       0x0000006e       0x6f /home/pedro/Documents/dev/LPCxpresso/Lib_EaBaseBoard/Debug/libLib_EaBaseBoard.a(rgb.o)
 .comment       0x0000006e       0x6f /home/pedro/Documents/dev/LPCxpresso/Lib_EaBaseBoard/Debug/libLib_EaBaseBoard.a(font5x7.o)
 .comment       0x0000006e       0x6f /home/pedro/Documents/dev/LPCxpresso/Lib_MCU/Debug/libLib_MCU.a(lpc17xx_gpio.o)
 .comment       0x0000006e       0x6f /home/pedro/Documents/dev/LPCxpresso/Lib_MCU/Debug/libLib_MCU.a(lpc17xx_i2c.o)
 .comment       0x0000006e       0x6f /home/pedro/Documents/dev/LPCxpresso/Lib_MCU/Debug/libLib_MCU.a(lpc17xx_libcfg_default.o)
 .comment       0x0000006e       0x6f /home/pedro/Documents/dev/LPCxpresso/Lib_MCU/Debug/libLib_MCU.a(lpc17xx_pinsel.o)
 .comment       0x0000006e       0x6f /home/pedro/Documents/dev/LPCxpresso/Lib_MCU/Debug/libLib_MCU.a(lpc17xx_ssp.o)
 .comment       0x0000006e       0x6f /home/pedro/Documents/dev/LPCxpresso/Lib_MCU/Debug/libLib_MCU.a(lpc17xx_timer.o)
 .comment       0x0000006e       0x6f /home/pedro/Documents/dev/LPCxpresso/Lib_MCU/Debug/libLib_MCU.a(lpc17xx_clkpwr.o)
 .comment       0x0000006e       0x6e /usr/local/lpcxpresso_8.2.2_650/lpcxpresso/tools/bin/../lib/gcc/arm-none-eabi/5.4.1/../../../../arm-none-eabi/lib/armv7-m/libcr_newlib_semihost.a(_cr_sbrk.o)
                                 0x6f (size before relaxing)
 .comment       0x000000dc       0x6f /usr/local/lpcxpresso_8.2.2_650/lpcxpresso/tools/bin/../lib/gcc/arm-none-eabi/5.4.1/../../../../arm-none-eabi/lib/armv7-m/libcr_newlib_semihost.a(_cr_check_heap.o)

.ARM.attributes
                0x00000000       0x31
 .ARM.attributes
                0x00000000       0x33 ./src/cr_startup_lpc17.o
 .ARM.attributes
                0x00000033       0x33 ./src/custom_lib.o
 .ARM.attributes
                0x00000066       0x33 ./src/easyweb.o
 .ARM.attributes
                0x00000099       0x33 ./src/ethmac.o
 .ARM.attributes
                0x000000cc       0x33 ./src/ew_systick.o
 .ARM.attributes
                0x000000ff       0x33 ./src/tcpip.o
 .ARM.attributes
                0x00000132       0x33 /home/pedro/Documents/dev/LPCxpresso/CMSISv2p00_LPC17xx/Debug/libCMSISv2p00_LPC17xx.a(system_LPC17xx.o)
 .ARM.attributes
                0x00000165       0x33 /home/pedro/Documents/dev/LPCxpresso/Lib_EaBaseBoard/Debug/libLib_EaBaseBoard.a(acc.o)
 .ARM.attributes
                0x00000198       0x33 /home/pedro/Documents/dev/LPCxpresso/Lib_EaBaseBoard/Debug/libLib_EaBaseBoard.a(joystick.o)
 .ARM.attributes
                0x000001cb       0x33 /home/pedro/Documents/dev/LPCxpresso/Lib_EaBaseBoard/Debug/libLib_EaBaseBoard.a(light.o)
 .ARM.attributes
                0x000001fe       0x33 /home/pedro/Documents/dev/LPCxpresso/Lib_EaBaseBoard/Debug/libLib_EaBaseBoard.a(oled.o)
 .ARM.attributes
                0x00000231       0x33 /home/pedro/Documents/dev/LPCxpresso/Lib_EaBaseBoard/Debug/libLib_EaBaseBoard.a(rgb.o)
 .ARM.attributes
                0x00000264       0x33 /home/pedro/Documents/dev/LPCxpresso/Lib_EaBaseBoard/Debug/libLib_EaBaseBoard.a(font5x7.o)
 .ARM.attributes
                0x00000297       0x33 /home/pedro/Documents/dev/LPCxpresso/Lib_MCU/Debug/libLib_MCU.a(lpc17xx_gpio.o)
 .ARM.attributes
                0x000002ca       0x33 /home/pedro/Documents/dev/LPCxpresso/Lib_MCU/Debug/libLib_MCU.a(lpc17xx_i2c.o)
 .ARM.attributes
                0x000002fd       0x33 /home/pedro/Documents/dev/LPCxpresso/Lib_MCU/Debug/libLib_MCU.a(lpc17xx_libcfg_default.o)
 .ARM.attributes
                0x00000330       0x33 /home/pedro/Documents/dev/LPCxpresso/Lib_MCU/Debug/libLib_MCU.a(lpc17xx_pinsel.o)
 .ARM.attributes
                0x00000363       0x33 /home/pedro/Documents/dev/LPCxpresso/Lib_MCU/Debug/libLib_MCU.a(lpc17xx_ssp.o)
 .ARM.attributes
                0x00000396       0x33 /home/pedro/Documents/dev/LPCxpresso/Lib_MCU/Debug/libLib_MCU.a(lpc17xx_timer.o)
 .ARM.attributes
                0x000003c9       0x33 /home/pedro/Documents/dev/LPCxpresso/Lib_MCU/Debug/libLib_MCU.a(lpc17xx_clkpwr.o)
 .ARM.attributes
                0x000003fc       0x1d /usr/local/lpcxpresso_8.2.2_650/lpcxpresso/tools/bin/../lib/gcc/arm-none-eabi/5.4.1/armv7-m/libgcc.a(_aeabi_uldivmod.o)
 .ARM.attributes
                0x00000419       0x2d /usr/local/lpcxpresso_8.2.2_650/lpcxpresso/tools/bin/../lib/gcc/arm-none-eabi/5.4.1/armv7-m/libgcc.a(_udivmoddi4.o)
 .ARM.attributes
                0x00000446       0x1d /usr/local/lpcxpresso_8.2.2_650/lpcxpresso/tools/bin/../lib/gcc/arm-none-eabi/5.4.1/armv7-m/libgcc.a(_dvmd_tls.o)
 .ARM.attributes
                0x00000463       0x2d /usr/local/lpcxpresso_8.2.2_650/lpcxpresso/tools/bin/../lib/gcc/arm-none-eabi/5.4.1/../../../../arm-none-eabi/lib/armv7-m/libc.a(lib_a-memcmp.o)
 .ARM.attributes
                0x00000490       0x1b /usr/local/lpcxpresso_8.2.2_650/lpcxpresso/tools/bin/../lib/gcc/arm-none-eabi/5.4.1/../../../../arm-none-eabi/lib/armv7-m/libc.a(lib_a-memcpy.o)
 .ARM.attributes
                0x000004ab       0x2d /usr/local/lpcxpresso_8.2.2_650/lpcxpresso/tools/bin/../lib/gcc/arm-none-eabi/5.4.1/../../../../arm-none-eabi/lib/armv7-m/libc.a(lib_a-memset.o)
 .ARM.attributes
                0x000004d8       0x2d /usr/local/lpcxpresso_8.2.2_650/lpcxpresso/tools/bin/../lib/gcc/arm-none-eabi/5.4.1/../../../../arm-none-eabi/lib/armv7-m/libc.a(lib_a-sprintf.o)
 .ARM.attributes
                0x00000505       0x2d /usr/local/lpcxpresso_8.2.2_650/lpcxpresso/tools/bin/../lib/gcc/arm-none-eabi/5.4.1/../../../../arm-none-eabi/lib/armv7-m/libc.a(lib_a-svfprintf.o)
 .ARM.attributes
                0x00000532       0x2d /usr/local/lpcxpresso_8.2.2_650/lpcxpresso/tools/bin/../lib/gcc/arm-none-eabi/5.4.1/../../../../arm-none-eabi/lib/armv7-m/libc.a(lib_a-dtoa.o)
 .ARM.attributes
                0x0000055f       0x2d /usr/local/lpcxpresso_8.2.2_650/lpcxpresso/tools/bin/../lib/gcc/arm-none-eabi/5.4.1/../../../../arm-none-eabi/lib/armv7-m/libc.a(lib_a-impure.o)
 .ARM.attributes
                0x0000058c       0x2d /usr/local/lpcxpresso_8.2.2_650/lpcxpresso/tools/bin/../lib/gcc/arm-none-eabi/5.4.1/../../../../arm-none-eabi/lib/armv7-m/libc.a(lib_a-locale.o)
 .ARM.attributes
                0x000005b9       0x2d /usr/local/lpcxpresso_8.2.2_650/lpcxpresso/tools/bin/../lib/gcc/arm-none-eabi/5.4.1/../../../../arm-none-eabi/lib/armv7-m/libc.a(lib_a-mallocr.o)
 .ARM.attributes
                0x000005e6       0x2d /usr/local/lpcxpresso_8.2.2_650/lpcxpresso/tools/bin/../lib/gcc/arm-none-eabi/5.4.1/../../../../arm-none-eabi/lib/armv7-m/libc.a(lib_a-memchr-stub.o)
 .ARM.attributes
                0x00000613       0x2d /usr/local/lpcxpresso_8.2.2_650/lpcxpresso/tools/bin/../lib/gcc/arm-none-eabi/5.4.1/../../../../arm-none-eabi/lib/armv7-m/libc.a(lib_a-mlock.o)
 .ARM.attributes
                0x00000640       0x2d /usr/local/lpcxpresso_8.2.2_650/lpcxpresso/tools/bin/../lib/gcc/arm-none-eabi/5.4.1/../../../../arm-none-eabi/lib/armv7-m/libc.a(lib_a-mprec.o)
 .ARM.attributes
                0x0000066d       0x2d /usr/local/lpcxpresso_8.2.2_650/lpcxpresso/tools/bin/../lib/gcc/arm-none-eabi/5.4.1/../../../../arm-none-eabi/lib/armv7-m/libc.a(lib_a-sbrkr.o)
 .ARM.attributes
                0x0000069a       0x2d /usr/local/lpcxpresso_8.2.2_650/lpcxpresso/tools/bin/../lib/gcc/arm-none-eabi/5.4.1/../../../../arm-none-eabi/lib/armv7-m/libc.a(lib_a-strlen-stub.o)
 .ARM.attributes
                0x000006c7       0x2d /usr/local/lpcxpresso_8.2.2_650/lpcxpresso/tools/bin/../lib/gcc/arm-none-eabi/5.4.1/../../../../arm-none-eabi/lib/armv7-m/libc.a(lib_a-svfiprintf.o)
 .ARM.attributes
                0x000006f4       0x2d /usr/local/lpcxpresso_8.2.2_650/lpcxpresso/tools/bin/../lib/gcc/arm-none-eabi/5.4.1/../../../../arm-none-eabi/lib/armv7-m/libc.a(lib_a-callocr.o)
 .ARM.attributes
                0x00000721       0x2d /usr/local/lpcxpresso_8.2.2_650/lpcxpresso/tools/bin/../lib/gcc/arm-none-eabi/5.4.1/../../../../arm-none-eabi/lib/armv7-m/libc.a(lib_a-freer.o)
 .ARM.attributes
                0x0000074e       0x2d /usr/local/lpcxpresso_8.2.2_650/lpcxpresso/tools/bin/../lib/gcc/arm-none-eabi/5.4.1/../../../../arm-none-eabi/lib/armv7-m/libc.a(lib_a-memmove.o)
 .ARM.attributes
                0x0000077b       0x2d /usr/local/lpcxpresso_8.2.2_650/lpcxpresso/tools/bin/../lib/gcc/arm-none-eabi/5.4.1/../../../../arm-none-eabi/lib/armv7-m/libc.a(lib_a-reallocr.o)
 .ARM.attributes
                0x000007a8       0x2d /usr/local/lpcxpresso_8.2.2_650/lpcxpresso/tools/bin/../lib/gcc/arm-none-eabi/5.4.1/../../../../arm-none-eabi/lib/armv7-m/libc.a(lib_a-reent.o)
 .ARM.attributes
                0x000007d5       0x33 /usr/local/lpcxpresso_8.2.2_650/lpcxpresso/tools/bin/../lib/gcc/arm-none-eabi/5.4.1/../../../../arm-none-eabi/lib/armv7-m/libcr_newlib_semihost.a(_cr_sbrk.o)
 .ARM.attributes
                0x00000808       0x33 /usr/local/lpcxpresso_8.2.2_650/lpcxpresso/tools/bin/../lib/gcc/arm-none-eabi/5.4.1/../../../../arm-none-eabi/lib/armv7-m/libcr_newlib_semihost.a(_cr_check_heap.o)
 .ARM.attributes
                0x0000083b       0x1d /usr/local/lpcxpresso_8.2.2_650/lpcxpresso/tools/bin/../lib/gcc/arm-none-eabi/5.4.1/armv7-m/libgcc.a(_arm_addsubdf3.o)
 .ARM.attributes
                0x00000858       0x1d /usr/local/lpcxpresso_8.2.2_650/lpcxpresso/tools/bin/../lib/gcc/arm-none-eabi/5.4.1/armv7-m/libgcc.a(_arm_muldivdf3.o)
 .ARM.attributes
                0x00000875       0x1d /usr/local/lpcxpresso_8.2.2_650/lpcxpresso/tools/bin/../lib/gcc/arm-none-eabi/5.4.1/armv7-m/libgcc.a(_arm_cmpdf2.o)
 .ARM.attributes
                0x00000892       0x1d /usr/local/lpcxpresso_8.2.2_650/lpcxpresso/tools/bin/../lib/gcc/arm-none-eabi/5.4.1/armv7-m/libgcc.a(_arm_unorddf2.o)
 .ARM.attributes
                0x000008af       0x1d /usr/local/lpcxpresso_8.2.2_650/lpcxpresso/tools/bin/../lib/gcc/arm-none-eabi/5.4.1/armv7-m/libgcc.a(_arm_fixdfsi.o)
 .ARM.attributes
                0x000008cc       0x2d /usr/local/lpcxpresso_8.2.2_650/lpcxpresso/tools/bin/../lib/gcc/arm-none-eabi/5.4.1/../../../../arm-none-eabi/lib/armv7-m/libc.a(lib_a-errno.o)

.debug_frame    0x00000000     0x264c
 .debug_frame   0x00000000      0x120 ./src/cr_startup_lpc17.o
 .debug_frame   0x00000120       0x9c ./src/custom_lib.o
 .debug_frame   0x000001bc       0x70 ./src/easyweb.o
 .debug_frame   0x0000022c      0x21c ./src/ethmac.o
 .debug_frame   0x00000448       0x94 ./src/ew_systick.o
 .debug_frame   0x000004dc      0x3e4 ./src/tcpip.o
 .debug_frame   0x000008c0       0x3c /home/pedro/Documents/dev/LPCxpresso/CMSISv2p00_LPC17xx/Debug/libCMSISv2p00_LPC17xx.a(system_LPC17xx.o)
 .debug_frame   0x000008fc      0x14c /home/pedro/Documents/dev/LPCxpresso/Lib_EaBaseBoard/Debug/libLib_EaBaseBoard.a(acc.o)
 .debug_frame   0x00000a48       0x50 /home/pedro/Documents/dev/LPCxpresso/Lib_EaBaseBoard/Debug/libLib_EaBaseBoard.a(joystick.o)
 .debug_frame   0x00000a98      0x24c /home/pedro/Documents/dev/LPCxpresso/Lib_EaBaseBoard/Debug/libLib_EaBaseBoard.a(light.o)
 .debug_frame   0x00000ce4      0x244 /home/pedro/Documents/dev/LPCxpresso/Lib_EaBaseBoard/Debug/libLib_EaBaseBoard.a(oled.o)
 .debug_frame   0x00000f28       0x50 /home/pedro/Documents/dev/LPCxpresso/Lib_EaBaseBoard/Debug/libLib_EaBaseBoard.a(rgb.o)
 .debug_frame   0x00000f78      0x344 /home/pedro/Documents/dev/LPCxpresso/Lib_MCU/Debug/libLib_MCU.a(lpc17xx_gpio.o)
 .debug_frame   0x000012bc      0x35c /home/pedro/Documents/dev/LPCxpresso/Lib_MCU/Debug/libLib_MCU.a(lpc17xx_i2c.o)
 .debug_frame   0x00001618       0x2c /home/pedro/Documents/dev/LPCxpresso/Lib_MCU/Debug/libLib_MCU.a(lpc17xx_libcfg_default.o)
 .debug_frame   0x00001644       0xfc /home/pedro/Documents/dev/LPCxpresso/Lib_MCU/Debug/libLib_MCU.a(lpc17xx_pinsel.o)
 .debug_frame   0x00001740      0x2e0 /home/pedro/Documents/dev/LPCxpresso/Lib_MCU/Debug/libLib_MCU.a(lpc17xx_ssp.o)
 .debug_frame   0x00001a20      0x280 /home/pedro/Documents/dev/LPCxpresso/Lib_MCU/Debug/libLib_MCU.a(lpc17xx_timer.o)
 .debug_frame   0x00001ca0      0x12c /home/pedro/Documents/dev/LPCxpresso/Lib_MCU/Debug/libLib_MCU.a(lpc17xx_clkpwr.o)
 .debug_frame   0x00001dcc       0x2c /usr/local/lpcxpresso_8.2.2_650/lpcxpresso/tools/bin/../lib/gcc/arm-none-eabi/5.4.1/armv7-m/libgcc.a(_aeabi_uldivmod.o)
 .debug_frame   0x00001df8       0x38 /usr/local/lpcxpresso_8.2.2_650/lpcxpresso/tools/bin/../lib/gcc/arm-none-eabi/5.4.1/armv7-m/libgcc.a(_udivmoddi4.o)
 .debug_frame   0x00001e30       0x38 /usr/local/lpcxpresso_8.2.2_650/lpcxpresso/tools/bin/../lib/gcc/arm-none-eabi/5.4.1/../../../../arm-none-eabi/lib/armv7-m/libc.a(lib_a-memcmp.o)
 .debug_frame   0x00001e68       0x34 /usr/local/lpcxpresso_8.2.2_650/lpcxpresso/tools/bin/../lib/gcc/arm-none-eabi/5.4.1/../../../../arm-none-eabi/lib/armv7-m/libc.a(lib_a-memset.o)
 .debug_frame   0x00001e9c       0x84 /usr/local/lpcxpresso_8.2.2_650/lpcxpresso/tools/bin/../lib/gcc/arm-none-eabi/5.4.1/../../../../arm-none-eabi/lib/armv7-m/libc.a(lib_a-sprintf.o)
 .debug_frame   0x00001f20       0x44 /usr/local/lpcxpresso_8.2.2_650/lpcxpresso/tools/bin/../lib/gcc/arm-none-eabi/5.4.1/../../../../arm-none-eabi/lib/armv7-m/libc.a(lib_a-svfprintf.o)
 .debug_frame   0x00001f64       0x84 /usr/local/lpcxpresso_8.2.2_650/lpcxpresso/tools/bin/../lib/gcc/arm-none-eabi/5.4.1/../../../../arm-none-eabi/lib/armv7-m/libc.a(lib_a-dtoa.o)
 .debug_frame   0x00001fe8       0x9c /usr/local/lpcxpresso_8.2.2_650/lpcxpresso/tools/bin/../lib/gcc/arm-none-eabi/5.4.1/../../../../arm-none-eabi/lib/armv7-m/libc.a(lib_a-locale.o)
 .debug_frame   0x00002084       0x54 /usr/local/lpcxpresso_8.2.2_650/lpcxpresso/tools/bin/../lib/gcc/arm-none-eabi/5.4.1/../../../../arm-none-eabi/lib/armv7-m/libc.a(lib_a-mallocr.o)
 .debug_frame   0x000020d8       0x34 /usr/local/lpcxpresso_8.2.2_650/lpcxpresso/tools/bin/../lib/gcc/arm-none-eabi/5.4.1/../../../../arm-none-eabi/lib/armv7-m/libc.a(lib_a-memchr-stub.o)
 .debug_frame   0x0000210c       0x30 /usr/local/lpcxpresso_8.2.2_650/lpcxpresso/tools/bin/../lib/gcc/arm-none-eabi/5.4.1/../../../../arm-none-eabi/lib/armv7-m/libc.a(lib_a-mlock.o)
 .debug_frame   0x0000213c      0x264 /usr/local/lpcxpresso_8.2.2_650/lpcxpresso/tools/bin/../lib/gcc/arm-none-eabi/5.4.1/../../../../arm-none-eabi/lib/armv7-m/libc.a(lib_a-mprec.o)
 .debug_frame   0x000023a0       0x2c /usr/local/lpcxpresso_8.2.2_650/lpcxpresso/tools/bin/../lib/gcc/arm-none-eabi/5.4.1/../../../../arm-none-eabi/lib/armv7-m/libc.a(lib_a-sbrkr.o)
 .debug_frame   0x000023cc       0x20 /usr/local/lpcxpresso_8.2.2_650/lpcxpresso/tools/bin/../lib/gcc/arm-none-eabi/5.4.1/../../../../arm-none-eabi/lib/armv7-m/libc.a(lib_a-strlen-stub.o)
 .debug_frame   0x000023ec       0x78 /usr/local/lpcxpresso_8.2.2_650/lpcxpresso/tools/bin/../lib/gcc/arm-none-eabi/5.4.1/../../../../arm-none-eabi/lib/armv7-m/libc.a(lib_a-svfiprintf.o)
 .debug_frame   0x00002464       0x28 /usr/local/lpcxpresso_8.2.2_650/lpcxpresso/tools/bin/../lib/gcc/arm-none-eabi/5.4.1/../../../../arm-none-eabi/lib/armv7-m/libc.a(lib_a-callocr.o)
 .debug_frame   0x0000248c       0x74 /usr/local/lpcxpresso_8.2.2_650/lpcxpresso/tools/bin/../lib/gcc/arm-none-eabi/5.4.1/../../../../arm-none-eabi/lib/armv7-m/libc.a(lib_a-freer.o)
 .debug_frame   0x00002500       0x30 /usr/local/lpcxpresso_8.2.2_650/lpcxpresso/tools/bin/../lib/gcc/arm-none-eabi/5.4.1/../../../../arm-none-eabi/lib/armv7-m/libc.a(lib_a-memmove.o)
 .debug_frame   0x00002530       0x58 /usr/local/lpcxpresso_8.2.2_650/lpcxpresso/tools/bin/../lib/gcc/arm-none-eabi/5.4.1/../../../../arm-none-eabi/lib/armv7-m/libc.a(lib_a-reallocr.o)
 .debug_frame   0x00002588       0x58 /usr/local/lpcxpresso_8.2.2_650/lpcxpresso/tools/bin/../lib/gcc/arm-none-eabi/5.4.1/../../../../arm-none-eabi/lib/armv7-m/libc.a(lib_a-reent.o)
 .debug_frame   0x000025e0       0x2c /usr/local/lpcxpresso_8.2.2_650/lpcxpresso/tools/bin/../lib/gcc/arm-none-eabi/5.4.1/../../../../arm-none-eabi/lib/armv7-m/libcr_newlib_semihost.a(_cr_sbrk.o)
 .debug_frame   0x0000260c       0x20 /usr/local/lpcxpresso_8.2.2_650/lpcxpresso/tools/bin/../lib/gcc/arm-none-eabi/5.4.1/../../../../arm-none-eabi/lib/armv7-m/libcr_newlib_semihost.a(_cr_check_heap.o)
 .debug_frame   0x0000262c       0x20 /usr/local/lpcxpresso_8.2.2_650/lpcxpresso/tools/bin/../lib/gcc/arm-none-eabi/5.4.1/../../../../arm-none-eabi/lib/armv7-m/libc.a(lib_a-errno.o)

.debug_loc      0x00000000       0x81
 .debug_loc     0x00000000       0x47 /usr/local/lpcxpresso_8.2.2_650/lpcxpresso/tools/bin/../lib/gcc/arm-none-eabi/5.4.1/../../../../arm-none-eabi/lib/armv7-m/libcr_newlib_semihost.a(_cr_sbrk.o)
 .debug_loc     0x00000047       0x3a /usr/local/lpcxpresso_8.2.2_650/lpcxpresso/tools/bin/../lib/gcc/arm-none-eabi/5.4.1/../../../../arm-none-eabi/lib/armv7-m/libcr_newlib_semihost.a(_cr_check_heap.o)