Archive member included to satisfy reference by file (symbol)

/home/pedro/Documents/dev/LPCxpresso/CMSISv2p00_LPC17xx/Debug/libCMSISv2p00_LPC17xx.a(system_LPC17xx.o)
                              ./src/cr_startup_lpc17.o (SystemInit)
/home/pedro/Documents/dev/LPCxpresso/Lib_EaBaseBoard/Debug/libLib_EaBaseBoard.a(light.o)
                              ./src/custom_lib.o (light_enable)
/home/pedro/Documents/dev/LPCxpresso/Lib_EaBaseBoard/Debug/libLib_EaBaseBoard.a(oled.o)
                              ./src/custom_lib.o (oled_init)
/home/pedro/Documents/dev/LPCxpresso/Lib_EaBaseBoard/Debug/libLib_EaBaseBoard.a(rgb.o)
                              ./src/custom_lib.o (rgb_init)
/home/pedro/Documents/dev/LPCxpresso/Lib_EaBaseBoard/Debug/libLib_EaBaseBoard.a(font5x7.o)
                              /home/pedro/Documents/dev/LPCxpresso/Lib_EaBaseBoard/Debug/libLib_EaBaseBoard.a(oled.o) (font5x7)
/home/pedro/Documents/dev/LPCxpresso/Lib_MCU/Debug/libLib_MCU.a(lpc17xx_gpio.o)
                              /home/pedro/Documents/dev/LPCxpresso/Lib_EaBaseBoard/Debug/libLib_EaBaseBoard.a(oled.o) (GPIO_SetDir)
/home/pedro/Documents/dev/LPCxpresso/Lib_MCU/Debug/libLib_MCU.a(lpc17xx_i2c.o)
                              ./src/custom_lib.o (I2C_Init)
/home/pedro/Documents/dev/LPCxpresso/Lib_MCU/Debug/libLib_MCU.a(lpc17xx_libcfg_default.o)
                              /home/pedro/Documents/dev/LPCxpresso/Lib_MCU/Debug/libLib_MCU.a(lpc17xx_i2c.o) (check_failed)
/home/pedro/Documents/dev/LPCxpresso/Lib_MCU/Debug/libLib_MCU.a(lpc17xx_pinsel.o)
                              ./src/custom_lib.o (PINSEL_ConfigPin)
/home/pedro/Documents/dev/LPCxpresso/Lib_MCU/Debug/libLib_MCU.a(lpc17xx_ssp.o)
                              ./src/custom_lib.o (SSP_Init)
/home/pedro/Documents/dev/LPCxpresso/Lib_MCU/Debug/libLib_MCU.a(lpc17xx_timer.o)
                              ./src/custom_lib.o (Timer0_Wait)
/home/pedro/Documents/dev/LPCxpresso/Lib_MCU/Debug/libLib_MCU.a(lpc17xx_uart.o)
                              ./src/custom_lib.o (UART_TxCmd)
/home/pedro/Documents/dev/LPCxpresso/Lib_MCU/Debug/libLib_MCU.a(lpc17xx_clkpwr.o)
                              /home/pedro/Documents/dev/LPCxpresso/Lib_MCU/Debug/libLib_MCU.a(lpc17xx_i2c.o) (CLKPWR_SetPCLKDiv)
/usr/local/lpcxpresso_8.2.2_650/lpcxpresso/tools/bin/../lib/gcc/arm-none-eabi/5.4.1/armv7-m/libgcc.a(_aeabi_uldivmod.o)
                              /home/pedro/Documents/dev/LPCxpresso/CMSISv2p00_LPC17xx/Debug/libCMSISv2p00_LPC17xx.a(system_LPC17xx.o) (__aeabi_uldivmod)
/usr/local/lpcxpresso_8.2.2_650/lpcxpresso/tools/bin/../lib/gcc/arm-none-eabi/5.4.1/armv7-m/libgcc.a(_udivmoddi4.o)
                              /usr/local/lpcxpresso_8.2.2_650/lpcxpresso/tools/bin/../lib/gcc/arm-none-eabi/5.4.1/armv7-m/libgcc.a(_aeabi_uldivmod.o) (__udivmoddi4)
/usr/local/lpcxpresso_8.2.2_650/lpcxpresso/tools/bin/../lib/gcc/arm-none-eabi/5.4.1/armv7-m/libgcc.a(_dvmd_tls.o)
                              /usr/local/lpcxpresso_8.2.2_650/lpcxpresso/tools/bin/../lib/gcc/arm-none-eabi/5.4.1/armv7-m/libgcc.a(_aeabi_uldivmod.o) (__aeabi_ldiv0)
/usr/local/lpcxpresso_8.2.2_650/lpcxpresso/tools/bin/../lib/gcc/arm-none-eabi/5.4.1/../../../../arm-none-eabi/lib/armv7-m/libc.a(lib_a-memcmp.o)
                              ./src/tcpip.o (memcmp)
/usr/local/lpcxpresso_8.2.2_650/lpcxpresso/tools/bin/../lib/gcc/arm-none-eabi/5.4.1/../../../../arm-none-eabi/lib/armv7-m/libc.a(lib_a-memcpy.o)
                              ./src/easyweb.o (memcpy)
/usr/local/lpcxpresso_8.2.2_650/lpcxpresso/tools/bin/../lib/gcc/arm-none-eabi/5.4.1/../../../../arm-none-eabi/lib/armv7-m/libc.a(lib_a-memset.o)
                              ./src/tcpip.o (memset)
/usr/local/lpcxpresso_8.2.2_650/lpcxpresso/tools/bin/../lib/gcc/arm-none-eabi/5.4.1/../../../../arm-none-eabi/lib/armv7-m/libc.a(lib_a-sprintf.o)
                              ./src/custom_lib.o (sprintf)
/usr/local/lpcxpresso_8.2.2_650/lpcxpresso/tools/bin/../lib/gcc/arm-none-eabi/5.4.1/../../../../arm-none-eabi/lib/armv7-m/libc.a(lib_a-strlen-stub.o)
                              /home/pedro/Documents/dev/LPCxpresso/Lib_MCU/Debug/libLib_MCU.a(lpc17xx_uart.o) (strlen)
/usr/local/lpcxpresso_8.2.2_650/lpcxpresso/tools/bin/../lib/gcc/arm-none-eabi/5.4.1/../../../../arm-none-eabi/lib/armv7-m/libc.a(lib_a-svfprintf.o)
                              /usr/local/lpcxpresso_8.2.2_650/lpcxpresso/tools/bin/../lib/gcc/arm-none-eabi/5.4.1/../../../../arm-none-eabi/lib/armv7-m/libc.a(lib_a-sprintf.o) (_svfprintf_r)
/usr/local/lpcxpresso_8.2.2_650/lpcxpresso/tools/bin/../lib/gcc/arm-none-eabi/5.4.1/../../../../arm-none-eabi/lib/armv7-m/libc.a(lib_a-dtoa.o)
                              /usr/local/lpcxpresso_8.2.2_650/lpcxpresso/tools/bin/../lib/gcc/arm-none-eabi/5.4.1/../../../../arm-none-eabi/lib/armv7-m/libc.a(lib_a-svfprintf.o) (_dtoa_r)
/usr/local/lpcxpresso_8.2.2_650/lpcxpresso/tools/bin/../lib/gcc/arm-none-eabi/5.4.1/../../../../arm-none-eabi/lib/armv7-m/libc.a(lib_a-impure.o)
[...]
Memory Configuration

Name             Origin             Length             Attributes
MFlash512        0x00000000         0x00080000         xr
RamLoc32         0x10000000         0x00008000         xrw
RamAHB32         0x2007c000         0x00008000         xrw
*default*        0x00000000         0xffffffff

Linker script and memory map

LOAD ./src/cr_startup_lpc17.o
LOAD ./src/custom_lib.o
LOAD ./src/easyweb.o
LOAD ./src/ethmac.o
LOAD ./src/ew_systick.o
LOAD ./src/tcpip.o
LOAD /home/pedro/Documents/dev/LPCxpresso/CMSISv2p00_LPC17xx/Debug/libCMSISv2p00_LPC17xx.a
LOAD /home/pedro/Documents/dev/LPCxpresso/Lib_EaBaseBoard/Debug/libLib_EaBaseBoard.a
LOAD /home/pedro/Documents/dev/LPCxpresso/Lib_MCU/Debug/libLib_MCU.a
START GROUP
LOAD /usr/local/lpcxpresso_8.2.2_650/lpcxpresso/tools/bin/../lib/gcc/arm-none-eabi/5.4.1/armv7-m/libgcc.a
LOAD /usr/local/lpcxpresso_8.2.2_650/lpcxpresso/tools/bin/../lib/gcc/arm-none-eabi/5.4.1/../../../../arm-none-eabi/lib/armv7-m/libc.a
LOAD /usr/local/lpcxpresso_8.2.2_650/lpcxpresso/tools/bin/../lib/gcc/arm-none-eabi/5.4.1/../../../../arm-none-eabi/lib/armv7-m/libm.a
LOAD /usr/local/lpcxpresso_8.2.2_650/lpcxpresso/tools/bin/../lib/gcc/arm-none-eabi/5.4.1/../../../../arm-none-eabi/lib/armv7-m/libcr_newlib_semihost.a
END GROUP
                0x00000000                __base_MFlash512 = 0x0
                0x00000000                __base_Flash = 0x0
                0x00080000                __top_MFlash512 = 0x80000
                0x00080000                __top_Flash = 0x80000
                0x10000000                __base_RamLoc32 = 0x10000000
                0x10000000                __base_RAM = 0x10000000
                0x10008000                __top_RamLoc32 = 0x10008000
                0x10008000                __top_RAM = 0x10008000
                0x2007c000                __base_RamAHB32 = 0x2007c000
                0x2007c000                __base_RAM2 = 0x2007c000
                0x20084000                __top_RamAHB32 = 0x20084000
                0x20084000                __top_RAM2 = 0x20084000

.text           0x00000000     0xa72c
 FILL mask 0xff
                0x00000000                __vectors_start__ = ABSOLUTE (.)
 *(.isr_vector)
 .isr_vector    0x00000000       0xcc ./src/cr_startup_lpc17.o
                0x00000000                g_pfnVectors
                0x000000cc                . = ALIGN (0x4)
                0x000000cc                __section_table_start = .
                0x000000cc                __data_section_table = .
                0x000000cc        0x4 LONG 0xa734 LOADADDR (.data)
                0x000000d0        0x4 LONG 0x10000000 ADDR (.data)
                0x000000d4        0x4 LONG 0x89c SIZEOF (.data)
                0x000000d8        0x4 LONG 0xa734 LOADADDR (.data_RAM2)
                0x000000dc        0x4 LONG 0x2007c000 ADDR (.data_RAM2)
                0x000000e0        0x4 LONG 0x0 SIZEOF (.data_RAM2)
                0x000000e4                __data_section_table_end = .
                0x000000e4                __bss_section_table = .
                0x000000e4        0x4 LONG 0x1000089c ADDR (.bss)
                0x000000e8        0x4 LONG 0x764 SIZEOF (.bss)
                0x000000ec        0x4 LONG 0x2007c000 ADDR (.bss_RAM2)
                0x000000f0        0x4 LONG 0x0 SIZEOF (.bss_RAM2)
                0x000000f4                __bss_section_table_end = .
                0x000000f4                __section_table_end = .
 *(.after_vectors*)
 *(.text*)
 .text.ResetISR
                0x000000f4       0x58 ./src/cr_startup_lpc17.o
                0x000000f4                ResetISR
 .text.NMI_Handler
                0x0000014c        0x8 ./src/cr_startup_lpc17.o
                0x0000014c                NMI_Handler
 .text.HardFault_Handler
                0x00000154        0x8 ./src/cr_startup_lpc17.o
                0x00000154                HardFault_Handler
 .text.MemManage_Handler
                0x0000015c        0x8 ./src/cr_startup_lpc17.o
                0x0000015c                MemManage_Handler
 .text.BusFault_Handler
                0x00000164        0x8 ./src/cr_startup_lpc17.o
                0x00000164                BusFault_Handler
 .text.UsageFault_Handler
                0x0000016c        0x8 ./src/cr_startup_lpc17.o
                0x0000016c                UsageFault_Handler
 .text.SVCall_Handler
                0x00000174        0x8 ./src/cr_startup_lpc17.o
                0x00000174                SVCall_Handler
 .text.DebugMon_Handler
                0x0000017c        0x8 ./src/cr_startup_lpc17.o
                0x0000017c                DebugMon_Handler
 .text.PendSV_Handler
                0x00000184        0x8 ./src/cr_startup_lpc17.o
                0x00000184                PendSV_Handler
 .text.IntDefaultHandler
                0x0000018c        0x8 ./src/cr_startup_lpc17.o
                0x0000018c                TIMER2_IRQHandler
                0x0000018c                RIT_IRQHandler
                0x0000018c                I2C0_IRQHandler
                0x0000018c                USBActivity_IRQHandler
                0x0000018c                PWM1_IRQHandler
                0x0000018c                I2C1_IRQHandler
                0x0000018c                EINT2_IRQHandler
                0x0000018c                UART1_IRQHandler
                0x0000018c                EINT3_IRQHandler
                0x0000018c                CANActivity_IRQHandler
                0x0000018c                TIMER3_IRQHandler
                0x0000018c                UART0_IRQHandler
                0x0000018c                IntDefaultHandler
                0x0000018c                PLL0_IRQHandler
                0x0000018c                CAN_IRQHandler
                0x0000018c                PLL1_IRQHandler
                0x0000018c                SSP0_IRQHandler
                0x0000018c                I2S_IRQHandler
                0x0000018c                I2C2_IRQHandler
                0x0000018c                RTC_IRQHandler
                0x0000018c                TIMER0_IRQHandler
                0x0000018c                SPI_IRQHandler
                0x0000018c                EINT1_IRQHandler
                0x0000018c                TIMER1_IRQHandler
                0x0000018c                UART2_IRQHandler
                0x0000018c                ADC_IRQHandler
                0x0000018c                SSP1_IRQHandler
                0x0000018c                USB_IRQHandler
                0x0000018c                BOD_IRQHandler
                0x0000018c                WDT_IRQHandler
                0x0000018c                QEI_IRQHandler
                0x0000018c                EINT0_IRQHandler
                0x0000018c                DMA_IRQHandler
                0x0000018c                UART3_IRQHandler
                0x0000018c                MCPWM_IRQHandler
                0x0000018c                ENET_IRQHandler
 .text.init_ssp
                0x00000194       0x78 ./src/custom_lib.o
 .text.init_uart
                0x0000020c       0x5c ./src/custom_lib.o
 .text.init_i2c
                0x00000268       0x48 ./src/custom_lib.o
 .text.print_disp
                0x000002b0       0xdc ./src/custom_lib.o
                0x000002b0                print_disp
 .text.print_uart
                0x0000038c       0x60 ./src/custom_lib.o
                0x0000038c                print_uart
 .text.init_all
                0x000003ec       0x30 ./src/custom_lib.o
                0x000003ec                init_all
 .text.exit_    0x0000041c       0x38 ./src/custom_lib.o
                0x0000041c                exit_
 .text.main     0x00000454      0x144 ./src/easyweb.o
                0x00000454                main
 .text.InsertDynamicValues
                0x00000598       0xd0 ./src/easyweb.o
                0x00000598                InsertDynamicValues
 .text.HTTPServer
                0x00000668      0x148 ./src/easyweb.o
                0x00000668                HTTPServer
 .text.WriteToPHY
                0x000007b0       0x50 ./src/ethmac.o
                0x000007b0                WriteToPHY
 .text.ReadFromPHY
                0x00000800       0x60 ./src/ethmac.o
                0x00000800                ReadFromPHY
 .text.Init_EthMAC
                0x00000860      0x3b8 ./src/ethmac.o
                0x00000860                Init_EthMAC
 .text.WriteFrame_EthMAC
                0x00000c18       0x28 ./src/ethmac.o
                0x00000c18                WriteFrame_EthMAC
 .text.CopyToFrame_EthMAC
                0x00000c40       0x64 ./src/ethmac.o
                0x00000c40                CopyToFrame_EthMAC
 .text.ReadFrame_EthMAC
                0x00000ca4       0x1c ./src/ethmac.o
                0x00000ca4                ReadFrame_EthMAC
 .text.ReadFrameBE_EthMAC
                0x00000cc0       0x2c ./src/ethmac.o
                0x00000cc0                ReadFrameBE_EthMAC
 .text.CopyFromFrame_EthMAC
                0x00000cec       0x48 ./src/ethmac.o
                0x00000cec                CopyFromFrame_EthMAC
 .text.DummyReadFrame_EthMAC
                0x00000d34       0x24 ./src/ethmac.o
                0x00000d34                DummyReadFrame_EthMAC
 .text.RequestSend
                0x00000d58       0x4c ./src/ethmac.o
                0x00000d58                RequestSend
 .text.Rdy4Tx   0x00000da4       0x10 ./src/ethmac.o
                0x00000da4                Rdy4Tx
 .text.StartReadingFrame
                0x00000db4       0x50 ./src/ethmac.o
                0x00000db4                StartReadingFrame
 .text.StopReadingFrame
                0x00000e04       0x34 ./src/ethmac.o
                0x00000e04                StopReadingFrame
 .text.CheckIfFrameReceived
                0x00000e38       0x28 ./src/ethmac.o
                0x00000e38                CheckIfFrameReceived
 .text.NVIC_SetPriority
                0x00000e60       0x54 ./src/ew_systick.o
 .text.SysTick_Config
                0x00000eb4       0x44 ./src/ew_systick.o
 .text.SysTick_Handler
                0x00000ef8       0x54 ./src/ew_systick.o
                0x00000ef8                SysTick_Handler
 .text.Start_SysTick10ms
                0x00000f4c       0x2c ./src/ew_systick.o
                0x00000f4c                Start_SysTick10ms
 .text.TCPLowLevelInit
                0x00000f78       0x44 ./src/tcpip.o
                0x00000f78                TCPLowLevelInit
 .text.TCPPassiveOpen
                0x00000fbc       0x3c ./src/tcpip.o
                0x00000fbc                TCPPassiveOpen
 .text.TCPClose
                0x00000ff8       0x5c ./src/tcpip.o
                0x00000ff8                TCPClose
 .text.TCPReleaseRxBuffer
                0x00001054       0x20 ./src/tcpip.o
                0x00001054                TCPReleaseRxBuffer
 .text.TCPTransmitTxBuffer
                0x00001074       0x84 ./src/tcpip.o
                0x00001074                TCPTransmitTxBuffer
 .text.BroadcastMessage
                0x000010f8       0x58 ./src/tcpip.o
                0x000010f8                BroadcastMessage
 .text.DoNetworkStuff
                0x00001150      0x27c ./src/tcpip.o
                0x00001150                DoNetworkStuff
 .text.ProcessEthBroadcastFrame
                0x000013cc       0x8c ./src/tcpip.o
                0x000013cc                ProcessEthBroadcastFrame
 .text.ProcessEthIAFrame
                0x00001458      0x114 ./src/tcpip.o
                0x00001458                ProcessEthIAFrame
 .text.ProcessICMPFrame
                0x0000156c       0x2c ./src/tcpip.o
                0x0000156c                ProcessICMPFrame
 .text.ProcessTCPFrame
                0x00001598      0x52c ./src/tcpip.o
                0x00001598                ProcessTCPFrame
 .text.PrepareARP_REQUEST
                0x00001ac4       0xfc ./src/tcpip.o
                0x00001ac4                PrepareARP_REQUEST
 .text.PrepareARP_ANSWER
                0x00001bc0       0xb8 ./src/tcpip.o
                0x00001bc0                PrepareARP_ANSWER
 .text.PrepareICMP_ECHO_REPLY
                0x00001c78      0x154 ./src/tcpip.o
                0x00001c78                PrepareICMP_ECHO_REPLY
 .text.PrepareTCP_FRAME
                0x00001dcc      0x1ac ./src/tcpip.o
                0x00001dcc                PrepareTCP_FRAME
 .text.PrepareTCP_DATA_FRAME
                0x00001f78      0x13c ./src/tcpip.o
                0x00001f78                PrepareTCP_DATA_FRAME
 .text.CalcChecksum
                0x000020b4       0xc8 ./src/tcpip.o
                0x000020b4                CalcChecksum
 .text.TCPStartRetryTimer
                0x0000217c       0x40 ./src/tcpip.o
                0x0000217c                TCPStartRetryTimer
 .text.TCPStartTimeWaitTimer
                0x000021bc       0x38 ./src/tcpip.o
                0x000021bc                TCPStartTimeWaitTimer
 .text.TCPRestartTimer
                0x000021f4       0x18 ./src/tcpip.o
                0x000021f4                TCPRestartTimer
 .text.TCPStopTimer
                0x0000220c       0x20 ./src/tcpip.o
                0x0000220c                TCPStopTimer
 .text.TCPHandleRetransmission
                0x0000222c       0x64 ./src/tcpip.o
                0x0000222c                TCPHandleRetransmission
 .text.TCPHandleTimeout
                0x00002290       0x40 ./src/tcpip.o
                0x00002290                TCPHandleTimeout
 .text.TCPClockHandler
                0x000022d0       0x2c ./src/tcpip.o
                0x000022d0                TCPClockHandler
 .text.SendFrame1
                0x000022fc       0x1c ./src/tcpip.o
                0x000022fc                SendFrame1
 .text.SendFrame2
                0x00002318       0x1c ./src/tcpip.o
                0x00002318                SendFrame2
 .text.WriteWBE
                0x00002334       0x30 ./src/tcpip.o
                0x00002334                WriteWBE
 .text.WriteDWBE
                0x00002364       0x48 ./src/tcpip.o
                0x00002364                WriteDWBE
 .text.SwapBytes
                0x000023ac       0x28 ./src/tcpip.o
                0x000023ac                SwapBytes
 .text.SystemInit
                0x000023d4       0xe4 /home/pedro/Documents/dev/LPCxpresso/CMSISv2p00_LPC17xx/Debug/libCMSISv2p00_LPC17xx.a(system_LPC17xx.o)
                0x000023d4                SystemInit
 .text.I2CRead  0x000024b8       0x50 /home/pedro/Documents/dev/LPCxpresso/Lib_EaBaseBoard/Debug/libLib_EaBaseBoard.a(light.o)
 .text.I2CWrite
                0x00002508       0x50 /home/pedro/Documents/dev/LPCxpresso/Lib_EaBaseBoard/Debug/libLib_EaBaseBoard.a(light.o)
 .text.light_enable
                0x00002558       0x3c /home/pedro/Documents/dev/LPCxpresso/Lib_EaBaseBoard/Debug/libLib_EaBaseBoard.a(light.o)
                0x00002558                light_enable
 .text.light_read
                0x00002594       0x74 /home/pedro/Documents/dev/LPCxpresso/Lib_EaBaseBoard/Debug/libLib_EaBaseBoard.a(light.o)
                0x00002594                light_read
 .text.writeCommand
                0x00002608       0x48 /home/pedro/Documents/dev/LPCxpresso/Lib_EaBaseBoard/Debug/libLib_EaBaseBoard.a(oled.o)
 .text.writeData
                0x00002650       0x48 /home/pedro/Documents/dev/LPCxpresso/Lib_EaBaseBoard/Debug/libLib_EaBaseBoard.a(oled.o)
 .text.writeDataLen
                0x00002698       0x78 /home/pedro/Documents/dev/LPCxpresso/Lib_EaBaseBoard/Debug/libLib_EaBaseBoard.a(oled.o)
 .text.runInitSequence
                0x00002710       0xd4 /home/pedro/Documents/dev/LPCxpresso/Lib_EaBaseBoard/Debug/libLib_EaBaseBoard.a(oled.o)
 .text.oled_init
                0x000027e4       0x74 /home/pedro/Documents/dev/LPCxpresso/Lib_EaBaseBoard/Debug/libLib_EaBaseBoard.a(oled.o)
                0x000027e4                oled_init
 .text.oled_putPixel
                0x00002858      0x150 /home/pedro/Documents/dev/LPCxpresso/Lib_EaBaseBoard/Debug/libLib_EaBaseBoard.a(oled.o)
                0x00002858                oled_putPixel
 .text.oled_clearScreen
                0x000029a8       0x64 /home/pedro/Documents/dev/LPCxpresso/Lib_EaBaseBoard/Debug/libLib_EaBaseBoard.a(oled.o)
                0x000029a8                oled_clearScreen
 .text.oled_putChar
                0x00002a0c       0xd8 /home/pedro/Documents/dev/LPCxpresso/Lib_EaBaseBoard/Debug/libLib_EaBaseBoard.a(oled.o)
                0x00002a0c                oled_putChar
 .text.oled_putString
                0x00002ae4       0x54 /home/pedro/Documents/dev/LPCxpresso/Lib_EaBaseBoard/Debug/libLib_EaBaseBoard.a(oled.o)
                0x00002ae4                oled_putString
 .text.rgb_init
                0x00002b38       0x28 /home/pedro/Documents/dev/LPCxpresso/Lib_EaBaseBoard/Debug/libLib_EaBaseBoard.a(rgb.o)
                0x00002b38                rgb_init
 .text.rgb_setLeds
                0x00002b60       0x6c /home/pedro/Documents/dev/LPCxpresso/Lib_EaBaseBoard/Debug/libLib_EaBaseBoard.a(rgb.o)
                0x00002b60                rgb_setLeds
 .text.GPIO_GetPointer
                0x00002bcc       0x70 /home/pedro/Documents/dev/LPCxpresso/Lib_MCU/Debug/libLib_MCU.a(lpc17xx_gpio.o)
 .text.GPIO_SetDir
                0x00002c3c       0x4c /home/pedro/Documents/dev/LPCxpresso/Lib_MCU/Debug/libLib_MCU.a(lpc17xx_gpio.o)
                0x00002c3c                GPIO_SetDir
 .text.GPIO_SetValue
                0x00002c88       0x2c /home/pedro/Documents/dev/LPCxpresso/Lib_MCU/Debug/libLib_MCU.a(lpc17xx_gpio.o)
                0x00002c88                GPIO_SetValue
 .text.GPIO_ClearValue
                0x00002cb4       0x2c /home/pedro/Documents/dev/LPCxpresso/Lib_MCU/Debug/libLib_MCU.a(lpc17xx_gpio.o)
                0x00002cb4                GPIO_ClearValue
 .text.GPIO_ReadValue
                0x00002ce0       0x2c /home/pedro/Documents/dev/LPCxpresso/Lib_MCU/Debug/libLib_MCU.a(lpc17xx_gpio.o)
                0x00002ce0                GPIO_ReadValue
 .text.NVIC_EnableIRQ
                0x00002d0c       0x30 /home/pedro/Documents/dev/LPCxpresso/Lib_MCU/Debug/libLib_MCU.a(lpc17xx_i2c.o)
 .text.NVIC_DisableIRQ
                0x00002d3c       0x34 /home/pedro/Documents/dev/LPCxpresso/Lib_MCU/Debug/libLib_MCU.a(lpc17xx_i2c.o)
 .text.I2C_getNum
                0x00002d70       0x48 /home/pedro/Documents/dev/LPCxpresso/Lib_MCU/Debug/libLib_MCU.a(lpc17xx_i2c.o)
 .text.I2C_Start
                0x00002db8       0x3c /home/pedro/Documents/dev/LPCxpresso/Lib_MCU/Debug/libLib_MCU.a(lpc17xx_i2c.o)
 .text.I2C_Stop
                0x00002df4       0x30 /home/pedro/Documents/dev/LPCxpresso/Lib_MCU/Debug/libLib_MCU.a(lpc17xx_i2c.o)
 .text.I2C_SendByte
                0x00002e24       0x4c /home/pedro/Documents/dev/LPCxpresso/Lib_MCU/Debug/libLib_MCU.a(lpc17xx_i2c.o)
 .text.I2C_GetByte
                0x00002e70       0x54 /home/pedro/Documents/dev/LPCxpresso/Lib_MCU/Debug/libLib_MCU.a(lpc17xx_i2c.o)
 .text.I2C_IntCmd
                0x00002ec4       0x88 /home/pedro/Documents/dev/LPCxpresso/Lib_MCU/Debug/libLib_MCU.a(lpc17xx_i2c.o)
                0x00002ec4                I2C_IntCmd
 .text.I2C_MasterHandler
                0x00002f4c      0x3a0 /home/pedro/Documents/dev/LPCxpresso/Lib_MCU/Debug/libLib_MCU.a(lpc17xx_i2c.o)
                0x00002f4c                I2C_MasterHandler
 .text.I2C_SetClock
                0x000032ec       0xa4 /home/pedro/Documents/dev/LPCxpresso/Lib_MCU/Debug/libLib_MCU.a(lpc17xx_i2c.o)
                0x000032ec                I2C_SetClock
 .text.I2C_Init
                0x00003390       0xa4 /home/pedro/Documents/dev/LPCxpresso/Lib_MCU/Debug/libLib_MCU.a(lpc17xx_i2c.o)
                0x00003390                I2C_Init
 .text.I2C_Cmd  0x00003434       0x70 /home/pedro/Documents/dev/LPCxpresso/Lib_MCU/Debug/libLib_MCU.a(lpc17xx_i2c.o)
                0x00003434                I2C_Cmd
 .text.I2C_MasterTransferData
                0x000034a4      0x2f8 /home/pedro/Documents/dev/LPCxpresso/Lib_MCU/Debug/libLib_MCU.a(lpc17xx_i2c.o)
                0x000034a4                I2C_MasterTransferData
 .text.check_failed
                0x0000379c        0xc /home/pedro/Documents/dev/LPCxpresso/Lib_MCU/Debug/libLib_MCU.a(lpc17xx_libcfg_default.o)
                0x0000379c                check_failed
 .text.PINSEL_SetPinFunc
                0x000037a8       0x84 /home/pedro/Documents/dev/LPCxpresso/Lib_MCU/Debug/libLib_MCU.a(lpc17xx_pinsel.o)
                0x000037a8                PINSEL_SetPinFunc
 .text.PINSEL_SetResistorMode
                0x0000382c       0x84 /home/pedro/Documents/dev/LPCxpresso/Lib_MCU/Debug/libLib_MCU.a(lpc17xx_pinsel.o)
                0x0000382c                PINSEL_SetResistorMode
 .text.PINSEL_SetOpenDrainMode
                0x000038b0       0x6c /home/pedro/Documents/dev/LPCxpresso/Lib_MCU/Debug/libLib_MCU.a(lpc17xx_pinsel.o)
                0x000038b0                PINSEL_SetOpenDrainMode
 .text.PINSEL_ConfigPin
                0x0000391c       0x48 /home/pedro/Documents/dev/LPCxpresso/Lib_MCU/Debug/libLib_MCU.a(lpc17xx_pinsel.o)
                0x0000391c                PINSEL_ConfigPin
 .text.SSP_getNum
                0x00003964       0x38 /home/pedro/Documents/dev/LPCxpresso/Lib_MCU/Debug/libLib_MCU.a(lpc17xx_ssp.o)
 .text.SSP_IntHandler
                0x0000399c      0x2cc /home/pedro/Documents/dev/LPCxpresso/Lib_MCU/Debug/libLib_MCU.a(lpc17xx_ssp.o)
                0x0000399c                SSP_IntHandler
 .text.SSP_SetClock
                0x00003c68       0xc4 /home/pedro/Documents/dev/LPCxpresso/Lib_MCU/Debug/libLib_MCU.a(lpc17xx_ssp.o)
                0x00003c68                SSP_SetClock
 .text.SSP_Init
                0x00003d2c       0xd8 /home/pedro/Documents/dev/LPCxpresso/Lib_MCU/Debug/libLib_MCU.a(lpc17xx_ssp.o)
                0x00003d2c                SSP_Init
 .text.SSP_ConfigStructInit
                0x00003e04       0x3c /home/pedro/Documents/dev/LPCxpresso/Lib_MCU/Debug/libLib_MCU.a(lpc17xx_ssp.o)
                0x00003e04                SSP_ConfigStructInit
 .text.SSP_Cmd  0x00003e40       0x70 /home/pedro/Documents/dev/LPCxpresso/Lib_MCU/Debug/libLib_MCU.a(lpc17xx_ssp.o)
                0x00003e40                SSP_Cmd
 .text.SSP_SendData
                0x00003eb0       0x40 /home/pedro/Documents/dev/LPCxpresso/Lib_MCU/Debug/libLib_MCU.a(lpc17xx_ssp.o)
                0x00003eb0                SSP_SendData
 .text.SSP_ReceiveData
                0x00003ef0       0x3c /home/pedro/Documents/dev/LPCxpresso/Lib_MCU/Debug/libLib_MCU.a(lpc17xx_ssp.o)
                0x00003ef0                SSP_ReceiveData
 .text.SSP_ReadWrite
                0x00003f2c      0x3c0 /home/pedro/Documents/dev/LPCxpresso/Lib_MCU/Debug/libLib_MCU.a(lpc17xx_ssp.o)
                0x00003f2c                SSP_ReadWrite
 .text.TIM_GetPClock
                0x000042ec       0x58 /home/pedro/Documents/dev/LPCxpresso/Lib_MCU/Debug/libLib_MCU.a(lpc17xx_timer.o)
                0x000042ec                TIM_GetPClock
 .text.TIM_ConverUSecToVal
                0x00004344       0x58 /home/pedro/Documents/dev/LPCxpresso/Lib_MCU/Debug/libLib_MCU.a(lpc17xx_timer.o)
                0x00004344                TIM_ConverUSecToVal
 .text.TIM_ConverPtrToTimeNum
                0x0000439c       0x5c /home/pedro/Documents/dev/LPCxpresso/Lib_MCU/Debug/libLib_MCU.a(lpc17xx_timer.o)
                0x0000439c                TIM_ConverPtrToTimeNum
 .text.TIM_GetIntStatus
                0x000043f8       0x98 /home/pedro/Documents/dev/LPCxpresso/Lib_MCU/Debug/libLib_MCU.a(lpc17xx_timer.o)
                0x000043f8                TIM_GetIntStatus
 .text.TIM_ClearIntPending
                0x00004490       0x8c /home/pedro/Documents/dev/LPCxpresso/Lib_MCU/Debug/libLib_MCU.a(lpc17xx_timer.o)
                0x00004490                TIM_ClearIntPending
 .text.TIM_Init
                0x0000451c      0x170 /home/pedro/Documents/dev/LPCxpresso/Lib_MCU/Debug/libLib_MCU.a(lpc17xx_timer.o)
                0x0000451c                TIM_Init
 .text.TIM_Cmd  0x0000468c       0x70 /home/pedro/Documents/dev/LPCxpresso/Lib_MCU/Debug/libLib_MCU.a(lpc17xx_timer.o)
                0x0000468c                TIM_Cmd
 .text.TIM_ConfigMatch
                0x000046fc      0x15c /home/pedro/Documents/dev/LPCxpresso/Lib_MCU/Debug/libLib_MCU.a(lpc17xx_timer.o)
                0x000046fc                TIM_ConfigMatch
 .text.Timer0_Wait
                0x00004858       0x78 /home/pedro/Documents/dev/LPCxpresso/Lib_MCU/Debug/libLib_MCU.a(lpc17xx_timer.o)
                0x00004858                Timer0_Wait
 .text.uart_set_divisors
                0x000048d0      0x218 /home/pedro/Documents/dev/LPCxpresso/Lib_MCU/Debug/libLib_MCU.a(lpc17xx_uart.o)
                0x000048d0                uart_set_divisors
 .text.UART_Init
                0x00004ae8      0x2ec /home/pedro/Documents/dev/LPCxpresso/Lib_MCU/Debug/libLib_MCU.a(lpc17xx_uart.o)
                0x00004ae8                UART_Init
 .text.UART_SendData
                0x00004dd4       0x68 /home/pedro/Documents/dev/LPCxpresso/Lib_MCU/Debug/libLib_MCU.a(lpc17xx_uart.o)
                0x00004dd4                UART_SendData
 .text.UART_ReceiveData
                0x00004e3c       0x64 /home/pedro/Documents/dev/LPCxpresso/Lib_MCU/Debug/libLib_MCU.a(lpc17xx_uart.o)
                0x00004e3c                UART_ReceiveData
 .text.UART_TxCmd
                0x00004ea0       0xc8 /home/pedro/Documents/dev/LPCxpresso/Lib_MCU/Debug/libLib_MCU.a(lpc17xx_uart.o)
                0x00004ea0                UART_TxCmd
 .text.UART_Send
                0x00004f68       0xec /home/pedro/Documents/dev/LPCxpresso/Lib_MCU/Debug/libLib_MCU.a(lpc17xx_uart.o)
                0x00004f68                UART_Send
 .text.UART_SendString
                0x00005054       0x28 /home/pedro/Documents/dev/LPCxpresso/Lib_MCU/Debug/libLib_MCU.a(lpc17xx_uart.o)
                0x00005054                UART_SendString
 .text.UART_Receive
                0x0000507c       0xbc /home/pedro/Documents/dev/LPCxpresso/Lib_MCU/Debug/libLib_MCU.a(lpc17xx_uart.o)
                0x0000507c                UART_Receive
 .text.CLKPWR_SetPCLKDiv
                0x00005138       0x8c /home/pedro/Documents/dev/LPCxpresso/Lib_MCU/Debug/libLib_MCU.a(lpc17xx_clkpwr.o)
                0x00005138                CLKPWR_SetPCLKDiv
 .text.CLKPWR_GetPCLKSEL
                0x000051c4       0x48 /home/pedro/Documents/dev/LPCxpresso/Lib_MCU/Debug/libLib_MCU.a(lpc17xx_clkpwr.o)
                0x000051c4                CLKPWR_GetPCLKSEL
 .text.CLKPWR_GetPCLK
                0x0000520c       0x64 /home/pedro/Documents/dev/LPCxpresso/Lib_MCU/Debug/libLib_MCU.a(lpc17xx_clkpwr.o)
                0x0000520c                CLKPWR_GetPCLK
 .text.CLKPWR_ConfigPPWR
                0x00005270       0x58 /home/pedro/Documents/dev/LPCxpresso/Lib_MCU/Debug/libLib_MCU.a(lpc17xx_clkpwr.o)
                0x00005270                CLKPWR_ConfigPPWR
 .text          0x000052c8       0x30 /usr/local/lpcxpresso_8.2.2_650/lpcxpresso/tools/bin/../lib/gcc/arm-none-eabi/5.4.1/armv7-m/libgcc.a(_aeabi_uldivmod.o)
                0x000052c8                __aeabi_uldivmod
 .text          0x000052f8      0x2ec /usr/local/lpcxpresso_8.2.2_650/lpcxpresso/tools/bin/../lib/gcc/arm-none-eabi/5.4.1/armv7-m/libgcc.a(_udivmoddi4.o)
                0x000052f8                __udivmoddi4
 .text          0x000055e4        0x4 /usr/local/lpcxpresso_8.2.2_650/lpcxpresso/tools/bin/../lib/gcc/arm-none-eabi/5.4.1/armv7-m/libgcc.a(_dvmd_tls.o)
                0x000055e4                __aeabi_ldiv0
                0x000055e4                __aeabi_idiv0
 .text.memcmp   0x000055e8       0x64 /usr/local/lpcxpresso_8.2.2_650/lpcxpresso/tools/bin/../lib/gcc/arm-none-eabi/5.4.1/../../../../arm-none-eabi/lib/armv7-m/libc.a(lib_a-memcmp.o)
                0x000055e8                memcmp
 .text          0x0000564c       0xec /usr/local/lpcxpresso_8.2.2_650/lpcxpresso/tools/bin/../lib/gcc/arm-none-eabi/5.4.1/../../../../arm-none-eabi/lib/armv7-m/libc.a(lib_a-memcpy.o)
                0x0000564c                memcpy
 .text.memset   0x00005738       0x9c /usr/local/lpcxpresso_8.2.2_650/lpcxpresso/tools/bin/../lib/gcc/arm-none-eabi/5.4.1/../../../../arm-none-eabi/lib/armv7-m/libc.a(lib_a-memset.o)
                0x00005738                memset
 .text.sprintf  0x000057d4       0x4c /usr/local/lpcxpresso_8.2.2_650/lpcxpresso/tools/bin/../lib/gcc/arm-none-eabi/5.4.1/../../../../arm-none-eabi/lib/armv7-m/libc.a(lib_a-sprintf.o)
                0x000057d4                sprintf
 .text.strlen   0x00005820       0x5c /usr/local/lpcxpresso_8.2.2_650/lpcxpresso/tools/bin/../lib/gcc/arm-none-eabi/5.4.1/../../../../arm-none-eabi/lib/armv7-m/libc.a(lib_a-strlen-stub.o)
                0x00005820                strlen
 .text._svfprintf_r
                0x0000587c     0x175c /usr/local/lpcxpresso_8.2.2_650/lpcxpresso/tools/bin/../lib/gcc/arm-none-eabi/5.4.1/../../../../arm-none-eabi/lib/armv7-m/libc.a(lib_a-svfprintf.o)
                0x0000587c                _svfprintf_r
 .text.quorem   0x00006fd8      0x12c /usr/local/lpcxpresso_8.2.2_650/lpcxpresso/tools/bin/../lib/gcc/arm-none-eabi/5.4.1/../../../../arm-none-eabi/lib/armv7-m/libc.a(lib_a-dtoa.o)
 *fill*         0x00007104        0x4 ff
 .text._dtoa_r  0x00007108      0xe4c /usr/local/lpcxpresso_8.2.2_650/lpcxpresso/tools/bin/../lib/gcc/arm-none-eabi/5.4.1/../../../../arm-none-eabi/lib/armv7-m/libc.a(lib_a-dtoa.o)
                0x00007108                _dtoa_r
 .text._localeconv_r
                0x00007f54        0x8 /usr/local/lpcxpresso_8.2.2_650/lpcxpresso/tools/bin/../lib/gcc/arm-none-eabi/5.4.1/../../../../arm-none-eabi/lib/armv7-m/libc.a(lib_a-locale.o)
                0x00007f54                _localeconv_r
 .text._malloc_r
                0x00007f5c      0x558 /usr/local/lpcxpresso_8.2.2_650/lpcxpresso/tools/bin/../lib/gcc/arm-none-eabi/5.4.1/../../../../arm-none-eabi/lib/armv7-m/libc.a(lib_a-mallocr.o)
                0x00007f5c                _malloc_r
 .text.memchr   0x000084b4       0x8c /usr/local/lpcxpresso_8.2.2_650/lpcxpresso/tools/bin/../lib/gcc/arm-none-eabi/5.4.1/../../../../arm-none-eabi/lib/armv7-m/libc.a(lib_a-memchr-stub.o)
                0x000084b4                memchr
 .text.__malloc_lock
                0x00008540        0x4 /usr/local/lpcxpresso_8.2.2_650/lpcxpresso/tools/bin/../lib/gcc/arm-none-eabi/5.4.1/../../../../arm-none-eabi/lib/armv7-m/libc.a(lib_a-mlock.o)
                0x00008540                __malloc_lock
 .text.__malloc_unlock
                0x00008544        0x4 /usr/local/lpcxpresso_8.2.2_650/lpcxpresso/tools/bin/../lib/gcc/arm-none-eabi/5.4.1/../../../../arm-none-eabi/lib/armv7-m/libc.a(lib_a-mlock.o)
                0x00008544                __malloc_unlock
 .text._Balloc  0x00008548       0x50 /usr/local/lpcxpresso_8.2.2_650/lpcxpresso/tools/bin/../lib/gcc/arm-none-eabi/5.4.1/../../../../arm-none-eabi/lib/armv7-m/libc.a(lib_a-mprec.o)
                0x00008548                _Balloc
 .text._Bfree   0x00008598       0x14 /usr/local/lpcxpresso_8.2.2_650/lpcxpresso/tools/bin/../lib/gcc/arm-none-eabi/5.4.1/../../../../arm-none-eabi/lib/armv7-m/libc.a(lib_a-mprec.o)
                0x00008598                _Bfree
 .text.__multadd
                0x000085ac       0x80 /usr/local/lpcxpresso_8.2.2_650/lpcxpresso/tools/bin/../lib/gcc/arm-none-eabi/5.4.1/../../../../arm-none-eabi/lib/armv7-m/libc.a(lib_a-mprec.o)
                0x000085ac                __multadd
 .text.__hi0bits
                0x0000862c       0x40 /usr/local/lpcxpresso_8.2.2_650/lpcxpresso/tools/bin/../lib/gcc/arm-none-eabi/5.4.1/../../../../arm-none-eabi/lib/armv7-m/libc.a(lib_a-mprec.o)
                0x0000862c                __hi0bits
 .text.__lo0bits
                0x0000866c       0x5c /usr/local/lpcxpresso_8.2.2_650/lpcxpresso/tools/bin/../lib/gcc/arm-none-eabi/5.4.1/../../../../arm-none-eabi/lib/armv7-m/libc.a(lib_a-mprec.o)
                0x0000866c                __lo0bits
 .text.__i2b    0x000086c8       0x14 /usr/local/lpcxpresso_8.2.2_650/lpcxpresso/tools/bin/../lib/gcc/arm-none-eabi/5.4.1/../../../../arm-none-eabi/lib/armv7-m/libc.a(lib_a-mprec.o)
                0x000086c8                __i2b
 .text.__multiply
                0x000086dc      0x13c /usr/local/lpcxpresso_8.2.2_650/lpcxpresso/tools/bin/../lib/gcc/arm-none-eabi/5.4.1/../../../../arm-none-eabi/lib/armv7-m/libc.a(lib_a-mprec.o)
                0x000086dc                __multiply
 .text.__pow5mult
                0x00008818       0xa0 /usr/local/lpcxpresso_8.2.2_650/lpcxpresso/tools/bin/../lib/gcc/arm-none-eabi/5.4.1/../../../../arm-none-eabi/lib/armv7-m/libc.a(lib_a-mprec.o)
                0x00008818                __pow5mult
 .text.__lshift
                0x000088b8       0xac /usr/local/lpcxpresso_8.2.2_650/lpcxpresso/tools/bin/../lib/gcc/arm-none-eabi/5.4.1/../../../../arm-none-eabi/lib/armv7-m/libc.a(lib_a-mprec.o)
                0x000088b8                __lshift
 .text.__mcmp   0x00008964       0x40 /usr/local/lpcxpresso_8.2.2_650/lpcxpresso/tools/bin/../lib/gcc/arm-none-eabi/5.4.1/../../../../arm-none-eabi/lib/armv7-m/libc.a(lib_a-mprec.o)
                0x00008964                __mcmp
 .text.__mdiff  0x000089a4      0x128 /usr/local/lpcxpresso_8.2.2_650/lpcxpresso/tools/bin/../lib/gcc/arm-none-eabi/5.4.1/../../../../arm-none-eabi/lib/armv7-m/libc.a(lib_a-mprec.o)
                0x000089a4                __mdiff
 .text.__d2b    0x00008acc       0xa8 /usr/local/lpcxpresso_8.2.2_650/lpcxpresso/tools/bin/../lib/gcc/arm-none-eabi/5.4.1/../../../../arm-none-eabi/lib/armv7-m/libc.a(lib_a-mprec.o)
                0x00008acc                __d2b
 .text._sbrk_r  0x00008b74       0x24 /usr/local/lpcxpresso_8.2.2_650/lpcxpresso/tools/bin/../lib/gcc/arm-none-eabi/5.4.1/../../../../arm-none-eabi/lib/armv7-m/libc.a(lib_a-sbrkr.o)
                0x00008b74                _sbrk_r
 .text.__ssprint_r
                0x00008b98      0x100 /usr/local/lpcxpresso_8.2.2_650/lpcxpresso/tools/bin/../lib/gcc/arm-none-eabi/5.4.1/../../../../arm-none-eabi/lib/armv7-m/libc.a(lib_a-svfiprintf.o)
                0x00008b98                __ssprint_r
 .text._calloc_r
                0x00008c98       0x60 /usr/local/lpcxpresso_8.2.2_650/lpcxpresso/tools/bin/../lib/gcc/arm-none-eabi/5.4.1/../../../../arm-none-eabi/lib/armv7-m/libc.a(lib_a-callocr.o)
                0x00008c98                _calloc_r
 .text._malloc_trim_r
                0x00008cf8       0x9c /usr/local/lpcxpresso_8.2.2_650/lpcxpresso/tools/bin/../lib/gcc/arm-none-eabi/5.4.1/../../../../arm-none-eabi/lib/armv7-m/libc.a(lib_a-freer.o)
                0x00008cf8                _malloc_trim_r
 .text._free_r  0x00008d94      0x1d0 /usr/local/lpcxpresso_8.2.2_650/lpcxpresso/tools/bin/../lib/gcc/arm-none-eabi/5.4.1/../../../../arm-none-eabi/lib/armv7-m/libc.a(lib_a-freer.o)
                0x00008d94                _free_r
 .text.memmove  0x00008f64       0xc8 /usr/local/lpcxpresso_8.2.2_650/lpcxpresso/tools/bin/../lib/gcc/arm-none-eabi/5.4.1/../../../../arm-none-eabi/lib/armv7-m/libc.a(lib_a-memmove.o)
                0x00008f64                memmove
 .text._realloc_r
                0x0000902c      0x3d4 /usr/local/lpcxpresso_8.2.2_650/lpcxpresso/tools/bin/../lib/gcc/arm-none-eabi/5.4.1/../../../../arm-none-eabi/lib/armv7-m/libc.a(lib_a-reallocr.o)
                0x0000902c                _realloc_r
 .text._sbrk    0x00009400       0x3c /usr/local/lpcxpresso_8.2.2_650/lpcxpresso/tools/bin/../lib/gcc/arm-none-eabi/5.4.1/../../../../arm-none-eabi/lib/armv7-m/libcr_newlib_semihost.a(_cr_sbrk.o)
                0x00009400                _sbrk
 .text.__check_heap_overflow
                0x0000943c       0x18 /usr/local/lpcxpresso_8.2.2_650/lpcxpresso/tools/bin/../lib/gcc/arm-none-eabi/5.4.1/../../../../arm-none-eabi/lib/armv7-m/libcr_newlib_semihost.a(_cr_check_heap.o)
                0x0000943c                __check_heap_overflow
 .text          0x00009454      0x370 /usr/local/lpcxpresso_8.2.2_650/lpcxpresso/tools/bin/../lib/gcc/arm-none-eabi/5.4.1/armv7-m/libgcc.a(_arm_addsubdf3.o)
                0x00009454                __aeabi_drsub
                0x0000945c                __aeabi_dsub
                0x0000945c                __subdf3
                0x00009460                __adddf3
                0x00009460                __aeabi_dadd
                0x000096d8                __aeabi_ui2d
                0x000096d8                __floatunsidf
                0x000096f8                __floatsidf
                0x000096f8                __aeabi_i2d
                0x0000971c                __extendsfdf2
                0x0000971c                __aeabi_f2d
                0x00009758                __aeabi_ul2d
                0x00009758                __floatundidf
                0x00009768                __floatdidf
                0x00009768                __aeabi_l2d
 .text          0x000097c4      0x424 /usr/local/lpcxpresso_8.2.2_650/lpcxpresso/tools/bin/../lib/gcc/arm-none-eabi/5.4.1/armv7-m/libgcc.a(_arm_muldivdf3.o)
                0x000097c4                __aeabi_dmul
                0x000097c4                __muldf3
                0x00009a18                __aeabi_ddiv
                0x00009a18                __divdf3
 .text          0x00009be8      0x110 /usr/local/lpcxpresso_8.2.2_650/lpcxpresso/tools/bin/../lib/gcc/arm-none-eabi/5.4.1/armv7-m/libgcc.a(_arm_cmpdf2.o)
                0x00009be8                __gtdf2
                0x00009be8                __gedf2
                0x00009bf0                __ltdf2
                0x00009bf0                __ledf2
                0x00009bf8                __cmpdf2
                0x00009bf8                __eqdf2
                0x00009bf8                __nedf2
                0x00009c74                __aeabi_cdrcmple
                0x00009c84                __aeabi_cdcmple
                0x00009c84                __aeabi_cdcmpeq
                0x00009c94                __aeabi_dcmpeq
                0x00009ca8                __aeabi_dcmplt
                0x00009cbc                __aeabi_dcmple
                0x00009cd0                __aeabi_dcmpge
                0x00009ce4                __aeabi_dcmpgt
 .text          0x00009cf8       0x2c /usr/local/lpcxpresso_8.2.2_650/lpcxpresso/tools/bin/../lib/gcc/arm-none-eabi/5.4.1/armv7-m/libgcc.a(_arm_unorddf2.o)
                0x00009cf8                __aeabi_dcmpun
                0x00009cf8                __unorddf2
 .text          0x00009d24       0x50 /usr/local/lpcxpresso_8.2.2_650/lpcxpresso/tools/bin/../lib/gcc/arm-none-eabi/5.4.1/armv7-m/libgcc.a(_arm_fixdfsi.o)
                0x00009d24                __fixdfsi
                0x00009d24                __aeabi_d2iz
 .text.__errno  0x00009d74        0xc /usr/local/lpcxpresso_8.2.2_650/lpcxpresso/tools/bin/../lib/gcc/arm-none-eabi/5.4.1/../../../../arm-none-eabi/lib/armv7-m/libc.a(lib_a-errno.o)
                0x00009d74                __errno
 *(.rodata .rodata.* .constdata .constdata.*)
 .rodata        0x00009d80       0xf6 ./src/custom_lib.o
 *fill*         0x00009e76        0x2 ff
 .rodata        0x00009e78      0x3c3 ./src/easyweb.o
                0x00009e78                GetResponse
                0x00009ea8                MyIP
                0x00009eac                SubnetMask
                0x00009eb0                GatewayIP
                0x00009eb4                WebSide
 *fill*         0x0000a23b        0x1 ff
 .rodata        0x0000a23c        0x6 ./src/tcpip.o
                0x0000a23c                MyMAC
 *fill*         0x0000a242        0x2 ff
 .rodata        0x0000a244        0x8 /home/pedro/Documents/dev/LPCxpresso/Lib_EaBaseBoard/Debug/libLib_EaBaseBoard.a(oled.o)
 .rodata        0x0000a24c      0x300 /home/pedro/Documents/dev/LPCxpresso/Lib_EaBaseBoard/Debug/libLib_EaBaseBoard.a(font5x7.o)
                0x0000a24c                font5x7
 .rodata        0x0000a54c       0x15 /home/pedro/Documents/dev/LPCxpresso/Lib_MCU/Debug/libLib_MCU.a(lpc17xx_i2c.o)
 *fill*         0x0000a561        0x3 ff
 .rodata        0x0000a564       0x15 /home/pedro/Documents/dev/LPCxpresso/Lib_MCU/Debug/libLib_MCU.a(lpc17xx_ssp.o)
 *fill*         0x0000a579        0x3 ff
 .rodata        0x0000a57c       0x17 /home/pedro/Documents/dev/LPCxpresso/Lib_MCU/Debug/libLib_MCU.a(lpc17xx_timer.o)
 *fill*         0x0000a593        0x1 ff
 .rodata        0x0000a594       0x16 /home/pedro/Documents/dev/LPCxpresso/Lib_MCU/Debug/libLib_MCU.a(lpc17xx_uart.o)
 *fill*         0x0000a5aa        0x2 ff
 .rodata.blanks.7055
                0x0000a5ac       0x10 /usr/local/lpcxpresso_8.2.2_650/lpcxpresso/tools/bin/../lib/gcc/arm-none-eabi/5.4.1/../../../../arm-none-eabi/lib/armv7-m/libc.a(lib_a-svfprintf.o)
 .rodata.str1.4
                0x0000a5bc       0x42 /usr/local/lpcxpresso_8.2.2_650/lpcxpresso/tools/bin/../lib/gcc/arm-none-eabi/5.4.1/../../../../arm-none-eabi/lib/armv7-m/libc.a(lib_a-svfprintf.o)
 *fill*         0x0000a5fe        0x2 ff
 .rodata.zeroes.7056
                0x0000a600       0x10 /usr/local/lpcxpresso_8.2.2_650/lpcxpresso/tools/bin/../lib/gcc/arm-none-eabi/5.4.1/../../../../arm-none-eabi/lib/armv7-m/libc.a(lib_a-svfprintf.o)
 .rodata.str1.4
                0x0000a610       0x10 /usr/local/lpcxpresso_8.2.2_650/lpcxpresso/tools/bin/../lib/gcc/arm-none-eabi/5.4.1/../../../../arm-none-eabi/lib/armv7-m/libc.a(lib_a-dtoa.o)
                                 0x12 (size before relaxing)
 .rodata.str1.4
                0x0000a620        0x2 /usr/local/lpcxpresso_8.2.2_650/lpcxpresso/tools/bin/../lib/gcc/arm-none-eabi/5.4.1/../../../../arm-none-eabi/lib/armv7-m/libc.a(lib_a-impure.o)
 *fill*         0x0000a622        0x2 ff
 .rodata.str1.4
                0x0000a624        0xc /usr/local/lpcxpresso_8.2.2_650/lpcxpresso/tools/bin/../lib/gcc/arm-none-eabi/5.4.1/../../../../arm-none-eabi/lib/armv7-m/libc.a(lib_a-locale.o)
                                 0x12 (size before relaxing)
 .rodata.__mprec_tens
                0x0000a630       0xc8 /usr/local/lpcxpresso_8.2.2_650/lpcxpresso/tools/bin/../lib/gcc/arm-none-eabi/5.4.1/../../../../arm-none-eabi/lib/armv7-m/libc.a(lib_a-mprec.o)
                0x0000a630                __mprec_tens
 .rodata.__mprec_bigtens
                0x0000a6f8       0x28 /usr/local/lpcxpresso_8.2.2_650/lpcxpresso/tools/bin/../lib/gcc/arm-none-eabi/5.4.1/../../../../arm-none-eabi/lib/armv7-m/libc.a(lib_a-mprec.o)
                0x0000a6f8                __mprec_bigtens
 .rodata.p05.5396
                0x0000a720        0xc /usr/local/lpcxpresso_8.2.2_650/lpcxpresso/tools/bin/../lib/gcc/arm-none-eabi/5.4.1/../../../../arm-none-eabi/lib/armv7-m/libc.a(lib_a-mprec.o)
                0x0000a72c                . = ALIGN (0x4)

.glue_7         0x0000a72c        0x0
 .glue_7        0x0000a72c        0x0 linker stubs

.glue_7t        0x0000a72c        0x0
 .glue_7t       0x0000a72c        0x0 linker stubs

.vfp11_veneer   0x0000a72c        0x0
 .vfp11_veneer  0x0000a72c        0x0 linker stubs

.v4_bx          0x0000a72c        0x0
 .v4_bx         0x0000a72c        0x0 linker stubs

.iplt           0x0000a72c        0x0
 .iplt          0x0000a72c        0x0 ./src/cr_startup_lpc17.o

.ARM.extab
 *(.ARM.extab* .gnu.linkonce.armextab.*)
                0x0000a72c                __exidx_start = .

.ARM.exidx      0x0000a72c        0x8
 *(.ARM.exidx* .gnu.linkonce.armexidx.*)
 .ARM.exidx     0x0000a72c        0x8 /usr/local/lpcxpresso_8.2.2_650/lpcxpresso/tools/bin/../lib/gcc/arm-none-eabi/5.4.1/armv7-m/libgcc.a(_udivmoddi4.o)
                0x0000a734                __exidx_end = .
                0x0000a734                _etext = .

.rel.dyn        0x0000a734        0x0
 .rel.iplt      0x0000a734        0x0 ./src/cr_startup_lpc17.o

.data_RAM2      0x2007c000        0x0 load address 0x0000a734
 FILL mask 0xff
                [!provide]                PROVIDE (__start_data_RAM2, .)
 *(.ramfunc.$RAM2)
 *(.ramfunc.$RamAHB32)
 *(.data.$RAM2*)
 *(.data.$RamAHB32*)
                0x2007c000                . = ALIGN (0x4)
                [!provide]                PROVIDE (__end_data_RAM2, .)

.uninit_RESERVED
                0x10000000        0x0
 *(.bss.$RESERVED*)
                0x10000000                . = ALIGN (0x4)
                0x10000000                _end_uninit_RESERVED = .

.data           0x10000000      0x89c load address 0x0000a734
 FILL mask 0xff
                0x10000000                _data = .
 *(vtable)
 *(.ramfunc*)
 *(.data*)
 .data          0x10000000       0x18 ./src/easyweb.o
                0x10000000                light
                0x10000014                aaScrollbar
 .data.SystemCoreClock
                0x10000018        0x4 /home/pedro/Documents/dev/LPCxpresso/CMSISv2p00_LPC17xx/Debug/libCMSISv2p00_LPC17xx.a(system_LPC17xx.o)
                0x10000018                SystemCoreClock
 .data          0x1000001c        0x8 /home/pedro/Documents/dev/LPCxpresso/Lib_EaBaseBoard/Debug/libLib_EaBaseBoard.a(light.o)
 *fill*         0x10000024        0x4 ff
 .data.impure_data
                0x10000028      0x428 /usr/local/lpcxpresso_8.2.2_650/lpcxpresso/tools/bin/../lib/gcc/arm-none-eabi/5.4.1/../../../../arm-none-eabi/lib/armv7-m/libc.a(lib_a-impure.o)
 .data._impure_ptr
                0x10000450        0x4 /usr/local/lpcxpresso_8.2.2_650/lpcxpresso/tools/bin/../lib/gcc/arm-none-eabi/5.4.1/../../../../arm-none-eabi/lib/armv7-m/libc.a(lib_a-impure.o)
                0x10000450                _impure_ptr
 .data.lconv    0x10000454       0x38 /usr/local/lpcxpresso_8.2.2_650/lpcxpresso/tools/bin/../lib/gcc/arm-none-eabi/5.4.1/../../../../arm-none-eabi/lib/armv7-m/libc.a(lib_a-locale.o)
 .data.__malloc_av_
                0x1000048c      0x408 /usr/local/lpcxpresso_8.2.2_650/lpcxpresso/tools/bin/../lib/gcc/arm-none-eabi/5.4.1/../../../../arm-none-eabi/lib/armv7-m/libc.a(lib_a-mallocr.o)
                0x1000048c                __malloc_av_
 .data.__malloc_trim_threshold
                0x10000894        0x4 /usr/local/lpcxpresso_8.2.2_650/lpcxpresso/tools/bin/../lib/gcc/arm-none-eabi/5.4.1/../../../../arm-none-eabi/lib/armv7-m/libc.a(lib_a-mallocr.o)
                0x10000894                __malloc_trim_threshold
 .data.__malloc_sbrk_base
                0x10000898        0x4 /usr/local/lpcxpresso_8.2.2_650/lpcxpresso/tools/bin/../lib/gcc/arm-none-eabi/5.4.1/../../../../arm-none-eabi/lib/armv7-m/libc.a(lib_a-mallocr.o)
                0x10000898                __malloc_sbrk_base
                0x1000089c                . = ALIGN (0x4)
                0x1000089c                _edata = .

.igot.plt       0x1000089c        0x0 load address 0x0000afd0
 .igot.plt      0x1000089c        0x0 ./src/cr_startup_lpc17.o

.bss_RAM2       0x2007c000        0x0
                [!provide]                PROVIDE (__start_bss_RAM2, .)
 *(.bss.$RAM2*)
 *(.bss.$RamAHB32*)
                0x2007c000                . = ALIGN ((. != 0x0)?0x4:0x1)
                [!provide]                PROVIDE (__end_bss_RAM2, .)

.bss            0x1000089c      0x764
                0x1000089c                _bss = .
 *(.bss*)
 .bss           0x1000089c        0x8 ./src/ethmac.o
 .bss           0x100008a4        0x8 ./src/ew_systick.o
                0x100008a4                TimeTick
                0x100008a8                TimeTick2
 .bss           0x100008ac      0x300 /home/pedro/Documents/dev/LPCxpresso/Lib_EaBaseBoard/Debug/libLib_EaBaseBoard.a(oled.o)
 .bss           0x10000bac       0x24 /home/pedro/Documents/dev/LPCxpresso/Lib_MCU/Debug/libLib_MCU.a(lpc17xx_i2c.o)
 .bss           0x10000bd0       0x18 /home/pedro/Documents/dev/LPCxpresso/Lib_MCU/Debug/libLib_MCU.a(lpc17xx_ssp.o)
 .bss.__malloc_max_total_mem
                0x10000be8        0x4 /usr/local/lpcxpresso_8.2.2_650/lpcxpresso/tools/bin/../lib/gcc/arm-none-eabi/5.4.1/../../../../arm-none-eabi/lib/armv7-m/libc.a(lib_a-mallocr.o)
                0x10000be8                __malloc_max_total_mem
 .bss.__malloc_max_sbrked_mem
                0x10000bec        0x4 /usr/local/lpcxpresso_8.2.2_650/lpcxpresso/tools/bin/../lib/gcc/arm-none-eabi/5.4.1/../../../../arm-none-eabi/lib/armv7-m/libc.a(lib_a-mallocr.o)
                0x10000bec                __malloc_max_sbrked_mem
 .bss.__malloc_top_pad
                0x10000bf0        0x4 /usr/local/lpcxpresso_8.2.2_650/lpcxpresso/tools/bin/../lib/gcc/arm-none-eabi/5.4.1/../../../../arm-none-eabi/lib/armv7-m/libc.a(lib_a-mallocr.o)
                0x10000bf0                __malloc_top_pad
 .bss.__malloc_current_mallinfo
                0x10000bf4       0x28 /usr/local/lpcxpresso_8.2.2_650/lpcxpresso/tools/bin/../lib/gcc/arm-none-eabi/5.4.1/../../../../arm-none-eabi/lib/armv7-m/libc.a(lib_a-mallocr.o)
                0x10000bf4                __malloc_current_mallinfo
 .bss.__end_of_heap
                0x10000c1c        0x4 /usr/local/lpcxpresso_8.2.2_650/lpcxpresso/tools/bin/../lib/gcc/arm-none-eabi/5.4.1/../../../../arm-none-eabi/lib/armv7-m/libcr_newlib_semihost.a(_cr_sbrk.o)
                0x10000c1c                __end_of_heap
 *(COMMON)
 COMMON         0x10000c20      0x3da ./src/easyweb.o
                0x10000c20                TCPTimer
                0x10000c24                HTTPBytesToSend
                0x10000c28                TCPRxDataCount
                0x10000c2a                HTTPStatus
                0x10000c2c                TCPTxDataCount
                0x10000c30                RecdFrameIP
                0x10000c34                RemoteMAC
                0x10000c3a                TCPStateMachine
                0x10000c3c                TCPUNASeqNr
                0x10000c40                TCPLocalPort
                0x10000c44                _RxTCPBuffer
                0x10000d44                ITM_RxBuffer
                0x10000d48                TCPFlags
                0x10000d4c                RecdFrameMAC
                0x10000d52                RecdIPFrameLength
                0x10000d54                PWebSide
                0x10000d58                RemoteIP
                0x10000d5c                LastFrameSent
                0x10000d5e                TCPRemotePort
                0x10000d60                TxFrame2Size
                0x10000d64                TCPAckNr
                0x10000d68                TransmitControl
                0x10000d6a                TxFrame1Size
                0x10000d6c                ISNGenHigh
                0x10000d70                _TxFrame2
                0x10000dba                RecdFrameLength
                0x10000dbc                _TxFrame1
                0x10000ff4                TCPSeqNr
                0x10000ff8                RetryCounter
                0x10000ff9                SocketStatus
 *fill*         0x10000ffa        0x2 
 COMMON         0x10000ffc        0x4 /usr/local/lpcxpresso_8.2.2_650/lpcxpresso/tools/bin/../lib/gcc/arm-none-eabi/5.4.1/../../../../arm-none-eabi/lib/armv7-m/libc.a(lib_a-reent.o)
                0x10000ffc                errno
                0x10001000                . = ALIGN (0x4)
                0x10001000                _ebss = .
                [!provide]                PROVIDE (end, .)

.noinit_RAM2    0x2007c000        0x0
 *(.noinit.$RAM2*)
 *(.noinit.$RamAHB32*)
                0x2007c000                . = ALIGN (0x4)

.noinit         0x10001000        0x0
                0x10001000                _noinit = .
 *(.noinit*)
                0x10001000                . = ALIGN (0x4)
                0x10001000                _end_noinit = .
                0x10001000                PROVIDE (_pvHeapStart, DEFINED (__user_heap_base)?__user_heap_base:.)
                0x10008000                PROVIDE (_vStackTop, DEFINED (__user_stack_top)?__user_stack_top:(__top_RamLoc32 - 0x0))
                [!provide]                PROVIDE (__valid_user_code_checksum, (0x0 - ((((((_vStackTop + (ResetISR + 0x1)) + (NMI_Handler + 0x1)) + (HardFault_Handler + 0x1)) + (DEFINED (MemManage_Handler)?MemManage_Handler:0x0 + 0x1)) + (DEFINED (BusFault_Handler)?BusFault_Handler:0x0 + 0x1)) + (DEFINED (UsageFault_Handler)?UsageFault_Handler:0x0 + 0x1))))
OUTPUT(easyweb.axf elf32-littlearm)

.debug_info     0x00000000     0x8b0d
 .debug_info    0x00000000      0x1b6 ./src/cr_startup_lpc17.o
 .debug_info    0x000001b6      0x724 ./src/custom_lib.o
 .debug_info    0x000008da      0x7d7 ./src/easyweb.o
 .debug_info    0x000010b1      0xab5 ./src/ethmac.o
 .debug_info    0x00001b66      0x846 ./src/ew_systick.o
 .debug_info    0x000023ac      0xaf9 ./src/tcpip.o
 .debug_info    0x00002ea5      0x318 /home/pedro/Documents/dev/LPCxpresso/CMSISv2p00_LPC17xx/Debug/libCMSISv2p00_LPC17xx.a(system_LPC17xx.o)
 .debug_info    0x000031bd      0x706 /home/pedro/Documents/dev/LPCxpresso/Lib_EaBaseBoard/Debug/libLib_EaBaseBoard.a(light.o)
 .debug_info    0x000038c3      0x920 /home/pedro/Documents/dev/LPCxpresso/Lib_EaBaseBoard/Debug/libLib_EaBaseBoard.a(oled.o)
 .debug_info    0x000041e3       0xda /home/pedro/Documents/dev/LPCxpresso/Lib_EaBaseBoard/Debug/libLib_EaBaseBoard.a(rgb.o)
 .debug_info    0x000042bd       0x61 /home/pedro/Documents/dev/LPCxpresso/Lib_EaBaseBoard/Debug/libLib_EaBaseBoard.a(font5x7.o)
 .debug_info    0x0000431e      0xad4 /home/pedro/Documents/dev/LPCxpresso/Lib_MCU/Debug/libLib_MCU.a(lpc17xx_gpio.o)
 .debug_info    0x00004df2      0xc14 /home/pedro/Documents/dev/LPCxpresso/Lib_MCU/Debug/libLib_MCU.a(lpc17xx_i2c.o)
 .debug_info    0x00005a06       0xc5 /home/pedro/Documents/dev/LPCxpresso/Lib_MCU/Debug/libLib_MCU.a(lpc17xx_libcfg_default.o)
 .debug_info    0x00005acb      0x459 /home/pedro/Documents/dev/LPCxpresso/Lib_MCU/Debug/libLib_MCU.a(lpc17xx_pinsel.o)
 .debug_info    0x00005f24      0x7e1 /home/pedro/Documents/dev/LPCxpresso/Lib_MCU/Debug/libLib_MCU.a(lpc17xx_ssp.o)
 .debug_info    0x00006705      0x87a /home/pedro/Documents/dev/LPCxpresso/Lib_MCU/Debug/libLib_MCU.a(lpc17xx_timer.o)
 .debug_info    0x00006f7f     0x13c8 /home/pedro/Documents/dev/LPCxpresso/Lib_MCU/Debug/libLib_MCU.a(lpc17xx_uart.o)
 .debug_info    0x00008347      0x638 /home/pedro/Documents/dev/LPCxpresso/Lib_MCU/Debug/libLib_MCU.a(lpc17xx_clkpwr.o)
 .debug_info    0x0000897f      0x124 /usr/local/lpcxpresso_8.2.2_650/lpcxpresso/tools/bin/../lib/gcc/arm-none-eabi/5.4.1/../../../../arm-none-eabi/lib/armv7-m/libcr_newlib_semihost.a(_cr_sbrk.o)
 .debug_info    0x00008aa3       0x6a /usr/local/lpcxpresso_8.2.2_650/lpcxpresso/tools/bin/../lib/gcc/arm-none-eabi/5.4.1/../../../../arm-none-eabi/lib/armv7-m/libcr_newlib_semihost.a(_cr_check_heap.o)

.debug_abbrev   0x00000000     0x1f8f
 .debug_abbrev  0x00000000       0xb9 ./src/cr_startup_lpc17.o
 .debug_abbrev  0x000000b9      0x1b7 ./src/custom_lib.o
 .debug_abbrev  0x00000270      0x1e2 ./src/easyweb.o
 .debug_abbrev  0x00000452      0x242 ./src/ethmac.o
 .debug_abbrev  0x00000694      0x1bb ./src/ew_systick.o
 .debug_abbrev  0x0000084f      0x26f ./src/tcpip.o
 .debug_abbrev  0x00000abe       0xe6 /home/pedro/Documents/dev/LPCxpresso/CMSISv2p00_LPC17xx/Debug/libCMSISv2p00_LPC17xx.a(system_LPC17xx.o)
 .debug_abbrev  0x00000ba4      0x1d2 /home/pedro/Documents/dev/LPCxpresso/Lib_EaBaseBoard/Debug/libLib_EaBaseBoard.a(light.o)
 .debug_abbrev  0x00000d76      0x201 /home/pedro/Documents/dev/LPCxpresso/Lib_EaBaseBoard/Debug/libLib_EaBaseBoard.a(oled.o)
 .debug_abbrev  0x00000f77       0x93 /home/pedro/Documents/dev/LPCxpresso/Lib_EaBaseBoard/Debug/libLib_EaBaseBoard.a(rgb.o)
 .debug_abbrev  0x0000100a       0x48 /home/pedro/Documents/dev/LPCxpresso/Lib_EaBaseBoard/Debug/libLib_EaBaseBoard.a(font5x7.o)
 .debug_abbrev  0x00001052      0x193 /home/pedro/Documents/dev/LPCxpresso/Lib_MCU/Debug/libLib_MCU.a(lpc17xx_gpio.o)
 .debug_abbrev  0x000011e5      0x28b /home/pedro/Documents/dev/LPCxpresso/Lib_MCU/Debug/libLib_MCU.a(lpc17xx_i2c.o)
 .debug_abbrev  0x00001470       0x6c /home/pedro/Documents/dev/LPCxpresso/Lib_MCU/Debug/libLib_MCU.a(lpc17xx_libcfg_default.o)
 .debug_abbrev  0x000014dc      0x12b /home/pedro/Documents/dev/LPCxpresso/Lib_MCU/Debug/libLib_MCU.a(lpc17xx_pinsel.o)
 .debug_abbrev  0x00001607      0x1fd /home/pedro/Documents/dev/LPCxpresso/Lib_MCU/Debug/libLib_MCU.a(lpc17xx_ssp.o)
 .debug_abbrev  0x00001804      0x1e2 /home/pedro/Documents/dev/LPCxpresso/Lib_MCU/Debug/libLib_MCU.a(lpc17xx_timer.o)
 .debug_abbrev  0x000019e6      0x2ac /home/pedro/Documents/dev/LPCxpresso/Lib_MCU/Debug/libLib_MCU.a(lpc17xx_uart.o)
 .debug_abbrev  0x00001c92      0x1cc /home/pedro/Documents/dev/LPCxpresso/Lib_MCU/Debug/libLib_MCU.a(lpc17xx_clkpwr.o)
 .debug_abbrev  0x00001e5e       0xcf /usr/local/lpcxpresso_8.2.2_650/lpcxpresso/tools/bin/../lib/gcc/arm-none-eabi/5.4.1/../../../../arm-none-eabi/lib/armv7-m/libcr_newlib_semihost.a(_cr_sbrk.o)
 .debug_abbrev  0x00001f2d       0x62 /usr/local/lpcxpresso_8.2.2_650/lpcxpresso/tools/bin/../lib/gcc/arm-none-eabi/5.4.1/../../../../arm-none-eabi/lib/armv7-m/libcr_newlib_semihost.a(_cr_check_heap.o)

.debug_aranges  0x00000000      0x978
 .debug_aranges
                0x00000000       0x70 ./src/cr_startup_lpc17.o
 .debug_aranges
                0x00000070       0x50 ./src/custom_lib.o
 .debug_aranges
                0x000000c0       0x40 ./src/easyweb.o
 .debug_aranges
                0x00000100       0x88 ./src/ethmac.o
 .debug_aranges
                0x00000188       0x38 ./src/ew_systick.o
 .debug_aranges
                0x000001c0      0x108 ./src/tcpip.o
 .debug_aranges
                0x000002c8       0x28 /home/pedro/Documents/dev/LPCxpresso/CMSISv2p00_LPC17xx/Debug/libCMSISv2p00_LPC17xx.a(system_LPC17xx.o)
 .debug_aranges
                0x000002f0       0x98 /home/pedro/Documents/dev/LPCxpresso/Lib_EaBaseBoard/Debug/libLib_EaBaseBoard.a(light.o)
 .debug_aranges
                0x00000388       0x90 /home/pedro/Documents/dev/LPCxpresso/Lib_EaBaseBoard/Debug/libLib_EaBaseBoard.a(oled.o)
 .debug_aranges
                0x00000418       0x28 /home/pedro/Documents/dev/LPCxpresso/Lib_EaBaseBoard/Debug/libLib_EaBaseBoard.a(rgb.o)
 .debug_aranges
                0x00000440       0x18 /home/pedro/Documents/dev/LPCxpresso/Lib_EaBaseBoard/Debug/libLib_EaBaseBoard.a(font5x7.o)
 .debug_aranges
                0x00000458       0xc8 /home/pedro/Documents/dev/LPCxpresso/Lib_MCU/Debug/libLib_MCU.a(lpc17xx_gpio.o)
 .debug_aranges
                0x00000520       0xd0 /home/pedro/Documents/dev/LPCxpresso/Lib_MCU/Debug/libLib_MCU.a(lpc17xx_i2c.o)
 .debug_aranges
                0x000005f0       0x20 /home/pedro/Documents/dev/LPCxpresso/Lib_MCU/Debug/libLib_MCU.a(lpc17xx_libcfg_default.o)
 .debug_aranges
                0x00000610       0x48 /home/pedro/Documents/dev/LPCxpresso/Lib_MCU/Debug/libLib_MCU.a(lpc17xx_pinsel.o)
 .debug_aranges
                0x00000658       0xb8 /home/pedro/Documents/dev/LPCxpresso/Lib_MCU/Debug/libLib_MCU.a(lpc17xx_ssp.o)
 .debug_aranges
                0x00000710       0xa0 /home/pedro/Documents/dev/LPCxpresso/Lib_MCU/Debug/libLib_MCU.a(lpc17xx_timer.o)
 .debug_aranges
                0x000007b0      0x130 /home/pedro/Documents/dev/LPCxpresso/Lib_MCU/Debug/libLib_MCU.a(lpc17xx_uart.o)
 .debug_aranges
                0x000008e0       0x58 /home/pedro/Documents/dev/LPCxpresso/Lib_MCU/Debug/libLib_MCU.a(lpc17xx_clkpwr.o)
 .debug_aranges
                0x00000938       0x20 /usr/local/lpcxpresso_8.2.2_650/lpcxpresso/tools/bin/../lib/gcc/arm-none-eabi/5.4.1/../../../../arm-none-eabi/lib/armv7-m/libcr_newlib_semihost.a(_cr_sbrk.o)
 .debug_aranges
                0x00000958       0x20 /usr/local/lpcxpresso_8.2.2_650/lpcxpresso/tools/bin/../lib/gcc/arm-none-eabi/5.4.1/../../../../arm-none-eabi/lib/armv7-m/libcr_newlib_semihost.a(_cr_check_heap.o)

.debug_ranges   0x00000000      0x820
 .debug_ranges  0x00000000       0x60 ./src/cr_startup_lpc17.o
 .debug_ranges  0x00000060       0x40 ./src/custom_lib.o
 .debug_ranges  0x000000a0       0x30 ./src/easyweb.o
 .debug_ranges  0x000000d0       0x78 ./src/ethmac.o
 .debug_ranges  0x00000148       0x28 ./src/ew_systick.o
 .debug_ranges  0x00000170       0xf8 ./src/tcpip.o
 .debug_ranges  0x00000268       0x18 /home/pedro/Documents/dev/LPCxpresso/CMSISv2p00_LPC17xx/Debug/libCMSISv2p00_LPC17xx.a(system_LPC17xx.o)
 .debug_ranges  0x00000280       0x88 /home/pedro/Documents/dev/LPCxpresso/Lib_EaBaseBoard/Debug/libLib_EaBaseBoard.a(light.o)
 .debug_ranges  0x00000308       0x80 /home/pedro/Documents/dev/LPCxpresso/Lib_EaBaseBoard/Debug/libLib_EaBaseBoard.a(oled.o)
 .debug_ranges  0x00000388       0x18 /home/pedro/Documents/dev/LPCxpresso/Lib_EaBaseBoard/Debug/libLib_EaBaseBoard.a(rgb.o)
 .debug_ranges  0x000003a0       0xb8 /home/pedro/Documents/dev/LPCxpresso/Lib_MCU/Debug/libLib_MCU.a(lpc17xx_gpio.o)
 .debug_ranges  0x00000458       0xc0 /home/pedro/Documents/dev/LPCxpresso/Lib_MCU/Debug/libLib_MCU.a(lpc17xx_i2c.o)
 .debug_ranges  0x00000518       0x10 /home/pedro/Documents/dev/LPCxpresso/Lib_MCU/Debug/libLib_MCU.a(lpc17xx_libcfg_default.o)
 .debug_ranges  0x00000528       0x38 /home/pedro/Documents/dev/LPCxpresso/Lib_MCU/Debug/libLib_MCU.a(lpc17xx_pinsel.o)
 .debug_ranges  0x00000560       0xa8 /home/pedro/Documents/dev/LPCxpresso/Lib_MCU/Debug/libLib_MCU.a(lpc17xx_ssp.o)
 .debug_ranges  0x00000608       0x90 /home/pedro/Documents/dev/LPCxpresso/Lib_MCU/Debug/libLib_MCU.a(lpc17xx_timer.o)
 .debug_ranges  0x00000698      0x120 /home/pedro/Documents/dev/LPCxpresso/Lib_MCU/Debug/libLib_MCU.a(lpc17xx_uart.o)
 .debug_ranges  0x000007b8       0x48 /home/pedro/Documents/dev/LPCxpresso/Lib_MCU/Debug/libLib_MCU.a(lpc17xx_clkpwr.o)
 .debug_ranges  0x00000800       0x10 /usr/local/lpcxpresso_8.2.2_650/lpcxpresso/tools/bin/../lib/gcc/arm-none-eabi/5.4.1/../../../../arm-none-eabi/lib/armv7-m/libcr_newlib_semihost.a(_cr_sbrk.o)
 .debug_ranges  0x00000810       0x10 /usr/local/lpcxpresso_8.2.2_650/lpcxpresso/tools/bin/../lib/gcc/arm-none-eabi/5.4.1/../../../../arm-none-eabi/lib/armv7-m/libcr_newlib_semihost.a(_cr_check_heap.o)

.debug_macro    0x00000000     0x7ada
 .debug_macro   0x00000000       0x79 ./src/cr_startup_lpc17.o
 .debug_macro   0x00000079      0x886 ./src/cr_startup_lpc17.o
 .debug_macro   0x000008ff       0x22 ./src/cr_startup_lpc17.o
 .debug_macro   0x00000921       0x87 ./src/cr_startup_lpc17.o
 .debug_macro   0x000009a8       0x44 ./src/cr_startup_lpc17.o
 .debug_macro   0x000009ec       0xfd ./src/cr_startup_lpc17.o
 .debug_macro   0x00000ae9       0x5e ./src/cr_startup_lpc17.o
 .debug_macro   0x00000b47      0x1df ./src/cr_startup_lpc17.o
 .debug_macro   0x00000d26      0x1bd ./src/custom_lib.o
 .debug_macro   0x00000ee3       0x10 ./src/custom_lib.o
 .debug_macro   0x00000ef3       0x1c ./src/custom_lib.o
 .debug_macro   0x00000f0f       0x2e ./src/custom_lib.o
 .debug_macro   0x00000f3d       0x18 ./src/custom_lib.o
 .debug_macro   0x00000f55      0x7af ./src/custom_lib.o
 .debug_macro   0x00001704      0x2c7 ./src/custom_lib.o
 .debug_macro   0x000019cb       0x63 ./src/custom_lib.o
 .debug_macro   0x00001a2e      0x2a9 ./src/custom_lib.o
 .debug_macro   0x00001cd7      0x149 ./src/custom_lib.o
 .debug_macro   0x00001e20      0x32a ./src/custom_lib.o
 .debug_macro   0x0000214a      0x192 ./src/custom_lib.o
 .debug_macro   0x000022dc       0xe9 ./src/custom_lib.o
 .debug_macro   0x000023c5       0x46 ./src/custom_lib.o
 .debug_macro   0x0000240b       0x16 ./src/custom_lib.o
 .debug_macro   0x00002421       0x16 ./src/custom_lib.o
 .debug_macro   0x00002437      0x2db ./src/custom_lib.o
 .debug_macro   0x00002712       0x52 ./src/custom_lib.o
 .debug_macro   0x00002764       0x35 ./src/custom_lib.o
 .debug_macro   0x00002799       0x9c ./src/custom_lib.o
 .debug_macro   0x00002835      0x174 ./src/custom_lib.o
 .debug_macro   0x000029a9       0x52 ./src/custom_lib.o
 .debug_macro   0x000029fb       0x1f ./src/custom_lib.o
 .debug_macro   0x00002a1a       0x43 ./src/custom_lib.o
 .debug_macro   0x00002a5d       0x20 ./src/custom_lib.o
 .debug_macro   0x00002a7d      0x187 ./src/custom_lib.o
 .debug_macro   0x00002c04      0x30d ./src/custom_lib.o
 .debug_macro   0x00002f11       0x10 ./src/custom_lib.o
 .debug_macro   0x00002f21       0x35 ./src/custom_lib.o
 .debug_macro   0x00002f56      0x2b6 ./src/easyweb.o
 .debug_macro   0x0000320c       0x4c ./src/easyweb.o
 .debug_macro   0x00003258       0x8d ./src/easyweb.o
 .debug_macro   0x000032e5       0x16 ./src/easyweb.o
 .debug_macro   0x000032fb      0x10e ./src/easyweb.o
 .debug_macro   0x00003409       0x8d ./src/easyweb.o
 .debug_macro   0x00003496       0x4a ./src/easyweb.o
 .debug_macro   0x000034e0       0x16 ./src/easyweb.o
 .debug_macro   0x000034f6       0x29 ./src/easyweb.o
 .debug_macro   0x0000351f       0x1c ./src/easyweb.o
 .debug_macro   0x0000353b       0x10 ./src/easyweb.o
 .debug_macro   0x0000354b       0x10 ./src/easyweb.o
 .debug_macro   0x0000355b       0x1c ./src/easyweb.o
 .debug_macro   0x00003577       0x52 ./src/easyweb.o
 .debug_macro   0x000035c9       0x40 ./src/easyweb.o
 .debug_macro   0x00003609       0x10 ./src/easyweb.o
 .debug_macro   0x00003619       0x40 ./src/easyweb.o
 .debug_macro   0x00003659       0xd7 ./src/easyweb.o
 .debug_macro   0x00003730       0x16 ./src/easyweb.o
 .debug_macro   0x00003746      0x189 ./src/easyweb.o
 .debug_macro   0x000038cf       0x16 ./src/easyweb.o
 .debug_macro   0x000038e5       0x10 ./src/easyweb.o
 .debug_macro   0x000038f5      0x5e5 ./src/easyweb.o
 .debug_macro   0x00003eda       0x5d ./src/easyweb.o
 .debug_macro   0x00003f37      0x143 ./src/easyweb.o
 .debug_macro   0x0000407a      0x2af ./src/easyweb.o
 .debug_macro   0x00004329       0x1c ./src/easyweb.o
 .debug_macro   0x00004345       0xc6 ./src/ethmac.o
 .debug_macro   0x0000440b       0x9c ./src/ew_systick.o
 .debug_macro   0x000044a7      0x156 ./src/tcpip.o
 .debug_macro   0x000045fd      0x12b /home/pedro/Documents/dev/LPCxpresso/CMSISv2p00_LPC17xx/Debug/libCMSISv2p00_LPC17xx.a(system_LPC17xx.o)
 .debug_macro   0x00004728      0x886 /home/pedro/Documents/dev/LPCxpresso/CMSISv2p00_LPC17xx/Debug/libCMSISv2p00_LPC17xx.a(system_LPC17xx.o)
 .debug_macro   0x00004fae       0x10 /home/pedro/Documents/dev/LPCxpresso/CMSISv2p00_LPC17xx/Debug/libCMSISv2p00_LPC17xx.a(system_LPC17xx.o)
 .debug_macro   0x00004fbe      0x12d /home/pedro/Documents/dev/LPCxpresso/CMSISv2p00_LPC17xx/Debug/libCMSISv2p00_LPC17xx.a(system_LPC17xx.o)
 .debug_macro   0x000050eb      0x5b2 /home/pedro/Documents/dev/LPCxpresso/CMSISv2p00_LPC17xx/Debug/libCMSISv2p00_LPC17xx.a(system_LPC17xx.o)
 .debug_macro   0x0000569d      0x139 /home/pedro/Documents/dev/LPCxpresso/Lib_EaBaseBoard/Debug/libLib_EaBaseBoard.a(light.o)
 .debug_macro   0x000057d6      0x880 /home/pedro/Documents/dev/LPCxpresso/Lib_EaBaseBoard/Debug/libLib_EaBaseBoard.a(light.o)
 .debug_macro   0x00006056      0x18c /home/pedro/Documents/dev/LPCxpresso/Lib_EaBaseBoard/Debug/libLib_EaBaseBoard.a(light.o)
 .debug_macro   0x000061e2       0xf0 /home/pedro/Documents/dev/LPCxpresso/Lib_EaBaseBoard/Debug/libLib_EaBaseBoard.a(oled.o)
 .debug_macro   0x000062d2       0x40 /home/pedro/Documents/dev/LPCxpresso/Lib_EaBaseBoard/Debug/libLib_EaBaseBoard.a(oled.o)
 .debug_macro   0x00006312       0x96 /home/pedro/Documents/dev/LPCxpresso/Lib_EaBaseBoard/Debug/libLib_EaBaseBoard.a(rgb.o)
 .debug_macro   0x000063a8       0x1a /home/pedro/Documents/dev/LPCxpresso/Lib_EaBaseBoard/Debug/libLib_EaBaseBoard.a(font5x7.o)
 .debug_macro   0x000063c2      0x696 /home/pedro/Documents/dev/LPCxpresso/Lib_EaBaseBoard/Debug/libLib_EaBaseBoard.a(font5x7.o)
 .debug_macro   0x00006a58       0x96 /home/pedro/Documents/dev/LPCxpresso/Lib_MCU/Debug/libLib_MCU.a(lpc17xx_gpio.o)
 .debug_macro   0x00006aee       0xcb /home/pedro/Documents/dev/LPCxpresso/Lib_MCU/Debug/libLib_MCU.a(lpc17xx_gpio.o)
 .debug_macro   0x00006bb9       0xa8 /home/pedro/Documents/dev/LPCxpresso/Lib_MCU/Debug/libLib_MCU.a(lpc17xx_i2c.o)
 .debug_macro   0x00006c61      0x2fe /home/pedro/Documents/dev/LPCxpresso/Lib_MCU/Debug/libLib_MCU.a(lpc17xx_i2c.o)
 .debug_macro   0x00006f5f       0x5a /home/pedro/Documents/dev/LPCxpresso/Lib_MCU/Debug/libLib_MCU.a(lpc17xx_libcfg_default.o)
 .debug_macro   0x00006fb9       0x5d /home/pedro/Documents/dev/LPCxpresso/Lib_MCU/Debug/libLib_MCU.a(lpc17xx_libcfg_default.o)
 .debug_macro   0x00007016       0xc5 /home/pedro/Documents/dev/LPCxpresso/Lib_MCU/Debug/libLib_MCU.a(lpc17xx_libcfg_default.o)
 .debug_macro   0x000070db       0x8d /home/pedro/Documents/dev/LPCxpresso/Lib_MCU/Debug/libLib_MCU.a(lpc17xx_pinsel.o)
 .debug_macro   0x00007168       0x9f /home/pedro/Documents/dev/LPCxpresso/Lib_MCU/Debug/libLib_MCU.a(lpc17xx_ssp.o)
 .debug_macro   0x00007207       0xa8 /home/pedro/Documents/dev/LPCxpresso/Lib_MCU/Debug/libLib_MCU.a(lpc17xx_timer.o)
 .debug_macro   0x000072af       0xe3 /home/pedro/Documents/dev/LPCxpresso/Lib_MCU/Debug/libLib_MCU.a(lpc17xx_timer.o)
 .debug_macro   0x00007392       0x9f /home/pedro/Documents/dev/LPCxpresso/Lib_MCU/Debug/libLib_MCU.a(lpc17xx_uart.o)
 .debug_macro   0x00007431      0x324 /home/pedro/Documents/dev/LPCxpresso/Lib_MCU/Debug/libLib_MCU.a(lpc17xx_uart.o)
 .debug_macro   0x00007755       0x8d /home/pedro/Documents/dev/LPCxpresso/Lib_MCU/Debug/libLib_MCU.a(lpc17xx_clkpwr.o)
 .debug_macro   0x000077e2      0x2f8 /home/pedro/Documents/dev/LPCxpresso/Lib_MCU/Debug/libLib_MCU.a(lpc17xx_clkpwr.o)

.debug_line     0x00000000     0x5229
 .debug_line    0x00000000      0x321 ./src/cr_startup_lpc17.o
 .debug_line    0x00000321      0x4cc ./src/custom_lib.o
 .debug_line    0x000007ed      0x5dc ./src/easyweb.o
 .debug_line    0x00000dc9      0x46f ./src/ethmac.o
 .debug_line    0x00001238      0x2c6 ./src/ew_systick.o
 .debug_line    0x000014fe      0x74c ./src/tcpip.o
 .debug_line    0x00001c4a      0x1db /home/pedro/Documents/dev/LPCxpresso/CMSISv2p00_LPC17xx/Debug/libCMSISv2p00_LPC17xx.a(system_LPC17xx.o)
 .debug_line    0x00001e25      0x39d /home/pedro/Documents/dev/LPCxpresso/Lib_EaBaseBoard/Debug/libLib_EaBaseBoard.a(light.o)
 .debug_line    0x000021c2      0x56f /home/pedro/Documents/dev/LPCxpresso/Lib_EaBaseBoard/Debug/libLib_EaBaseBoard.a(oled.o)
 .debug_line    0x00002731      0x242 /home/pedro/Documents/dev/LPCxpresso/Lib_EaBaseBoard/Debug/libLib_EaBaseBoard.a(rgb.o)
 .debug_line    0x00002973       0x7a /home/pedro/Documents/dev/LPCxpresso/Lib_EaBaseBoard/Debug/libLib_EaBaseBoard.a(font5x7.o)
 .debug_line    0x000029ed      0x410 /home/pedro/Documents/dev/LPCxpresso/Lib_MCU/Debug/libLib_MCU.a(lpc17xx_gpio.o)
 .debug_line    0x00002dfd      0x6e5 /home/pedro/Documents/dev/LPCxpresso/Lib_MCU/Debug/libLib_MCU.a(lpc17xx_i2c.o)
 .debug_line    0x000034e2      0x176 /home/pedro/Documents/dev/LPCxpresso/Lib_MCU/Debug/libLib_MCU.a(lpc17xx_libcfg_default.o)
 .debug_line    0x00003658      0x26a /home/pedro/Documents/dev/LPCxpresso/Lib_MCU/Debug/libLib_MCU.a(lpc17xx_pinsel.o)
 .debug_line    0x000038c2      0x616 /home/pedro/Documents/dev/LPCxpresso/Lib_MCU/Debug/libLib_MCU.a(lpc17xx_ssp.o)
 .debug_line    0x00003ed8      0x59d /home/pedro/Documents/dev/LPCxpresso/Lib_MCU/Debug/libLib_MCU.a(lpc17xx_timer.o)
 .debug_line    0x00004475      0x994 /home/pedro/Documents/dev/LPCxpresso/Lib_MCU/Debug/libLib_MCU.a(lpc17xx_uart.o)
 .debug_line    0x00004e09      0x2d2 /home/pedro/Documents/dev/LPCxpresso/Lib_MCU/Debug/libLib_MCU.a(lpc17xx_clkpwr.o)
 .debug_line    0x000050db      0x101 /usr/local/lpcxpresso_8.2.2_650/lpcxpresso/tools/bin/../lib/gcc/arm-none-eabi/5.4.1/../../../../arm-none-eabi/lib/armv7-m/libcr_newlib_semihost.a(_cr_sbrk.o)
 .debug_line    0x000051dc       0x4d /usr/local/lpcxpresso_8.2.2_650/lpcxpresso/tools/bin/../lib/gcc/arm-none-eabi/5.4.1/../../../../arm-none-eabi/lib/armv7-m/libcr_newlib_semihost.a(_cr_check_heap.o)

.debug_str      0x00000000    0x18113
 .debug_str     0x00000000     0x334f ./src/cr_startup_lpc17.o
                               0x34b5 (size before relaxing)
 .debug_str     0x0000334f     0xb8a7 ./src/custom_lib.o
                               0xecdd (size before relaxing)
 .debug_str     0x0000ebf6     0x2ac3 ./src/easyweb.o
                              0x1151a (size before relaxing)
 .debug_str     0x000116b9      0x576 ./src/ethmac.o
                               0x9a33 (size before relaxing)
 .debug_str     0x00011c2f      0x430 ./src/ew_systick.o
                               0x790d (size before relaxing)
 .debug_str     0x0001205f      0x2b8 ./src/tcpip.o
                               0xc479 (size before relaxing)
 .debug_str     0x00012317     0x1ae2 /home/pedro/Documents/dev/LPCxpresso/CMSISv2p00_LPC17xx/Debug/libCMSISv2p00_LPC17xx.a(system_LPC17xx.o)
                               0x8138 (size before relaxing)
 .debug_str     0x00013df9      0x58d /home/pedro/Documents/dev/LPCxpresso/Lib_EaBaseBoard/Debug/libLib_EaBaseBoard.a(light.o)
                               0x8cec (size before relaxing)
 .debug_str     0x00014386      0x37c /home/pedro/Documents/dev/LPCxpresso/Lib_EaBaseBoard/Debug/libLib_EaBaseBoard.a(oled.o)
                               0x9d78 (size before relaxing)
 .debug_str     0x00014702       0x21 /home/pedro/Documents/dev/LPCxpresso/Lib_EaBaseBoard/Debug/libLib_EaBaseBoard.a(rgb.o)
                               0x80fe (size before relaxing)
 .debug_str     0x00014723      0xe21 /home/pedro/Documents/dev/LPCxpresso/Lib_EaBaseBoard/Debug/libLib_EaBaseBoard.a(font5x7.o)
                               0x32bf (size before relaxing)
 .debug_str     0x00015544      0x3a2 /home/pedro/Documents/dev/LPCxpresso/Lib_MCU/Debug/libLib_MCU.a(lpc17xx_gpio.o)
                               0x854f (size before relaxing)
 .debug_str     0x000158e6     0x1526 /home/pedro/Documents/dev/LPCxpresso/Lib_MCU/Debug/libLib_MCU.a(lpc17xx_i2c.o)
                               0xa5ec (size before relaxing)
 .debug_str     0x00016e0c       0x32 /home/pedro/Documents/dev/LPCxpresso/Lib_MCU/Debug/libLib_MCU.a(lpc17xx_libcfg_default.o)
                               0x3f0e (size before relaxing)
 .debug_str     0x00016e3e      0x108 /home/pedro/Documents/dev/LPCxpresso/Lib_MCU/Debug/libLib_MCU.a(lpc17xx_pinsel.o)
                               0x8593 (size before relaxing)
 .debug_str     0x00016f46      0x209 /home/pedro/Documents/dev/LPCxpresso/Lib_MCU/Debug/libLib_MCU.a(lpc17xx_ssp.o)
                               0xa537 (size before relaxing)
 .debug_str     0x0001714f      0x41e /home/pedro/Documents/dev/LPCxpresso/Lib_MCU/Debug/libLib_MCU.a(lpc17xx_timer.o)
                               0xa2c3 (size before relaxing)
 .debug_str     0x0001756d      0x930 /home/pedro/Documents/dev/LPCxpresso/Lib_MCU/Debug/libLib_MCU.a(lpc17xx_uart.o)
                               0xb461 (size before relaxing)
 .debug_str     0x00017e9d       0xcb /home/pedro/Documents/dev/LPCxpresso/Lib_MCU/Debug/libLib_MCU.a(lpc17xx_clkpwr.o)
                               0x9309 (size before relaxing)
 .debug_str     0x00017f68      0x186 /usr/local/lpcxpresso_8.2.2_650/lpcxpresso/tools/bin/../lib/gcc/arm-none-eabi/5.4.1/../../../../arm-none-eabi/lib/armv7-m/libcr_newlib_semihost.a(_cr_sbrk.o)
                                0x22b (size before relaxing)
 .debug_str     0x000180ee       0x25 /usr/local/lpcxpresso_8.2.2_650/lpcxpresso/tools/bin/../lib/gcc/arm-none-eabi/5.4.1/../../../../arm-none-eabi/lib/armv7-m/libcr_newlib_semihost.a(_cr_check_heap.o)
                                0x16d (size before relaxing)

.comment        0x00000000       0xdc
 .comment       0x00000000       0x6e ./src/cr_startup_lpc17.o
                                 0x6f (size before relaxing)
 .comment       0x0000006e       0x6f ./src/custom_lib.o
 .comment       0x0000006e       0x6f ./src/easyweb.o
 .comment       0x0000006e       0x6f ./src/ethmac.o
 .comment       0x0000006e       0x6f ./src/ew_systick.o
 .comment       0x0000006e       0x6f ./src/tcpip.o
 .comment       0x0000006e       0x6f /home/pedro/Documents/dev/LPCxpresso/CMSISv2p00_LPC17xx/Debug/libCMSISv2p00_LPC17xx.a(system_LPC17xx.o)
 .comment       0x0000006e       0x6f /home/pedro/Documents/dev/LPCxpresso/Lib_EaBaseBoard/Debug/libLib_EaBaseBoard.a(light.o)
 .comment       0x0000006e       0x6f /home/pedro/Documents/dev/LPCxpresso/Lib_EaBaseBoard/Debug/libLib_EaBaseBoard.a(oled.o)
 .comment       0x0000006e       0x6f /home/pedro/Documents/dev/LPCxpresso/Lib_EaBaseBoard/Debug/libLib_EaBaseBoard.a(rgb.o)
 .comment       0x0000006e       0x6f /home/pedro/Documents/dev/LPCxpresso/Lib_EaBaseBoard/Debug/libLib_EaBaseBoard.a(font5x7.o)
 .comment       0x0000006e       0x6f /home/pedro/Documents/dev/LPCxpresso/Lib_MCU/Debug/libLib_MCU.a(lpc17xx_gpio.o)
 .comment       0x0000006e       0x6f /home/pedro/Documents/dev/LPCxpresso/Lib_MCU/Debug/libLib_MCU.a(lpc17xx_i2c.o)
 .comment       0x0000006e       0x6f /home/pedro/Documents/dev/LPCxpresso/Lib_MCU/Debug/libLib_MCU.a(lpc17xx_libcfg_default.o)
 .comment       0x0000006e       0x6f /home/pedro/Documents/dev/LPCxpresso/Lib_MCU/Debug/libLib_MCU.a(lpc17xx_pinsel.o)
 .comment       0x0000006e       0x6f /home/pedro/Documents/dev/LPCxpresso/Lib_MCU/Debug/libLib_MCU.a(lpc17xx_ssp.o)
 .comment       0x0000006e       0x6f /home/pedro/Documents/dev/LPCxpresso/Lib_MCU/Debug/libLib_MCU.a(lpc17xx_timer.o)
 .comment       0x0000006e       0x6f /home/pedro/Documents/dev/LPCxpresso/Lib_MCU/Debug/libLib_MCU.a(lpc17xx_uart.o)
 .comment       0x0000006e       0x6f /home/pedro/Documents/dev/LPCxpresso/Lib_MCU/Debug/libLib_MCU.a(lpc17xx_clkpwr.o)
 .comment       0x0000006e       0x6e /usr/local/lpcxpresso_8.2.2_650/lpcxpresso/tools/bin/../lib/gcc/arm-none-eabi/5.4.1/../../../../arm-none-eabi/lib/armv7-m/libcr_newlib_semihost.a(_cr_sbrk.o)
                                 0x6f (size before relaxing)
 .comment       0x000000dc       0x6f /usr/local/lpcxpresso_8.2.2_650/lpcxpresso/tools/bin/../lib/gcc/arm-none-eabi/5.4.1/../../../../arm-none-eabi/lib/armv7-m/libcr_newlib_semihost.a(_cr_check_heap.o)

.ARM.attributes
                0x00000000       0x31
 .ARM.attributes
                0x00000000       0x33 ./src/cr_startup_lpc17.o
 .ARM.attributes
                0x00000033       0x33 ./src/custom_lib.o
 .ARM.attributes
                0x00000066       0x33 ./src/easyweb.o
 .ARM.attributes
                0x00000099       0x33 ./src/ethmac.o
 .ARM.attributes
                0x000000cc       0x33 ./src/ew_systick.o
 .ARM.attributes
                0x000000ff       0x33 ./src/tcpip.o
 .ARM.attributes
                0x00000132       0x33 /home/pedro/Documents/dev/LPCxpresso/CMSISv2p00_LPC17xx/Debug/libCMSISv2p00_LPC17xx.a(system_LPC17xx.o)
 .ARM.attributes
                0x00000165       0x33 /home/pedro/Documents/dev/LPCxpresso/Lib_EaBaseBoard/Debug/libLib_EaBaseBoard.a(light.o)
 .ARM.attributes
                0x00000198       0x33 /home/pedro/Documents/dev/LPCxpresso/Lib_EaBaseBoard/Debug/libLib_EaBaseBoard.a(oled.o)
 .ARM.attributes
                0x000001cb       0x33 /home/pedro/Documents/dev/LPCxpresso/Lib_EaBaseBoard/Debug/libLib_EaBaseBoard.a(rgb.o)
 .ARM.attributes
                0x000001fe       0x33 /home/pedro/Documents/dev/LPCxpresso/Lib_EaBaseBoard/Debug/libLib_EaBaseBoard.a(font5x7.o)
 .ARM.attributes
                0x00000231       0x33 /home/pedro/Documents/dev/LPCxpresso/Lib_MCU/Debug/libLib_MCU.a(lpc17xx_gpio.o)
 .ARM.attributes
                0x00000264       0x33 /home/pedro/Documents/dev/LPCxpresso/Lib_MCU/Debug/libLib_MCU.a(lpc17xx_i2c.o)
 .ARM.attributes
                0x00000297       0x33 /home/pedro/Documents/dev/LPCxpresso/Lib_MCU/Debug/libLib_MCU.a(lpc17xx_libcfg_default.o)
 .ARM.attributes
                0x000002ca       0x33 /home/pedro/Documents/dev/LPCxpresso/Lib_MCU/Debug/libLib_MCU.a(lpc17xx_pinsel.o)
 .ARM.attributes
                0x000002fd       0x33 /home/pedro/Documents/dev/LPCxpresso/Lib_MCU/Debug/libLib_MCU.a(lpc17xx_ssp.o)
 .ARM.attributes
                0x00000330       0x33 /home/pedro/Documents/dev/LPCxpresso/Lib_MCU/Debug/libLib_MCU.a(lpc17xx_timer.o)
 .ARM.attributes
                0x00000363       0x33 /home/pedro/Documents/dev/LPCxpresso/Lib_MCU/Debug/libLib_MCU.a(lpc17xx_uart.o)
 .ARM.attributes
                0x00000396       0x33 /home/pedro/Documents/dev/LPCxpresso/Lib_MCU/Debug/libLib_MCU.a(lpc17xx_clkpwr.o)
 .ARM.attributes
                0x000003c9       0x1d /usr/local/lpcxpresso_8.2.2_650/lpcxpresso/tools/bin/../lib/gcc/arm-none-eabi/5.4.1/armv7-m/libgcc.a(_aeabi_uldivmod.o)
 .ARM.attributes
                0x000003e6       0x2d /usr/local/lpcxpresso_8.2.2_650/lpcxpresso/tools/bin/../lib/gcc/arm-none-eabi/5.4.1/armv7-m/libgcc.a(_udivmoddi4.o)
 .ARM.attributes
                0x00000413       0x1d /usr/local/lpcxpresso_8.2.2_650/lpcxpresso/tools/bin/../lib/gcc/arm-none-eabi/5.4.1/armv7-m/libgcc.a(_dvmd_tls.o)
 .ARM.attributes
                0x00000430       0x2d /usr/local/lpcxpresso_8.2.2_650/lpcxpresso/tools/bin/../lib/gcc/arm-none-eabi/5.4.1/../../../../arm-none-eabi/lib/armv7-m/libc.a(lib_a-memcmp.o)
 .ARM.attributes
                0x0000045d       0x1b /usr/local/lpcxpresso_8.2.2_650/lpcxpresso/tools/bin/../lib/gcc/arm-none-eabi/5.4.1/../../../../arm-none-eabi/lib/armv7-m/libc.a(lib_a-memcpy.o)
 .ARM.attributes
                0x00000478       0x2d /usr/local/lpcxpresso_8.2.2_650/lpcxpresso/tools/bin/../lib/gcc/arm-none-eabi/5.4.1/../../../../arm-none-eabi/lib/armv7-m/libc.a(lib_a-memset.o)
 .ARM.attributes
                0x000004a5       0x2d /usr/local/lpcxpresso_8.2.2_650/lpcxpresso/tools/bin/../lib/gcc/arm-none-eabi/5.4.1/../../../../arm-none-eabi/lib/armv7-m/libc.a(lib_a-sprintf.o)
 .ARM.attributes
                0x000004d2       0x2d /usr/local/lpcxpresso_8.2.2_650/lpcxpresso/tools/bin/../lib/gcc/arm-none-eabi/5.4.1/../../../../arm-none-eabi/lib/armv7-m/libc.a(lib_a-strlen-stub.o)
 .ARM.attributes
                0x000004ff       0x2d /usr/local/lpcxpresso_8.2.2_650/lpcxpresso/tools/bin/../lib/gcc/arm-none-eabi/5.4.1/../../../../arm-none-eabi/lib/armv7-m/libc.a(lib_a-svfprintf.o)
 .ARM.attributes
                0x0000052c       0x2d /usr/local/lpcxpresso_8.2.2_650/lpcxpresso/tools/bin/../lib/gcc/arm-none-eabi/5.4.1/../../../../arm-none-eabi/lib/armv7-m/libc.a(lib_a-dtoa.o)
 .ARM.attributes
                0x00000559       0x2d /usr/local/lpcxpresso_8.2.2_650/lpcxpresso/tools/bin/../lib/gcc/arm-none-eabi/5.4.1/../../../../arm-none-eabi/lib/armv7-m/libc.a(lib_a-impure.o)
 .ARM.attributes
                0x00000586       0x2d /usr/local/lpcxpresso_8.2.2_650/lpcxpresso/tools/bin/../lib/gcc/arm-none-eabi/5.4.1/../../../../arm-none-eabi/lib/armv7-m/libc.a(lib_a-locale.o)
 .ARM.attributes
                0x000005b3       0x2d /usr/local/lpcxpresso_8.2.2_650/lpcxpresso/tools/bin/../lib/gcc/arm-none-eabi/5.4.1/../../../../arm-none-eabi/lib/armv7-m/libc.a(lib_a-mallocr.o)
 .ARM.attributes
                0x000005e0       0x2d /usr/local/lpcxpresso_8.2.2_650/lpcxpresso/tools/bin/../lib/gcc/arm-none-eabi/5.4.1/../../../../arm-none-eabi/lib/armv7-m/libc.a(lib_a-memchr-stub.o)
 .ARM.attributes
                0x0000060d       0x2d /usr/local/lpcxpresso_8.2.2_650/lpcxpresso/tools/bin/../lib/gcc/arm-none-eabi/5.4.1/../../../../arm-none-eabi/lib/armv7-m/libc.a(lib_a-mlock.o)
 .ARM.attributes
                0x0000063a       0x2d /usr/local/lpcxpresso_8.2.2_650/lpcxpresso/tools/bin/../lib/gcc/arm-none-eabi/5.4.1/../../../../arm-none-eabi/lib/armv7-m/libc.a(lib_a-mprec.o)
 .ARM.attributes
                0x00000667       0x2d /usr/local/lpcxpresso_8.2.2_650/lpcxpresso/tools/bin/../lib/gcc/arm-none-eabi/5.4.1/../../../../arm-none-eabi/lib/armv7-m/libc.a(lib_a-sbrkr.o)
 .ARM.attributes
                0x00000694       0x2d /usr/local/lpcxpresso_8.2.2_650/lpcxpresso/tools/bin/../lib/gcc/arm-none-eabi/5.4.1/../../../../arm-none-eabi/lib/armv7-m/libc.a(lib_a-svfiprintf.o)
 .ARM.attributes
                0x000006c1       0x2d /usr/local/lpcxpresso_8.2.2_650/lpcxpresso/tools/bin/../lib/gcc/arm-none-eabi/5.4.1/../../../../arm-none-eabi/lib/armv7-m/libc.a(lib_a-callocr.o)
 .ARM.attributes
                0x000006ee       0x2d /usr/local/lpcxpresso_8.2.2_650/lpcxpresso/tools/bin/../lib/gcc/arm-none-eabi/5.4.1/../../../../arm-none-eabi/lib/armv7-m/libc.a(lib_a-freer.o)
 .ARM.attributes
                0x0000071b       0x2d /usr/local/lpcxpresso_8.2.2_650/lpcxpresso/tools/bin/../lib/gcc/arm-none-eabi/5.4.1/../../../../arm-none-eabi/lib/armv7-m/libc.a(lib_a-memmove.o)
 .ARM.attributes
                0x00000748       0x2d /usr/local/lpcxpresso_8.2.2_650/lpcxpresso/tools/bin/../lib/gcc/arm-none-eabi/5.4.1/../../../../arm-none-eabi/lib/armv7-m/libc.a(lib_a-reallocr.o)
 .ARM.attributes
                0x00000775       0x2d /usr/local/lpcxpresso_8.2.2_650/lpcxpresso/tools/bin/../lib/gcc/arm-none-eabi/5.4.1/../../../../arm-none-eabi/lib/armv7-m/libc.a(lib_a-reent.o)
 .ARM.attributes
                0x000007a2       0x33 /usr/local/lpcxpresso_8.2.2_650/lpcxpresso/tools/bin/../lib/gcc/arm-none-eabi/5.4.1/../../../../arm-none-eabi/lib/armv7-m/libcr_newlib_semihost.a(_cr_sbrk.o)
 .ARM.attributes
                0x000007d5       0x33 /usr/local/lpcxpresso_8.2.2_650/lpcxpresso/tools/bin/../lib/gcc/arm-none-eabi/5.4.1/../../../../arm-none-eabi/lib/armv7-m/libcr_newlib_semihost.a(_cr_check_heap.o)
 .ARM.attributes
                0x00000808       0x1d /usr/local/lpcxpresso_8.2.2_650/lpcxpresso/tools/bin/../lib/gcc/arm-none-eabi/5.4.1/armv7-m/libgcc.a(_arm_addsubdf3.o)
 .ARM.attributes
                0x00000825       0x1d /usr/local/lpcxpresso_8.2.2_650/lpcxpresso/tools/bin/../lib/gcc/arm-none-eabi/5.4.1/armv7-m/libgcc.a(_arm_muldivdf3.o)
 .ARM.attributes
                0x00000842       0x1d /usr/local/lpcxpresso_8.2.2_650/lpcxpresso/tools/bin/../lib/gcc/arm-none-eabi/5.4.1/armv7-m/libgcc.a(_arm_cmpdf2.o)
 .ARM.attributes
                0x0000085f       0x1d /usr/local/lpcxpresso_8.2.2_650/lpcxpresso/tools/bin/../lib/gcc/arm-none-eabi/5.4.1/armv7-m/libgcc.a(_arm_unorddf2.o)
 .ARM.attributes
                0x0000087c       0x1d /usr/local/lpcxpresso_8.2.2_650/lpcxpresso/tools/bin/../lib/gcc/arm-none-eabi/5.4.1/armv7-m/libgcc.a(_arm_fixdfsi.o)
 .ARM.attributes
                0x00000899       0x2d /usr/local/lpcxpresso_8.2.2_650/lpcxpresso/tools/bin/../lib/gcc/arm-none-eabi/5.4.1/../../../../arm-none-eabi/lib/armv7-m/libc.a(lib_a-errno.o)

.debug_frame    0x00000000     0x2a5c
 .debug_frame   0x00000000      0x120 ./src/cr_startup_lpc17.o
 .debug_frame   0x00000120      0x104 ./src/custom_lib.o
 .debug_frame   0x00000224       0xbc ./src/easyweb.o
 .debug_frame   0x000002e0      0x21c ./src/ethmac.o
 .debug_frame   0x000004fc       0x94 ./src/ew_systick.o
 .debug_frame   0x00000590      0x3e4 ./src/tcpip.o
 .debug_frame   0x00000974       0x3c /home/pedro/Documents/dev/LPCxpresso/CMSISv2p00_LPC17xx/Debug/libCMSISv2p00_LPC17xx.a(system_LPC17xx.o)
 .debug_frame   0x000009b0      0x24c /home/pedro/Documents/dev/LPCxpresso/Lib_EaBaseBoard/Debug/libLib_EaBaseBoard.a(light.o)
 .debug_frame   0x00000bfc      0x244 /home/pedro/Documents/dev/LPCxpresso/Lib_EaBaseBoard/Debug/libLib_EaBaseBoard.a(oled.o)
 .debug_frame   0x00000e40       0x50 /home/pedro/Documents/dev/LPCxpresso/Lib_EaBaseBoard/Debug/libLib_EaBaseBoard.a(rgb.o)
 .debug_frame   0x00000e90      0x344 /home/pedro/Documents/dev/LPCxpresso/Lib_MCU/Debug/libLib_MCU.a(lpc17xx_gpio.o)
 .debug_frame   0x000011d4      0x35c /home/pedro/Documents/dev/LPCxpresso/Lib_MCU/Debug/libLib_MCU.a(lpc17xx_i2c.o)
 .debug_frame   0x00001530       0x2c /home/pedro/Documents/dev/LPCxpresso/Lib_MCU/Debug/libLib_MCU.a(lpc17xx_libcfg_default.o)
 .debug_frame   0x0000155c       0xfc /home/pedro/Documents/dev/LPCxpresso/Lib_MCU/Debug/libLib_MCU.a(lpc17xx_pinsel.o)
 .debug_frame   0x00001658      0x2e0 /home/pedro/Documents/dev/LPCxpresso/Lib_MCU/Debug/libLib_MCU.a(lpc17xx_ssp.o)
 .debug_frame   0x00001938      0x280 /home/pedro/Documents/dev/LPCxpresso/Lib_MCU/Debug/libLib_MCU.a(lpc17xx_timer.o)
 .debug_frame   0x00001bb8      0x4f8 /home/pedro/Documents/dev/LPCxpresso/Lib_MCU/Debug/libLib_MCU.a(lpc17xx_uart.o)
 .debug_frame   0x000020b0      0x12c /home/pedro/Documents/dev/LPCxpresso/Lib_MCU/Debug/libLib_MCU.a(lpc17xx_clkpwr.o)
 .debug_frame   0x000021dc       0x2c /usr/local/lpcxpresso_8.2.2_650/lpcxpresso/tools/bin/../lib/gcc/arm-none-eabi/5.4.1/armv7-m/libgcc.a(_aeabi_uldivmod.o)
 .debug_frame   0x00002208       0x38 /usr/local/lpcxpresso_8.2.2_650/lpcxpresso/tools/bin/../lib/gcc/arm-none-eabi/5.4.1/armv7-m/libgcc.a(_udivmoddi4.o)
 .debug_frame   0x00002240       0x38 /usr/local/lpcxpresso_8.2.2_650/lpcxpresso/tools/bin/../lib/gcc/arm-none-eabi/5.4.1/../../../../arm-none-eabi/lib/armv7-m/libc.a(lib_a-memcmp.o)
 .debug_frame   0x00002278       0x34 /usr/local/lpcxpresso_8.2.2_650/lpcxpresso/tools/bin/../lib/gcc/arm-none-eabi/5.4.1/../../../../arm-none-eabi/lib/armv7-m/libc.a(lib_a-memset.o)
 .debug_frame   0x000022ac       0x84 /usr/local/lpcxpresso_8.2.2_650/lpcxpresso/tools/bin/../lib/gcc/arm-none-eabi/5.4.1/../../../../arm-none-eabi/lib/armv7-m/libc.a(lib_a-sprintf.o)
 .debug_frame   0x00002330       0x20 /usr/local/lpcxpresso_8.2.2_650/lpcxpresso/tools/bin/../lib/gcc/arm-none-eabi/5.4.1/../../../../arm-none-eabi/lib/armv7-m/libc.a(lib_a-strlen-stub.o)
 .debug_frame   0x00002350       0x44 /usr/local/lpcxpresso_8.2.2_650/lpcxpresso/tools/bin/../lib/gcc/arm-none-eabi/5.4.1/../../../../arm-none-eabi/lib/armv7-m/libc.a(lib_a-svfprintf.o)
 .debug_frame   0x00002394       0x84 /usr/local/lpcxpresso_8.2.2_650/lpcxpresso/tools/bin/../lib/gcc/arm-none-eabi/5.4.1/../../../../arm-none-eabi/lib/armv7-m/libc.a(lib_a-dtoa.o)
 .debug_frame   0x00002418       0x9c /usr/local/lpcxpresso_8.2.2_650/lpcxpresso/tools/bin/../lib/gcc/arm-none-eabi/5.4.1/../../../../arm-none-eabi/lib/armv7-m/libc.a(lib_a-locale.o)
 .debug_frame   0x000024b4       0x54 /usr/local/lpcxpresso_8.2.2_650/lpcxpresso/tools/bin/../lib/gcc/arm-none-eabi/5.4.1/../../../../arm-none-eabi/lib/armv7-m/libc.a(lib_a-mallocr.o)
 .debug_frame   0x00002508       0x34 /usr/local/lpcxpresso_8.2.2_650/lpcxpresso/tools/bin/../lib/gcc/arm-none-eabi/5.4.1/../../../../arm-none-eabi/lib/armv7-m/libc.a(lib_a-memchr-stub.o)
 .debug_frame   0x0000253c       0x30 /usr/local/lpcxpresso_8.2.2_650/lpcxpresso/tools/bin/../lib/gcc/arm-none-eabi/5.4.1/../../../../arm-none-eabi/lib/armv7-m/libc.a(lib_a-mlock.o)
 .debug_frame   0x0000256c      0x264 /usr/local/lpcxpresso_8.2.2_650/lpcxpresso/tools/bin/../lib/gcc/arm-none-eabi/5.4.1/../../../../arm-none-eabi/lib/armv7-m/libc.a(lib_a-mprec.o)
 .debug_frame   0x000027d0       0x2c /usr/local/lpcxpresso_8.2.2_650/lpcxpresso/tools/bin/../lib/gcc/arm-none-eabi/5.4.1/../../../../arm-none-eabi/lib/armv7-m/libc.a(lib_a-sbrkr.o)
 .debug_frame   0x000027fc       0x78 /usr/local/lpcxpresso_8.2.2_650/lpcxpresso/tools/bin/../lib/gcc/arm-none-eabi/5.4.1/../../../../arm-none-eabi/lib/armv7-m/libc.a(lib_a-svfiprintf.o)
 .debug_frame   0x00002874       0x28 /usr/local/lpcxpresso_8.2.2_650/lpcxpresso/tools/bin/../lib/gcc/arm-none-eabi/5.4.1/../../../../arm-none-eabi/lib/armv7-m/libc.a(lib_a-callocr.o)
 .debug_frame   0x0000289c       0x74 /usr/local/lpcxpresso_8.2.2_650/lpcxpresso/tools/bin/../lib/gcc/arm-none-eabi/5.4.1/../../../../arm-none-eabi/lib/armv7-m/libc.a(lib_a-freer.o)
 .debug_frame   0x00002910       0x30 /usr/local/lpcxpresso_8.2.2_650/lpcxpresso/tools/bin/../lib/gcc/arm-none-eabi/5.4.1/../../../../arm-none-eabi/lib/armv7-m/libc.a(lib_a-memmove.o)
 .debug_frame   0x00002940       0x58 /usr/local/lpcxpresso_8.2.2_650/lpcxpresso/tools/bin/../lib/gcc/arm-none-eabi/5.4.1/../../../../arm-none-eabi/lib/armv7-m/libc.a(lib_a-reallocr.o)
 .debug_frame   0x00002998       0x58 /usr/local/lpcxpresso_8.2.2_650/lpcxpresso/tools/bin/../lib/gcc/arm-none-eabi/5.4.1/../../../../arm-none-eabi/lib/armv7-m/libc.a(lib_a-reent.o)
 .debug_frame   0x000029f0       0x2c /usr/local/lpcxpresso_8.2.2_650/lpcxpresso/tools/bin/../lib/gcc/arm-none-eabi/5.4.1/../../../../arm-none-eabi/lib/armv7-m/libcr_newlib_semihost.a(_cr_sbrk.o)
 .debug_frame   0x00002a1c       0x20 /usr/local/lpcxpresso_8.2.2_650/lpcxpresso/tools/bin/../lib/gcc/arm-none-eabi/5.4.1/../../../../arm-none-eabi/lib/armv7-m/libcr_newlib_semihost.a(_cr_check_heap.o)
 .debug_frame   0x00002a3c       0x20 /usr/local/lpcxpresso_8.2.2_650/lpcxpresso/tools/bin/../lib/gcc/arm-none-eabi/5.4.1/../../../../arm-none-eabi/lib/armv7-m/libc.a(lib_a-errno.o)

.debug_loc      0x00000000       0x81
 .debug_loc     0x00000000       0x47 /usr/local/lpcxpresso_8.2.2_650/lpcxpresso/tools/bin/../lib/gcc/arm-none-eabi/5.4.1/../../../../arm-none-eabi/lib/armv7-m/libcr_newlib_semihost.a(_cr_sbrk.o)
 .debug_loc     0x00000047       0x3a /usr/local/lpcxpresso_8.2.2_650/lpcxpresso/tools/bin/../lib/gcc/arm-none-eabi/5.4.1/../../../../arm-none-eabi/lib/armv7-m/libcr_newlib_semihost.a(_cr_check_heap.o)
