Archive member included to satisfy reference by file (symbol)

/home/pedro/LPCXpresso/workspace/lpcxpresso-board-project/Lib_CMSISv1p30_LPC17xx/Debug/libCMSISv1p30_LPC17xx.a(system_LPC17xx.o)
                              ./src/easyweb.o (SystemCoreClock)
/home/pedro/LPCXpresso/workspace/lpcxpresso-board-project/Lib_EaBaseBoard/Debug/libLib_EaBaseBoard.a(light.o)
                              ./src/biblioteca.o (light_enable)
/home/pedro/LPCXpresso/workspace/lpcxpresso-board-project/Lib_EaBaseBoard/Debug/libLib_EaBaseBoard.a(oled.o)
                              ./src/biblioteca.o (oled_init)
/home/pedro/LPCXpresso/workspace/lpcxpresso-board-project/Lib_EaBaseBoard/Debug/libLib_EaBaseBoard.a(font5x7.o)
                              /home/pedro/LPCXpresso/workspace/lpcxpresso-board-project/Lib_EaBaseBoard/Debug/libLib_EaBaseBoard.a(oled.o) (font5x7)
/home/pedro/LPCXpresso/workspace/lpcxpresso-board-project/Lib_MCU/Debug/libLib_MCU.a(lpc17xx_gpio.o)
                              /home/pedro/LPCXpresso/workspace/lpcxpresso-board-project/Lib_EaBaseBoard/Debug/libLib_EaBaseBoard.a(oled.o) (GPIO_SetDir)
/home/pedro/LPCXpresso/workspace/lpcxpresso-board-project/Lib_MCU/Debug/libLib_MCU.a(lpc17xx_i2c.o)
                              ./src/biblioteca.o (I2C_Init)
/home/pedro/LPCXpresso/workspace/lpcxpresso-board-project/Lib_MCU/Debug/libLib_MCU.a(lpc17xx_libcfg_default.o)
                              /home/pedro/LPCXpresso/workspace/lpcxpresso-board-project/Lib_MCU/Debug/libLib_MCU.a(lpc17xx_i2c.o) (check_failed)
/home/pedro/LPCXpresso/workspace/lpcxpresso-board-project/Lib_MCU/Debug/libLib_MCU.a(lpc17xx_pinsel.o)
                              ./src/biblioteca.o (PINSEL_ConfigPin)
/home/pedro/LPCXpresso/workspace/lpcxpresso-board-project/Lib_MCU/Debug/libLib_MCU.a(lpc17xx_ssp.o)
                              ./src/biblioteca.o (SSP_Init)
/home/pedro/LPCXpresso/workspace/lpcxpresso-board-project/Lib_MCU/Debug/libLib_MCU.a(lpc17xx_timer.o)
                              ./src/biblioteca.o (Timer0_Wait)
/home/pedro/LPCXpresso/workspace/lpcxpresso-board-project/Lib_MCU/Debug/libLib_MCU.a(lpc17xx_uart.o)
                              ./src/biblioteca.o (UART_TxCmd)
/home/pedro/LPCXpresso/workspace/lpcxpresso-board-project/Lib_MCU/Debug/libLib_MCU.a(lpc17xx_clkpwr.o)
                              /home/pedro/LPCXpresso/workspace/lpcxpresso-board-project/Lib_MCU/Debug/libLib_MCU.a(lpc17xx_i2c.o) (CLKPWR_SetPCLKDiv)
/usr/local/lpcxpresso_8.2.2_650/lpcxpresso/tools/bin/../lib/gcc/arm-none-eabi/5.4.1/armv7-m/libgcc.a(_aeabi_uldivmod.o)
                              /home/pedro/LPCXpresso/workspace/lpcxpresso-board-project/Lib_CMSISv1p30_LPC17xx/Debug/libCMSISv1p30_LPC17xx.a(system_LPC17xx.o) (__aeabi_uldivmod)
/usr/local/lpcxpresso_8.2.2_650/lpcxpresso/tools/bin/../lib/gcc/arm-none-eabi/5.4.1/armv7-m/libgcc.a(_udivmoddi4.o)
                              /usr/local/lpcxpresso_8.2.2_650/lpcxpresso/tools/bin/../lib/gcc/arm-none-eabi/5.4.1/armv7-m/libgcc.a(_aeabi_uldivmod.o) (__udivmoddi4)
/usr/local/lpcxpresso_8.2.2_650/lpcxpresso/tools/bin/../lib/gcc/arm-none-eabi/5.4.1/armv7-m/libgcc.a(_dvmd_tls.o)
                              /usr/local/lpcxpresso_8.2.2_650/lpcxpresso/tools/bin/../lib/gcc/arm-none-eabi/5.4.1/armv7-m/libgcc.a(_aeabi_uldivmod.o) (__aeabi_ldiv0)
/usr/local/lpcxpresso_8.2.2_650/lpcxpresso/tools/bin/../lib/gcc/arm-none-eabi/5.4.1/../../../../arm-none-eabi/lib/armv7-m/libc.a(lib_a-memcmp.o)
                              ./src/tcpip.o (memcmp)
/usr/local/lpcxpresso_8.2.2_650/lpcxpresso/tools/bin/../lib/gcc/arm-none-eabi/5.4.1/../../../../arm-none-eabi/lib/armv7-m/libc.a(lib_a-memcpy.o)
                              ./src/easyweb.o (memcpy)
/usr/local/lpcxpresso_8.2.2_650/lpcxpresso/tools/bin/../lib/gcc/arm-none-eabi/5.4.1/../../../../arm-none-eabi/lib/armv7-m/libc.a(lib_a-memset.o)
                              ./src/tcpip.o (memset)
/usr/local/lpcxpresso_8.2.2_650/lpcxpresso/tools/bin/../lib/gcc/arm-none-eabi/5.4.1/../../../../arm-none-eabi/lib/armv7-m/libc.a(lib_a-sprintf.o)
                              ./src/biblioteca.o (sprintf)
/usr/local/lpcxpresso_8.2.2_650/lpcxpresso/tools/bin/../lib/gcc/arm-none-eabi/5.4.1/../../../../arm-none-eabi/lib/armv7-m/libc.a(lib_a-strlen-stub.o)
                              /home/pedro/LPCXpresso/workspace/lpcxpresso-board-project/Lib_MCU/Debug/libLib_MCU.a(lpc17xx_uart.o) (strlen)
/usr/local/lpcxpresso_8.2.2_650/lpcxpresso/tools/bin/../lib/gcc/arm-none-eabi/5.4.1/../../../../arm-none-eabi/lib/armv7-m/libc.a(lib_a-svfprintf.o)
                              /usr/local/lpcxpresso_8.2.2_650/lpcxpresso/tools/bin/../lib/gcc/arm-none-eabi/5.4.1/../../../../arm-none-eabi/lib/armv7-m/libc.a(lib_a-sprintf.o) (_svfprintf_r)
/usr/local/lpcxpresso_8.2.2_650/lpcxpresso/tools/bin/../lib/gcc/arm-none-eabi/5.4.1/../../../../arm-none-eabi/lib/armv7-m/libc.a(lib_a-dtoa.o)
[...]
Memory Configuration

Name             Origin             Length             Attributes
MFlash512        0x00000000         0x00080000         xr
RamLoc32         0x10000000         0x00008000         xrw
RamAHB32         0x2007c000         0x00008000         xrw
*default*        0x00000000         0xffffffff

Linker script and memory map

LOAD ./src/biblioteca.o
LOAD ./src/cr_startup_lpc17.o
LOAD ./src/easyweb.o
LOAD ./src/ethmac.o
LOAD ./src/ew_systick.o
LOAD ./src/tcpip.o
LOAD /home/pedro/LPCXpresso/workspace/lpcxpresso-board-project/Lib_CMSISv1p30_LPC17xx/Debug/libCMSISv1p30_LPC17xx.a
LOAD /home/pedro/LPCXpresso/workspace/lpcxpresso-board-project/Lib_EaBaseBoard/Debug/libLib_EaBaseBoard.a
LOAD /home/pedro/LPCXpresso/workspace/lpcxpresso-board-project/Lib_MCU/Debug/libLib_MCU.a
START GROUP
LOAD /usr/local/lpcxpresso_8.2.2_650/lpcxpresso/tools/bin/../lib/gcc/arm-none-eabi/5.4.1/armv7-m/libgcc.a
LOAD /usr/local/lpcxpresso_8.2.2_650/lpcxpresso/tools/bin/../lib/gcc/arm-none-eabi/5.4.1/../../../../arm-none-eabi/lib/armv7-m/libc.a
LOAD /usr/local/lpcxpresso_8.2.2_650/lpcxpresso/tools/bin/../lib/gcc/arm-none-eabi/5.4.1/../../../../arm-none-eabi/lib/armv7-m/libm.a
LOAD /usr/local/lpcxpresso_8.2.2_650/lpcxpresso/tools/bin/../lib/gcc/arm-none-eabi/5.4.1/../../../../arm-none-eabi/lib/armv7-m/libcr_newlib_semihost.a
END GROUP
                0x00000000                __base_MFlash512 = 0x0
                0x00000000                __base_Flash = 0x0
                0x00080000                __top_MFlash512 = 0x80000
                0x00080000                __top_Flash = 0x80000
                0x10000000                __base_RamLoc32 = 0x10000000
                0x10000000                __base_RAM = 0x10000000
                0x10008000                __top_RamLoc32 = 0x10008000
                0x10008000                __top_RAM = 0x10008000
                0x2007c000                __base_RamAHB32 = 0x2007c000
                0x2007c000                __base_RAM2 = 0x2007c000
                0x20084000                __top_RamAHB32 = 0x20084000
                0x20084000                __top_RAM2 = 0x20084000

.text           0x00000000     0xaf64
 FILL mask 0xff
                0x00000000                __vectors_start__ = ABSOLUTE (.)
 *(.isr_vector)
 .isr_vector    0x00000000       0xcc ./src/cr_startup_lpc17.o
                0x00000000                g_pfnVectors
                0x000000cc                . = ALIGN (0x4)
                0x000000cc                __section_table_start = .
                0x000000cc                __data_section_table = .
                0x000000cc        0x4 LONG 0xaf6c LOADADDR (.data)
                0x000000d0        0x4 LONG 0x10000000 ADDR (.data)
                0x000000d4        0x4 LONG 0x884 SIZEOF (.data)
                0x000000d8        0x4 LONG 0xaf6c LOADADDR (.data_RAM2)
                0x000000dc        0x4 LONG 0x2007c000 ADDR (.data_RAM2)
                0x000000e0        0x4 LONG 0x0 SIZEOF (.data_RAM2)
                0x000000e4                __data_section_table_end = .
                0x000000e4                __bss_section_table = .
                0x000000e4        0x4 LONG 0x10000884 ADDR (.bss)
                0x000000e8        0x4 LONG 0x76c SIZEOF (.bss)
                0x000000ec        0x4 LONG 0x2007c000 ADDR (.bss_RAM2)
                0x000000f0        0x4 LONG 0x0 SIZEOF (.bss_RAM2)
                0x000000f4                __bss_section_table_end = .
                0x000000f4                __section_table_end = .
 *(.after_vectors*)
 *(.text*)
 .text.init_ssp
                0x000000f4       0x78 ./src/biblioteca.o
 .text.init_uart
                0x0000016c       0x5c ./src/biblioteca.o
 .text.init_i2c
                0x000001c8       0x48 ./src/biblioteca.o
 .text.print_disp
                0x00000210       0xdc ./src/biblioteca.o
                0x00000210                print_disp
 .text.print_uart
                0x000002ec       0x60 ./src/biblioteca.o
                0x000002ec                print_uart
 .text.init_all
                0x0000034c       0x2c ./src/biblioteca.o
                0x0000034c                init_all
 .text.exit_    0x00000378       0x38 ./src/biblioteca.o
                0x00000378                exit_
 .text.ResetISR
                0x000003b0       0x58 ./src/cr_startup_lpc17.o
                0x000003b0                ResetISR
 .text.NMI_Handler
                0x00000408        0x8 ./src/cr_startup_lpc17.o
                0x00000408                NMI_Handler
 .text.HardFault_Handler
                0x00000410        0x8 ./src/cr_startup_lpc17.o
                0x00000410                HardFault_Handler
 .text.MemManage_Handler
                0x00000418        0x8 ./src/cr_startup_lpc17.o
                0x00000418                MemManage_Handler
 .text.BusFault_Handler
                0x00000420        0x8 ./src/cr_startup_lpc17.o
                0x00000420                BusFault_Handler
 .text.UsageFault_Handler
                0x00000428        0x8 ./src/cr_startup_lpc17.o
                0x00000428                UsageFault_Handler
 .text.SVCall_Handler
                0x00000430        0x8 ./src/cr_startup_lpc17.o
                0x00000430                SVCall_Handler
 .text.DebugMon_Handler
                0x00000438        0x8 ./src/cr_startup_lpc17.o
                0x00000438                DebugMon_Handler
 .text.PendSV_Handler
                0x00000440        0x8 ./src/cr_startup_lpc17.o
                0x00000440                PendSV_Handler
 .text.IntDefaultHandler
                0x00000448        0x8 ./src/cr_startup_lpc17.o
                0x00000448                TIMER2_IRQHandler
                0x00000448                RIT_IRQHandler
                0x00000448                I2C0_IRQHandler
                0x00000448                USBActivity_IRQHandler
                0x00000448                PWM1_IRQHandler
                0x00000448                I2C1_IRQHandler
                0x00000448                EINT2_IRQHandler
                0x00000448                UART1_IRQHandler
                0x00000448                EINT3_IRQHandler
                0x00000448                CANActivity_IRQHandler
                0x00000448                TIMER3_IRQHandler
                0x00000448                UART0_IRQHandler
                0x00000448                IntDefaultHandler
                0x00000448                PLL0_IRQHandler
                0x00000448                CAN_IRQHandler
                0x00000448                PLL1_IRQHandler
                0x00000448                SSP0_IRQHandler
                0x00000448                I2S_IRQHandler
                0x00000448                I2C2_IRQHandler
                0x00000448                RTC_IRQHandler
                0x00000448                TIMER0_IRQHandler
                0x00000448                SPI_IRQHandler
                0x00000448                EINT1_IRQHandler
                0x00000448                TIMER1_IRQHandler
                0x00000448                UART2_IRQHandler
                0x00000448                ADC_IRQHandler
                0x00000448                SSP1_IRQHandler
                0x00000448                USB_IRQHandler
                0x00000448                BOD_IRQHandler
                0x00000448                WDT_IRQHandler
                0x00000448                QEI_IRQHandler
                0x00000448                EINT0_IRQHandler
                0x00000448                DMA_IRQHandler
                0x00000448                UART3_IRQHandler
                0x00000448                MCPWM_IRQHandler
                0x00000448                ENET_IRQHandler
 .text.main     0x00000450      0x148 ./src/easyweb.o
                0x00000450                main
 .text.HTTPServer
                0x00000598      0x148 ./src/easyweb.o
                0x00000598                HTTPServer
 .text.GetAD7Val
                0x000006e0       0x44 ./src/easyweb.o
                0x000006e0                GetAD7Val
 .text.InsertDynamicValues
                0x00000724       0xe8 ./src/easyweb.o
                0x00000724                InsertDynamicValues
 .text.WriteToPHY
                0x0000080c       0x50 ./src/ethmac.o
                0x0000080c                WriteToPHY
 .text.ReadFromPHY
                0x0000085c       0x60 ./src/ethmac.o
                0x0000085c                ReadFromPHY
 .text.Init_EthMAC
                0x000008bc      0x3b8 ./src/ethmac.o
                0x000008bc                Init_EthMAC
 .text.WriteFrame_EthMAC
                0x00000c74       0x28 ./src/ethmac.o
                0x00000c74                WriteFrame_EthMAC
 .text.CopyToFrame_EthMAC
                0x00000c9c       0x64 ./src/ethmac.o
                0x00000c9c                CopyToFrame_EthMAC
 .text.ReadFrame_EthMAC
                0x00000d00       0x1c ./src/ethmac.o
                0x00000d00                ReadFrame_EthMAC
 .text.ReadFrameBE_EthMAC
                0x00000d1c       0x2c ./src/ethmac.o
                0x00000d1c                ReadFrameBE_EthMAC
 .text.CopyFromFrame_EthMAC
                0x00000d48       0x48 ./src/ethmac.o
                0x00000d48                CopyFromFrame_EthMAC
 .text.DummyReadFrame_EthMAC
                0x00000d90       0x24 ./src/ethmac.o
                0x00000d90                DummyReadFrame_EthMAC
 .text.RequestSend
                0x00000db4       0x4c ./src/ethmac.o
                0x00000db4                RequestSend
 .text.Rdy4Tx   0x00000e00       0x10 ./src/ethmac.o
                0x00000e00                Rdy4Tx
 .text.StartReadingFrame
                0x00000e10       0x50 ./src/ethmac.o
                0x00000e10                StartReadingFrame
 .text.StopReadingFrame
                0x00000e60       0x34 ./src/ethmac.o
                0x00000e60                StopReadingFrame
 .text.CheckIfFrameReceived
                0x00000e94       0x28 ./src/ethmac.o
                0x00000e94                CheckIfFrameReceived
 .text.NVIC_SetPriority
                0x00000ebc       0x54 ./src/ew_systick.o
 .text.SysTick_Config
                0x00000f10       0x44 ./src/ew_systick.o
 .text.SysTick_Handler
                0x00000f54       0x54 ./src/ew_systick.o
                0x00000f54                SysTick_Handler
 .text.Start_SysTick10ms
                0x00000fa8       0x2c ./src/ew_systick.o
                0x00000fa8                Start_SysTick10ms
 .text.TCPLowLevelInit
                0x00000fd4       0x44 ./src/tcpip.o
                0x00000fd4                TCPLowLevelInit
 .text.TCPPassiveOpen
                0x00001018       0x3c ./src/tcpip.o
                0x00001018                TCPPassiveOpen
 .text.TCPClose
                0x00001054       0x5c ./src/tcpip.o
                0x00001054                TCPClose
 .text.TCPReleaseRxBuffer
                0x000010b0       0x20 ./src/tcpip.o
                0x000010b0                TCPReleaseRxBuffer
 .text.TCPTransmitTxBuffer
                0x000010d0       0x84 ./src/tcpip.o
                0x000010d0                TCPTransmitTxBuffer
 .text.BroadcastMessage
                0x00001154       0x58 ./src/tcpip.o
                0x00001154                BroadcastMessage
 .text.DoNetworkStuff
                0x000011ac      0x27c ./src/tcpip.o
                0x000011ac                DoNetworkStuff
 .text.ProcessEthBroadcastFrame
                0x00001428       0x8c ./src/tcpip.o
                0x00001428                ProcessEthBroadcastFrame
 .text.ProcessEthIAFrame
                0x000014b4      0x114 ./src/tcpip.o
                0x000014b4                ProcessEthIAFrame
 .text.ProcessICMPFrame
                0x000015c8       0x2c ./src/tcpip.o
                0x000015c8                ProcessICMPFrame
 .text.ProcessTCPFrame
                0x000015f4      0x52c ./src/tcpip.o
                0x000015f4                ProcessTCPFrame
 .text.PrepareARP_REQUEST
                0x00001b20       0xfc ./src/tcpip.o
                0x00001b20                PrepareARP_REQUEST
 .text.PrepareARP_ANSWER
                0x00001c1c       0xb8 ./src/tcpip.o
                0x00001c1c                PrepareARP_ANSWER
 .text.PrepareICMP_ECHO_REPLY
                0x00001cd4      0x154 ./src/tcpip.o
                0x00001cd4                PrepareICMP_ECHO_REPLY
 .text.PrepareTCP_FRAME
                0x00001e28      0x1ac ./src/tcpip.o
                0x00001e28                PrepareTCP_FRAME
 .text.PrepareTCP_DATA_FRAME
                0x00001fd4      0x13c ./src/tcpip.o
                0x00001fd4                PrepareTCP_DATA_FRAME
 .text.CalcChecksum
                0x00002110       0xc8 ./src/tcpip.o
                0x00002110                CalcChecksum
 .text.TCPStartRetryTimer
                0x000021d8       0x40 ./src/tcpip.o
                0x000021d8                TCPStartRetryTimer
 .text.TCPStartTimeWaitTimer
                0x00002218       0x38 ./src/tcpip.o
                0x00002218                TCPStartTimeWaitTimer
 .text.TCPRestartTimer
                0x00002250       0x18 ./src/tcpip.o
                0x00002250                TCPRestartTimer
 .text.TCPStopTimer
                0x00002268       0x20 ./src/tcpip.o
                0x00002268                TCPStopTimer
 .text.TCPHandleRetransmission
                0x00002288       0x64 ./src/tcpip.o
                0x00002288                TCPHandleRetransmission
 .text.TCPHandleTimeout
                0x000022ec       0x40 ./src/tcpip.o
                0x000022ec                TCPHandleTimeout
 .text.TCPClockHandler
                0x0000232c       0x2c ./src/tcpip.o
                0x0000232c                TCPClockHandler
 .text.SendFrame1
                0x00002358       0x1c ./src/tcpip.o
                0x00002358                SendFrame1
 .text.SendFrame2
                0x00002374       0x1c ./src/tcpip.o
                0x00002374                SendFrame2
 .text.WriteWBE
                0x00002390       0x30 ./src/tcpip.o
                0x00002390                WriteWBE
 .text.WriteDWBE
                0x000023c0       0x48 ./src/tcpip.o
                0x000023c0                WriteDWBE
 .text.SwapBytes
                0x00002408       0x28 ./src/tcpip.o
                0x00002408                SwapBytes
 .text.SystemInit
                0x00002430      0x22c /home/pedro/LPCXpresso/workspace/lpcxpresso-board-project/Lib_CMSISv1p30_LPC17xx/Debug/libCMSISv1p30_LPC17xx.a(system_LPC17xx.o)
                0x00002430                SystemInit
 .text.I2CRead  0x0000265c       0x5c /home/pedro/LPCXpresso/workspace/lpcxpresso-board-project/Lib_EaBaseBoard/Debug/libLib_EaBaseBoard.a(light.o)
 .text.I2CWrite
                0x000026b8       0x5c /home/pedro/LPCXpresso/workspace/lpcxpresso-board-project/Lib_EaBaseBoard/Debug/libLib_EaBaseBoard.a(light.o)
 .text.light_enable
                0x00002714       0x48 /home/pedro/LPCXpresso/workspace/lpcxpresso-board-project/Lib_EaBaseBoard/Debug/libLib_EaBaseBoard.a(light.o)
                0x00002714                light_enable
 .text.light_read
                0x0000275c       0x90 /home/pedro/LPCXpresso/workspace/lpcxpresso-board-project/Lib_EaBaseBoard/Debug/libLib_EaBaseBoard.a(light.o)
                0x0000275c                light_read
 .text.writeCommand
                0x000027ec       0x60 /home/pedro/LPCXpresso/workspace/lpcxpresso-board-project/Lib_EaBaseBoard/Debug/libLib_EaBaseBoard.a(oled.o)
 .text.writeData
                0x0000284c       0x60 /home/pedro/LPCXpresso/workspace/lpcxpresso-board-project/Lib_EaBaseBoard/Debug/libLib_EaBaseBoard.a(oled.o)
 .text.writeDataLen
                0x000028ac       0x8c /home/pedro/LPCXpresso/workspace/lpcxpresso-board-project/Lib_EaBaseBoard/Debug/libLib_EaBaseBoard.a(oled.o)
 .text.runInitSequence
                0x00002938      0x118 /home/pedro/LPCXpresso/workspace/lpcxpresso-board-project/Lib_EaBaseBoard/Debug/libLib_EaBaseBoard.a(oled.o)
 .text.oled_init
                0x00002a50       0x9c /home/pedro/LPCXpresso/workspace/lpcxpresso-board-project/Lib_EaBaseBoard/Debug/libLib_EaBaseBoard.a(oled.o)
                0x00002a50                oled_init
 .text.oled_putPixel
                0x00002aec      0x188 /home/pedro/LPCXpresso/workspace/lpcxpresso-board-project/Lib_EaBaseBoard/Debug/libLib_EaBaseBoard.a(oled.o)
                0x00002aec                oled_putPixel
 .text.oled_clearScreen
                0x00002c74       0x74 /home/pedro/LPCXpresso/workspace/lpcxpresso-board-project/Lib_EaBaseBoard/Debug/libLib_EaBaseBoard.a(oled.o)
                0x00002c74                oled_clearScreen
 .text.oled_putChar
                0x00002ce8       0xf0 /home/pedro/LPCXpresso/workspace/lpcxpresso-board-project/Lib_EaBaseBoard/Debug/libLib_EaBaseBoard.a(oled.o)
                0x00002ce8                oled_putChar
 .text.oled_putString
                0x00002dd8       0x54 /home/pedro/LPCXpresso/workspace/lpcxpresso-board-project/Lib_EaBaseBoard/Debug/libLib_EaBaseBoard.a(oled.o)
                0x00002dd8                oled_putString
 .text.GPIO_GetPointer
                0x00002e2c       0x7c /home/pedro/LPCXpresso/workspace/lpcxpresso-board-project/Lib_MCU/Debug/libLib_MCU.a(lpc17xx_gpio.o)
 .text.GPIO_SetDir
                0x00002ea8       0x54 /home/pedro/LPCXpresso/workspace/lpcxpresso-board-project/Lib_MCU/Debug/libLib_MCU.a(lpc17xx_gpio.o)
                0x00002ea8                GPIO_SetDir
 .text.GPIO_SetValue
                0x00002efc       0x2c /home/pedro/LPCXpresso/workspace/lpcxpresso-board-project/Lib_MCU/Debug/libLib_MCU.a(lpc17xx_gpio.o)
                0x00002efc                GPIO_SetValue
 .text.GPIO_ClearValue
                0x00002f28       0x2c /home/pedro/LPCXpresso/workspace/lpcxpresso-board-project/Lib_MCU/Debug/libLib_MCU.a(lpc17xx_gpio.o)
                0x00002f28                GPIO_ClearValue
 .text.GPIO_ReadValue
                0x00002f54       0x30 /home/pedro/LPCXpresso/workspace/lpcxpresso-board-project/Lib_MCU/Debug/libLib_MCU.a(lpc17xx_gpio.o)
                0x00002f54                GPIO_ReadValue
 .text.NVIC_EnableIRQ
                0x00002f84       0x38 /home/pedro/LPCXpresso/workspace/lpcxpresso-board-project/Lib_MCU/Debug/libLib_MCU.a(lpc17xx_i2c.o)
 .text.NVIC_DisableIRQ
                0x00002fbc       0x3c /home/pedro/LPCXpresso/workspace/lpcxpresso-board-project/Lib_MCU/Debug/libLib_MCU.a(lpc17xx_i2c.o)
 .text.I2C_getNum
                0x00002ff8       0x54 /home/pedro/LPCXpresso/workspace/lpcxpresso-board-project/Lib_MCU/Debug/libLib_MCU.a(lpc17xx_i2c.o)
 .text.I2C_Start
                0x0000304c       0x44 /home/pedro/LPCXpresso/workspace/lpcxpresso-board-project/Lib_MCU/Debug/libLib_MCU.a(lpc17xx_i2c.o)
 .text.I2C_Stop
                0x00003090       0x38 /home/pedro/LPCXpresso/workspace/lpcxpresso-board-project/Lib_MCU/Debug/libLib_MCU.a(lpc17xx_i2c.o)
 .text.I2C_SendByte
                0x000030c8       0x50 /home/pedro/LPCXpresso/workspace/lpcxpresso-board-project/Lib_MCU/Debug/libLib_MCU.a(lpc17xx_i2c.o)
 .text.I2C_GetByte
                0x00003118       0x5c /home/pedro/LPCXpresso/workspace/lpcxpresso-board-project/Lib_MCU/Debug/libLib_MCU.a(lpc17xx_i2c.o)
 .text.I2C_IntCmd
                0x00003174       0xa8 /home/pedro/LPCXpresso/workspace/lpcxpresso-board-project/Lib_MCU/Debug/libLib_MCU.a(lpc17xx_i2c.o)
                0x00003174                I2C_IntCmd
 .text.I2C_MasterHandler
                0x0000321c      0x408 /home/pedro/LPCXpresso/workspace/lpcxpresso-board-project/Lib_MCU/Debug/libLib_MCU.a(lpc17xx_i2c.o)
                0x0000321c                I2C_MasterHandler
 .text.I2C_SetClock
                0x00003624       0xc8 /home/pedro/LPCXpresso/workspace/lpcxpresso-board-project/Lib_MCU/Debug/libLib_MCU.a(lpc17xx_i2c.o)
                0x00003624                I2C_SetClock
 .text.I2C_Init
                0x000036ec       0xd8 /home/pedro/LPCXpresso/workspace/lpcxpresso-board-project/Lib_MCU/Debug/libLib_MCU.a(lpc17xx_i2c.o)
                0x000036ec                I2C_Init
 .text.I2C_Cmd  0x000037c4       0x84 /home/pedro/LPCXpresso/workspace/lpcxpresso-board-project/Lib_MCU/Debug/libLib_MCU.a(lpc17xx_i2c.o)
                0x000037c4                I2C_Cmd
 .text.I2C_MasterTransferData
                0x00003848      0x390 /home/pedro/LPCXpresso/workspace/lpcxpresso-board-project/Lib_MCU/Debug/libLib_MCU.a(lpc17xx_i2c.o)
                0x00003848                I2C_MasterTransferData
 .text.check_failed
                0x00003bd8        0xc /home/pedro/LPCXpresso/workspace/lpcxpresso-board-project/Lib_MCU/Debug/libLib_MCU.a(lpc17xx_libcfg_default.o)
                0x00003bd8                check_failed
 .text.PINSEL_SetPinFunc
                0x00003be4       0x9c /home/pedro/LPCXpresso/workspace/lpcxpresso-board-project/Lib_MCU/Debug/libLib_MCU.a(lpc17xx_pinsel.o)
                0x00003be4                PINSEL_SetPinFunc
 .text.PINSEL_SetResistorMode
                0x00003c80       0x9c /home/pedro/LPCXpresso/workspace/lpcxpresso-board-project/Lib_MCU/Debug/libLib_MCU.a(lpc17xx_pinsel.o)
                0x00003c80                PINSEL_SetResistorMode
 .text.PINSEL_SetOpenDrainMode
                0x00003d1c       0x7c /home/pedro/LPCXpresso/workspace/lpcxpresso-board-project/Lib_MCU/Debug/libLib_MCU.a(lpc17xx_pinsel.o)
                0x00003d1c                PINSEL_SetOpenDrainMode
 .text.PINSEL_ConfigPin
                0x00003d98       0x54 /home/pedro/LPCXpresso/workspace/lpcxpresso-board-project/Lib_MCU/Debug/libLib_MCU.a(lpc17xx_pinsel.o)
                0x00003d98                PINSEL_ConfigPin
 .text.SSP_getNum
                0x00003dec       0x40 /home/pedro/LPCXpresso/workspace/lpcxpresso-board-project/Lib_MCU/Debug/libLib_MCU.a(lpc17xx_ssp.o)
 .text.SSP_IntHandler
                0x00003e2c      0x338 /home/pedro/LPCXpresso/workspace/lpcxpresso-board-project/Lib_MCU/Debug/libLib_MCU.a(lpc17xx_ssp.o)
                0x00003e2c                SSP_IntHandler
 .text.SSP_SetClock
                0x00004164       0xf8 /home/pedro/LPCXpresso/workspace/lpcxpresso-board-project/Lib_MCU/Debug/libLib_MCU.a(lpc17xx_ssp.o)
                0x00004164                SSP_SetClock
 .text.SSP_Init
                0x0000425c      0x10c /home/pedro/LPCXpresso/workspace/lpcxpresso-board-project/Lib_MCU/Debug/libLib_MCU.a(lpc17xx_ssp.o)
                0x0000425c                SSP_Init
 .text.SSP_ConfigStructInit
                0x00004368       0x48 /home/pedro/LPCXpresso/workspace/lpcxpresso-board-project/Lib_MCU/Debug/libLib_MCU.a(lpc17xx_ssp.o)
                0x00004368                SSP_ConfigStructInit
 .text.SSP_Cmd  0x000043b0       0x7c /home/pedro/LPCXpresso/workspace/lpcxpresso-board-project/Lib_MCU/Debug/libLib_MCU.a(lpc17xx_ssp.o)
                0x000043b0                SSP_Cmd
 .text.SSP_SendData
                0x0000442c       0x48 /home/pedro/LPCXpresso/workspace/lpcxpresso-board-project/Lib_MCU/Debug/libLib_MCU.a(lpc17xx_ssp.o)
                0x0000442c                SSP_SendData
 .text.SSP_ReceiveData
                0x00004474       0x44 /home/pedro/LPCXpresso/workspace/lpcxpresso-board-project/Lib_MCU/Debug/libLib_MCU.a(lpc17xx_ssp.o)
                0x00004474                SSP_ReceiveData
 .text.SSP_ReadWrite
                0x000044b8      0x440 /home/pedro/LPCXpresso/workspace/lpcxpresso-board-project/Lib_MCU/Debug/libLib_MCU.a(lpc17xx_ssp.o)
                0x000044b8                SSP_ReadWrite
 .text.TIM_GetPClock
                0x000048f8       0x68 /home/pedro/LPCXpresso/workspace/lpcxpresso-board-project/Lib_MCU/Debug/libLib_MCU.a(lpc17xx_timer.o)
                0x000048f8                TIM_GetPClock
 .text.TIM_ConverUSecToVal
                0x00004960       0x64 /home/pedro/LPCXpresso/workspace/lpcxpresso-board-project/Lib_MCU/Debug/libLib_MCU.a(lpc17xx_timer.o)
                0x00004960                TIM_ConverUSecToVal
 .text.TIM_ConverPtrToTimeNum
                0x000049c4       0x6c /home/pedro/LPCXpresso/workspace/lpcxpresso-board-project/Lib_MCU/Debug/libLib_MCU.a(lpc17xx_timer.o)
                0x000049c4                TIM_ConverPtrToTimeNum
 .text.TIM_GetIntStatus
                0x00004a30       0xb4 /home/pedro/LPCXpresso/workspace/lpcxpresso-board-project/Lib_MCU/Debug/libLib_MCU.a(lpc17xx_timer.o)
                0x00004a30                TIM_GetIntStatus
 .text.TIM_ClearIntPending
                0x00004ae4       0xa0 /home/pedro/LPCXpresso/workspace/lpcxpresso-board-project/Lib_MCU/Debug/libLib_MCU.a(lpc17xx_timer.o)
                0x00004ae4                TIM_ClearIntPending
 .text.TIM_Init
                0x00004b84      0x1bc /home/pedro/LPCXpresso/workspace/lpcxpresso-board-project/Lib_MCU/Debug/libLib_MCU.a(lpc17xx_timer.o)
                0x00004b84                TIM_Init
 .text.TIM_Cmd  0x00004d40       0x78 /home/pedro/LPCXpresso/workspace/lpcxpresso-board-project/Lib_MCU/Debug/libLib_MCU.a(lpc17xx_timer.o)
                0x00004d40                TIM_Cmd
 .text.TIM_ConfigMatch
                0x00004db8      0x19c /home/pedro/LPCXpresso/workspace/lpcxpresso-board-project/Lib_MCU/Debug/libLib_MCU.a(lpc17xx_timer.o)
                0x00004db8                TIM_ConfigMatch
 .text.Timer0_Wait
                0x00004f54       0x8c /home/pedro/LPCXpresso/workspace/lpcxpresso-board-project/Lib_MCU/Debug/libLib_MCU.a(lpc17xx_timer.o)
                0x00004f54                Timer0_Wait
 .text.uart_set_divisors
                0x00004fe0      0x26c /home/pedro/LPCXpresso/workspace/lpcxpresso-board-project/Lib_MCU/Debug/libLib_MCU.a(lpc17xx_uart.o)
                0x00004fe0                uart_set_divisors
 .text.UART_Init
                0x0000524c      0x368 /home/pedro/LPCXpresso/workspace/lpcxpresso-board-project/Lib_MCU/Debug/libLib_MCU.a(lpc17xx_uart.o)
                0x0000524c                UART_Init
 .text.UART_SendData
                0x000055b4       0x78 /home/pedro/LPCXpresso/workspace/lpcxpresso-board-project/Lib_MCU/Debug/libLib_MCU.a(lpc17xx_uart.o)
                0x000055b4                UART_SendData
 .text.UART_ReceiveData
                0x0000562c       0x78 /home/pedro/LPCXpresso/workspace/lpcxpresso-board-project/Lib_MCU/Debug/libLib_MCU.a(lpc17xx_uart.o)
                0x0000562c                UART_ReceiveData
 .text.UART_TxCmd
                0x000056a4       0xe8 /home/pedro/LPCXpresso/workspace/lpcxpresso-board-project/Lib_MCU/Debug/libLib_MCU.a(lpc17xx_uart.o)
                0x000056a4                UART_TxCmd
 .text.UART_Send
                0x0000578c      0x10c /home/pedro/LPCXpresso/workspace/lpcxpresso-board-project/Lib_MCU/Debug/libLib_MCU.a(lpc17xx_uart.o)
                0x0000578c                UART_Send
 .text.UART_SendString
                0x00005898       0x2c /home/pedro/LPCXpresso/workspace/lpcxpresso-board-project/Lib_MCU/Debug/libLib_MCU.a(lpc17xx_uart.o)
                0x00005898                UART_SendString
 .text.UART_Receive
                0x000058c4       0xd8 /home/pedro/LPCXpresso/workspace/lpcxpresso-board-project/Lib_MCU/Debug/libLib_MCU.a(lpc17xx_uart.o)
                0x000058c4                UART_Receive
 .text.CLKPWR_SetPCLKDiv
                0x0000599c       0xcc /home/pedro/LPCXpresso/workspace/lpcxpresso-board-project/Lib_MCU/Debug/libLib_MCU.a(lpc17xx_clkpwr.o)
                0x0000599c                CLKPWR_SetPCLKDiv
 .text.CLKPWR_GetPCLKSEL
                0x00005a68       0x54 /home/pedro/LPCXpresso/workspace/lpcxpresso-board-project/Lib_MCU/Debug/libLib_MCU.a(lpc17xx_clkpwr.o)
                0x00005a68                CLKPWR_GetPCLKSEL
 .text.CLKPWR_GetPCLK
                0x00005abc       0x74 /home/pedro/LPCXpresso/workspace/lpcxpresso-board-project/Lib_MCU/Debug/libLib_MCU.a(lpc17xx_clkpwr.o)
                0x00005abc                CLKPWR_GetPCLK
 .text.CLKPWR_ConfigPPWR
                0x00005b30       0x78 /home/pedro/LPCXpresso/workspace/lpcxpresso-board-project/Lib_MCU/Debug/libLib_MCU.a(lpc17xx_clkpwr.o)
                0x00005b30                CLKPWR_ConfigPPWR
 .text          0x00005ba8       0x30 /usr/local/lpcxpresso_8.2.2_650/lpcxpresso/tools/bin/../lib/gcc/arm-none-eabi/5.4.1/armv7-m/libgcc.a(_aeabi_uldivmod.o)
                0x00005ba8                __aeabi_uldivmod
 .text          0x00005bd8      0x2ec /usr/local/lpcxpresso_8.2.2_650/lpcxpresso/tools/bin/../lib/gcc/arm-none-eabi/5.4.1/armv7-m/libgcc.a(_udivmoddi4.o)
                0x00005bd8                __udivmoddi4
 .text          0x00005ec4        0x4 /usr/local/lpcxpresso_8.2.2_650/lpcxpresso/tools/bin/../lib/gcc/arm-none-eabi/5.4.1/armv7-m/libgcc.a(_dvmd_tls.o)
                0x00005ec4                __aeabi_ldiv0
                0x00005ec4                __aeabi_idiv0
 .text.memcmp   0x00005ec8       0x64 /usr/local/lpcxpresso_8.2.2_650/lpcxpresso/tools/bin/../lib/gcc/arm-none-eabi/5.4.1/../../../../arm-none-eabi/lib/armv7-m/libc.a(lib_a-memcmp.o)
                0x00005ec8                memcmp
 .text          0x00005f2c       0xec /usr/local/lpcxpresso_8.2.2_650/lpcxpresso/tools/bin/../lib/gcc/arm-none-eabi/5.4.1/../../../../arm-none-eabi/lib/armv7-m/libc.a(lib_a-memcpy.o)
                0x00005f2c                memcpy
 .text.memset   0x00006018       0x9c /usr/local/lpcxpresso_8.2.2_650/lpcxpresso/tools/bin/../lib/gcc/arm-none-eabi/5.4.1/../../../../arm-none-eabi/lib/armv7-m/libc.a(lib_a-memset.o)
                0x00006018                memset
 .text.sprintf  0x000060b4       0x4c /usr/local/lpcxpresso_8.2.2_650/lpcxpresso/tools/bin/../lib/gcc/arm-none-eabi/5.4.1/../../../../arm-none-eabi/lib/armv7-m/libc.a(lib_a-sprintf.o)
                0x000060b4                sprintf
 .text.strlen   0x00006100       0x5c /usr/local/lpcxpresso_8.2.2_650/lpcxpresso/tools/bin/../lib/gcc/arm-none-eabi/5.4.1/../../../../arm-none-eabi/lib/armv7-m/libc.a(lib_a-strlen-stub.o)
                0x00006100                strlen
 .text._svfprintf_r
                0x0000615c     0x175c /usr/local/lpcxpresso_8.2.2_650/lpcxpresso/tools/bin/../lib/gcc/arm-none-eabi/5.4.1/../../../../arm-none-eabi/lib/armv7-m/libc.a(lib_a-svfprintf.o)
                0x0000615c                _svfprintf_r
 .text.quorem   0x000078b8      0x12c /usr/local/lpcxpresso_8.2.2_650/lpcxpresso/tools/bin/../lib/gcc/arm-none-eabi/5.4.1/../../../../arm-none-eabi/lib/armv7-m/libc.a(lib_a-dtoa.o)
 *fill*         0x000079e4        0x4 ff
 .text._dtoa_r  0x000079e8      0xe4c /usr/local/lpcxpresso_8.2.2_650/lpcxpresso/tools/bin/../lib/gcc/arm-none-eabi/5.4.1/../../../../arm-none-eabi/lib/armv7-m/libc.a(lib_a-dtoa.o)
                0x000079e8                _dtoa_r
 .text._localeconv_r
                0x00008834        0x8 /usr/local/lpcxpresso_8.2.2_650/lpcxpresso/tools/bin/../lib/gcc/arm-none-eabi/5.4.1/../../../../arm-none-eabi/lib/armv7-m/libc.a(lib_a-locale.o)
                0x00008834                _localeconv_r
 .text._malloc_r
                0x0000883c      0x558 /usr/local/lpcxpresso_8.2.2_650/lpcxpresso/tools/bin/../lib/gcc/arm-none-eabi/5.4.1/../../../../arm-none-eabi/lib/armv7-m/libc.a(lib_a-mallocr.o)
                0x0000883c                _malloc_r
 .text.memchr   0x00008d94       0x8c /usr/local/lpcxpresso_8.2.2_650/lpcxpresso/tools/bin/../lib/gcc/arm-none-eabi/5.4.1/../../../../arm-none-eabi/lib/armv7-m/libc.a(lib_a-memchr-stub.o)
                0x00008d94                memchr
 .text.__malloc_lock
                0x00008e20        0x4 /usr/local/lpcxpresso_8.2.2_650/lpcxpresso/tools/bin/../lib/gcc/arm-none-eabi/5.4.1/../../../../arm-none-eabi/lib/armv7-m/libc.a(lib_a-mlock.o)
                0x00008e20                __malloc_lock
 .text.__malloc_unlock
                0x00008e24        0x4 /usr/local/lpcxpresso_8.2.2_650/lpcxpresso/tools/bin/../lib/gcc/arm-none-eabi/5.4.1/../../../../arm-none-eabi/lib/armv7-m/libc.a(lib_a-mlock.o)
                0x00008e24                __malloc_unlock
 .text._Balloc  0x00008e28       0x50 /usr/local/lpcxpresso_8.2.2_650/lpcxpresso/tools/bin/../lib/gcc/arm-none-eabi/5.4.1/../../../../arm-none-eabi/lib/armv7-m/libc.a(lib_a-mprec.o)
                0x00008e28                _Balloc
 .text._Bfree   0x00008e78       0x14 /usr/local/lpcxpresso_8.2.2_650/lpcxpresso/tools/bin/../lib/gcc/arm-none-eabi/5.4.1/../../../../arm-none-eabi/lib/armv7-m/libc.a(lib_a-mprec.o)
                0x00008e78                _Bfree
 .text.__multadd
                0x00008e8c       0x80 /usr/local/lpcxpresso_8.2.2_650/lpcxpresso/tools/bin/../lib/gcc/arm-none-eabi/5.4.1/../../../../arm-none-eabi/lib/armv7-m/libc.a(lib_a-mprec.o)
                0x00008e8c                __multadd
 .text.__hi0bits
                0x00008f0c       0x40 /usr/local/lpcxpresso_8.2.2_650/lpcxpresso/tools/bin/../lib/gcc/arm-none-eabi/5.4.1/../../../../arm-none-eabi/lib/armv7-m/libc.a(lib_a-mprec.o)
                0x00008f0c                __hi0bits
 .text.__lo0bits
                0x00008f4c       0x5c /usr/local/lpcxpresso_8.2.2_650/lpcxpresso/tools/bin/../lib/gcc/arm-none-eabi/5.4.1/../../../../arm-none-eabi/lib/armv7-m/libc.a(lib_a-mprec.o)
                0x00008f4c                __lo0bits
 .text.__i2b    0x00008fa8       0x14 /usr/local/lpcxpresso_8.2.2_650/lpcxpresso/tools/bin/../lib/gcc/arm-none-eabi/5.4.1/../../../../arm-none-eabi/lib/armv7-m/libc.a(lib_a-mprec.o)
                0x00008fa8                __i2b
 .text.__multiply
                0x00008fbc      0x13c /usr/local/lpcxpresso_8.2.2_650/lpcxpresso/tools/bin/../lib/gcc/arm-none-eabi/5.4.1/../../../../arm-none-eabi/lib/armv7-m/libc.a(lib_a-mprec.o)
                0x00008fbc                __multiply
 .text.__pow5mult
                0x000090f8       0xa0 /usr/local/lpcxpresso_8.2.2_650/lpcxpresso/tools/bin/../lib/gcc/arm-none-eabi/5.4.1/../../../../arm-none-eabi/lib/armv7-m/libc.a(lib_a-mprec.o)
                0x000090f8                __pow5mult
 .text.__lshift
                0x00009198       0xac /usr/local/lpcxpresso_8.2.2_650/lpcxpresso/tools/bin/../lib/gcc/arm-none-eabi/5.4.1/../../../../arm-none-eabi/lib/armv7-m/libc.a(lib_a-mprec.o)
                0x00009198                __lshift
 .text.__mcmp   0x00009244       0x40 /usr/local/lpcxpresso_8.2.2_650/lpcxpresso/tools/bin/../lib/gcc/arm-none-eabi/5.4.1/../../../../arm-none-eabi/lib/armv7-m/libc.a(lib_a-mprec.o)
                0x00009244                __mcmp
 .text.__mdiff  0x00009284      0x128 /usr/local/lpcxpresso_8.2.2_650/lpcxpresso/tools/bin/../lib/gcc/arm-none-eabi/5.4.1/../../../../arm-none-eabi/lib/armv7-m/libc.a(lib_a-mprec.o)
                0x00009284                __mdiff
 .text.__d2b    0x000093ac       0xa8 /usr/local/lpcxpresso_8.2.2_650/lpcxpresso/tools/bin/../lib/gcc/arm-none-eabi/5.4.1/../../../../arm-none-eabi/lib/armv7-m/libc.a(lib_a-mprec.o)
                0x000093ac                __d2b
 .text._sbrk_r  0x00009454       0x24 /usr/local/lpcxpresso_8.2.2_650/lpcxpresso/tools/bin/../lib/gcc/arm-none-eabi/5.4.1/../../../../arm-none-eabi/lib/armv7-m/libc.a(lib_a-sbrkr.o)
                0x00009454                _sbrk_r
 .text.__ssprint_r
                0x00009478      0x100 /usr/local/lpcxpresso_8.2.2_650/lpcxpresso/tools/bin/../lib/gcc/arm-none-eabi/5.4.1/../../../../arm-none-eabi/lib/armv7-m/libc.a(lib_a-svfiprintf.o)
                0x00009478                __ssprint_r
 .text._calloc_r
                0x00009578       0x60 /usr/local/lpcxpresso_8.2.2_650/lpcxpresso/tools/bin/../lib/gcc/arm-none-eabi/5.4.1/../../../../arm-none-eabi/lib/armv7-m/libc.a(lib_a-callocr.o)
                0x00009578                _calloc_r
 .text._malloc_trim_r
                0x000095d8       0x9c /usr/local/lpcxpresso_8.2.2_650/lpcxpresso/tools/bin/../lib/gcc/arm-none-eabi/5.4.1/../../../../arm-none-eabi/lib/armv7-m/libc.a(lib_a-freer.o)
                0x000095d8                _malloc_trim_r
 .text._free_r  0x00009674      0x1d0 /usr/local/lpcxpresso_8.2.2_650/lpcxpresso/tools/bin/../lib/gcc/arm-none-eabi/5.4.1/../../../../arm-none-eabi/lib/armv7-m/libc.a(lib_a-freer.o)
                0x00009674                _free_r
 .text.memmove  0x00009844       0xc8 /usr/local/lpcxpresso_8.2.2_650/lpcxpresso/tools/bin/../lib/gcc/arm-none-eabi/5.4.1/../../../../arm-none-eabi/lib/armv7-m/libc.a(lib_a-memmove.o)
                0x00009844                memmove
 .text._realloc_r
                0x0000990c      0x3d4 /usr/local/lpcxpresso_8.2.2_650/lpcxpresso/tools/bin/../lib/gcc/arm-none-eabi/5.4.1/../../../../arm-none-eabi/lib/armv7-m/libc.a(lib_a-reallocr.o)
                0x0000990c                _realloc_r
 .text._sbrk    0x00009ce0       0x3c /usr/local/lpcxpresso_8.2.2_650/lpcxpresso/tools/bin/../lib/gcc/arm-none-eabi/5.4.1/../../../../arm-none-eabi/lib/armv7-m/libcr_newlib_semihost.a(_cr_sbrk.o)
                0x00009ce0                _sbrk
 .text.__check_heap_overflow
                0x00009d1c       0x18 /usr/local/lpcxpresso_8.2.2_650/lpcxpresso/tools/bin/../lib/gcc/arm-none-eabi/5.4.1/../../../../arm-none-eabi/lib/armv7-m/libcr_newlib_semihost.a(_cr_check_heap.o)
                0x00009d1c                __check_heap_overflow
 .text          0x00009d34      0x370 /usr/local/lpcxpresso_8.2.2_650/lpcxpresso/tools/bin/../lib/gcc/arm-none-eabi/5.4.1/armv7-m/libgcc.a(_arm_addsubdf3.o)
                0x00009d34                __aeabi_drsub
                0x00009d3c                __aeabi_dsub
                0x00009d3c                __subdf3
                0x00009d40                __adddf3
                0x00009d40                __aeabi_dadd
                0x00009fb8                __aeabi_ui2d
                0x00009fb8                __floatunsidf
                0x00009fd8                __floatsidf
                0x00009fd8                __aeabi_i2d
                0x00009ffc                __extendsfdf2
                0x00009ffc                __aeabi_f2d
                0x0000a038                __aeabi_ul2d
                0x0000a038                __floatundidf
                0x0000a048                __floatdidf
                0x0000a048                __aeabi_l2d
 .text          0x0000a0a4      0x424 /usr/local/lpcxpresso_8.2.2_650/lpcxpresso/tools/bin/../lib/gcc/arm-none-eabi/5.4.1/armv7-m/libgcc.a(_arm_muldivdf3.o)
                0x0000a0a4                __aeabi_dmul
                0x0000a0a4                __muldf3
                0x0000a2f8                __aeabi_ddiv
                0x0000a2f8                __divdf3
 .text          0x0000a4c8      0x110 /usr/local/lpcxpresso_8.2.2_650/lpcxpresso/tools/bin/../lib/gcc/arm-none-eabi/5.4.1/armv7-m/libgcc.a(_arm_cmpdf2.o)
                0x0000a4c8                __gtdf2
                0x0000a4c8                __gedf2
                0x0000a4d0                __ltdf2
                0x0000a4d0                __ledf2
                0x0000a4d8                __cmpdf2
                0x0000a4d8                __eqdf2
                0x0000a4d8                __nedf2
                0x0000a554                __aeabi_cdrcmple
                0x0000a564                __aeabi_cdcmple
                0x0000a564                __aeabi_cdcmpeq
                0x0000a574                __aeabi_dcmpeq
                0x0000a588                __aeabi_dcmplt
                0x0000a59c                __aeabi_dcmple
                0x0000a5b0                __aeabi_dcmpge
                0x0000a5c4                __aeabi_dcmpgt
 .text          0x0000a5d8       0x2c /usr/local/lpcxpresso_8.2.2_650/lpcxpresso/tools/bin/../lib/gcc/arm-none-eabi/5.4.1/armv7-m/libgcc.a(_arm_unorddf2.o)
                0x0000a5d8                __aeabi_dcmpun
                0x0000a5d8                __unorddf2
 .text          0x0000a604       0x50 /usr/local/lpcxpresso_8.2.2_650/lpcxpresso/tools/bin/../lib/gcc/arm-none-eabi/5.4.1/armv7-m/libgcc.a(_arm_fixdfsi.o)
                0x0000a604                __fixdfsi
                0x0000a604                __aeabi_d2iz
 .text.__errno  0x0000a654        0xc /usr/local/lpcxpresso_8.2.2_650/lpcxpresso/tools/bin/../lib/gcc/arm-none-eabi/5.4.1/../../../../arm-none-eabi/lib/armv7-m/libc.a(lib_a-errno.o)
                0x0000a654                __errno
 *(.rodata .rodata.* .constdata .constdata.*)
 .rodata        0x0000a660      0x102 ./src/biblioteca.o
 *fill*         0x0000a762        0x2 ff
 .rodata        0x0000a764      0x310 ./src/easyweb.o
                0x0000a764                GetResponse
                0x0000a794                MyIP
                0x0000a798                SubnetMask
                0x0000a79c                GatewayIP
                0x0000a7a0                WebSide
 .rodata        0x0000aa74        0x6 ./src/tcpip.o
                0x0000aa74                MyMAC
 *fill*         0x0000aa7a        0x2 ff
 .rodata        0x0000aa7c        0x8 /home/pedro/LPCXpresso/workspace/lpcxpresso-board-project/Lib_EaBaseBoard/Debug/libLib_EaBaseBoard.a(oled.o)
 .rodata        0x0000aa84      0x300 /home/pedro/LPCXpresso/workspace/lpcxpresso-board-project/Lib_EaBaseBoard/Debug/libLib_EaBaseBoard.a(font5x7.o)
                0x0000aa84                font5x7
 .rodata        0x0000ad84       0x18 /home/pedro/LPCXpresso/workspace/lpcxpresso-board-project/Lib_MCU/Debug/libLib_MCU.a(lpc17xx_i2c.o)
 .rodata        0x0000ad9c       0x18 /home/pedro/LPCXpresso/workspace/lpcxpresso-board-project/Lib_MCU/Debug/libLib_MCU.a(lpc17xx_ssp.o)
 .rodata        0x0000adb4       0x18 /home/pedro/LPCXpresso/workspace/lpcxpresso-board-project/Lib_MCU/Debug/libLib_MCU.a(lpc17xx_timer.o)
 .rodata        0x0000adcc       0x18 /home/pedro/LPCXpresso/workspace/lpcxpresso-board-project/Lib_MCU/Debug/libLib_MCU.a(lpc17xx_uart.o)
 .rodata.blanks.7055
                0x0000ade4       0x10 /usr/local/lpcxpresso_8.2.2_650/lpcxpresso/tools/bin/../lib/gcc/arm-none-eabi/5.4.1/../../../../arm-none-eabi/lib/armv7-m/libc.a(lib_a-svfprintf.o)
 .rodata.str1.4
                0x0000adf4       0x42 /usr/local/lpcxpresso_8.2.2_650/lpcxpresso/tools/bin/../lib/gcc/arm-none-eabi/5.4.1/../../../../arm-none-eabi/lib/armv7-m/libc.a(lib_a-svfprintf.o)
 *fill*         0x0000ae36        0x2 ff
 .rodata.zeroes.7056
                0x0000ae38       0x10 /usr/local/lpcxpresso_8.2.2_650/lpcxpresso/tools/bin/../lib/gcc/arm-none-eabi/5.4.1/../../../../arm-none-eabi/lib/armv7-m/libc.a(lib_a-svfprintf.o)
 .rodata.str1.4
                0x0000ae48       0x10 /usr/local/lpcxpresso_8.2.2_650/lpcxpresso/tools/bin/../lib/gcc/arm-none-eabi/5.4.1/../../../../arm-none-eabi/lib/armv7-m/libc.a(lib_a-dtoa.o)
                                 0x12 (size before relaxing)
 .rodata.str1.4
                0x0000ae58        0x2 /usr/local/lpcxpresso_8.2.2_650/lpcxpresso/tools/bin/../lib/gcc/arm-none-eabi/5.4.1/../../../../arm-none-eabi/lib/armv7-m/libc.a(lib_a-impure.o)
 *fill*         0x0000ae5a        0x2 ff
 .rodata.str1.4
                0x0000ae5c        0xc /usr/local/lpcxpresso_8.2.2_650/lpcxpresso/tools/bin/../lib/gcc/arm-none-eabi/5.4.1/../../../../arm-none-eabi/lib/armv7-m/libc.a(lib_a-locale.o)
                                 0x12 (size before relaxing)
 .rodata.__mprec_tens
                0x0000ae68       0xc8 /usr/local/lpcxpresso_8.2.2_650/lpcxpresso/tools/bin/../lib/gcc/arm-none-eabi/5.4.1/../../../../arm-none-eabi/lib/armv7-m/libc.a(lib_a-mprec.o)
                0x0000ae68                __mprec_tens
 .rodata.__mprec_bigtens
                0x0000af30       0x28 /usr/local/lpcxpresso_8.2.2_650/lpcxpresso/tools/bin/../lib/gcc/arm-none-eabi/5.4.1/../../../../arm-none-eabi/lib/armv7-m/libc.a(lib_a-mprec.o)
                0x0000af30                __mprec_bigtens
 .rodata.p05.5396
                0x0000af58        0xc /usr/local/lpcxpresso_8.2.2_650/lpcxpresso/tools/bin/../lib/gcc/arm-none-eabi/5.4.1/../../../../arm-none-eabi/lib/armv7-m/libc.a(lib_a-mprec.o)
                0x0000af64                . = ALIGN (0x4)

.glue_7         0x0000af64        0x0
 .glue_7        0x0000af64        0x0 linker stubs

.glue_7t        0x0000af64        0x0
 .glue_7t       0x0000af64        0x0 linker stubs

.vfp11_veneer   0x0000af64        0x0
 .vfp11_veneer  0x0000af64        0x0 linker stubs

.v4_bx          0x0000af64        0x0
 .v4_bx         0x0000af64        0x0 linker stubs

.iplt           0x0000af64        0x0
 .iplt          0x0000af64        0x0 ./src/biblioteca.o

.ARM.extab
 *(.ARM.extab* .gnu.linkonce.armextab.*)
                0x0000af64                __exidx_start = .

.ARM.exidx      0x0000af64        0x8
 *(.ARM.exidx* .gnu.linkonce.armexidx.*)
 .ARM.exidx     0x0000af64        0x8 /usr/local/lpcxpresso_8.2.2_650/lpcxpresso/tools/bin/../lib/gcc/arm-none-eabi/5.4.1/armv7-m/libgcc.a(_udivmoddi4.o)
                0x0000af6c                __exidx_end = .
                0x0000af6c                _etext = .

.rel.dyn        0x0000af6c        0x0
 .rel.iplt      0x0000af6c        0x0 ./src/biblioteca.o

.data_RAM2      0x2007c000        0x0 load address 0x0000af6c
 FILL mask 0xff
                [!provide]                PROVIDE (__start_data_RAM2, .)
 *(.ramfunc.$RAM2)
 *(.ramfunc.$RamAHB32)
 *(.data.$RAM2*)
 *(.data.$RamAHB32*)
                0x2007c000                . = ALIGN (0x4)
                [!provide]                PROVIDE (__end_data_RAM2, .)

.uninit_RESERVED
                0x10000000        0x0
 *(.bss.$RESERVED*)
                0x10000000                . = ALIGN (0x4)
                0x10000000                _end_uninit_RESERVED = .

.data           0x10000000      0x884 load address 0x0000af6c
 FILL mask 0xff
                0x10000000                _data = .
 *(vtable)
 *(.ramfunc*)
 *(.data*)
 .data          0x10000000        0x4 ./src/easyweb.o
                0x10000000                aaScrollbar
 .data          0x10000004        0x4 /home/pedro/LPCXpresso/workspace/lpcxpresso-board-project/Lib_CMSISv1p30_LPC17xx/Debug/libCMSISv1p30_LPC17xx.a(system_LPC17xx.o)
                0x10000004                SystemCoreClock
 .data          0x10000008        0x8 /home/pedro/LPCXpresso/workspace/lpcxpresso-board-project/Lib_EaBaseBoard/Debug/libLib_EaBaseBoard.a(light.o)
 .data.impure_data
                0x10000010      0x428 /usr/local/lpcxpresso_8.2.2_650/lpcxpresso/tools/bin/../lib/gcc/arm-none-eabi/5.4.1/../../../../arm-none-eabi/lib/armv7-m/libc.a(lib_a-impure.o)
 .data._impure_ptr
                0x10000438        0x4 /usr/local/lpcxpresso_8.2.2_650/lpcxpresso/tools/bin/../lib/gcc/arm-none-eabi/5.4.1/../../../../arm-none-eabi/lib/armv7-m/libc.a(lib_a-impure.o)
                0x10000438                _impure_ptr
 .data.lconv    0x1000043c       0x38 /usr/local/lpcxpresso_8.2.2_650/lpcxpresso/tools/bin/../lib/gcc/arm-none-eabi/5.4.1/../../../../arm-none-eabi/lib/armv7-m/libc.a(lib_a-locale.o)
 .data.__malloc_av_
                0x10000474      0x408 /usr/local/lpcxpresso_8.2.2_650/lpcxpresso/tools/bin/../lib/gcc/arm-none-eabi/5.4.1/../../../../arm-none-eabi/lib/armv7-m/libc.a(lib_a-mallocr.o)
                0x10000474                __malloc_av_
 .data.__malloc_trim_threshold
                0x1000087c        0x4 /usr/local/lpcxpresso_8.2.2_650/lpcxpresso/tools/bin/../lib/gcc/arm-none-eabi/5.4.1/../../../../arm-none-eabi/lib/armv7-m/libc.a(lib_a-mallocr.o)
                0x1000087c                __malloc_trim_threshold
 .data.__malloc_sbrk_base
                0x10000880        0x4 /usr/local/lpcxpresso_8.2.2_650/lpcxpresso/tools/bin/../lib/gcc/arm-none-eabi/5.4.1/../../../../arm-none-eabi/lib/armv7-m/libc.a(lib_a-mallocr.o)
                0x10000880                __malloc_sbrk_base
                0x10000884                . = ALIGN (0x4)
                0x10000884                _edata = .

.igot.plt       0x10000884        0x0 load address 0x0000b7f0
 .igot.plt      0x10000884        0x0 ./src/biblioteca.o

.bss_RAM2       0x2007c000        0x0
                [!provide]                PROVIDE (__start_bss_RAM2, .)
 *(.bss.$RAM2*)
 *(.bss.$RamAHB32*)
                0x2007c000                . = ALIGN ((. != 0x0)?0x4:0x1)
                [!provide]                PROVIDE (__end_bss_RAM2, .)

.bss            0x10000884      0x76c
                0x10000884                _bss = .
 *(.bss*)
 .bss           0x10000884        0x8 ./src/easyweb.o
                0x10000884                aaPagecounter
                0x10000888                adcValue
 .bss           0x1000088c        0x8 ./src/ethmac.o
 .bss           0x10000894        0x8 ./src/ew_systick.o
                0x10000894                TimeTick
                0x10000898                TimeTick2
 .bss           0x1000089c      0x300 /home/pedro/LPCXpresso/workspace/lpcxpresso-board-project/Lib_EaBaseBoard/Debug/libLib_EaBaseBoard.a(oled.o)
 .bss           0x10000b9c       0x24 /home/pedro/LPCXpresso/workspace/lpcxpresso-board-project/Lib_MCU/Debug/libLib_MCU.a(lpc17xx_i2c.o)
 .bss           0x10000bc0       0x18 /home/pedro/LPCXpresso/workspace/lpcxpresso-board-project/Lib_MCU/Debug/libLib_MCU.a(lpc17xx_ssp.o)
 .bss.__malloc_max_total_mem
                0x10000bd8        0x4 /usr/local/lpcxpresso_8.2.2_650/lpcxpresso/tools/bin/../lib/gcc/arm-none-eabi/5.4.1/../../../../arm-none-eabi/lib/armv7-m/libc.a(lib_a-mallocr.o)
                0x10000bd8                __malloc_max_total_mem
 .bss.__malloc_max_sbrked_mem
                0x10000bdc        0x4 /usr/local/lpcxpresso_8.2.2_650/lpcxpresso/tools/bin/../lib/gcc/arm-none-eabi/5.4.1/../../../../arm-none-eabi/lib/armv7-m/libc.a(lib_a-mallocr.o)
                0x10000bdc                __malloc_max_sbrked_mem
 .bss.__malloc_top_pad
                0x10000be0        0x4 /usr/local/lpcxpresso_8.2.2_650/lpcxpresso/tools/bin/../lib/gcc/arm-none-eabi/5.4.1/../../../../arm-none-eabi/lib/armv7-m/libc.a(lib_a-mallocr.o)
                0x10000be0                __malloc_top_pad
 .bss.__malloc_current_mallinfo
                0x10000be4       0x28 /usr/local/lpcxpresso_8.2.2_650/lpcxpresso/tools/bin/../lib/gcc/arm-none-eabi/5.4.1/../../../../arm-none-eabi/lib/armv7-m/libc.a(lib_a-mallocr.o)
                0x10000be4                __malloc_current_mallinfo
 .bss.__end_of_heap
                0x10000c0c        0x4 /usr/local/lpcxpresso_8.2.2_650/lpcxpresso/tools/bin/../lib/gcc/arm-none-eabi/5.4.1/../../../../arm-none-eabi/lib/armv7-m/libcr_newlib_semihost.a(_cr_sbrk.o)
                0x10000c0c                __end_of_heap
 *(COMMON)
 COMMON         0x10000c10      0x3da ./src/easyweb.o
                0x10000c10                TCPTimer
                0x10000c14                HTTPBytesToSend
                0x10000c18                TCPRxDataCount
                0x10000c1a                HTTPStatus
                0x10000c1c                TCPTxDataCount
                0x10000c20                RecdFrameIP
                0x10000c24                RemoteMAC
                0x10000c2a                TCPStateMachine
                0x10000c2c                TCPUNASeqNr
                0x10000c30                TCPLocalPort
                0x10000c34                _RxTCPBuffer
                0x10000d34                ITM_RxBuffer
                0x10000d38                TCPFlags
                0x10000d3c                RecdFrameMAC
                0x10000d42                RecdIPFrameLength
                0x10000d44                PWebSide
                0x10000d48                RemoteIP
                0x10000d4c                LastFrameSent
                0x10000d4e                TCPRemotePort
                0x10000d50                TxFrame2Size
                0x10000d54                TCPAckNr
                0x10000d58                TransmitControl
                0x10000d5a                TxFrame1Size
                0x10000d5c                ISNGenHigh
                0x10000d60                _TxFrame2
                0x10000daa                RecdFrameLength
                0x10000dac                _TxFrame1
                0x10000fe4                TCPSeqNr
                0x10000fe8                RetryCounter
                0x10000fe9                SocketStatus
 *fill*         0x10000fea        0x2 
 COMMON         0x10000fec        0x4 /usr/local/lpcxpresso_8.2.2_650/lpcxpresso/tools/bin/../lib/gcc/arm-none-eabi/5.4.1/../../../../arm-none-eabi/lib/armv7-m/libc.a(lib_a-reent.o)
                0x10000fec                errno
                0x10000ff0                . = ALIGN (0x4)
                0x10000ff0                _ebss = .
                [!provide]                PROVIDE (end, .)

.noinit_RAM2    0x2007c000        0x0
 *(.noinit.$RAM2*)
 *(.noinit.$RamAHB32*)
                0x2007c000                . = ALIGN (0x4)

.noinit         0x10000ff0        0x0
                0x10000ff0                _noinit = .
 *(.noinit*)
                0x10000ff0                . = ALIGN (0x4)
                0x10000ff0                _end_noinit = .
                0x10000ff0                PROVIDE (_pvHeapStart, DEFINED (__user_heap_base)?__user_heap_base:.)
                0x10008000                PROVIDE (_vStackTop, DEFINED (__user_stack_top)?__user_stack_top:(__top_RamLoc32 - 0x0))
                [!provide]                PROVIDE (__valid_user_code_checksum, (0x0 - ((((((_vStackTop + (ResetISR + 0x1)) + (NMI_Handler + 0x1)) + (HardFault_Handler + 0x1)) + (DEFINED (MemManage_Handler)?MemManage_Handler:0x0 + 0x1)) + (DEFINED (BusFault_Handler)?BusFault_Handler:0x0 + 0x1)) + (DEFINED (UsageFault_Handler)?UsageFault_Handler:0x0 + 0x1))))
OUTPUT(easyweb.axf elf32-littlearm)

.debug_info     0x00000000     0x8fb5
 .debug_info    0x00000000      0x6fc ./src/biblioteca.o
 .debug_info    0x000006fc      0x1b6 ./src/cr_startup_lpc17.o
 .debug_info    0x000008b2      0x91f ./src/easyweb.o
 .debug_info    0x000011d1      0xa85 ./src/ethmac.o
 .debug_info    0x00001c56      0x811 ./src/ew_systick.o
 .debug_info    0x00002467      0xae3 ./src/tcpip.o
 .debug_info    0x00002f4a      0x357 /home/pedro/LPCXpresso/workspace/lpcxpresso-board-project/Lib_CMSISv1p30_LPC17xx/Debug/libCMSISv1p30_LPC17xx.a(system_LPC17xx.o)
 .debug_info    0x000032a1      0x763 /home/pedro/LPCXpresso/workspace/lpcxpresso-board-project/Lib_EaBaseBoard/Debug/libLib_EaBaseBoard.a(light.o)
 .debug_info    0x00003a04      0x97d /home/pedro/LPCXpresso/workspace/lpcxpresso-board-project/Lib_EaBaseBoard/Debug/libLib_EaBaseBoard.a(oled.o)
 .debug_info    0x00004381       0x65 /home/pedro/LPCXpresso/workspace/lpcxpresso-board-project/Lib_EaBaseBoard/Debug/libLib_EaBaseBoard.a(font5x7.o)
 .debug_info    0x000043e6      0xb95 /home/pedro/LPCXpresso/workspace/lpcxpresso-board-project/Lib_MCU/Debug/libLib_MCU.a(lpc17xx_gpio.o)
 .debug_info    0x00004f7b      0xcc3 /home/pedro/LPCXpresso/workspace/lpcxpresso-board-project/Lib_MCU/Debug/libLib_MCU.a(lpc17xx_i2c.o)
 .debug_info    0x00005c3e       0xcd /home/pedro/LPCXpresso/workspace/lpcxpresso-board-project/Lib_MCU/Debug/libLib_MCU.a(lpc17xx_libcfg_default.o)
 .debug_info    0x00005d0b      0x4b1 /home/pedro/LPCXpresso/workspace/lpcxpresso-board-project/Lib_MCU/Debug/libLib_MCU.a(lpc17xx_pinsel.o)
 .debug_info    0x000061bc      0x867 /home/pedro/LPCXpresso/workspace/lpcxpresso-board-project/Lib_MCU/Debug/libLib_MCU.a(lpc17xx_ssp.o)
 .debug_info    0x00006a23      0x8e4 /home/pedro/LPCXpresso/workspace/lpcxpresso-board-project/Lib_MCU/Debug/libLib_MCU.a(lpc17xx_timer.o)
 .debug_info    0x00007307     0x14df /home/pedro/LPCXpresso/workspace/lpcxpresso-board-project/Lib_MCU/Debug/libLib_MCU.a(lpc17xx_uart.o)
 .debug_info    0x000087e6      0x641 /home/pedro/LPCXpresso/workspace/lpcxpresso-board-project/Lib_MCU/Debug/libLib_MCU.a(lpc17xx_clkpwr.o)
 .debug_info    0x00008e27      0x124 /usr/local/lpcxpresso_8.2.2_650/lpcxpresso/tools/bin/../lib/gcc/arm-none-eabi/5.4.1/../../../../arm-none-eabi/lib/armv7-m/libcr_newlib_semihost.a(_cr_sbrk.o)
 .debug_info    0x00008f4b       0x6a /usr/local/lpcxpresso_8.2.2_650/lpcxpresso/tools/bin/../lib/gcc/arm-none-eabi/5.4.1/../../../../arm-none-eabi/lib/armv7-m/libcr_newlib_semihost.a(_cr_check_heap.o)

.debug_abbrev   0x00000000     0x1d61
 .debug_abbrev  0x00000000      0x1b7 ./src/biblioteca.o
 .debug_abbrev  0x000001b7       0xb9 ./src/cr_startup_lpc17.o
 .debug_abbrev  0x00000270      0x1fc ./src/easyweb.o
 .debug_abbrev  0x0000046c      0x242 ./src/ethmac.o
 .debug_abbrev  0x000006ae      0x1ca ./src/ew_systick.o
 .debug_abbrev  0x00000878      0x26f ./src/tcpip.o
 .debug_abbrev  0x00000ae7       0xce /home/pedro/LPCXpresso/workspace/lpcxpresso-board-project/Lib_CMSISv1p30_LPC17xx/Debug/libCMSISv1p30_LPC17xx.a(system_LPC17xx.o)
 .debug_abbrev  0x00000bb5      0x1bd /home/pedro/LPCXpresso/workspace/lpcxpresso-board-project/Lib_EaBaseBoard/Debug/libLib_EaBaseBoard.a(light.o)
 .debug_abbrev  0x00000d72      0x1f1 /home/pedro/LPCXpresso/workspace/lpcxpresso-board-project/Lib_EaBaseBoard/Debug/libLib_EaBaseBoard.a(oled.o)
 .debug_abbrev  0x00000f63       0x4b /home/pedro/LPCXpresso/workspace/lpcxpresso-board-project/Lib_EaBaseBoard/Debug/libLib_EaBaseBoard.a(font5x7.o)
 .debug_abbrev  0x00000fae      0x185 /home/pedro/LPCXpresso/workspace/lpcxpresso-board-project/Lib_MCU/Debug/libLib_MCU.a(lpc17xx_gpio.o)
 .debug_abbrev  0x00001133      0x24a /home/pedro/LPCXpresso/workspace/lpcxpresso-board-project/Lib_MCU/Debug/libLib_MCU.a(lpc17xx_i2c.o)
 .debug_abbrev  0x0000137d       0x6a /home/pedro/LPCXpresso/workspace/lpcxpresso-board-project/Lib_MCU/Debug/libLib_MCU.a(lpc17xx_libcfg_default.o)
 .debug_abbrev  0x000013e7      0x10a /home/pedro/LPCXpresso/workspace/lpcxpresso-board-project/Lib_MCU/Debug/libLib_MCU.a(lpc17xx_pinsel.o)
 .debug_abbrev  0x000014f1      0x1d3 /home/pedro/LPCXpresso/workspace/lpcxpresso-board-project/Lib_MCU/Debug/libLib_MCU.a(lpc17xx_ssp.o)
 .debug_abbrev  0x000016c4      0x19f /home/pedro/LPCXpresso/workspace/lpcxpresso-board-project/Lib_MCU/Debug/libLib_MCU.a(lpc17xx_timer.o)
 .debug_abbrev  0x00001863      0x259 /home/pedro/LPCXpresso/workspace/lpcxpresso-board-project/Lib_MCU/Debug/libLib_MCU.a(lpc17xx_uart.o)
 .debug_abbrev  0x00001abc      0x174 /home/pedro/LPCXpresso/workspace/lpcxpresso-board-project/Lib_MCU/Debug/libLib_MCU.a(lpc17xx_clkpwr.o)
 .debug_abbrev  0x00001c30       0xcf /usr/local/lpcxpresso_8.2.2_650/lpcxpresso/tools/bin/../lib/gcc/arm-none-eabi/5.4.1/../../../../arm-none-eabi/lib/armv7-m/libcr_newlib_semihost.a(_cr_sbrk.o)
 .debug_abbrev  0x00001cff       0x62 /usr/local/lpcxpresso_8.2.2_650/lpcxpresso/tools/bin/../lib/gcc/arm-none-eabi/5.4.1/../../../../arm-none-eabi/lib/armv7-m/libcr_newlib_semihost.a(_cr_check_heap.o)

.debug_aranges  0x00000000      0x940
 .debug_aranges
                0x00000000       0x50 ./src/biblioteca.o
 .debug_aranges
                0x00000050       0x70 ./src/cr_startup_lpc17.o
 .debug_aranges
                0x000000c0       0x40 ./src/easyweb.o
 .debug_aranges
                0x00000100       0x88 ./src/ethmac.o
 .debug_aranges
                0x00000188       0x38 ./src/ew_systick.o
 .debug_aranges
                0x000001c0      0x108 ./src/tcpip.o
 .debug_aranges
                0x000002c8       0x28 /home/pedro/LPCXpresso/workspace/lpcxpresso-board-project/Lib_CMSISv1p30_LPC17xx/Debug/libCMSISv1p30_LPC17xx.a(system_LPC17xx.o)
 .debug_aranges
                0x000002f0       0x98 /home/pedro/LPCXpresso/workspace/lpcxpresso-board-project/Lib_EaBaseBoard/Debug/libLib_EaBaseBoard.a(light.o)
 .debug_aranges
                0x00000388       0x90 /home/pedro/LPCXpresso/workspace/lpcxpresso-board-project/Lib_EaBaseBoard/Debug/libLib_EaBaseBoard.a(oled.o)
 .debug_aranges
                0x00000418       0xc8 /home/pedro/LPCXpresso/workspace/lpcxpresso-board-project/Lib_MCU/Debug/libLib_MCU.a(lpc17xx_gpio.o)
 .debug_aranges
                0x000004e0       0xd0 /home/pedro/LPCXpresso/workspace/lpcxpresso-board-project/Lib_MCU/Debug/libLib_MCU.a(lpc17xx_i2c.o)
 .debug_aranges
                0x000005b0       0x20 /home/pedro/LPCXpresso/workspace/lpcxpresso-board-project/Lib_MCU/Debug/libLib_MCU.a(lpc17xx_libcfg_default.o)
 .debug_aranges
                0x000005d0       0x48 /home/pedro/LPCXpresso/workspace/lpcxpresso-board-project/Lib_MCU/Debug/libLib_MCU.a(lpc17xx_pinsel.o)
 .debug_aranges
                0x00000618       0xb8 /home/pedro/LPCXpresso/workspace/lpcxpresso-board-project/Lib_MCU/Debug/libLib_MCU.a(lpc17xx_ssp.o)
 .debug_aranges
                0x000006d0       0xa0 /home/pedro/LPCXpresso/workspace/lpcxpresso-board-project/Lib_MCU/Debug/libLib_MCU.a(lpc17xx_timer.o)
 .debug_aranges
                0x00000770      0x130 /home/pedro/LPCXpresso/workspace/lpcxpresso-board-project/Lib_MCU/Debug/libLib_MCU.a(lpc17xx_uart.o)
 .debug_aranges
                0x000008a0       0x60 /home/pedro/LPCXpresso/workspace/lpcxpresso-board-project/Lib_MCU/Debug/libLib_MCU.a(lpc17xx_clkpwr.o)
 .debug_aranges
                0x00000900       0x20 /usr/local/lpcxpresso_8.2.2_650/lpcxpresso/tools/bin/../lib/gcc/arm-none-eabi/5.4.1/../../../../arm-none-eabi/lib/armv7-m/libcr_newlib_semihost.a(_cr_sbrk.o)
 .debug_aranges
                0x00000920       0x20 /usr/local/lpcxpresso_8.2.2_650/lpcxpresso/tools/bin/../lib/gcc/arm-none-eabi/5.4.1/../../../../arm-none-eabi/lib/armv7-m/libcr_newlib_semihost.a(_cr_check_heap.o)

.debug_ranges   0x00000000      0x810
 .debug_ranges  0x00000000       0x40 ./src/biblioteca.o
 .debug_ranges  0x00000040       0x60 ./src/cr_startup_lpc17.o
 .debug_ranges  0x000000a0       0x30 ./src/easyweb.o
 .debug_ranges  0x000000d0       0x78 ./src/ethmac.o
 .debug_ranges  0x00000148       0x28 ./src/ew_systick.o
 .debug_ranges  0x00000170       0xf8 ./src/tcpip.o
 .debug_ranges  0x00000268       0x18 /home/pedro/LPCXpresso/workspace/lpcxpresso-board-project/Lib_CMSISv1p30_LPC17xx/Debug/libCMSISv1p30_LPC17xx.a(system_LPC17xx.o)
 .debug_ranges  0x00000280       0x88 /home/pedro/LPCXpresso/workspace/lpcxpresso-board-project/Lib_EaBaseBoard/Debug/libLib_EaBaseBoard.a(light.o)
 .debug_ranges  0x00000308       0x80 /home/pedro/LPCXpresso/workspace/lpcxpresso-board-project/Lib_EaBaseBoard/Debug/libLib_EaBaseBoard.a(oled.o)
 .debug_ranges  0x00000388       0xb8 /home/pedro/LPCXpresso/workspace/lpcxpresso-board-project/Lib_MCU/Debug/libLib_MCU.a(lpc17xx_gpio.o)
 .debug_ranges  0x00000440       0xc0 /home/pedro/LPCXpresso/workspace/lpcxpresso-board-project/Lib_MCU/Debug/libLib_MCU.a(lpc17xx_i2c.o)
 .debug_ranges  0x00000500       0x10 /home/pedro/LPCXpresso/workspace/lpcxpresso-board-project/Lib_MCU/Debug/libLib_MCU.a(lpc17xx_libcfg_default.o)
 .debug_ranges  0x00000510       0x38 /home/pedro/LPCXpresso/workspace/lpcxpresso-board-project/Lib_MCU/Debug/libLib_MCU.a(lpc17xx_pinsel.o)
 .debug_ranges  0x00000548       0xa8 /home/pedro/LPCXpresso/workspace/lpcxpresso-board-project/Lib_MCU/Debug/libLib_MCU.a(lpc17xx_ssp.o)
 .debug_ranges  0x000005f0       0x90 /home/pedro/LPCXpresso/workspace/lpcxpresso-board-project/Lib_MCU/Debug/libLib_MCU.a(lpc17xx_timer.o)
 .debug_ranges  0x00000680      0x120 /home/pedro/LPCXpresso/workspace/lpcxpresso-board-project/Lib_MCU/Debug/libLib_MCU.a(lpc17xx_uart.o)
 .debug_ranges  0x000007a0       0x50 /home/pedro/LPCXpresso/workspace/lpcxpresso-board-project/Lib_MCU/Debug/libLib_MCU.a(lpc17xx_clkpwr.o)
 .debug_ranges  0x000007f0       0x10 /usr/local/lpcxpresso_8.2.2_650/lpcxpresso/tools/bin/../lib/gcc/arm-none-eabi/5.4.1/../../../../arm-none-eabi/lib/armv7-m/libcr_newlib_semihost.a(_cr_sbrk.o)
 .debug_ranges  0x00000800       0x10 /usr/local/lpcxpresso_8.2.2_650/lpcxpresso/tools/bin/../lib/gcc/arm-none-eabi/5.4.1/../../../../arm-none-eabi/lib/armv7-m/libcr_newlib_semihost.a(_cr_check_heap.o)

.debug_macro    0x00000000     0x416b
 .debug_macro   0x00000000      0x1aa ./src/biblioteca.o
 .debug_macro   0x000001aa      0x886 ./src/biblioteca.o
 .debug_macro   0x00000a30       0x10 ./src/biblioteca.o
 .debug_macro   0x00000a40       0x1c ./src/biblioteca.o
 .debug_macro   0x00000a5c       0x22 ./src/biblioteca.o
 .debug_macro   0x00000a7e       0x22 ./src/biblioteca.o
 .debug_macro   0x00000aa0       0x87 ./src/biblioteca.o
 .debug_macro   0x00000b27       0x44 ./src/biblioteca.o
 .debug_macro   0x00000b6b       0xfd ./src/biblioteca.o
 .debug_macro   0x00000c68       0x5e ./src/biblioteca.o
 .debug_macro   0x00000cc6      0x1df ./src/biblioteca.o
 .debug_macro   0x00000ea5      0x7b7 ./src/biblioteca.o
 .debug_macro   0x0000165c      0x2c7 ./src/biblioteca.o
 .debug_macro   0x00001923       0x63 ./src/biblioteca.o
 .debug_macro   0x00001986      0x2a9 ./src/biblioteca.o
 .debug_macro   0x00001c2f      0x149 ./src/biblioteca.o
 .debug_macro   0x00001d78      0x32a ./src/biblioteca.o
 .debug_macro   0x000020a2      0x192 ./src/biblioteca.o
 .debug_macro   0x00002234       0xe9 ./src/biblioteca.o
 .debug_macro   0x0000231d       0x46 ./src/biblioteca.o
 .debug_macro   0x00002363       0x16 ./src/biblioteca.o
 .debug_macro   0x00002379       0x16 ./src/biblioteca.o
 .debug_macro   0x0000238f      0x2db ./src/biblioteca.o
 .debug_macro   0x0000266a       0x52 ./src/biblioteca.o
 .debug_macro   0x000026bc       0x35 ./src/biblioteca.o
 .debug_macro   0x000026f1       0x9c ./src/biblioteca.o
 .debug_macro   0x0000278d      0x174 ./src/biblioteca.o
 .debug_macro   0x00002901       0x52 ./src/biblioteca.o
 .debug_macro   0x00002953       0x1f ./src/biblioteca.o
 .debug_macro   0x00002972       0x43 ./src/biblioteca.o
 .debug_macro   0x000029b5       0x20 ./src/biblioteca.o
 .debug_macro   0x000029d5      0x187 ./src/biblioteca.o
 .debug_macro   0x00002b5c      0x30d ./src/biblioteca.o
 .debug_macro   0x00002e69       0x10 ./src/biblioteca.o
 .debug_macro   0x00002e79       0x35 ./src/biblioteca.o
 .debug_macro   0x00002eae       0x79 ./src/cr_startup_lpc17.o
 .debug_macro   0x00002f27      0x29a ./src/easyweb.o
 .debug_macro   0x000031c1       0x4c ./src/easyweb.o
 .debug_macro   0x0000320d       0x8d ./src/easyweb.o
 .debug_macro   0x0000329a       0x16 ./src/easyweb.o
 .debug_macro   0x000032b0      0x10e ./src/easyweb.o
 .debug_macro   0x000033be       0x8d ./src/easyweb.o
 .debug_macro   0x0000344b       0x4a ./src/easyweb.o
 .debug_macro   0x00003495       0x16 ./src/easyweb.o
 .debug_macro   0x000034ab       0x29 ./src/easyweb.o
 .debug_macro   0x000034d4       0x1c ./src/easyweb.o
 .debug_macro   0x000034f0       0x10 ./src/easyweb.o
 .debug_macro   0x00003500       0x10 ./src/easyweb.o
 .debug_macro   0x00003510       0x1c ./src/easyweb.o
 .debug_macro   0x0000352c       0x52 ./src/easyweb.o
 .debug_macro   0x0000357e       0x40 ./src/easyweb.o
 .debug_macro   0x000035be       0x10 ./src/easyweb.o
 .debug_macro   0x000035ce       0x40 ./src/easyweb.o
 .debug_macro   0x0000360e       0xd7 ./src/easyweb.o
 .debug_macro   0x000036e5       0x16 ./src/easyweb.o
 .debug_macro   0x000036fb      0x189 ./src/easyweb.o
 .debug_macro   0x00003884       0x16 ./src/easyweb.o
 .debug_macro   0x0000389a       0x10 ./src/easyweb.o
 .debug_macro   0x000038aa       0x5d ./src/easyweb.o
 .debug_macro   0x00003907      0x5e5 ./src/easyweb.o
 .debug_macro   0x00003eec       0xb3 ./src/ethmac.o
 .debug_macro   0x00003f9f       0x89 ./src/ew_systick.o
 .debug_macro   0x00004028      0x143 ./src/tcpip.o

.debug_line     0x00000000     0x68bd
 .debug_line    0x00000000      0x4eb ./src/biblioteca.o
 .debug_line    0x000004eb      0x33a ./src/cr_startup_lpc17.o
 .debug_line    0x00000825      0x602 ./src/easyweb.o
 .debug_line    0x00000e27      0x465 ./src/ethmac.o
 .debug_line    0x0000128c      0x2bc ./src/ew_systick.o
 .debug_line    0x00001548      0x742 ./src/tcpip.o
 .debug_line    0x00001c8a      0x426 /home/pedro/LPCXpresso/workspace/lpcxpresso-board-project/Lib_CMSISv1p30_LPC17xx/Debug/libCMSISv1p30_LPC17xx.a(system_LPC17xx.o)
 .debug_line    0x000020b0      0x5eb /home/pedro/LPCXpresso/workspace/lpcxpresso-board-project/Lib_EaBaseBoard/Debug/libLib_EaBaseBoard.a(light.o)
 .debug_line    0x0000269b      0x7c4 /home/pedro/LPCXpresso/workspace/lpcxpresso-board-project/Lib_EaBaseBoard/Debug/libLib_EaBaseBoard.a(oled.o)
 .debug_line    0x00002e5f       0xa1 /home/pedro/LPCXpresso/workspace/lpcxpresso-board-project/Lib_EaBaseBoard/Debug/libLib_EaBaseBoard.a(font5x7.o)
 .debug_line    0x00002f00      0x61c /home/pedro/LPCXpresso/workspace/lpcxpresso-board-project/Lib_MCU/Debug/libLib_MCU.a(lpc17xx_gpio.o)
 .debug_line    0x0000351c      0x937 /home/pedro/LPCXpresso/workspace/lpcxpresso-board-project/Lib_MCU/Debug/libLib_MCU.a(lpc17xx_i2c.o)
 .debug_line    0x00003e53      0x39d /home/pedro/LPCXpresso/workspace/lpcxpresso-board-project/Lib_MCU/Debug/libLib_MCU.a(lpc17xx_libcfg_default.o)
 .debug_line    0x000041f0      0x49b /home/pedro/LPCXpresso/workspace/lpcxpresso-board-project/Lib_MCU/Debug/libLib_MCU.a(lpc17xx_pinsel.o)
 .debug_line    0x0000468b      0x86a /home/pedro/LPCXpresso/workspace/lpcxpresso-board-project/Lib_MCU/Debug/libLib_MCU.a(lpc17xx_ssp.o)
 .debug_line    0x00004ef5      0x7c8 /home/pedro/LPCXpresso/workspace/lpcxpresso-board-project/Lib_MCU/Debug/libLib_MCU.a(lpc17xx_timer.o)
 .debug_line    0x000056bd      0xbb6 /home/pedro/LPCXpresso/workspace/lpcxpresso-board-project/Lib_MCU/Debug/libLib_MCU.a(lpc17xx_uart.o)
 .debug_line    0x00006273      0x4fc /home/pedro/LPCXpresso/workspace/lpcxpresso-board-project/Lib_MCU/Debug/libLib_MCU.a(lpc17xx_clkpwr.o)
 .debug_line    0x0000676f      0x101 /usr/local/lpcxpresso_8.2.2_650/lpcxpresso/tools/bin/../lib/gcc/arm-none-eabi/5.4.1/../../../../arm-none-eabi/lib/armv7-m/libcr_newlib_semihost.a(_cr_sbrk.o)
 .debug_line    0x00006870       0x4d /usr/local/lpcxpresso_8.2.2_650/lpcxpresso/tools/bin/../lib/gcc/arm-none-eabi/5.4.1/../../../../arm-none-eabi/lib/armv7-m/libcr_newlib_semihost.a(_cr_check_heap.o)

.debug_str      0x00000000    0x140dd
 .debug_str     0x00000000     0xe9bd ./src/biblioteca.o
                               0xebc5 (size before relaxing)
 .debug_str     0x0000e9bd      0x13a ./src/cr_startup_lpc17.o
                               0x34ca (size before relaxing)
 .debug_str     0x0000eaf7     0x2a8f ./src/easyweb.o
                              0x1147c (size before relaxing)
 .debug_str     0x00011586      0x55d ./src/ethmac.o
                               0x990b (size before relaxing)
 .debug_str     0x00011ae3      0x40e ./src/ew_systick.o
                               0x77dc (size before relaxing)
 .debug_str     0x00011ef1      0x2b8 ./src/tcpip.o
                               0xc36a (size before relaxing)
 .debug_str     0x000121a9       0xeb /home/pedro/LPCXpresso/workspace/lpcxpresso-board-project/Lib_CMSISv1p30_LPC17xx/Debug/libCMSISv1p30_LPC17xx.a(system_LPC17xx.o)
                                0x2bb (size before relaxing)
 .debug_str     0x00012294      0x39a /home/pedro/LPCXpresso/workspace/lpcxpresso-board-project/Lib_EaBaseBoard/Debug/libLib_EaBaseBoard.a(light.o)
                                0x51c (size before relaxing)
 .debug_str     0x0001262e      0x202 /home/pedro/LPCXpresso/workspace/lpcxpresso-board-project/Lib_EaBaseBoard/Debug/libLib_EaBaseBoard.a(oled.o)
                                0x3d4 (size before relaxing)
 .debug_str     0x00012830       0x11 /home/pedro/LPCXpresso/workspace/lpcxpresso-board-project/Lib_EaBaseBoard/Debug/libLib_EaBaseBoard.a(font5x7.o)
                                 0xdf (size before relaxing)
 .debug_str     0x00012841      0x26d /home/pedro/LPCXpresso/workspace/lpcxpresso-board-project/Lib_MCU/Debug/libLib_MCU.a(lpc17xx_gpio.o)
                                0x490 (size before relaxing)
 .debug_str     0x00012aae      0x323 /home/pedro/LPCXpresso/workspace/lpcxpresso-board-project/Lib_MCU/Debug/libLib_MCU.a(lpc17xx_i2c.o)
                                0x826 (size before relaxing)
 .debug_str     0x00012dd1       0x32 /home/pedro/LPCXpresso/workspace/lpcxpresso-board-project/Lib_MCU/Debug/libLib_MCU.a(lpc17xx_libcfg_default.o)
                                0x169 (size before relaxing)
 .debug_str     0x00012e03      0x108 /home/pedro/LPCXpresso/workspace/lpcxpresso-board-project/Lib_MCU/Debug/libLib_MCU.a(lpc17xx_pinsel.o)
                                0x3c5 (size before relaxing)
 .debug_str     0x00012f0b      0x209 /home/pedro/LPCXpresso/workspace/lpcxpresso-board-project/Lib_MCU/Debug/libLib_MCU.a(lpc17xx_ssp.o)
                                0x4a3 (size before relaxing)
 .debug_str     0x00013114      0x423 /home/pedro/LPCXpresso/workspace/lpcxpresso-board-project/Lib_MCU/Debug/libLib_MCU.a(lpc17xx_timer.o)
                                0x5d9 (size before relaxing)
 .debug_str     0x00013537      0x930 /home/pedro/LPCXpresso/workspace/lpcxpresso-board-project/Lib_MCU/Debug/libLib_MCU.a(lpc17xx_uart.o)
                                0xc79 (size before relaxing)
 .debug_str     0x00013e67       0xcb /home/pedro/LPCXpresso/workspace/lpcxpresso-board-project/Lib_MCU/Debug/libLib_MCU.a(lpc17xx_clkpwr.o)
                                0x3c1 (size before relaxing)
 .debug_str     0x00013f32      0x186 /usr/local/lpcxpresso_8.2.2_650/lpcxpresso/tools/bin/../lib/gcc/arm-none-eabi/5.4.1/../../../../arm-none-eabi/lib/armv7-m/libcr_newlib_semihost.a(_cr_sbrk.o)
                                0x22b (size before relaxing)
 .debug_str     0x000140b8       0x25 /usr/local/lpcxpresso_8.2.2_650/lpcxpresso/tools/bin/../lib/gcc/arm-none-eabi/5.4.1/../../../../arm-none-eabi/lib/armv7-m/libcr_newlib_semihost.a(_cr_check_heap.o)
                                0x16d (size before relaxing)

.comment        0x00000000      0x14c
 .comment       0x00000000       0x6e ./src/biblioteca.o
                                 0x6f (size before relaxing)
 .comment       0x0000006e       0x6f ./src/cr_startup_lpc17.o
 .comment       0x0000006e       0x6f ./src/easyweb.o
 .comment       0x0000006e       0x6f ./src/ethmac.o
 .comment       0x0000006e       0x6f ./src/ew_systick.o
 .comment       0x0000006e       0x6f ./src/tcpip.o
 .comment       0x0000006e       0x70 /home/pedro/LPCXpresso/workspace/lpcxpresso-board-project/Lib_CMSISv1p30_LPC17xx/Debug/libCMSISv1p30_LPC17xx.a(system_LPC17xx.o)
                                 0x71 (size before relaxing)
 .comment       0x000000de       0x71 /home/pedro/LPCXpresso/workspace/lpcxpresso-board-project/Lib_EaBaseBoard/Debug/libLib_EaBaseBoard.a(light.o)
 .comment       0x000000de       0x71 /home/pedro/LPCXpresso/workspace/lpcxpresso-board-project/Lib_EaBaseBoard/Debug/libLib_EaBaseBoard.a(oled.o)
 .comment       0x000000de       0x71 /home/pedro/LPCXpresso/workspace/lpcxpresso-board-project/Lib_EaBaseBoard/Debug/libLib_EaBaseBoard.a(font5x7.o)
 .comment       0x000000de       0x71 /home/pedro/LPCXpresso/workspace/lpcxpresso-board-project/Lib_MCU/Debug/libLib_MCU.a(lpc17xx_gpio.o)
 .comment       0x000000de       0x71 /home/pedro/LPCXpresso/workspace/lpcxpresso-board-project/Lib_MCU/Debug/libLib_MCU.a(lpc17xx_i2c.o)
 .comment       0x000000de       0x71 /home/pedro/LPCXpresso/workspace/lpcxpresso-board-project/Lib_MCU/Debug/libLib_MCU.a(lpc17xx_libcfg_default.o)
 .comment       0x000000de       0x71 /home/pedro/LPCXpresso/workspace/lpcxpresso-board-project/Lib_MCU/Debug/libLib_MCU.a(lpc17xx_pinsel.o)
 .comment       0x000000de       0x71 /home/pedro/LPCXpresso/workspace/lpcxpresso-board-project/Lib_MCU/Debug/libLib_MCU.a(lpc17xx_ssp.o)
 .comment       0x000000de       0x71 /home/pedro/LPCXpresso/workspace/lpcxpresso-board-project/Lib_MCU/Debug/libLib_MCU.a(lpc17xx_timer.o)
 .comment       0x000000de       0x71 /home/pedro/LPCXpresso/workspace/lpcxpresso-board-project/Lib_MCU/Debug/libLib_MCU.a(lpc17xx_uart.o)
 .comment       0x000000de       0x71 /home/pedro/LPCXpresso/workspace/lpcxpresso-board-project/Lib_MCU/Debug/libLib_MCU.a(lpc17xx_clkpwr.o)
 .comment       0x000000de       0x6e /usr/local/lpcxpresso_8.2.2_650/lpcxpresso/tools/bin/../lib/gcc/arm-none-eabi/5.4.1/../../../../arm-none-eabi/lib/armv7-m/libcr_newlib_semihost.a(_cr_sbrk.o)
                                 0x6f (size before relaxing)
 .comment       0x0000014c       0x6f /usr/local/lpcxpresso_8.2.2_650/lpcxpresso/tools/bin/../lib/gcc/arm-none-eabi/5.4.1/../../../../arm-none-eabi/lib/armv7-m/libcr_newlib_semihost.a(_cr_check_heap.o)

.ARM.attributes
                0x00000000       0x31
 .ARM.attributes
                0x00000000       0x33 ./src/biblioteca.o
 .ARM.attributes
                0x00000033       0x33 ./src/cr_startup_lpc17.o
 .ARM.attributes
                0x00000066       0x33 ./src/easyweb.o
 .ARM.attributes
                0x00000099       0x33 ./src/ethmac.o
 .ARM.attributes
                0x000000cc       0x33 ./src/ew_systick.o
 .ARM.attributes
                0x000000ff       0x33 ./src/tcpip.o
 .ARM.attributes
                0x00000132       0x33 /home/pedro/LPCXpresso/workspace/lpcxpresso-board-project/Lib_CMSISv1p30_LPC17xx/Debug/libCMSISv1p30_LPC17xx.a(system_LPC17xx.o)
 .ARM.attributes
                0x00000165       0x33 /home/pedro/LPCXpresso/workspace/lpcxpresso-board-project/Lib_EaBaseBoard/Debug/libLib_EaBaseBoard.a(light.o)
 .ARM.attributes
                0x00000198       0x33 /home/pedro/LPCXpresso/workspace/lpcxpresso-board-project/Lib_EaBaseBoard/Debug/libLib_EaBaseBoard.a(oled.o)
 .ARM.attributes
                0x000001cb       0x33 /home/pedro/LPCXpresso/workspace/lpcxpresso-board-project/Lib_EaBaseBoard/Debug/libLib_EaBaseBoard.a(font5x7.o)
 .ARM.attributes
                0x000001fe       0x33 /home/pedro/LPCXpresso/workspace/lpcxpresso-board-project/Lib_MCU/Debug/libLib_MCU.a(lpc17xx_gpio.o)
 .ARM.attributes
                0x00000231       0x33 /home/pedro/LPCXpresso/workspace/lpcxpresso-board-project/Lib_MCU/Debug/libLib_MCU.a(lpc17xx_i2c.o)
 .ARM.attributes
                0x00000264       0x33 /home/pedro/LPCXpresso/workspace/lpcxpresso-board-project/Lib_MCU/Debug/libLib_MCU.a(lpc17xx_libcfg_default.o)
 .ARM.attributes
                0x00000297       0x33 /home/pedro/LPCXpresso/workspace/lpcxpresso-board-project/Lib_MCU/Debug/libLib_MCU.a(lpc17xx_pinsel.o)
 .ARM.attributes
                0x000002ca       0x33 /home/pedro/LPCXpresso/workspace/lpcxpresso-board-project/Lib_MCU/Debug/libLib_MCU.a(lpc17xx_ssp.o)
 .ARM.attributes
                0x000002fd       0x33 /home/pedro/LPCXpresso/workspace/lpcxpresso-board-project/Lib_MCU/Debug/libLib_MCU.a(lpc17xx_timer.o)
 .ARM.attributes
                0x00000330       0x33 /home/pedro/LPCXpresso/workspace/lpcxpresso-board-project/Lib_MCU/Debug/libLib_MCU.a(lpc17xx_uart.o)
 .ARM.attributes
                0x00000363       0x33 /home/pedro/LPCXpresso/workspace/lpcxpresso-board-project/Lib_MCU/Debug/libLib_MCU.a(lpc17xx_clkpwr.o)
 .ARM.attributes
                0x00000396       0x1d /usr/local/lpcxpresso_8.2.2_650/lpcxpresso/tools/bin/../lib/gcc/arm-none-eabi/5.4.1/armv7-m/libgcc.a(_aeabi_uldivmod.o)
 .ARM.attributes
                0x000003b3       0x2d /usr/local/lpcxpresso_8.2.2_650/lpcxpresso/tools/bin/../lib/gcc/arm-none-eabi/5.4.1/armv7-m/libgcc.a(_udivmoddi4.o)
 .ARM.attributes
                0x000003e0       0x1d /usr/local/lpcxpresso_8.2.2_650/lpcxpresso/tools/bin/../lib/gcc/arm-none-eabi/5.4.1/armv7-m/libgcc.a(_dvmd_tls.o)
 .ARM.attributes
                0x000003fd       0x2d /usr/local/lpcxpresso_8.2.2_650/lpcxpresso/tools/bin/../lib/gcc/arm-none-eabi/5.4.1/../../../../arm-none-eabi/lib/armv7-m/libc.a(lib_a-memcmp.o)
 .ARM.attributes
                0x0000042a       0x1b /usr/local/lpcxpresso_8.2.2_650/lpcxpresso/tools/bin/../lib/gcc/arm-none-eabi/5.4.1/../../../../arm-none-eabi/lib/armv7-m/libc.a(lib_a-memcpy.o)
 .ARM.attributes
                0x00000445       0x2d /usr/local/lpcxpresso_8.2.2_650/lpcxpresso/tools/bin/../lib/gcc/arm-none-eabi/5.4.1/../../../../arm-none-eabi/lib/armv7-m/libc.a(lib_a-memset.o)
 .ARM.attributes
                0x00000472       0x2d /usr/local/lpcxpresso_8.2.2_650/lpcxpresso/tools/bin/../lib/gcc/arm-none-eabi/5.4.1/../../../../arm-none-eabi/lib/armv7-m/libc.a(lib_a-sprintf.o)
 .ARM.attributes
                0x0000049f       0x2d /usr/local/lpcxpresso_8.2.2_650/lpcxpresso/tools/bin/../lib/gcc/arm-none-eabi/5.4.1/../../../../arm-none-eabi/lib/armv7-m/libc.a(lib_a-strlen-stub.o)
 .ARM.attributes
                0x000004cc       0x2d /usr/local/lpcxpresso_8.2.2_650/lpcxpresso/tools/bin/../lib/gcc/arm-none-eabi/5.4.1/../../../../arm-none-eabi/lib/armv7-m/libc.a(lib_a-svfprintf.o)
 .ARM.attributes
                0x000004f9       0x2d /usr/local/lpcxpresso_8.2.2_650/lpcxpresso/tools/bin/../lib/gcc/arm-none-eabi/5.4.1/../../../../arm-none-eabi/lib/armv7-m/libc.a(lib_a-dtoa.o)
 .ARM.attributes
                0x00000526       0x2d /usr/local/lpcxpresso_8.2.2_650/lpcxpresso/tools/bin/../lib/gcc/arm-none-eabi/5.4.1/../../../../arm-none-eabi/lib/armv7-m/libc.a(lib_a-impure.o)
 .ARM.attributes
                0x00000553       0x2d /usr/local/lpcxpresso_8.2.2_650/lpcxpresso/tools/bin/../lib/gcc/arm-none-eabi/5.4.1/../../../../arm-none-eabi/lib/armv7-m/libc.a(lib_a-locale.o)
 .ARM.attributes
                0x00000580       0x2d /usr/local/lpcxpresso_8.2.2_650/lpcxpresso/tools/bin/../lib/gcc/arm-none-eabi/5.4.1/../../../../arm-none-eabi/lib/armv7-m/libc.a(lib_a-mallocr.o)
 .ARM.attributes
                0x000005ad       0x2d /usr/local/lpcxpresso_8.2.2_650/lpcxpresso/tools/bin/../lib/gcc/arm-none-eabi/5.4.1/../../../../arm-none-eabi/lib/armv7-m/libc.a(lib_a-memchr-stub.o)
 .ARM.attributes
                0x000005da       0x2d /usr/local/lpcxpresso_8.2.2_650/lpcxpresso/tools/bin/../lib/gcc/arm-none-eabi/5.4.1/../../../../arm-none-eabi/lib/armv7-m/libc.a(lib_a-mlock.o)
 .ARM.attributes
                0x00000607       0x2d /usr/local/lpcxpresso_8.2.2_650/lpcxpresso/tools/bin/../lib/gcc/arm-none-eabi/5.4.1/../../../../arm-none-eabi/lib/armv7-m/libc.a(lib_a-mprec.o)
 .ARM.attributes
                0x00000634       0x2d /usr/local/lpcxpresso_8.2.2_650/lpcxpresso/tools/bin/../lib/gcc/arm-none-eabi/5.4.1/../../../../arm-none-eabi/lib/armv7-m/libc.a(lib_a-sbrkr.o)
 .ARM.attributes
                0x00000661       0x2d /usr/local/lpcxpresso_8.2.2_650/lpcxpresso/tools/bin/../lib/gcc/arm-none-eabi/5.4.1/../../../../arm-none-eabi/lib/armv7-m/libc.a(lib_a-svfiprintf.o)
 .ARM.attributes
                0x0000068e       0x2d /usr/local/lpcxpresso_8.2.2_650/lpcxpresso/tools/bin/../lib/gcc/arm-none-eabi/5.4.1/../../../../arm-none-eabi/lib/armv7-m/libc.a(lib_a-callocr.o)
 .ARM.attributes
                0x000006bb       0x2d /usr/local/lpcxpresso_8.2.2_650/lpcxpresso/tools/bin/../lib/gcc/arm-none-eabi/5.4.1/../../../../arm-none-eabi/lib/armv7-m/libc.a(lib_a-freer.o)
 .ARM.attributes
                0x000006e8       0x2d /usr/local/lpcxpresso_8.2.2_650/lpcxpresso/tools/bin/../lib/gcc/arm-none-eabi/5.4.1/../../../../arm-none-eabi/lib/armv7-m/libc.a(lib_a-memmove.o)
 .ARM.attributes
                0x00000715       0x2d /usr/local/lpcxpresso_8.2.2_650/lpcxpresso/tools/bin/../lib/gcc/arm-none-eabi/5.4.1/../../../../arm-none-eabi/lib/armv7-m/libc.a(lib_a-reallocr.o)
 .ARM.attributes
                0x00000742       0x2d /usr/local/lpcxpresso_8.2.2_650/lpcxpresso/tools/bin/../lib/gcc/arm-none-eabi/5.4.1/../../../../arm-none-eabi/lib/armv7-m/libc.a(lib_a-reent.o)
 .ARM.attributes
                0x0000076f       0x33 /usr/local/lpcxpresso_8.2.2_650/lpcxpresso/tools/bin/../lib/gcc/arm-none-eabi/5.4.1/../../../../arm-none-eabi/lib/armv7-m/libcr_newlib_semihost.a(_cr_sbrk.o)
 .ARM.attributes
                0x000007a2       0x33 /usr/local/lpcxpresso_8.2.2_650/lpcxpresso/tools/bin/../lib/gcc/arm-none-eabi/5.4.1/../../../../arm-none-eabi/lib/armv7-m/libcr_newlib_semihost.a(_cr_check_heap.o)
 .ARM.attributes
                0x000007d5       0x1d /usr/local/lpcxpresso_8.2.2_650/lpcxpresso/tools/bin/../lib/gcc/arm-none-eabi/5.4.1/armv7-m/libgcc.a(_arm_addsubdf3.o)
 .ARM.attributes
                0x000007f2       0x1d /usr/local/lpcxpresso_8.2.2_650/lpcxpresso/tools/bin/../lib/gcc/arm-none-eabi/5.4.1/armv7-m/libgcc.a(_arm_muldivdf3.o)
 .ARM.attributes
                0x0000080f       0x1d /usr/local/lpcxpresso_8.2.2_650/lpcxpresso/tools/bin/../lib/gcc/arm-none-eabi/5.4.1/armv7-m/libgcc.a(_arm_cmpdf2.o)
 .ARM.attributes
                0x0000082c       0x1d /usr/local/lpcxpresso_8.2.2_650/lpcxpresso/tools/bin/../lib/gcc/arm-none-eabi/5.4.1/armv7-m/libgcc.a(_arm_unorddf2.o)
 .ARM.attributes
                0x00000849       0x1d /usr/local/lpcxpresso_8.2.2_650/lpcxpresso/tools/bin/../lib/gcc/arm-none-eabi/5.4.1/armv7-m/libgcc.a(_arm_fixdfsi.o)
 .ARM.attributes
                0x00000866       0x2d /usr/local/lpcxpresso_8.2.2_650/lpcxpresso/tools/bin/../lib/gcc/arm-none-eabi/5.4.1/../../../../arm-none-eabi/lib/armv7-m/libc.a(lib_a-errno.o)

.debug_frame    0x00000000     0x26a4
 .debug_frame   0x00000000      0x104 ./src/biblioteca.o
 .debug_frame   0x00000104      0x120 ./src/cr_startup_lpc17.o
 .debug_frame   0x00000224       0xbc ./src/easyweb.o
 .debug_frame   0x000002e0      0x21c ./src/ethmac.o
 .debug_frame   0x000004fc       0x94 ./src/ew_systick.o
 .debug_frame   0x00000590      0x3e4 ./src/tcpip.o
 .debug_frame   0x00000974       0x48 /home/pedro/LPCXpresso/workspace/lpcxpresso-board-project/Lib_CMSISv1p30_LPC17xx/Debug/libCMSISv1p30_LPC17xx.a(system_LPC17xx.o)
 .debug_frame   0x000009bc      0x208 /home/pedro/LPCXpresso/workspace/lpcxpresso-board-project/Lib_EaBaseBoard/Debug/libLib_EaBaseBoard.a(light.o)
 .debug_frame   0x00000bc4      0x1ec /home/pedro/LPCXpresso/workspace/lpcxpresso-board-project/Lib_EaBaseBoard/Debug/libLib_EaBaseBoard.a(oled.o)
 .debug_frame   0x00000db0      0x2c4 /home/pedro/LPCXpresso/workspace/lpcxpresso-board-project/Lib_MCU/Debug/libLib_MCU.a(lpc17xx_gpio.o)
 .debug_frame   0x00001074      0x2c8 /home/pedro/LPCXpresso/workspace/lpcxpresso-board-project/Lib_MCU/Debug/libLib_MCU.a(lpc17xx_i2c.o)
 .debug_frame   0x0000133c       0x2c /home/pedro/LPCXpresso/workspace/lpcxpresso-board-project/Lib_MCU/Debug/libLib_MCU.a(lpc17xx_libcfg_default.o)
 .debug_frame   0x00001368       0xbc /home/pedro/LPCXpresso/workspace/lpcxpresso-board-project/Lib_MCU/Debug/libLib_MCU.a(lpc17xx_pinsel.o)
 .debug_frame   0x00001424      0x280 /home/pedro/LPCXpresso/workspace/lpcxpresso-board-project/Lib_MCU/Debug/libLib_MCU.a(lpc17xx_ssp.o)
 .debug_frame   0x000016a4      0x228 /home/pedro/LPCXpresso/workspace/lpcxpresso-board-project/Lib_MCU/Debug/libLib_MCU.a(lpc17xx_timer.o)
 .debug_frame   0x000018cc      0x44c /home/pedro/LPCXpresso/workspace/lpcxpresso-board-project/Lib_MCU/Debug/libLib_MCU.a(lpc17xx_uart.o)
 .debug_frame   0x00001d18      0x10c /home/pedro/LPCXpresso/workspace/lpcxpresso-board-project/Lib_MCU/Debug/libLib_MCU.a(lpc17xx_clkpwr.o)
 .debug_frame   0x00001e24       0x2c /usr/local/lpcxpresso_8.2.2_650/lpcxpresso/tools/bin/../lib/gcc/arm-none-eabi/5.4.1/armv7-m/libgcc.a(_aeabi_uldivmod.o)
 .debug_frame   0x00001e50       0x38 /usr/local/lpcxpresso_8.2.2_650/lpcxpresso/tools/bin/../lib/gcc/arm-none-eabi/5.4.1/armv7-m/libgcc.a(_udivmoddi4.o)
 .debug_frame   0x00001e88       0x38 /usr/local/lpcxpresso_8.2.2_650/lpcxpresso/tools/bin/../lib/gcc/arm-none-eabi/5.4.1/../../../../arm-none-eabi/lib/armv7-m/libc.a(lib_a-memcmp.o)
 .debug_frame   0x00001ec0       0x34 /usr/local/lpcxpresso_8.2.2_650/lpcxpresso/tools/bin/../lib/gcc/arm-none-eabi/5.4.1/../../../../arm-none-eabi/lib/armv7-m/libc.a(lib_a-memset.o)
 .debug_frame   0x00001ef4       0x84 /usr/local/lpcxpresso_8.2.2_650/lpcxpresso/tools/bin/../lib/gcc/arm-none-eabi/5.4.1/../../../../arm-none-eabi/lib/armv7-m/libc.a(lib_a-sprintf.o)
 .debug_frame   0x00001f78       0x20 /usr/local/lpcxpresso_8.2.2_650/lpcxpresso/tools/bin/../lib/gcc/arm-none-eabi/5.4.1/../../../../arm-none-eabi/lib/armv7-m/libc.a(lib_a-strlen-stub.o)
 .debug_frame   0x00001f98       0x44 /usr/local/lpcxpresso_8.2.2_650/lpcxpresso/tools/bin/../lib/gcc/arm-none-eabi/5.4.1/../../../../arm-none-eabi/lib/armv7-m/libc.a(lib_a-svfprintf.o)
 .debug_frame   0x00001fdc       0x84 /usr/local/lpcxpresso_8.2.2_650/lpcxpresso/tools/bin/../lib/gcc/arm-none-eabi/5.4.1/../../../../arm-none-eabi/lib/armv7-m/libc.a(lib_a-dtoa.o)
 .debug_frame   0x00002060       0x9c /usr/local/lpcxpresso_8.2.2_650/lpcxpresso/tools/bin/../lib/gcc/arm-none-eabi/5.4.1/../../../../arm-none-eabi/lib/armv7-m/libc.a(lib_a-locale.o)
 .debug_frame   0x000020fc       0x54 /usr/local/lpcxpresso_8.2.2_650/lpcxpresso/tools/bin/../lib/gcc/arm-none-eabi/5.4.1/../../../../arm-none-eabi/lib/armv7-m/libc.a(lib_a-mallocr.o)
 .debug_frame   0x00002150       0x34 /usr/local/lpcxpresso_8.2.2_650/lpcxpresso/tools/bin/../lib/gcc/arm-none-eabi/5.4.1/../../../../arm-none-eabi/lib/armv7-m/libc.a(lib_a-memchr-stub.o)
 .debug_frame   0x00002184       0x30 /usr/local/lpcxpresso_8.2.2_650/lpcxpresso/tools/bin/../lib/gcc/arm-none-eabi/5.4.1/../../../../arm-none-eabi/lib/armv7-m/libc.a(lib_a-mlock.o)
 .debug_frame   0x000021b4      0x264 /usr/local/lpcxpresso_8.2.2_650/lpcxpresso/tools/bin/../lib/gcc/arm-none-eabi/5.4.1/../../../../arm-none-eabi/lib/armv7-m/libc.a(lib_a-mprec.o)
 .debug_frame   0x00002418       0x2c /usr/local/lpcxpresso_8.2.2_650/lpcxpresso/tools/bin/../lib/gcc/arm-none-eabi/5.4.1/../../../../arm-none-eabi/lib/armv7-m/libc.a(lib_a-sbrkr.o)
 .debug_frame   0x00002444       0x78 /usr/local/lpcxpresso_8.2.2_650/lpcxpresso/tools/bin/../lib/gcc/arm-none-eabi/5.4.1/../../../../arm-none-eabi/lib/armv7-m/libc.a(lib_a-svfiprintf.o)
 .debug_frame   0x000024bc       0x28 /usr/local/lpcxpresso_8.2.2_650/lpcxpresso/tools/bin/../lib/gcc/arm-none-eabi/5.4.1/../../../../arm-none-eabi/lib/armv7-m/libc.a(lib_a-callocr.o)
 .debug_frame   0x000024e4       0x74 /usr/local/lpcxpresso_8.2.2_650/lpcxpresso/tools/bin/../lib/gcc/arm-none-eabi/5.4.1/../../../../arm-none-eabi/lib/armv7-m/libc.a(lib_a-freer.o)
 .debug_frame   0x00002558       0x30 /usr/local/lpcxpresso_8.2.2_650/lpcxpresso/tools/bin/../lib/gcc/arm-none-eabi/5.4.1/../../../../arm-none-eabi/lib/armv7-m/libc.a(lib_a-memmove.o)
 .debug_frame   0x00002588       0x58 /usr/local/lpcxpresso_8.2.2_650/lpcxpresso/tools/bin/../lib/gcc/arm-none-eabi/5.4.1/../../../../arm-none-eabi/lib/armv7-m/libc.a(lib_a-reallocr.o)
 .debug_frame   0x000025e0       0x58 /usr/local/lpcxpresso_8.2.2_650/lpcxpresso/tools/bin/../lib/gcc/arm-none-eabi/5.4.1/../../../../arm-none-eabi/lib/armv7-m/libc.a(lib_a-reent.o)
 .debug_frame   0x00002638       0x2c /usr/local/lpcxpresso_8.2.2_650/lpcxpresso/tools/bin/../lib/gcc/arm-none-eabi/5.4.1/../../../../arm-none-eabi/lib/armv7-m/libcr_newlib_semihost.a(_cr_sbrk.o)
 .debug_frame   0x00002664       0x20 /usr/local/lpcxpresso_8.2.2_650/lpcxpresso/tools/bin/../lib/gcc/arm-none-eabi/5.4.1/../../../../arm-none-eabi/lib/armv7-m/libcr_newlib_semihost.a(_cr_check_heap.o)
 .debug_frame   0x00002684       0x20 /usr/local/lpcxpresso_8.2.2_650/lpcxpresso/tools/bin/../lib/gcc/arm-none-eabi/5.4.1/../../../../arm-none-eabi/lib/armv7-m/libc.a(lib_a-errno.o)

.debug_loc      0x00000000     0x2401
 .debug_loc     0x00000000       0x58 /home/pedro/LPCXpresso/workspace/lpcxpresso-board-project/Lib_CMSISv1p30_LPC17xx/Debug/libCMSISv1p30_LPC17xx.a(system_LPC17xx.o)
 .debug_loc     0x00000058      0x378 /home/pedro/LPCXpresso/workspace/lpcxpresso-board-project/Lib_EaBaseBoard/Debug/libLib_EaBaseBoard.a(light.o)
 .debug_loc     0x000003d0      0x33e /home/pedro/LPCXpresso/workspace/lpcxpresso-board-project/Lib_EaBaseBoard/Debug/libLib_EaBaseBoard.a(oled.o)
 .debug_loc     0x0000070e      0x4d0 /home/pedro/LPCXpresso/workspace/lpcxpresso-board-project/Lib_MCU/Debug/libLib_MCU.a(lpc17xx_gpio.o)
 .debug_loc     0x00000bde      0x4e4 /home/pedro/LPCXpresso/workspace/lpcxpresso-board-project/Lib_MCU/Debug/libLib_MCU.a(lpc17xx_i2c.o)
 .debug_loc     0x000010c2       0x38 /home/pedro/LPCXpresso/workspace/lpcxpresso-board-project/Lib_MCU/Debug/libLib_MCU.a(lpc17xx_libcfg_default.o)
 .debug_loc     0x000010fa      0x150 /home/pedro/LPCXpresso/workspace/lpcxpresso-board-project/Lib_MCU/Debug/libLib_MCU.a(lpc17xx_pinsel.o)
 .debug_loc     0x0000124a      0x448 /home/pedro/LPCXpresso/workspace/lpcxpresso-board-project/Lib_MCU/Debug/libLib_MCU.a(lpc17xx_ssp.o)
 .debug_loc     0x00001692      0x3b8 /home/pedro/LPCXpresso/workspace/lpcxpresso-board-project/Lib_MCU/Debug/libLib_MCU.a(lpc17xx_timer.o)
 .debug_loc     0x00001a4a      0x77a /home/pedro/LPCXpresso/workspace/lpcxpresso-board-project/Lib_MCU/Debug/libLib_MCU.a(lpc17xx_uart.o)
 .debug_loc     0x000021c4      0x1bc /home/pedro/LPCXpresso/workspace/lpcxpresso-board-project/Lib_MCU/Debug/libLib_MCU.a(lpc17xx_clkpwr.o)
 .debug_loc     0x00002380       0x47 /usr/local/lpcxpresso_8.2.2_650/lpcxpresso/tools/bin/../lib/gcc/arm-none-eabi/5.4.1/../../../../arm-none-eabi/lib/armv7-m/libcr_newlib_semihost.a(_cr_sbrk.o)
 .debug_loc     0x000023c7       0x3a /usr/local/lpcxpresso_8.2.2_650/lpcxpresso/tools/bin/../lib/gcc/arm-none-eabi/5.4.1/../../../../arm-none-eabi/lib/armv7-m/libcr_newlib_semihost.a(_cr_check_heap.o)

.debug_macinfo  0x00000000    0x66ee4
 .debug_macinfo
                0x00000000     0x83f8 /home/pedro/LPCXpresso/workspace/lpcxpresso-board-project/Lib_CMSISv1p30_LPC17xx/Debug/libCMSISv1p30_LPC17xx.a(system_LPC17xx.o)
 .debug_macinfo
                0x000083f8     0x8e3a /home/pedro/LPCXpresso/workspace/lpcxpresso-board-project/Lib_EaBaseBoard/Debug/libLib_EaBaseBoard.a(light.o)
 .debug_macinfo
                0x00011232     0xa143 /home/pedro/LPCXpresso/workspace/lpcxpresso-board-project/Lib_EaBaseBoard/Debug/libLib_EaBaseBoard.a(oled.o)
 .debug_macinfo
                0x0001b375     0x332a /home/pedro/LPCXpresso/workspace/lpcxpresso-board-project/Lib_EaBaseBoard/Debug/libLib_EaBaseBoard.a(font5x7.o)
 .debug_macinfo
                0x0001e69f     0x86b8 /home/pedro/LPCXpresso/workspace/lpcxpresso-board-project/Lib_MCU/Debug/libLib_MCU.a(lpc17xx_gpio.o)
 .debug_macinfo
                0x00026d57     0xa5d8 /home/pedro/LPCXpresso/workspace/lpcxpresso-board-project/Lib_MCU/Debug/libLib_MCU.a(lpc17xx_i2c.o)
 .debug_macinfo
                0x0003132f     0x400d /home/pedro/LPCXpresso/workspace/lpcxpresso-board-project/Lib_MCU/Debug/libLib_MCU.a(lpc17xx_libcfg_default.o)
 .debug_macinfo
                0x0003533c     0x87d3 /home/pedro/LPCXpresso/workspace/lpcxpresso-board-project/Lib_MCU/Debug/libLib_MCU.a(lpc17xx_pinsel.o)
 .debug_macinfo
                0x0003db0f     0xa8d0 /home/pedro/LPCXpresso/workspace/lpcxpresso-board-project/Lib_MCU/Debug/libLib_MCU.a(lpc17xx_ssp.o)
 .debug_macinfo
                0x000483df     0xa4cd /home/pedro/LPCXpresso/workspace/lpcxpresso-board-project/Lib_MCU/Debug/libLib_MCU.a(lpc17xx_timer.o)
 .debug_macinfo
                0x000528ac     0xb03f /home/pedro/LPCXpresso/workspace/lpcxpresso-board-project/Lib_MCU/Debug/libLib_MCU.a(lpc17xx_uart.o)
 .debug_macinfo
                0x0005d8eb     0x95f9 /home/pedro/LPCXpresso/workspace/lpcxpresso-board-project/Lib_MCU/Debug/libLib_MCU.a(lpc17xx_clkpwr.o)