Archive member included to satisfy reference by file (symbol)

/home/pedro/Documents/dev/LPCxpresso/lpcxpresso-board-project/CMSISv2p00_LPC17xx/Debug/libCMSISv2p00_LPC17xx.a(system_LPC17xx.o)
                              ./cr_startup_lpc17.o (SystemInit)
/home/pedro/Documents/dev/LPCxpresso/lpcxpresso-board-project/FreeRTOS_Library/Debug/libFreeRTOS_Library.a(port.o)
                              ./cr_startup_lpc17.o (vPortSVCHandler)
/home/pedro/Documents/dev/LPCxpresso/lpcxpresso-board-project/FreeRTOS_Library/Debug/libFreeRTOS_Library.a(basic_io.o)
                              ./main.o (vPrintStringAndNumber)
/home/pedro/Documents/dev/LPCxpresso/lpcxpresso-board-project/FreeRTOS_Library/Debug/libFreeRTOS_Library.a(consoleprint.o)
                              /home/pedro/Documents/dev/LPCxpresso/lpcxpresso-board-project/FreeRTOS_Library/Debug/libFreeRTOS_Library.a(basic_io.o) (consoleprint)
/home/pedro/Documents/dev/LPCxpresso/lpcxpresso-board-project/FreeRTOS_Library/Debug/libFreeRTOS_Library.a(lpc17xx_i2c.o)
                              ./custom_lib.o (I2C_Init)
/home/pedro/Documents/dev/LPCxpresso/lpcxpresso-board-project/FreeRTOS_Library/Debug/libFreeRTOS_Library.a(lpc17xx_libcfg_default.o)
                              /home/pedro/Documents/dev/LPCxpresso/lpcxpresso-board-project/FreeRTOS_Library/Debug/libFreeRTOS_Library.a(lpc17xx_i2c.o) (check_failed)
/home/pedro/Documents/dev/LPCxpresso/lpcxpresso-board-project/FreeRTOS_Library/Debug/libFreeRTOS_Library.a(lpc17xx_pinsel.o)
                              ./custom_lib.o (PINSEL_ConfigPin)
/home/pedro/Documents/dev/LPCxpresso/lpcxpresso-board-project/FreeRTOS_Library/Debug/libFreeRTOS_Library.a(lpc17xx_ssp.o)
                              ./custom_lib.o (SSP_Init)
/home/pedro/Documents/dev/LPCxpresso/lpcxpresso-board-project/FreeRTOS_Library/Debug/libFreeRTOS_Library.a(lpc17xx_timer.o)
                              ./custom_lib.o (Timer0_Wait)
/home/pedro/Documents/dev/LPCxpresso/lpcxpresso-board-project/FreeRTOS_Library/Debug/libFreeRTOS_Library.a(acc.o)
                              ./custom_lib.o (acc_init)
/home/pedro/Documents/dev/LPCxpresso/lpcxpresso-board-project/FreeRTOS_Library/Debug/libFreeRTOS_Library.a(joystick.o)
                              ./custom_lib.o (joystick_init)
/home/pedro/Documents/dev/LPCxpresso/lpcxpresso-board-project/FreeRTOS_Library/Debug/libFreeRTOS_Library.a(light.o)
                              ./custom_lib.o (light_enable)
/home/pedro/Documents/dev/LPCxpresso/lpcxpresso-board-project/FreeRTOS_Library/Debug/libFreeRTOS_Library.a(oled.o)
                              ./custom_lib.o (oled_init)
/home/pedro/Documents/dev/LPCxpresso/lpcxpresso-board-project/FreeRTOS_Library/Debug/libFreeRTOS_Library.a(rgb.o)
                              ./custom_lib.o (rgb_init)
/home/pedro/Documents/dev/LPCxpresso/lpcxpresso-board-project/FreeRTOS_Library/Debug/libFreeRTOS_Library.a(tasks.o)
                              ./main.o (xTaskGenericCreate)
/home/pedro/Documents/dev/LPCxpresso/lpcxpresso-board-project/FreeRTOS_Library/Debug/libFreeRTOS_Library.a(heap_2.o)
                              /home/pedro/Documents/dev/LPCxpresso/lpcxpresso-board-project/FreeRTOS_Library/Debug/libFreeRTOS_Library.a(tasks.o) (pvPortMalloc)
/home/pedro/Documents/dev/LPCxpresso/lpcxpresso-board-project/FreeRTOS_Library/Debug/libFreeRTOS_Library.a(lpc17xx_clkpwr.o)
                              /home/pedro/Documents/dev/LPCxpresso/lpcxpresso-board-project/FreeRTOS_Library/Debug/libFreeRTOS_Library.a(lpc17xx_i2c.o) (CLKPWR_SetPCLKDiv)
/home/pedro/Documents/dev/LPCxpresso/lpcxpresso-board-project/FreeRTOS_Library/Debug/libFreeRTOS_Library.a(lpc17xx_gpio.o)
                              /home/pedro/Documents/dev/LPCxpresso/lpcxpresso-board-project/FreeRTOS_Library/Debug/libFreeRTOS_Library.a(joystick.o) (GPIO_SetDir)
/home/pedro/Documents/dev/LPCxpresso/lpcxpresso-board-project/FreeRTOS_Library/Debug/libFreeRTOS_Library.a(font5x7.o)
                              /home/pedro/Documents/dev/LPCxpresso/lpcxpresso-board-project/FreeRTOS_Library/Debug/libFreeRTOS_Library.a(oled.o) (font5x7)
/home/pedro/Documents/dev/LPCxpresso/lpcxpresso-board-project/FreeRTOS_Library/Debug/libFreeRTOS_Library.a(list.o)
                              /home/pedro/Documents/dev/LPCxpresso/lpcxpresso-board-project/FreeRTOS_Library/Debug/libFreeRTOS_Library.a(tasks.o) (vListInitialise)
/usr/local/lpcxpresso_8.2.2_650/lpcxpresso/tools/bin/../lib/gcc/arm-none-eabi/5.4.1/../../../../arm-none-eabi/lib/armv7-m/libcr_semihost.a(__sys_write.o)
                              /home/pedro/Documents/dev/LPCxpresso/lpcxpresso-board-project/FreeRTOS_Library/Debug/libFreeRTOS_Library.a(consoleprint.o) (__write)
/usr/local/lpcxpresso_8.2.2_650/lpcxpresso/tools/bin/../lib/gcc/arm-none-eabi/5.4.1/../../../../arm-none-eabi/lib/armv7-m/libcr_semihost.a(_cr__main.o)
                              ./cr_startup_lpc17.o (__main)
[...]
Memory Configuration

Name             Origin             Length             Attributes
MFlash512        0x00000000         0x00080000         xr
RamLoc32         0x10000000         0x00008000         xrw
RamAHB32         0x2007c000         0x00008000         xrw
*default*        0x00000000         0xffffffff

Linker script and memory map

LOAD ./cr_startup_lpc17.o
LOAD ./custom_lib.o
LOAD ./main.o
LOAD /home/pedro/Documents/dev/LPCxpresso/lpcxpresso-board-project/CMSISv2p00_LPC17xx/Debug/libCMSISv2p00_LPC17xx.a
LOAD /home/pedro/Documents/dev/LPCxpresso/lpcxpresso-board-project/FreeRTOS_Library/Debug/libFreeRTOS_Library.a
LOAD /home/pedro/Documents/dev/LPCxpresso/lpcxpresso-board-project/Lib_EaBaseBoard/Debug/libLib_EaBaseBoard.a
LOAD /home/pedro/Documents/dev/LPCxpresso/lpcxpresso-board-project/Lib_MCU/Debug/libLib_MCU.a
START GROUP
LOAD /usr/local/lpcxpresso_8.2.2_650/lpcxpresso/tools/bin/../lib/gcc/arm-none-eabi/5.4.1/../../../../arm-none-eabi/lib/armv7-m/libcr_semihost.a
LOAD /usr/local/lpcxpresso_8.2.2_650/lpcxpresso/tools/bin/../lib/gcc/arm-none-eabi/5.4.1/../../../../arm-none-eabi/lib/armv7-m/libcr_c.a
LOAD /usr/local/lpcxpresso_8.2.2_650/lpcxpresso/tools/bin/../lib/gcc/arm-none-eabi/5.4.1/armv7-m/libcr_eabihelpers.a
END GROUP
                0x00000000                __base_MFlash512 = 0x0
                0x00000000                __base_Flash = 0x0
                0x00080000                __top_MFlash512 = 0x80000
                0x00080000                __top_Flash = 0x80000
                0x10000000                __base_RamLoc32 = 0x10000000
                0x10000000                __base_RAM = 0x10000000
                0x10008000                __top_RamLoc32 = 0x10008000
                0x10008000                __top_RAM = 0x10008000
                0x2007c000                __base_RamAHB32 = 0x2007c000
                0x2007c000                __base_RAM2 = 0x2007c000
                0x20084000                __top_RamAHB32 = 0x20084000
                0x20084000                __top_RAM2 = 0x20084000

.text           0x00000000     0x3a28
 FILL mask 0xff
                0x00000000                __vectors_start__ = ABSOLUTE (.)
 *(.isr_vector)
 .isr_vector    0x00000000       0xcc ./cr_startup_lpc17.o
                0x00000000                g_pfnVectors
                0x000000cc                . = ALIGN (0x4)
                0x000000cc                __section_table_start = .
                0x000000cc                __data_section_table = .
                0x000000cc        0x4 LONG 0x3a28 LOADADDR (.data)
                0x000000d0        0x4 LONG 0x10000000 ADDR (.data)
                0x000000d4        0x4 LONG 0x8 SIZEOF (.data)
                0x000000d8        0x4 LONG 0x3a28 LOADADDR (.data_RAM2)
                0x000000dc        0x4 LONG 0x2007c000 ADDR (.data_RAM2)
                0x000000e0        0x4 LONG 0x0 SIZEOF (.data_RAM2)
                0x000000e4                __data_section_table_end = .
                0x000000e4                __bss_section_table = .
                0x000000e4        0x4 LONG 0x10000008 ADDR (.bss)
                0x000000e8        0x4 LONG 0x2aa8 SIZEOF (.bss)
                0x000000ec        0x4 LONG 0x2007c000 ADDR (.bss_RAM2)
                0x000000f0        0x4 LONG 0x0 SIZEOF (.bss_RAM2)
                0x000000f4                __bss_section_table_end = .
                0x000000f4                __section_table_end = .
 *(.after_vectors*)
 *(.text*)
 .text.NMI_Handler
                0x000000f4        0x4 ./cr_startup_lpc17.o
                0x000000f4                NMI_Handler
 .text.HardFault_Handler
                0x000000f8        0x4 ./cr_startup_lpc17.o
                0x000000f8                HardFault_Handler
 .text.MemManage_Handler
                0x000000fc        0x4 ./cr_startup_lpc17.o
                0x000000fc                MemManage_Handler
 .text.BusFault_Handler
                0x00000100        0x4 ./cr_startup_lpc17.o
                0x00000100                BusFault_Handler
 .text.UsageFault_Handler
                0x00000104        0x4 ./cr_startup_lpc17.o
                0x00000104                UsageFault_Handler
 .text.DebugMon_Handler
                0x00000108        0x4 ./cr_startup_lpc17.o
                0x00000108                DebugMon_Handler
 .text.IntDefaultHandler
                0x0000010c        0x4 ./cr_startup_lpc17.o
                0x0000010c                TIMER2_IRQHandler
                0x0000010c                RIT_IRQHandler
                0x0000010c                I2C0_IRQHandler
                0x0000010c                USBActivity_IRQHandler
                0x0000010c                PWM1_IRQHandler
                0x0000010c                I2C1_IRQHandler
                0x0000010c                EINT2_IRQHandler
                0x0000010c                UART1_IRQHandler
                0x0000010c                EINT3_IRQHandler
                0x0000010c                CANActivity_IRQHandler
                0x0000010c                TIMER3_IRQHandler
                0x0000010c                UART0_IRQHandler
                0x0000010c                IntDefaultHandler
                0x0000010c                PLL0_IRQHandler
                0x0000010c                CAN_IRQHandler
                0x0000010c                PLL1_IRQHandler
                0x0000010c                SSP0_IRQHandler
                0x0000010c                I2S_IRQHandler
                0x0000010c                I2C2_IRQHandler
                0x0000010c                RTC_IRQHandler
                0x0000010c                TIMER0_IRQHandler
                0x0000010c                SPI_IRQHandler
                0x0000010c                EINT1_IRQHandler
                0x0000010c                TIMER1_IRQHandler
                0x0000010c                UART2_IRQHandler
                0x0000010c                ADC_IRQHandler
                0x0000010c                SSP1_IRQHandler
                0x0000010c                USB_IRQHandler
                0x0000010c                BOD_IRQHandler
                0x0000010c                WDT_IRQHandler
                0x0000010c                QEI_IRQHandler
                0x0000010c                EINT0_IRQHandler
                0x0000010c                DMA_IRQHandler
                0x0000010c                UART3_IRQHandler
                0x0000010c                MCPWM_IRQHandler
                0x0000010c                ENET_IRQHandler
 .text.ResetISR
                0x00000110       0x58 ./cr_startup_lpc17.o
                0x00000110                ResetISR
 .text.vTask1   0x00000168       0x44 ./main.o
                0x00000168                vTask1
 .text.vTask2   0x000001ac       0x40 ./main.o
                0x000001ac                vTask2
 .text.main     0x000001ec       0x5c ./main.o
                0x000001ec                main
 .text.vApplicationMallocFailedHook
                0x00000248        0x4 ./main.o
                0x00000248                vApplicationMallocFailedHook
 .text.vApplicationStackOverflowHook
                0x0000024c        0x4 ./main.o
                0x0000024c                vApplicationStackOverflowHook
 .text.vApplicationIdleHook
                0x00000250        0x4 ./main.o
                0x00000250                vApplicationIdleHook
 .text.vApplicationTickHook
                0x00000254        0x4 ./main.o
                0x00000254                vApplicationTickHook
 .text.SystemInit
                0x00000258       0xe4 /home/pedro/Documents/dev/LPCxpresso/lpcxpresso-board-project/CMSISv2p00_LPC17xx/Debug/libCMSISv2p00_LPC17xx.a(system_LPC17xx.o)
                0x00000258                SystemInit
 .text          0x0000033c      0x130 /home/pedro/Documents/dev/LPCxpresso/lpcxpresso-board-project/FreeRTOS_Library/Debug/libFreeRTOS_Library.a(port.o)
                0x0000033c                pxPortInitialiseStack
                0x00000358                vPortSVCHandler
                0x00000378                vPortStartFirstTask
                0x00000388                xPortStartScheduler
                0x000003c4                vPortEndScheduler
                0x000003c8                vPortYieldFromISR
                0x000003d8                vPortEnterCritical
                0x000003f0                vPortExitCritical
                0x00000408                xPortPendSVHandler
                0x00000444                xPortSysTickHandler
 .text          0x0000046c       0x50 /home/pedro/Documents/dev/LPCxpresso/lpcxpresso-board-project/FreeRTOS_Library/Debug/libFreeRTOS_Library.a(basic_io.o)
                0x0000046c                vPrintString
                0x00000490                vPrintStringAndNumber
 .text          0x000004bc       0x14 /home/pedro/Documents/dev/LPCxpresso/lpcxpresso-board-project/FreeRTOS_Library/Debug/libFreeRTOS_Library.a(consoleprint.o)
                0x000004bc                consoleprint
 .text          0x000004d0      0xa8c /home/pedro/Documents/dev/LPCxpresso/lpcxpresso-board-project/FreeRTOS_Library/Debug/libFreeRTOS_Library.a(tasks.o)
                0x000004d0                xTaskGenericCreate
                0x00000668                vTaskDelete
                0x000006d0                uxTaskPriorityGet
                0x000006ec                vTaskPrioritySet
                0x00000784                xTaskIsTaskSuspended
                0x000007a8                vTaskResume
                0x0000080c                xTaskResumeFromISR
                0x0000087c                vTaskStartScheduler
                0x000008c4                vTaskEndScheduler
                0x000008e0                vTaskSuspendAll
                0x000008f4                xTaskGetTickCount
                0x0000090c                xTaskGetTickCountFromISR
                0x00000918                uxTaskGetNumberOfTasks
                0x00000924                vTaskIncrementTick
                0x000009d8                xTaskResumeAll
                0x00000aac                vTaskDelayUntil
                0x00000b2c                vTaskDelay
                0x00000bd8                vTaskSwitchContext
                0x00000c98                vTaskSuspend
                0x00000d40                vTaskPlaceOnEventList
                0x00000d98                xTaskRemoveFromEventList
                0x00000e0c                vTaskSetTimeOutState
                0x00000e20                xTaskCheckForTimeOut
                0x00000e84                vTaskMissedYield
                0x00000e94                xTaskGetCurrentTaskHandle
                0x00000ea0                vTaskPriorityInherit
                0x00000f10                vTaskPriorityDisinherit
 .text          0x00000f5c      0x124 /home/pedro/Documents/dev/LPCxpresso/lpcxpresso-board-project/FreeRTOS_Library/Debug/libFreeRTOS_Library.a(heap_2.o)
                0x00000f5c                pvPortMalloc
                0x0000102c                vPortFree
                0x00001070                xPortGetFreeHeapSize
                0x0000107c                vPortInitialiseBlocks
 .text          0x00001080       0x9c /home/pedro/Documents/dev/LPCxpresso/lpcxpresso-board-project/FreeRTOS_Library/Debug/libFreeRTOS_Library.a(list.o)
                0x00001080                vListInitialise
                0x00001098                vListInitialiseItem
                0x000010a0                vListInsertEnd
                0x000010bc                vListInsert
                0x000010f8                vListRemove
 .text.__sys_write
                0x0000111c        0xc /usr/local/lpcxpresso_8.2.2_650/lpcxpresso/tools/bin/../lib/gcc/arm-none-eabi/5.4.1/../../../../arm-none-eabi/lib/armv7-m/libcr_semihost.a(__sys_write.o)
                0x0000111c                __write
                0x0000111c                __sys_write
 .text.__main   0x00001128       0x14 /usr/local/lpcxpresso_8.2.2_650/lpcxpresso/tools/bin/../lib/gcc/arm-none-eabi/5.4.1/../../../../arm-none-eabi/lib/armv7-m/libcr_semihost.a(_cr__main.o)
                0x00001128                __main
                0x00001128                __CR_SEMIHOST
 .text.memset   0x0000113c        0x4 /usr/local/lpcxpresso_8.2.2_650/lpcxpresso/tools/bin/../lib/gcc/arm-none-eabi/5.4.1/../../../../arm-none-eabi/lib/armv7-m/libcr_c.a(memset.o)
                0x0000113c                memset
 .text.fp_round
                0x00001140       0x4c /usr/local/lpcxpresso_8.2.2_650/lpcxpresso/tools/bin/../lib/gcc/arm-none-eabi/5.4.1/../../../../arm-none-eabi/lib/armv7-m/libcr_c.a(fpprintf.o)
 .text.pr_dec.constprop.1
                0x0000118c       0x26 /usr/local/lpcxpresso_8.2.2_650/lpcxpresso/tools/bin/../lib/gcc/arm-none-eabi/5.4.1/../../../../arm-none-eabi/lib/armv7-m/libcr_c.a(fpprintf.o)
 *fill*         0x000011b2        0x2 ff
 .text.sprintf  0x000011b4       0x6c /usr/local/lpcxpresso_8.2.2_650/lpcxpresso/tools/bin/../lib/gcc/arm-none-eabi/5.4.1/../../../../arm-none-eabi/lib/armv7-m/libcr_c.a(fpprintf.o)
                0x000011b4                sprintf
 .text.fp_display
                0x00001220      0x8ec /usr/local/lpcxpresso_8.2.2_650/lpcxpresso/tools/bin/../lib/gcc/arm-none-eabi/5.4.1/../../../../arm-none-eabi/lib/armv7-m/libcr_c.a(fpprintf.o)
 .text.vsnprintf
                0x00001b0c       0x5c /usr/local/lpcxpresso_8.2.2_650/lpcxpresso/tools/bin/../lib/gcc/arm-none-eabi/5.4.1/../../../../arm-none-eabi/lib/armv7-m/libcr_c.a(fpprintf.o)
                0x00001b0c                vsnprintf
 .text.printf   0x00001b68       0x54 /usr/local/lpcxpresso_8.2.2_650/lpcxpresso/tools/bin/../lib/gcc/arm-none-eabi/5.4.1/../../../../arm-none-eabi/lib/armv7-m/libcr_c.a(fpprintf.o)
                0x00001b68                printf
 .text._initio  0x00001bbc       0xa4 /usr/local/lpcxpresso_8.2.2_650/lpcxpresso/tools/bin/../lib/gcc/arm-none-eabi/5.4.1/../../../../arm-none-eabi/lib/armv7-m/libcr_c.a(initio.o)
                0x00001bbc                _initio
 .text.memcmp   0x00001c60       0x42 /usr/local/lpcxpresso_8.2.2_650/lpcxpresso/tools/bin/../lib/gcc/arm-none-eabi/5.4.1/../../../../arm-none-eabi/lib/armv7-m/libcr_c.a(memcmp.o)
                0x00001c60                memcmp
 *fill*         0x00001ca2        0x2 ff
 .text.__vfprintf
                0x00001ca4      0xd28 /usr/local/lpcxpresso_8.2.2_650/lpcxpresso/tools/bin/../lib/gcc/arm-none-eabi/5.4.1/../../../../arm-none-eabi/lib/armv7-m/libcr_c.a(printf.o)
                0x00001ca4                __vfprintf
 .text.setvbuf  0x000029cc       0x40 /usr/local/lpcxpresso_8.2.2_650/lpcxpresso/tools/bin/../lib/gcc/arm-none-eabi/5.4.1/../../../../arm-none-eabi/lib/armv7-m/libcr_c.a(setvbuf.o)
                0x000029cc                setvbuf
 .text.strcpy   0x00002a0c       0x42 /usr/local/lpcxpresso_8.2.2_650/lpcxpresso/tools/bin/../lib/gcc/arm-none-eabi/5.4.1/../../../../arm-none-eabi/lib/armv7-m/libcr_c.a(strcpy.o)
                0x00002a0c                strcpy
 .text.strlen   0x00002a4e       0x4a /usr/local/lpcxpresso_8.2.2_650/lpcxpresso/tools/bin/../lib/gcc/arm-none-eabi/5.4.1/../../../../arm-none-eabi/lib/armv7-m/libcr_c.a(strlen.o)
                0x00002a4e                strlen
 .text.strncpy  0x00002a98       0x56 /usr/local/lpcxpresso_8.2.2_650/lpcxpresso/tools/bin/../lib/gcc/arm-none-eabi/5.4.1/../../../../arm-none-eabi/lib/armv7-m/libcr_c.a(strncpy.o)
                0x00002a98                strncpy
 .text._deferredlazyseek
                0x00002aee       0x44 /usr/local/lpcxpresso_8.2.2_650/lpcxpresso/tools/bin/../lib/gcc/arm-none-eabi/5.4.1/../../../../arm-none-eabi/lib/armv7-m/libcr_c.a(_deferredlazyseek.o)
                0x00002aee                _deferredlazyseek
 .text.__flsbuf
                0x00002b32      0x140 /usr/local/lpcxpresso_8.2.2_650/lpcxpresso/tools/bin/../lib/gcc/arm-none-eabi/5.4.1/../../../../arm-none-eabi/lib/armv7-m/libcr_c.a(_deferredlazyseek.o)
                0x00002b32                __flsbuf
 .text._fdopen  0x00002c72       0x6a /usr/local/lpcxpresso_8.2.2_650/lpcxpresso/tools/bin/../lib/gcc/arm-none-eabi/5.4.1/../../../../arm-none-eabi/lib/armv7-m/libcr_c.a(_fdopen.o)
                0x00002c72                _fdopen
 .text._fflush  0x00002cdc       0x58 /usr/local/lpcxpresso_8.2.2_650/lpcxpresso/tools/bin/../lib/gcc/arm-none-eabi/5.4.1/../../../../arm-none-eabi/lib/armv7-m/libcr_c.a(_fflush.o)
                0x00002cdc                _fflush
 .text._frexpl  0x00002d34       0x5a /usr/local/lpcxpresso_8.2.2_650/lpcxpresso/tools/bin/../lib/gcc/arm-none-eabi/5.4.1/../../../../arm-none-eabi/lib/armv7-m/libcr_c.a(_frexpl.o)
                0x00002d34                _frexpl
 *fill*         0x00002d8e        0x2 ff
 .text._ldexpl  0x00002d90       0x4c /usr/local/lpcxpresso_8.2.2_650/lpcxpresso/tools/bin/../lib/gcc/arm-none-eabi/5.4.1/../../../../arm-none-eabi/lib/armv7-m/libcr_c.a(_ldexpl.o)
                0x00002d90                _ldexpl
 .text._Cwritebuf
                0x00002ddc       0x68 /usr/local/lpcxpresso_8.2.2_650/lpcxpresso/tools/bin/../lib/gcc/arm-none-eabi/5.4.1/../../../../arm-none-eabi/lib/armv7-m/libcr_c.a(_writebuf.o)
                0x00002ddc                _Cwritebuf
 .text.malloc   0x00002e44       0xc8 /usr/local/lpcxpresso_8.2.2_650/lpcxpresso/tools/bin/../lib/gcc/arm-none-eabi/5.4.1/../../../../arm-none-eabi/lib/armv7-m/libcr_c.a(alloc.o)
                0x00002e44                malloc
 .text.free     0x00002f0c       0x30 /usr/local/lpcxpresso_8.2.2_650/lpcxpresso/tools/bin/../lib/gcc/arm-none-eabi/5.4.1/../../../../arm-none-eabi/lib/armv7-m/libcr_c.a(alloc.o)
                0x00002f0c                free
 .text._Csys_alloc
                0x00002f3c       0x20 /usr/local/lpcxpresso_8.2.2_650/lpcxpresso/tools/bin/../lib/gcc/arm-none-eabi/5.4.1/../../../../arm-none-eabi/lib/armv7-m/libcr_c.a(alloc.o)
                0x00002f3c                _Csys_alloc
 .text.fclose   0x00002f5c       0x6c /usr/local/lpcxpresso_8.2.2_650/lpcxpresso/tools/bin/../lib/gcc/arm-none-eabi/5.4.1/../../../../arm-none-eabi/lib/armv7-m/libcr_c.a(fclose.o)
                0x00002f5c                fclose
 .text.fflush   0x00002fc8       0x30 /usr/local/lpcxpresso_8.2.2_650/lpcxpresso/tools/bin/../lib/gcc/arm-none-eabi/5.4.1/../../../../arm-none-eabi/lib/armv7-m/libcr_c.a(fflush.o)
                0x00002fc8                fflush
 .text.fseek    0x00002ff8      0x110 /usr/local/lpcxpresso_8.2.2_650/lpcxpresso/tools/bin/../lib/gcc/arm-none-eabi/5.4.1/../../../../arm-none-eabi/lib/armv7-m/libcr_c.a(fseek.o)
                0x00002ff8                fseek
 .text.ftell    0x00003108       0x4c /usr/local/lpcxpresso_8.2.2_650/lpcxpresso/tools/bin/../lib/gcc/arm-none-eabi/5.4.1/../../../../arm-none-eabi/lib/armv7-m/libcr_c.a(ftell.o)
                0x00003108                ftell
 .text.remove   0x00003154       0x14 /usr/local/lpcxpresso_8.2.2_650/lpcxpresso/tools/bin/../lib/gcc/arm-none-eabi/5.4.1/../../../../arm-none-eabi/lib/armv7-m/libcr_c.a(remove.o)
                0x00003154                remove
 .text._sbrk    0x00003168       0x40 /usr/local/lpcxpresso_8.2.2_650/lpcxpresso/tools/bin/../lib/gcc/arm-none-eabi/5.4.1/../../../../arm-none-eabi/lib/armv7-m/libcr_c.a(_cr_sbrk.o)
                0x00003168                _sbrk
 .text._do_fflush
                0x000031a8       0x44 /usr/local/lpcxpresso_8.2.2_650/lpcxpresso/tools/bin/../lib/gcc/arm-none-eabi/5.4.1/../../../../arm-none-eabi/lib/armv7-m/libcr_c.a(_do_fflush.o)
                0x000031a8                _do_fflush
 .text.__check_heap_overflow
                0x000031ec       0x18 /usr/local/lpcxpresso_8.2.2_650/lpcxpresso/tools/bin/../lib/gcc/arm-none-eabi/5.4.1/../../../../arm-none-eabi/lib/armv7-m/libcr_c.a(_cr_check_heap.o)
                0x000031ec                __check_heap_overflow
 .text.__aeabi_dmul
                0x00003204      0x110 /usr/local/lpcxpresso_8.2.2_650/lpcxpresso/tools/bin/../lib/gcc/arm-none-eabi/5.4.1/armv7-m/libcr_eabihelpers.a(double.o)
                0x00003204                __aeabi_dmul
 .text.__aeabi_ddiv
                0x00003314      0x138 /usr/local/lpcxpresso_8.2.2_650/lpcxpresso/tools/bin/../lib/gcc/arm-none-eabi/5.4.1/armv7-m/libcr_eabihelpers.a(double.o)
                0x00003314                __aeabi_ddiv
 .text.__aeabi_dsub
                0x0000344c      0x1a0 /usr/local/lpcxpresso_8.2.2_650/lpcxpresso/tools/bin/../lib/gcc/arm-none-eabi/5.4.1/armv7-m/libcr_eabihelpers.a(double.o)
                0x0000344c                __aeabi_dsub
 .text.__aeabi_dadd
                0x000035ec      0x10c /usr/local/lpcxpresso_8.2.2_650/lpcxpresso/tools/bin/../lib/gcc/arm-none-eabi/5.4.1/armv7-m/libcr_eabihelpers.a(double.o)
                0x000035ec                __aeabi_dadd
 .text.__aeabi_d2iz
                0x000036f8       0x40 /usr/local/lpcxpresso_8.2.2_650/lpcxpresso/tools/bin/../lib/gcc/arm-none-eabi/5.4.1/armv7-m/libcr_eabihelpers.a(double.o)
                0x000036f8                __aeabi_d2iz
 .text.__bhs_ui2d
                0x00003738       0x46 /usr/local/lpcxpresso_8.2.2_650/lpcxpresso/tools/bin/../lib/gcc/arm-none-eabi/5.4.1/armv7-m/libcr_eabihelpers.a(double.o)
                0x00003738                __bhs_ui2d
 .text.__aeabi_i2d
                0x0000377e       0x10 /usr/local/lpcxpresso_8.2.2_650/lpcxpresso/tools/bin/../lib/gcc/arm-none-eabi/5.4.1/armv7-m/libcr_eabihelpers.a(double.o)
                0x0000377e                __aeabi_i2d
 .text.__aeabi_dcmpeq
                0x0000378e       0x2c /usr/local/lpcxpresso_8.2.2_650/lpcxpresso/tools/bin/../lib/gcc/arm-none-eabi/5.4.1/armv7-m/libcr_eabihelpers.a(double.o)
                0x0000378e                __aeabi_dcmpeq
 .text.__aeabi_dcmplt
                0x000037ba       0x54 /usr/local/lpcxpresso_8.2.2_650/lpcxpresso/tools/bin/../lib/gcc/arm-none-eabi/5.4.1/armv7-m/libcr_eabihelpers.a(double.o)
                0x000037ba                __aeabi_dcmplt
 .text.__aeabi_dcmple
                0x0000380e       0x54 /usr/local/lpcxpresso_8.2.2_650/lpcxpresso/tools/bin/../lib/gcc/arm-none-eabi/5.4.1/armv7-m/libcr_eabihelpers.a(double.o)
                0x0000380e                __aeabi_dcmple
 .text.__aeabi_dcmpge
                0x00003862       0x54 /usr/local/lpcxpresso_8.2.2_650/lpcxpresso/tools/bin/../lib/gcc/arm-none-eabi/5.4.1/armv7-m/libcr_eabihelpers.a(double.o)
                0x00003862                __aeabi_dcmpge
 .text.__aeabi_memset_lowlevel
                0x000038b6       0x32 /usr/local/lpcxpresso_8.2.2_650/lpcxpresso/tools/bin/../lib/gcc/arm-none-eabi/5.4.1/armv7-m/libcr_eabihelpers.a(memcpy.o)
                0x000038b6                __aeabi_lowlevel_memset
 .text.__sys_appexit
                0x000038e8        0xc /usr/local/lpcxpresso_8.2.2_650/lpcxpresso/tools/bin/../lib/gcc/arm-none-eabi/5.4.1/../../../../arm-none-eabi/lib/armv7-m/libcr_semihost.a(__sys_appexit.o)
                0x000038e8                __exit
                0x000038e8                __sys_appexit
 .text.__sys_close
                0x000038f4        0xc /usr/local/lpcxpresso_8.2.2_650/lpcxpresso/tools/bin/../lib/gcc/arm-none-eabi/5.4.1/../../../../arm-none-eabi/lib/armv7-m/libcr_semihost.a(__sys_close.o)
                0x000038f4                __sys_close
 .text.__sys_flen
                0x00003900        0xc /usr/local/lpcxpresso_8.2.2_650/lpcxpresso/tools/bin/../lib/gcc/arm-none-eabi/5.4.1/../../../../arm-none-eabi/lib/armv7-m/libcr_semihost.a(__sys_flen.o)
                0x00003900                __sys_flen
 .text.__sys_istty
                0x0000390c        0xc /usr/local/lpcxpresso_8.2.2_650/lpcxpresso/tools/bin/../lib/gcc/arm-none-eabi/5.4.1/../../../../arm-none-eabi/lib/armv7-m/libcr_semihost.a(__sys_istty.o)
                0x0000390c                __sys_istty
 .text.__sys_remove
                0x00003918        0xc /usr/local/lpcxpresso_8.2.2_650/lpcxpresso/tools/bin/../lib/gcc/arm-none-eabi/5.4.1/../../../../arm-none-eabi/lib/armv7-m/libcr_semihost.a(__sys_remove.o)
                0x00003918                __sys_remove
 .text.__sys_seek
                0x00003924        0xc /usr/local/lpcxpresso_8.2.2_650/lpcxpresso/tools/bin/../lib/gcc/arm-none-eabi/5.4.1/../../../../arm-none-eabi/lib/armv7-m/libcr_semihost.a(__sys_seek.o)
                0x00003924                __sys_seek
 .text.__sys_tmpnam
                0x00003930        0xc /usr/local/lpcxpresso_8.2.2_650/lpcxpresso/tools/bin/../lib/gcc/arm-none-eabi/5.4.1/../../../../arm-none-eabi/lib/armv7-m/libcr_semihost.a(__sys_tmpnam.o)
                0x00003930                __sys_tmpnam
 *(.rodata .rodata.* .constdata .constdata.*)
 .rodata.str1.4
                0x0000393c       0x3b ./main.o
 *fill*         0x00003977        0x1 ff
 .rodata.str1.4
                0x00003978        0x8 /home/pedro/Documents/dev/LPCxpresso/lpcxpresso-board-project/FreeRTOS_Library/Debug/libFreeRTOS_Library.a(basic_io.o)
 .rodata        0x00003980       0x14 /home/pedro/Documents/dev/LPCxpresso/lpcxpresso-board-project/FreeRTOS_Library/Debug/libFreeRTOS_Library.a(tasks.o)
 .rodata.str1.4
                0x00003994        0x8 /home/pedro/Documents/dev/LPCxpresso/lpcxpresso-board-project/FreeRTOS_Library/Debug/libFreeRTOS_Library.a(tasks.o)
                                  0x5 (size before relaxing)
 .rodata.str1.1
                0x0000399c       0x34 /usr/local/lpcxpresso_8.2.2_650/lpcxpresso/tools/bin/../lib/gcc/arm-none-eabi/5.4.1/../../../../arm-none-eabi/lib/armv7-m/libcr_c.a(fpprintf.o)
                                 0x35 (size before relaxing)
 .rodata.str1.1
                0x000039d0        0x4 /usr/local/lpcxpresso_8.2.2_650/lpcxpresso/tools/bin/../lib/gcc/arm-none-eabi/5.4.1/../../../../arm-none-eabi/lib/armv7-m/libcr_c.a(initio.o)
 .rodata.str1.1
                0x000039d4       0x31 /usr/local/lpcxpresso_8.2.2_650/lpcxpresso/tools/bin/../lib/gcc/arm-none-eabi/5.4.1/../../../../arm-none-eabi/lib/armv7-m/libcr_c.a(printf.o)
                                 0x38 (size before relaxing)
 .rodata.str1.1
                0x00003a05       0x18 /usr/local/lpcxpresso_8.2.2_650/lpcxpresso/tools/bin/../lib/gcc/arm-none-eabi/5.4.1/../../../../arm-none-eabi/lib/armv7-m/libcr_c.a(alloc.o)
 *fill*         0x00003a1d        0x3 ff
 .rodata.__huge_vall
                0x00003a20        0x8 /usr/local/lpcxpresso_8.2.2_650/lpcxpresso/tools/bin/../lib/gcc/arm-none-eabi/5.4.1/../../../../arm-none-eabi/lib/armv7-m/libcr_c.a(_hugeval.o)
                0x00003a20                __huge_vall
                0x00003a28                . = ALIGN (0x4)

.glue_7         0x00003a28        0x0
 .glue_7        0x00003a28        0x0 linker stubs

.glue_7t        0x00003a28        0x0
 .glue_7t       0x00003a28        0x0 linker stubs

.vfp11_veneer   0x00003a28        0x0
 .vfp11_veneer  0x00003a28        0x0 linker stubs

.v4_bx          0x00003a28        0x0
 .v4_bx         0x00003a28        0x0 linker stubs

.iplt           0x00003a28        0x0
 .iplt          0x00003a28        0x0 ./cr_startup_lpc17.o

.rel.dyn        0x00003a28        0x0
 .rel.iplt      0x00003a28        0x0 ./cr_startup_lpc17.o

.ARM.extab
 *(.ARM.extab* .gnu.linkonce.armextab.*)
                0x00003a28                __exidx_start = .

.ARM.exidx
 *(.ARM.exidx* .gnu.linkonce.armexidx.*)
                0x00003a28                __exidx_end = .
                0x00003a28                _etext = .

.data_RAM2      0x2007c000        0x0 load address 0x00003a28
 FILL mask 0xff
                [!provide]                PROVIDE (__start_data_RAM2, .)
 *(.ramfunc.$RAM2)
 *(.ramfunc.$RamAHB32)
 *(.data.$RAM2*)
 *(.data.$RamAHB32*)
                0x2007c000                . = ALIGN (0x4)
                [!provide]                PROVIDE (__end_data_RAM2, .)

.uninit_RESERVED
                0x10000000        0x0
 *(.bss.$RESERVED*)
                0x10000000                . = ALIGN (0x4)
                0x10000000                _end_uninit_RESERVED = .

.data           0x10000000        0x8 load address 0x00003a28
 FILL mask 0xff
                0x10000000                _data = .
 *(vtable)
 *(.ramfunc*)
 *(.data*)
 .data          0x10000000        0x4 /home/pedro/Documents/dev/LPCxpresso/lpcxpresso-board-project/FreeRTOS_Library/Debug/libFreeRTOS_Library.a(port.o)
 .data          0x10000004        0x4 /home/pedro/Documents/dev/LPCxpresso/lpcxpresso-board-project/FreeRTOS_Library/Debug/libFreeRTOS_Library.a(heap_2.o)
                0x10000008                . = ALIGN (0x4)
                0x10000008                _edata = .

.igot.plt       0x10000008        0x0 load address 0x00003a30
 .igot.plt      0x10000008        0x0 ./cr_startup_lpc17.o

.bss_RAM2       0x2007c000        0x0
                [!provide]                PROVIDE (__start_bss_RAM2, .)
 *(.bss.$RAM2*)
 *(.bss.$RamAHB32*)
                0x2007c000                . = ALIGN ((. != 0x0)?0x4:0x1)
                [!provide]                PROVIDE (__end_bss_RAM2, .)

.bss            0x10000008     0x2aa8
                0x10000008                _bss = .
 *(.bss*)
 .bss           0x10000008        0x4 ./main.o
                0x10000008                counter
 .bss           0x1000000c       0x32 /home/pedro/Documents/dev/LPCxpresso/lpcxpresso-board-project/FreeRTOS_Library/Debug/libFreeRTOS_Library.a(basic_io.o)
 *fill*         0x1000003e        0x2 
 .bss           0x10000040      0x100 /home/pedro/Documents/dev/LPCxpresso/lpcxpresso-board-project/FreeRTOS_Library/Debug/libFreeRTOS_Library.a(tasks.o)
                0x10000044                pxCurrentTCB
 .bss           0x10000140     0x2818 /home/pedro/Documents/dev/LPCxpresso/lpcxpresso-board-project/FreeRTOS_Library/Debug/libFreeRTOS_Library.a(heap_2.o)
 .bss._extra    0x10002958        0x4 /usr/local/lpcxpresso_8.2.2_650/lpcxpresso/tools/bin/../lib/gcc/arm-none-eabi/5.4.1/../../../../arm-none-eabi/lib/armv7-m/libcr_c.a(initio.o)
                0x10002958                _extra
 .bss.__Ciob    0x1000295c      0x140 /usr/local/lpcxpresso_8.2.2_650/lpcxpresso/tools/bin/../lib/gcc/arm-none-eabi/5.4.1/../../../../arm-none-eabi/lib/armv7-m/libcr_c.a(stdio.o)
                0x1000295c                __Ciob
 .bss.errno     0x10002a9c        0x4 /usr/local/lpcxpresso_8.2.2_650/lpcxpresso/tools/bin/../lib/gcc/arm-none-eabi/5.4.1/../../../../arm-none-eabi/lib/armv7-m/libcr_c.a(errno.o)
                0x10002a9c                errno
 .bss.__heaps   0x10002aa0        0x4 /usr/local/lpcxpresso_8.2.2_650/lpcxpresso/tools/bin/../lib/gcc/arm-none-eabi/5.4.1/../../../../arm-none-eabi/lib/armv7-m/libcr_c.a(__init_alloc.o)
                0x10002aa0                __heaps
 .bss.__end_of_heap
                0x10002aa4        0x4 /usr/local/lpcxpresso_8.2.2_650/lpcxpresso/tools/bin/../lib/gcc/arm-none-eabi/5.4.1/../../../../arm-none-eabi/lib/armv7-m/libcr_c.a(__init_alloc.o)
                0x10002aa4                __end_of_heap
 *(COMMON)
 COMMON         0x10002aa8        0x8 ./main.o
                0x10002aa8                xHandle_2
                0x10002aac                xHandle_1
                0x10002ab0                . = ALIGN (0x4)
                0x10002ab0                _ebss = .
                [!provide]                PROVIDE (end, .)

.noinit_RAM2    0x2007c000        0x0
 *(.noinit.$RAM2*)
 *(.noinit.$RamAHB32*)
                0x2007c000                . = ALIGN (0x4)

.noinit         0x10002ab0        0x0
                0x10002ab0                _noinit = .
 *(.noinit*)
                0x10002ab0                . = ALIGN (0x4)
                0x10002ab0                _end_noinit = .
                0x10002ab0                PROVIDE (_pvHeapStart, DEFINED (__user_heap_base)?__user_heap_base:.)
                0x10008000                PROVIDE (_vStackTop, DEFINED (__user_stack_top)?__user_stack_top:(__top_RamLoc32 - 0x0))
                [!provide]                PROVIDE (__valid_user_code_checksum, (0x0 - ((((((_vStackTop + (ResetISR + 0x1)) + (NMI_Handler + 0x1)) + (HardFault_Handler + 0x1)) + (DEFINED (MemManage_Handler)?MemManage_Handler:0x0 + 0x1)) + (DEFINED (BusFault_Handler)?BusFault_Handler:0x0 + 0x1)) + (DEFINED (UsageFault_Handler)?UsageFault_Handler:0x0 + 0x1))))
OUTPUT(Example01.axf elf32-littlearm)

.debug_info     0x00000000     0x291a
 .debug_info    0x00000000      0x1e3 ./cr_startup_lpc17.o
 .debug_info    0x000001e3      0x3be ./main.o
 .debug_info    0x000005a1      0x318 /home/pedro/Documents/dev/LPCxpresso/lpcxpresso-board-project/CMSISv2p00_LPC17xx/Debug/libCMSISv2p00_LPC17xx.a(system_LPC17xx.o)
 .debug_info    0x000008b9      0x21d /home/pedro/Documents/dev/LPCxpresso/lpcxpresso-board-project/FreeRTOS_Library/Debug/libFreeRTOS_Library.a(port.o)
 .debug_info    0x00000ad6      0x1f2 /home/pedro/Documents/dev/LPCxpresso/lpcxpresso-board-project/FreeRTOS_Library/Debug/libFreeRTOS_Library.a(basic_io.o)
 .debug_info    0x00000cc8       0xe5 /home/pedro/Documents/dev/LPCxpresso/lpcxpresso-board-project/FreeRTOS_Library/Debug/libFreeRTOS_Library.a(consoleprint.o)
 .debug_info    0x00000dad     0x1585 /home/pedro/Documents/dev/LPCxpresso/lpcxpresso-board-project/FreeRTOS_Library/Debug/libFreeRTOS_Library.a(tasks.o)
 .debug_info    0x00002332      0x346 /home/pedro/Documents/dev/LPCxpresso/lpcxpresso-board-project/FreeRTOS_Library/Debug/libFreeRTOS_Library.a(heap_2.o)
 .debug_info    0x00002678      0x2a2 /home/pedro/Documents/dev/LPCxpresso/lpcxpresso-board-project/FreeRTOS_Library/Debug/libFreeRTOS_Library.a(list.o)

.debug_abbrev   0x00000000      0xb9a
 .debug_abbrev  0x00000000       0xe5 ./cr_startup_lpc17.o
 .debug_abbrev  0x000000e5      0x18c ./main.o
 .debug_abbrev  0x00000271       0xe6 /home/pedro/Documents/dev/LPCxpresso/lpcxpresso-board-project/CMSISv2p00_LPC17xx/Debug/libCMSISv2p00_LPC17xx.a(system_LPC17xx.o)
 .debug_abbrev  0x00000357      0x14e /home/pedro/Documents/dev/LPCxpresso/lpcxpresso-board-project/FreeRTOS_Library/Debug/libFreeRTOS_Library.a(port.o)
 .debug_abbrev  0x000004a5      0x105 /home/pedro/Documents/dev/LPCxpresso/lpcxpresso-board-project/FreeRTOS_Library/Debug/libFreeRTOS_Library.a(basic_io.o)
 .debug_abbrev  0x000005aa       0xb4 /home/pedro/Documents/dev/LPCxpresso/lpcxpresso-board-project/FreeRTOS_Library/Debug/libFreeRTOS_Library.a(consoleprint.o)
 .debug_abbrev  0x0000065e      0x2a6 /home/pedro/Documents/dev/LPCxpresso/lpcxpresso-board-project/FreeRTOS_Library/Debug/libFreeRTOS_Library.a(tasks.o)
 .debug_abbrev  0x00000904      0x1cf /home/pedro/Documents/dev/LPCxpresso/lpcxpresso-board-project/FreeRTOS_Library/Debug/libFreeRTOS_Library.a(heap_2.o)
 .debug_abbrev  0x00000ad3       0xc7 /home/pedro/Documents/dev/LPCxpresso/lpcxpresso-board-project/FreeRTOS_Library/Debug/libFreeRTOS_Library.a(list.o)

.debug_loc      0x00000000      0xfde
 .debug_loc     0x00000000       0x2b ./cr_startup_lpc17.o
 .debug_loc     0x0000002b       0x42 ./main.o
 .debug_loc     0x0000006d       0x5f /home/pedro/Documents/dev/LPCxpresso/lpcxpresso-board-project/FreeRTOS_Library/Debug/libFreeRTOS_Library.a(port.o)
 .debug_loc     0x000000cc       0x84 /home/pedro/Documents/dev/LPCxpresso/lpcxpresso-board-project/FreeRTOS_Library/Debug/libFreeRTOS_Library.a(basic_io.o)
 .debug_loc     0x00000150       0x3c /home/pedro/Documents/dev/LPCxpresso/lpcxpresso-board-project/FreeRTOS_Library/Debug/libFreeRTOS_Library.a(consoleprint.o)
 .debug_loc     0x0000018c      0xbab /home/pedro/Documents/dev/LPCxpresso/lpcxpresso-board-project/FreeRTOS_Library/Debug/libFreeRTOS_Library.a(tasks.o)
 .debug_loc     0x00000d37      0x263 /home/pedro/Documents/dev/LPCxpresso/lpcxpresso-board-project/FreeRTOS_Library/Debug/libFreeRTOS_Library.a(heap_2.o)
 .debug_loc     0x00000f9a       0x44 /home/pedro/Documents/dev/LPCxpresso/lpcxpresso-board-project/FreeRTOS_Library/Debug/libFreeRTOS_Library.a(list.o)

.debug_aranges  0x00000000      0x1a8
 .debug_aranges
                0x00000000       0x70 ./cr_startup_lpc17.o
 .debug_aranges
                0x00000070       0x50 ./main.o
 .debug_aranges
                0x000000c0       0x28 /home/pedro/Documents/dev/LPCxpresso/lpcxpresso-board-project/CMSISv2p00_LPC17xx/Debug/libCMSISv2p00_LPC17xx.a(system_LPC17xx.o)
 .debug_aranges
                0x000000e8       0x20 /home/pedro/Documents/dev/LPCxpresso/lpcxpresso-board-project/FreeRTOS_Library/Debug/libFreeRTOS_Library.a(port.o)
 .debug_aranges
                0x00000108       0x20 /home/pedro/Documents/dev/LPCxpresso/lpcxpresso-board-project/FreeRTOS_Library/Debug/libFreeRTOS_Library.a(basic_io.o)
 .debug_aranges
                0x00000128       0x20 /home/pedro/Documents/dev/LPCxpresso/lpcxpresso-board-project/FreeRTOS_Library/Debug/libFreeRTOS_Library.a(consoleprint.o)
 .debug_aranges
                0x00000148       0x20 /home/pedro/Documents/dev/LPCxpresso/lpcxpresso-board-project/FreeRTOS_Library/Debug/libFreeRTOS_Library.a(tasks.o)
 .debug_aranges
                0x00000168       0x20 /home/pedro/Documents/dev/LPCxpresso/lpcxpresso-board-project/FreeRTOS_Library/Debug/libFreeRTOS_Library.a(heap_2.o)
 .debug_aranges
                0x00000188       0x20 /home/pedro/Documents/dev/LPCxpresso/lpcxpresso-board-project/FreeRTOS_Library/Debug/libFreeRTOS_Library.a(list.o)

.debug_ranges   0x00000000      0x110
 .debug_ranges  0x00000000       0x60 ./cr_startup_lpc17.o
 .debug_ranges  0x00000060       0x40 ./main.o
 .debug_ranges  0x000000a0       0x18 /home/pedro/Documents/dev/LPCxpresso/lpcxpresso-board-project/CMSISv2p00_LPC17xx/Debug/libCMSISv2p00_LPC17xx.a(system_LPC17xx.o)
 .debug_ranges  0x000000b8       0x10 /home/pedro/Documents/dev/LPCxpresso/lpcxpresso-board-project/FreeRTOS_Library/Debug/libFreeRTOS_Library.a(port.o)
 .debug_ranges  0x000000c8       0x48 /home/pedro/Documents/dev/LPCxpresso/lpcxpresso-board-project/FreeRTOS_Library/Debug/libFreeRTOS_Library.a(tasks.o)

.debug_macro    0x00000000     0x2dfb
 .debug_macro   0x00000000       0x52 ./cr_startup_lpc17.o
 .debug_macro   0x00000052      0x880 ./cr_startup_lpc17.o
 .debug_macro   0x000008d2       0x10 ./cr_startup_lpc17.o
 .debug_macro   0x000008e2      0x12d ./cr_startup_lpc17.o
 .debug_macro   0x00000a0f      0x5b2 ./cr_startup_lpc17.o
 .debug_macro   0x00000fc1       0xfa ./main.o
 .debug_macro   0x000010bb       0x16 ./main.o
 .debug_macro   0x000010d1       0x46 ./main.o
 .debug_macro   0x00001117       0xca ./main.o
 .debug_macro   0x000011e1       0xa3 ./main.o
 .debug_macro   0x00001284       0x12 ./main.o
 .debug_macro   0x00001296       0x1e ./main.o
 .debug_macro   0x000012b4      0x162 ./main.o
 .debug_macro   0x00001416       0x42 ./main.o
 .debug_macro   0x00001458       0x56 ./main.o
 .debug_macro   0x000014ae      0x12b /home/pedro/Documents/dev/LPCxpresso/lpcxpresso-board-project/CMSISv2p00_LPC17xx/Debug/libCMSISv2p00_LPC17xx.a(system_LPC17xx.o)
 .debug_macro   0x000015d9      0x886 /home/pedro/Documents/dev/LPCxpresso/lpcxpresso-board-project/CMSISv2p00_LPC17xx/Debug/libCMSISv2p00_LPC17xx.a(system_LPC17xx.o)
 .debug_macro   0x00001e5f      0x12c /home/pedro/Documents/dev/LPCxpresso/lpcxpresso-board-project/FreeRTOS_Library/Debug/libFreeRTOS_Library.a(port.o)
 .debug_macro   0x00001f8b      0x874 /home/pedro/Documents/dev/LPCxpresso/lpcxpresso-board-project/FreeRTOS_Library/Debug/libFreeRTOS_Library.a(port.o)
 .debug_macro   0x000027ff      0x10d /home/pedro/Documents/dev/LPCxpresso/lpcxpresso-board-project/FreeRTOS_Library/Debug/libFreeRTOS_Library.a(basic_io.o)
 .debug_macro   0x0000290c       0xa0 /home/pedro/Documents/dev/LPCxpresso/lpcxpresso-board-project/FreeRTOS_Library/Debug/libFreeRTOS_Library.a(basic_io.o)
 .debug_macro   0x000029ac       0x10 /home/pedro/Documents/dev/LPCxpresso/lpcxpresso-board-project/FreeRTOS_Library/Debug/libFreeRTOS_Library.a(basic_io.o)
 .debug_macro   0x000029bc       0x5a /home/pedro/Documents/dev/LPCxpresso/lpcxpresso-board-project/FreeRTOS_Library/Debug/libFreeRTOS_Library.a(consoleprint.o)
 .debug_macro   0x00002a16      0x179 /home/pedro/Documents/dev/LPCxpresso/lpcxpresso-board-project/FreeRTOS_Library/Debug/libFreeRTOS_Library.a(tasks.o)
 .debug_macro   0x00002b8f       0x22 /home/pedro/Documents/dev/LPCxpresso/lpcxpresso-board-project/FreeRTOS_Library/Debug/libFreeRTOS_Library.a(tasks.o)
 .debug_macro   0x00002bb1       0x16 /home/pedro/Documents/dev/LPCxpresso/lpcxpresso-board-project/FreeRTOS_Library/Debug/libFreeRTOS_Library.a(tasks.o)
 .debug_macro   0x00002bc7      0x11d /home/pedro/Documents/dev/LPCxpresso/lpcxpresso-board-project/FreeRTOS_Library/Debug/libFreeRTOS_Library.a(heap_2.o)
 .debug_macro   0x00002ce4       0x28 /home/pedro/Documents/dev/LPCxpresso/lpcxpresso-board-project/FreeRTOS_Library/Debug/libFreeRTOS_Library.a(heap_2.o)
 .debug_macro   0x00002d0c       0xef /home/pedro/Documents/dev/LPCxpresso/lpcxpresso-board-project/FreeRTOS_Library/Debug/libFreeRTOS_Library.a(list.o)

.debug_line     0x00000000     0x1b13
 .debug_line    0x00000000      0x222 ./cr_startup_lpc17.o
 .debug_line    0x00000222      0x3c5 ./main.o
 .debug_line    0x000005e7      0x1db /home/pedro/Documents/dev/LPCxpresso/lpcxpresso-board-project/CMSISv2p00_LPC17xx/Debug/libCMSISv2p00_LPC17xx.a(system_LPC17xx.o)
 .debug_line    0x000007c2      0x310 /home/pedro/Documents/dev/LPCxpresso/lpcxpresso-board-project/FreeRTOS_Library/Debug/libFreeRTOS_Library.a(port.o)
 .debug_line    0x00000ad2      0x316 /home/pedro/Documents/dev/LPCxpresso/lpcxpresso-board-project/FreeRTOS_Library/Debug/libFreeRTOS_Library.a(basic_io.o)
 .debug_line    0x00000de8      0x131 /home/pedro/Documents/dev/LPCxpresso/lpcxpresso-board-project/FreeRTOS_Library/Debug/libFreeRTOS_Library.a(consoleprint.o)
 .debug_line    0x00000f19      0x5b6 /home/pedro/Documents/dev/LPCxpresso/lpcxpresso-board-project/FreeRTOS_Library/Debug/libFreeRTOS_Library.a(tasks.o)
 .debug_line    0x000014cf      0x33f /home/pedro/Documents/dev/LPCxpresso/lpcxpresso-board-project/FreeRTOS_Library/Debug/libFreeRTOS_Library.a(heap_2.o)
 .debug_line    0x0000180e      0x305 /home/pedro/Documents/dev/LPCxpresso/lpcxpresso-board-project/FreeRTOS_Library/Debug/libFreeRTOS_Library.a(list.o)

.debug_str      0x00000000     0xb8fe
 .debug_str     0x00000000     0x3cf8 ./cr_startup_lpc17.o
                               0x3d83 (size before relaxing)
 .debug_str     0x00003cf8     0x5af0 ./main.o
                               0x973e (size before relaxing)
 .debug_str     0x000097e8      0x568 /home/pedro/Documents/dev/LPCxpresso/lpcxpresso-board-project/CMSISv2p00_LPC17xx/Debug/libCMSISv2p00_LPC17xx.a(system_LPC17xx.o)
                               0x8151 (size before relaxing)
 .debug_str     0x00009d50      0x45c /home/pedro/Documents/dev/LPCxpresso/lpcxpresso-board-project/FreeRTOS_Library/Debug/libFreeRTOS_Library.a(port.o)
                               0x991f (size before relaxing)
 .debug_str     0x0000a1ac      0x2cf /home/pedro/Documents/dev/LPCxpresso/lpcxpresso-board-project/FreeRTOS_Library/Debug/libFreeRTOS_Library.a(basic_io.o)
                               0x986b (size before relaxing)
 .debug_str     0x0000a47b       0x60 /home/pedro/Documents/dev/LPCxpresso/lpcxpresso-board-project/FreeRTOS_Library/Debug/libFreeRTOS_Library.a(consoleprint.o)
                               0x2ca9 (size before relaxing)
 .debug_str     0x0000a4db      0xf9a /home/pedro/Documents/dev/LPCxpresso/lpcxpresso-board-project/FreeRTOS_Library/Debug/libFreeRTOS_Library.a(tasks.o)
                               0xa91f (size before relaxing)
 .debug_str     0x0000b475      0x442 /home/pedro/Documents/dev/LPCxpresso/lpcxpresso-board-project/FreeRTOS_Library/Debug/libFreeRTOS_Library.a(heap_2.o)
                               0x9acd (size before relaxing)
 .debug_str     0x0000b8b7       0x47 /home/pedro/Documents/dev/LPCxpresso/lpcxpresso-board-project/FreeRTOS_Library/Debug/libFreeRTOS_Library.a(list.o)
                               0x93fb (size before relaxing)

.comment        0x00000000       0xdc
 .comment       0x00000000       0x6e ./cr_startup_lpc17.o
                                 0x6f (size before relaxing)
 .comment       0x0000006e       0x6f ./main.o
 .comment       0x0000006e       0x6f /home/pedro/Documents/dev/LPCxpresso/lpcxpresso-board-project/CMSISv2p00_LPC17xx/Debug/libCMSISv2p00_LPC17xx.a(system_LPC17xx.o)
 .comment       0x0000006e       0x6f /home/pedro/Documents/dev/LPCxpresso/lpcxpresso-board-project/FreeRTOS_Library/Debug/libFreeRTOS_Library.a(port.o)
 .comment       0x0000006e       0x6f /home/pedro/Documents/dev/LPCxpresso/lpcxpresso-board-project/FreeRTOS_Library/Debug/libFreeRTOS_Library.a(basic_io.o)
 .comment       0x0000006e       0x6f /home/pedro/Documents/dev/LPCxpresso/lpcxpresso-board-project/FreeRTOS_Library/Debug/libFreeRTOS_Library.a(consoleprint.o)
 .comment       0x0000006e       0x6f /home/pedro/Documents/dev/LPCxpresso/lpcxpresso-board-project/FreeRTOS_Library/Debug/libFreeRTOS_Library.a(tasks.o)
 .comment       0x0000006e       0x6f /home/pedro/Documents/dev/LPCxpresso/lpcxpresso-board-project/FreeRTOS_Library/Debug/libFreeRTOS_Library.a(heap_2.o)
 .comment       0x0000006e       0x6f /home/pedro/Documents/dev/LPCxpresso/lpcxpresso-board-project/FreeRTOS_Library/Debug/libFreeRTOS_Library.a(list.o)
 .comment       0x0000006e       0x6e /usr/local/lpcxpresso_8.2.2_650/lpcxpresso/tools/bin/../lib/gcc/arm-none-eabi/5.4.1/../../../../arm-none-eabi/lib/armv7-m/libcr_semihost.a(_cr__main.o)
                                 0x6f (size before relaxing)
 .comment       0x000000dc       0x6f /usr/local/lpcxpresso_8.2.2_650/lpcxpresso/tools/bin/../lib/gcc/arm-none-eabi/5.4.1/../../../../arm-none-eabi/lib/armv7-m/libcr_c.a(memset.o)
 .comment       0x000000dc       0x6f /usr/local/lpcxpresso_8.2.2_650/lpcxpresso/tools/bin/../lib/gcc/arm-none-eabi/5.4.1/../../../../arm-none-eabi/lib/armv7-m/libcr_c.a(fpprintf.o)
 .comment       0x000000dc       0x6f /usr/local/lpcxpresso_8.2.2_650/lpcxpresso/tools/bin/../lib/gcc/arm-none-eabi/5.4.1/../../../../arm-none-eabi/lib/armv7-m/libcr_c.a(initio.o)
 .comment       0x000000dc       0x6f /usr/local/lpcxpresso_8.2.2_650/lpcxpresso/tools/bin/../lib/gcc/arm-none-eabi/5.4.1/../../../../arm-none-eabi/lib/armv7-m/libcr_c.a(memcmp.o)
 .comment       0x000000dc       0x6f /usr/local/lpcxpresso_8.2.2_650/lpcxpresso/tools/bin/../lib/gcc/arm-none-eabi/5.4.1/../../../../arm-none-eabi/lib/armv7-m/libcr_c.a(printf.o)
 .comment       0x000000dc       0x6f /usr/local/lpcxpresso_8.2.2_650/lpcxpresso/tools/bin/../lib/gcc/arm-none-eabi/5.4.1/../../../../arm-none-eabi/lib/armv7-m/libcr_c.a(setvbuf.o)
 .comment       0x000000dc       0x6f /usr/local/lpcxpresso_8.2.2_650/lpcxpresso/tools/bin/../lib/gcc/arm-none-eabi/5.4.1/../../../../arm-none-eabi/lib/armv7-m/libcr_c.a(stdio.o)
 .comment       0x000000dc       0x6f /usr/local/lpcxpresso_8.2.2_650/lpcxpresso/tools/bin/../lib/gcc/arm-none-eabi/5.4.1/../../../../arm-none-eabi/lib/armv7-m/libcr_c.a(strcpy.o)
 .comment       0x000000dc       0x6f /usr/local/lpcxpresso_8.2.2_650/lpcxpresso/tools/bin/../lib/gcc/arm-none-eabi/5.4.1/../../../../arm-none-eabi/lib/armv7-m/libcr_c.a(strlen.o)
 .comment       0x000000dc       0x6f /usr/local/lpcxpresso_8.2.2_650/lpcxpresso/tools/bin/../lib/gcc/arm-none-eabi/5.4.1/../../../../arm-none-eabi/lib/armv7-m/libcr_c.a(strncpy.o)
 .comment       0x000000dc       0x6f /usr/local/lpcxpresso_8.2.2_650/lpcxpresso/tools/bin/../lib/gcc/arm-none-eabi/5.4.1/../../../../arm-none-eabi/lib/armv7-m/libcr_c.a(_deferredlazyseek.o)
 .comment       0x000000dc       0x6f /usr/local/lpcxpresso_8.2.2_650/lpcxpresso/tools/bin/../lib/gcc/arm-none-eabi/5.4.1/../../../../arm-none-eabi/lib/armv7-m/libcr_c.a(_fdopen.o)
 .comment       0x000000dc       0x6f /usr/local/lpcxpresso_8.2.2_650/lpcxpresso/tools/bin/../lib/gcc/arm-none-eabi/5.4.1/../../../../arm-none-eabi/lib/armv7-m/libcr_c.a(_fflush.o)
 .comment       0x000000dc       0x6f /usr/local/lpcxpresso_8.2.2_650/lpcxpresso/tools/bin/../lib/gcc/arm-none-eabi/5.4.1/../../../../arm-none-eabi/lib/armv7-m/libcr_c.a(_frexpl.o)
 .comment       0x000000dc       0x6f /usr/local/lpcxpresso_8.2.2_650/lpcxpresso/tools/bin/../lib/gcc/arm-none-eabi/5.4.1/../../../../arm-none-eabi/lib/armv7-m/libcr_c.a(_ldexpl.o)
 .comment       0x000000dc       0x6f /usr/local/lpcxpresso_8.2.2_650/lpcxpresso/tools/bin/../lib/gcc/arm-none-eabi/5.4.1/../../../../arm-none-eabi/lib/armv7-m/libcr_c.a(_writebuf.o)
 .comment       0x000000dc       0x6f /usr/local/lpcxpresso_8.2.2_650/lpcxpresso/tools/bin/../lib/gcc/arm-none-eabi/5.4.1/../../../../arm-none-eabi/lib/armv7-m/libcr_c.a(alloc.o)
 .comment       0x000000dc       0x6f /usr/local/lpcxpresso_8.2.2_650/lpcxpresso/tools/bin/../lib/gcc/arm-none-eabi/5.4.1/../../../../arm-none-eabi/lib/armv7-m/libcr_c.a(errno.o)
 .comment       0x000000dc       0x6f /usr/local/lpcxpresso_8.2.2_650/lpcxpresso/tools/bin/../lib/gcc/arm-none-eabi/5.4.1/../../../../arm-none-eabi/lib/armv7-m/libcr_c.a(fclose.o)
 .comment       0x000000dc       0x6f /usr/local/lpcxpresso_8.2.2_650/lpcxpresso/tools/bin/../lib/gcc/arm-none-eabi/5.4.1/../../../../arm-none-eabi/lib/armv7-m/libcr_c.a(fflush.o)
 .comment       0x000000dc       0x6f /usr/local/lpcxpresso_8.2.2_650/lpcxpresso/tools/bin/../lib/gcc/arm-none-eabi/5.4.1/../../../../arm-none-eabi/lib/armv7-m/libcr_c.a(fseek.o)
 .comment       0x000000dc       0x6f /usr/local/lpcxpresso_8.2.2_650/lpcxpresso/tools/bin/../lib/gcc/arm-none-eabi/5.4.1/../../../../arm-none-eabi/lib/armv7-m/libcr_c.a(ftell.o)
 .comment       0x000000dc       0x6f /usr/local/lpcxpresso_8.2.2_650/lpcxpresso/tools/bin/../lib/gcc/arm-none-eabi/5.4.1/../../../../arm-none-eabi/lib/armv7-m/libcr_c.a(remove.o)
 .comment       0x000000dc       0x6f /usr/local/lpcxpresso_8.2.2_650/lpcxpresso/tools/bin/../lib/gcc/arm-none-eabi/5.4.1/../../../../arm-none-eabi/lib/armv7-m/libcr_c.a(__init_alloc.o)
 .comment       0x000000dc       0x6f /usr/local/lpcxpresso_8.2.2_650/lpcxpresso/tools/bin/../lib/gcc/arm-none-eabi/5.4.1/../../../../arm-none-eabi/lib/armv7-m/libcr_c.a(_cr_sbrk.o)
 .comment       0x000000dc       0x6f /usr/local/lpcxpresso_8.2.2_650/lpcxpresso/tools/bin/../lib/gcc/arm-none-eabi/5.4.1/../../../../arm-none-eabi/lib/armv7-m/libcr_c.a(_do_fflush.o)
 .comment       0x000000dc       0x6f /usr/local/lpcxpresso_8.2.2_650/lpcxpresso/tools/bin/../lib/gcc/arm-none-eabi/5.4.1/../../../../arm-none-eabi/lib/armv7-m/libcr_c.a(_hugeval.o)
 .comment       0x000000dc       0x6f /usr/local/lpcxpresso_8.2.2_650/lpcxpresso/tools/bin/../lib/gcc/arm-none-eabi/5.4.1/../../../../arm-none-eabi/lib/armv7-m/libcr_c.a(_cr_check_heap.o)
 .comment       0x000000dc       0x6f /usr/local/lpcxpresso_8.2.2_650/lpcxpresso/tools/bin/../lib/gcc/arm-none-eabi/5.4.1/armv7-m/libcr_eabihelpers.a(double.o)

.ARM.attributes
                0x00000000       0x31
 .ARM.attributes
                0x00000000       0x33 ./cr_startup_lpc17.o
 .ARM.attributes
                0x00000033       0x33 ./main.o
 .ARM.attributes
                0x00000066       0x33 /home/pedro/Documents/dev/LPCxpresso/lpcxpresso-board-project/CMSISv2p00_LPC17xx/Debug/libCMSISv2p00_LPC17xx.a(system_LPC17xx.o)
 .ARM.attributes
                0x00000099       0x33 /home/pedro/Documents/dev/LPCxpresso/lpcxpresso-board-project/FreeRTOS_Library/Debug/libFreeRTOS_Library.a(port.o)
 .ARM.attributes
                0x000000cc       0x33 /home/pedro/Documents/dev/LPCxpresso/lpcxpresso-board-project/FreeRTOS_Library/Debug/libFreeRTOS_Library.a(basic_io.o)
 .ARM.attributes
                0x000000ff       0x33 /home/pedro/Documents/dev/LPCxpresso/lpcxpresso-board-project/FreeRTOS_Library/Debug/libFreeRTOS_Library.a(consoleprint.o)
 .ARM.attributes
                0x00000132       0x33 /home/pedro/Documents/dev/LPCxpresso/lpcxpresso-board-project/FreeRTOS_Library/Debug/libFreeRTOS_Library.a(tasks.o)
 .ARM.attributes
                0x00000165       0x33 /home/pedro/Documents/dev/LPCxpresso/lpcxpresso-board-project/FreeRTOS_Library/Debug/libFreeRTOS_Library.a(heap_2.o)
 .ARM.attributes
                0x00000198       0x33 /home/pedro/Documents/dev/LPCxpresso/lpcxpresso-board-project/FreeRTOS_Library/Debug/libFreeRTOS_Library.a(list.o)
 .ARM.attributes
                0x000001cb       0x21 /usr/local/lpcxpresso_8.2.2_650/lpcxpresso/tools/bin/../lib/gcc/arm-none-eabi/5.4.1/../../../../arm-none-eabi/lib/armv7-m/libcr_semihost.a(__sys_write.o)
 .ARM.attributes
                0x000001ec       0x33 /usr/local/lpcxpresso_8.2.2_650/lpcxpresso/tools/bin/../lib/gcc/arm-none-eabi/5.4.1/../../../../arm-none-eabi/lib/armv7-m/libcr_semihost.a(_cr__main.o)
 .ARM.attributes
                0x0000021f       0x33 /usr/local/lpcxpresso_8.2.2_650/lpcxpresso/tools/bin/../lib/gcc/arm-none-eabi/5.4.1/../../../../arm-none-eabi/lib/armv7-m/libcr_c.a(memset.o)
 .ARM.attributes
                0x00000252       0x33 /usr/local/lpcxpresso_8.2.2_650/lpcxpresso/tools/bin/../lib/gcc/arm-none-eabi/5.4.1/../../../../arm-none-eabi/lib/armv7-m/libcr_c.a(fpprintf.o)
 .ARM.attributes
                0x00000285       0x33 /usr/local/lpcxpresso_8.2.2_650/lpcxpresso/tools/bin/../lib/gcc/arm-none-eabi/5.4.1/../../../../arm-none-eabi/lib/armv7-m/libcr_c.a(initio.o)
 .ARM.attributes
                0x000002b8       0x33 /usr/local/lpcxpresso_8.2.2_650/lpcxpresso/tools/bin/../lib/gcc/arm-none-eabi/5.4.1/../../../../arm-none-eabi/lib/armv7-m/libcr_c.a(memcmp.o)
 .ARM.attributes
                0x000002eb       0x33 /usr/local/lpcxpresso_8.2.2_650/lpcxpresso/tools/bin/../lib/gcc/arm-none-eabi/5.4.1/../../../../arm-none-eabi/lib/armv7-m/libcr_c.a(printf.o)
 .ARM.attributes
                0x0000031e       0x33 /usr/local/lpcxpresso_8.2.2_650/lpcxpresso/tools/bin/../lib/gcc/arm-none-eabi/5.4.1/../../../../arm-none-eabi/lib/armv7-m/libcr_c.a(setvbuf.o)
 .ARM.attributes
                0x00000351       0x33 /usr/local/lpcxpresso_8.2.2_650/lpcxpresso/tools/bin/../lib/gcc/arm-none-eabi/5.4.1/../../../../arm-none-eabi/lib/armv7-m/libcr_c.a(stdio.o)
 .ARM.attributes
                0x00000384       0x33 /usr/local/lpcxpresso_8.2.2_650/lpcxpresso/tools/bin/../lib/gcc/arm-none-eabi/5.4.1/../../../../arm-none-eabi/lib/armv7-m/libcr_c.a(strcpy.o)
 .ARM.attributes
                0x000003b7       0x33 /usr/local/lpcxpresso_8.2.2_650/lpcxpresso/tools/bin/../lib/gcc/arm-none-eabi/5.4.1/../../../../arm-none-eabi/lib/armv7-m/libcr_c.a(strlen.o)
 .ARM.attributes
                0x000003ea       0x33 /usr/local/lpcxpresso_8.2.2_650/lpcxpresso/tools/bin/../lib/gcc/arm-none-eabi/5.4.1/../../../../arm-none-eabi/lib/armv7-m/libcr_c.a(strncpy.o)
 .ARM.attributes
                0x0000041d       0x33 /usr/local/lpcxpresso_8.2.2_650/lpcxpresso/tools/bin/../lib/gcc/arm-none-eabi/5.4.1/../../../../arm-none-eabi/lib/armv7-m/libcr_c.a(_deferredlazyseek.o)
 .ARM.attributes
                0x00000450       0x33 /usr/local/lpcxpresso_8.2.2_650/lpcxpresso/tools/bin/../lib/gcc/arm-none-eabi/5.4.1/../../../../arm-none-eabi/lib/armv7-m/libcr_c.a(_fdopen.o)
 .ARM.attributes
                0x00000483       0x33 /usr/local/lpcxpresso_8.2.2_650/lpcxpresso/tools/bin/../lib/gcc/arm-none-eabi/5.4.1/../../../../arm-none-eabi/lib/armv7-m/libcr_c.a(_fflush.o)
 .ARM.attributes
                0x000004b6       0x33 /usr/local/lpcxpresso_8.2.2_650/lpcxpresso/tools/bin/../lib/gcc/arm-none-eabi/5.4.1/../../../../arm-none-eabi/lib/armv7-m/libcr_c.a(_frexpl.o)
 .ARM.attributes
                0x000004e9       0x33 /usr/local/lpcxpresso_8.2.2_650/lpcxpresso/tools/bin/../lib/gcc/arm-none-eabi/5.4.1/../../../../arm-none-eabi/lib/armv7-m/libcr_c.a(_ldexpl.o)
 .ARM.attributes
                0x0000051c       0x33 /usr/local/lpcxpresso_8.2.2_650/lpcxpresso/tools/bin/../lib/gcc/arm-none-eabi/5.4.1/../../../../arm-none-eabi/lib/armv7-m/libcr_c.a(_writebuf.o)
 .ARM.attributes
                0x0000054f       0x33 /usr/local/lpcxpresso_8.2.2_650/lpcxpresso/tools/bin/../lib/gcc/arm-none-eabi/5.4.1/../../../../arm-none-eabi/lib/armv7-m/libcr_c.a(alloc.o)
 .ARM.attributes
                0x00000582       0x33 /usr/local/lpcxpresso_8.2.2_650/lpcxpresso/tools/bin/../lib/gcc/arm-none-eabi/5.4.1/../../../../arm-none-eabi/lib/armv7-m/libcr_c.a(errno.o)
 .ARM.attributes
                0x000005b5       0x33 /usr/local/lpcxpresso_8.2.2_650/lpcxpresso/tools/bin/../lib/gcc/arm-none-eabi/5.4.1/../../../../arm-none-eabi/lib/armv7-m/libcr_c.a(fclose.o)
 .ARM.attributes
                0x000005e8       0x33 /usr/local/lpcxpresso_8.2.2_650/lpcxpresso/tools/bin/../lib/gcc/arm-none-eabi/5.4.1/../../../../arm-none-eabi/lib/armv7-m/libcr_c.a(fflush.o)
 .ARM.attributes
                0x0000061b       0x33 /usr/local/lpcxpresso_8.2.2_650/lpcxpresso/tools/bin/../lib/gcc/arm-none-eabi/5.4.1/../../../../arm-none-eabi/lib/armv7-m/libcr_c.a(fseek.o)
 .ARM.attributes
                0x0000064e       0x33 /usr/local/lpcxpresso_8.2.2_650/lpcxpresso/tools/bin/../lib/gcc/arm-none-eabi/5.4.1/../../../../arm-none-eabi/lib/armv7-m/libcr_c.a(ftell.o)
 .ARM.attributes
                0x00000681       0x33 /usr/local/lpcxpresso_8.2.2_650/lpcxpresso/tools/bin/../lib/gcc/arm-none-eabi/5.4.1/../../../../arm-none-eabi/lib/armv7-m/libcr_c.a(remove.o)
 .ARM.attributes
                0x000006b4       0x33 /usr/local/lpcxpresso_8.2.2_650/lpcxpresso/tools/bin/../lib/gcc/arm-none-eabi/5.4.1/../../../../arm-none-eabi/lib/armv7-m/libcr_c.a(__init_alloc.o)
 .ARM.attributes
                0x000006e7       0x33 /usr/local/lpcxpresso_8.2.2_650/lpcxpresso/tools/bin/../lib/gcc/arm-none-eabi/5.4.1/../../../../arm-none-eabi/lib/armv7-m/libcr_c.a(_cr_sbrk.o)
 .ARM.attributes
                0x0000071a       0x33 /usr/local/lpcxpresso_8.2.2_650/lpcxpresso/tools/bin/../lib/gcc/arm-none-eabi/5.4.1/../../../../arm-none-eabi/lib/armv7-m/libcr_c.a(_do_fflush.o)
 .ARM.attributes
                0x0000074d       0x33 /usr/local/lpcxpresso_8.2.2_650/lpcxpresso/tools/bin/../lib/gcc/arm-none-eabi/5.4.1/../../../../arm-none-eabi/lib/armv7-m/libcr_c.a(_hugeval.o)
 .ARM.attributes
                0x00000780       0x33 /usr/local/lpcxpresso_8.2.2_650/lpcxpresso/tools/bin/../lib/gcc/arm-none-eabi/5.4.1/../../../../arm-none-eabi/lib/armv7-m/libcr_c.a(_cr_check_heap.o)
 .ARM.attributes
                0x000007b3       0x33 /usr/local/lpcxpresso_8.2.2_650/lpcxpresso/tools/bin/../lib/gcc/arm-none-eabi/5.4.1/armv7-m/libcr_eabihelpers.a(double.o)
 .ARM.attributes
                0x000007e6       0x21 /usr/local/lpcxpresso_8.2.2_650/lpcxpresso/tools/bin/../lib/gcc/arm-none-eabi/5.4.1/armv7-m/libcr_eabihelpers.a(memcpy.o)
 .ARM.attributes
                0x00000807       0x21 /usr/local/lpcxpresso_8.2.2_650/lpcxpresso/tools/bin/../lib/gcc/arm-none-eabi/5.4.1/../../../../arm-none-eabi/lib/armv7-m/libcr_semihost.a(__sys_appexit.o)
 .ARM.attributes
                0x00000828       0x21 /usr/local/lpcxpresso_8.2.2_650/lpcxpresso/tools/bin/../lib/gcc/arm-none-eabi/5.4.1/../../../../arm-none-eabi/lib/armv7-m/libcr_semihost.a(__sys_close.o)
 .ARM.attributes
                0x00000849       0x21 /usr/local/lpcxpresso_8.2.2_650/lpcxpresso/tools/bin/../lib/gcc/arm-none-eabi/5.4.1/../../../../arm-none-eabi/lib/armv7-m/libcr_semihost.a(__sys_flen.o)
 .ARM.attributes
                0x0000086a       0x21 /usr/local/lpcxpresso_8.2.2_650/lpcxpresso/tools/bin/../lib/gcc/arm-none-eabi/5.4.1/../../../../arm-none-eabi/lib/armv7-m/libcr_semihost.a(__sys_istty.o)
 .ARM.attributes
                0x0000088b       0x21 /usr/local/lpcxpresso_8.2.2_650/lpcxpresso/tools/bin/../lib/gcc/arm-none-eabi/5.4.1/../../../../arm-none-eabi/lib/armv7-m/libcr_semihost.a(__sys_remove.o)
 .ARM.attributes
                0x000008ac       0x21 /usr/local/lpcxpresso_8.2.2_650/lpcxpresso/tools/bin/../lib/gcc/arm-none-eabi/5.4.1/../../../../arm-none-eabi/lib/armv7-m/libcr_semihost.a(__sys_seek.o)
 .ARM.attributes
                0x000008cd       0x21 /usr/local/lpcxpresso_8.2.2_650/lpcxpresso/tools/bin/../lib/gcc/arm-none-eabi/5.4.1/../../../../arm-none-eabi/lib/armv7-m/libcr_semihost.a(__sys_tmpnam.o)

.debug_frame    0x00000000      0x690
 .debug_frame   0x00000000       0xc8 ./cr_startup_lpc17.o
 .debug_frame   0x000000c8       0xa0 ./main.o
 .debug_frame   0x00000168       0x3c /home/pedro/Documents/dev/LPCxpresso/lpcxpresso-board-project/CMSISv2p00_LPC17xx/Debug/libCMSISv2p00_LPC17xx.a(system_LPC17xx.o)
 .debug_frame   0x000001a4       0xc0 /home/pedro/Documents/dev/LPCxpresso/lpcxpresso-board-project/FreeRTOS_Library/Debug/libFreeRTOS_Library.a(port.o)
 .debug_frame   0x00000264       0x48 /home/pedro/Documents/dev/LPCxpresso/lpcxpresso-board-project/FreeRTOS_Library/Debug/libFreeRTOS_Library.a(basic_io.o)
 .debug_frame   0x000002ac       0x28 /home/pedro/Documents/dev/LPCxpresso/lpcxpresso-board-project/FreeRTOS_Library/Debug/libFreeRTOS_Library.a(consoleprint.o)
 .debug_frame   0x000002d4      0x2e0 /home/pedro/Documents/dev/LPCxpresso/lpcxpresso-board-project/FreeRTOS_Library/Debug/libFreeRTOS_Library.a(tasks.o)
 .debug_frame   0x000005b4       0x70 /home/pedro/Documents/dev/LPCxpresso/lpcxpresso-board-project/FreeRTOS_Library/Debug/libFreeRTOS_Library.a(heap_2.o)
 .debug_frame   0x00000624       0x6c /home/pedro/Documents/dev/LPCxpresso/lpcxpresso-board-project/FreeRTOS_Library/Debug/libFreeRTOS_Library.a(list.o)
