Archive member included to satisfy reference by file (symbol)

/home/pedro/Documents/dev/LPCxpresso/EC020/firmware_src/CMSISv2p00_LPC17xx/Debug/libCMSISv2p00_LPC17xx.a(system_LPC17xx.o)
                              ./cr_startup_lpc17.o (SystemInit)
/home/pedro/Documents/dev/LPCxpresso/EC020/firmware_src/Lib_MCU/Debug/libLib_MCU.a(lpc17xx_gpio.o)
                              ./src/Services/Button.o (GPIO_SetDir)
/home/pedro/Documents/dev/LPCxpresso/EC020/firmware_src/Lib_MCU/Debug/libLib_MCU.a(lpc17xx_i2c.o)
                              ./src/Services/Accelerometer.o (I2C_Init)
/home/pedro/Documents/dev/LPCxpresso/EC020/firmware_src/Lib_MCU/Debug/libLib_MCU.a(lpc17xx_libcfg_default.o)
                              /home/pedro/Documents/dev/LPCxpresso/EC020/firmware_src/Lib_MCU/Debug/libLib_MCU.a(lpc17xx_i2c.o) (check_failed)
/home/pedro/Documents/dev/LPCxpresso/EC020/firmware_src/Lib_MCU/Debug/libLib_MCU.a(lpc17xx_pinsel.o)
                              ./src/Services/Accelerometer.o (PINSEL_ConfigPin)
/home/pedro/Documents/dev/LPCxpresso/EC020/firmware_src/Lib_MCU/Debug/libLib_MCU.a(lpc17xx_ssp.o)
                              ./src/Services/OLED_display.o (SSP_Init)
/home/pedro/Documents/dev/LPCxpresso/EC020/firmware_src/Lib_MCU/Debug/libLib_MCU.a(lpc17xx_clkpwr.o)
                              /home/pedro/Documents/dev/LPCxpresso/EC020/firmware_src/Lib_MCU/Debug/libLib_MCU.a(lpc17xx_i2c.o) (CLKPWR_SetPCLKDiv)
/home/pedro/Documents/dev/LPCxpresso/EC020/firmware_src/Lib_EaBaseBoard/Debug/libLib_EaBaseBoard.a(acc.o)
                              ./src/Services/Accelerometer.o (acc_init)
/home/pedro/Documents/dev/LPCxpresso/EC020/firmware_src/Lib_EaBaseBoard/Debug/libLib_EaBaseBoard.a(joystick.o)
                              ./src/Services/JoystickTask.o (joystick_init)
/home/pedro/Documents/dev/LPCxpresso/EC020/firmware_src/Lib_EaBaseBoard/Debug/libLib_EaBaseBoard.a(light.o)
                              ./src/Services/LightSensor.o (light_enable)
/home/pedro/Documents/dev/LPCxpresso/EC020/firmware_src/Lib_EaBaseBoard/Debug/libLib_EaBaseBoard.a(oled.o)
                              ./src/Services/OLED_display.o (oled_init)
/home/pedro/Documents/dev/LPCxpresso/EC020/firmware_src/Lib_EaBaseBoard/Debug/libLib_EaBaseBoard.a(rgb.o)
                              ./src/Services/RGB_Leds.o (rgb_init)
/home/pedro/Documents/dev/LPCxpresso/EC020/firmware_src/Lib_EaBaseBoard/Debug/libLib_EaBaseBoard.a(font5x7.o)
                              /home/pedro/Documents/dev/LPCxpresso/EC020/firmware_src/Lib_EaBaseBoard/Debug/libLib_EaBaseBoard.a(oled.o) (font5x7)
/home/pedro/Documents/dev/LPCxpresso/EC020/firmware_src/FreeRTOS_Library/Debug/libFreeRTOS_Library.a(port.o)
                              ./cr_startup_lpc17.o (vPortSVCHandler)
/home/pedro/Documents/dev/LPCxpresso/EC020/firmware_src/FreeRTOS_Library/Debug/libFreeRTOS_Library.a(basic_io.o)
                              ./src/Services/RGB_Leds.o (vPrintString)
/home/pedro/Documents/dev/LPCxpresso/EC020/firmware_src/FreeRTOS_Library/Debug/libFreeRTOS_Library.a(consoleprint.o)
                              /home/pedro/Documents/dev/LPCxpresso/EC020/firmware_src/FreeRTOS_Library/Debug/libFreeRTOS_Library.a(basic_io.o) (consoleprint)
/home/pedro/Documents/dev/LPCxpresso/EC020/firmware_src/FreeRTOS_Library/Debug/libFreeRTOS_Library.a(queue.o)
                              ./src/Services/OLED_display.o (xQueueCreate)
/home/pedro/Documents/dev/LPCxpresso/EC020/firmware_src/FreeRTOS_Library/Debug/libFreeRTOS_Library.a(tasks.o)
                              ./src/Services/Accelerometer.o (xTaskGenericCreate)
/home/pedro/Documents/dev/LPCxpresso/EC020/firmware_src/FreeRTOS_Library/Debug/libFreeRTOS_Library.a(heap_2.o)
                              /home/pedro/Documents/dev/LPCxpresso/EC020/firmware_src/FreeRTOS_Library/Debug/libFreeRTOS_Library.a(queue.o) (pvPortMalloc)
/home/pedro/Documents/dev/LPCxpresso/EC020/firmware_src/FreeRTOS_Library/Debug/libFreeRTOS_Library.a(list.o)
                              /home/pedro/Documents/dev/LPCxpresso/EC020/firmware_src/FreeRTOS_Library/Debug/libFreeRTOS_Library.a(queue.o) (vListInitialise)
/usr/local/lpcxpresso_8.2.2_650/lpcxpresso/tools/bin/../lib/gcc/arm-none-eabi/5.4.1/../../../../arm-none-eabi/lib/armv7-m/libcr_semihost.a(__sys_write.o)
                              /home/pedro/Documents/dev/LPCxpresso/EC020/firmware_src/FreeRTOS_Library/Debug/libFreeRTOS_Library.a(consoleprint.o) (__write)
/usr/local/lpcxpresso_8.2.2_650/lpcxpresso/tools/bin/../lib/gcc/arm-none-eabi/5.4.1/../../../../arm-none-eabi/lib/armv7-m/libcr_semihost.a(_cr__main.o)
                              ./cr_startup_lpc17.o (__main)
/usr/local/lpcxpresso_8.2.2_650/lpcxpresso/tools/bin/../lib/gcc/arm-none-eabi/5.4.1/../../../../arm-none-eabi/lib/armv7-m/libcr_c.a(memcpy.o)
                              /home/pedro/Documents/dev/LPCxpresso/EC020/firmware_src/FreeRTOS_Library/Debug/libFreeRTOS_Library.a(queue.o) (memcpy)
[...]
Memory Configuration

Name             Origin             Length             Attributes
MFlash512        0x00000000         0x00080000         xr
RamLoc32         0x10000000         0x00008000         xrw
RamAHB32         0x2007c000         0x00008000         xrw
*default*        0x00000000         0xffffffff

Linker script and memory map

LOAD ./src/Services/Accelerometer.o
LOAD ./src/Services/Button.o
LOAD ./src/Services/JoystickTask.o
LOAD ./src/Services/LightSensor.o
LOAD ./src/Services/OLED_display.o
LOAD ./src/Services/RGB_Leds.o
LOAD ./src/Services/Systick.o
LOAD ./src/common.o
LOAD ./src/cr_startup_lpc17.o
LOAD ./src/main.o
LOAD ./cr_startup_lpc17.o
LOAD /home/pedro/Documents/dev/LPCxpresso/EC020/firmware_src/CMSISv2p00_LPC17xx/Debug/libCMSISv2p00_LPC17xx.a
LOAD /home/pedro/Documents/dev/LPCxpresso/EC020/firmware_src/Lib_MCU/Debug/libLib_MCU.a
LOAD /home/pedro/Documents/dev/LPCxpresso/EC020/firmware_src/Lib_EaBaseBoard/Debug/libLib_EaBaseBoard.a
LOAD /home/pedro/Documents/dev/LPCxpresso/EC020/firmware_src/FreeRTOS_Library/Debug/libFreeRTOS_Library.a
START GROUP
LOAD /usr/local/lpcxpresso_8.2.2_650/lpcxpresso/tools/bin/../lib/gcc/arm-none-eabi/5.4.1/../../../../arm-none-eabi/lib/armv7-m/libcr_semihost.a
LOAD /usr/local/lpcxpresso_8.2.2_650/lpcxpresso/tools/bin/../lib/gcc/arm-none-eabi/5.4.1/../../../../arm-none-eabi/lib/armv7-m/libcr_c.a
LOAD /usr/local/lpcxpresso_8.2.2_650/lpcxpresso/tools/bin/../lib/gcc/arm-none-eabi/5.4.1/armv7-m/libcr_eabihelpers.a
END GROUP
                0x00000000                __base_MFlash512 = 0x0
                0x00000000                __base_Flash = 0x0
                0x00080000                __top_MFlash512 = 0x80000
                0x00080000                __top_Flash = 0x80000
                0x10000000                __base_RamLoc32 = 0x10000000
                0x10000000                __base_RAM = 0x10000000
                0x10008000                __top_RamLoc32 = 0x10008000
                0x10008000                __top_RAM = 0x10008000
                0x2007c000                __base_RamAHB32 = 0x2007c000
                0x2007c000                __base_RAM2 = 0x2007c000
                0x20084000                __top_RamAHB32 = 0x20084000
                0x20084000                __top_RAM2 = 0x20084000

.text           0x00000000     0x7320
 FILL mask 0xff
                0x00000000                __vectors_start__ = ABSOLUTE (.)
 *(.isr_vector)
 .isr_vector    0x00000000       0xcc ./cr_startup_lpc17.o
                0x00000000                g_pfnVectors
                0x000000cc                . = ALIGN (0x4)
                0x000000cc                __section_table_start = .
                0x000000cc                __data_section_table = .
                0x000000cc        0x4 LONG 0x7320 LOADADDR (.data)
                0x000000d0        0x4 LONG 0x10000000 ADDR (.data)
                0x000000d4        0x4 LONG 0x14 SIZEOF (.data)
                0x000000d8        0x4 LONG 0x7320 LOADADDR (.data_RAM2)
                0x000000dc        0x4 LONG 0x2007c000 ADDR (.data_RAM2)
                0x000000e0        0x4 LONG 0x0 SIZEOF (.data_RAM2)
                0x000000e4                __data_section_table_end = .
                0x000000e4                __bss_section_table = .
                0x000000e4        0x4 LONG 0x10000018 ADDR (.bss)
                0x000000e8        0x4 LONG 0x3658 SIZEOF (.bss)
                0x000000ec        0x4 LONG 0x2007c000 ADDR (.bss_RAM2)
                0x000000f0        0x4 LONG 0x0 SIZEOF (.bss_RAM2)
                0x000000f4                __bss_section_table_end = .
                0x000000f4                __section_table_end = .
 *(.after_vectors*)
 *(.text*)
 .text.Accelerometer_init_i2c
                0x000000f4       0x48 ./src/Services/Accelerometer.o
 .text.Accelerometer_init
                0x0000013c       0x78 ./src/Services/Accelerometer.o
                0x0000013c                Accelerometer_init
 .text.Accelerometer_setCallback
                0x000001b4       0x24 ./src/Services/Accelerometer.o
                0x000001b4                Accelerometer_setCallback
 .text.Accelerometer_read
                0x000001d8       0x88 ./src/Services/Accelerometer.o
                0x000001d8                Accelerometer_read
 .text.Accelerometer_readerTask
                0x00000260       0x68 ./src/Services/Accelerometer.o
                0x00000260                Accelerometer_readerTask
 .text.Button_init
                0x000002c8       0x3c ./src/Services/Button.o
                0x000002c8                Button_init
 .text.Button_setCallback
                0x00000304       0x24 ./src/Services/Button.o
                0x00000304                Button_setCallback
 .text.Button_read
                0x00000328       0x1c ./src/Services/Button.o
                0x00000328                Button_read
 .text.Button_readerTask
                0x00000344       0x48 ./src/Services/Button.o
                0x00000344                Button_readerTask
 .text.Joystick_init
                0x0000038c       0x34 ./src/Services/JoystickTask.o
                0x0000038c                Joystick_init
 .text.Joystick_setCallback
                0x000003c0       0x24 ./src/Services/JoystickTask.o
                0x000003c0                Joystick_setCallback
 .text.canUpdateJoystickState
                0x000003e4       0x2c ./src/Services/JoystickTask.o
                0x000003e4                canUpdateJoystickState
 .text.Joystick_readerTask
                0x00000410       0x64 ./src/Services/JoystickTask.o
                0x00000410                Joystick_readerTask
 .text.LightSensor_init
                0x00000474       0x38 ./src/Services/LightSensor.o
                0x00000474                LightSensor_init
 .text.LightSensor_setCallback
                0x000004ac       0x24 ./src/Services/LightSensor.o
                0x000004ac                LightSensor_setCallback
 .text.LightSensor_read
                0x000004d0       0x1c ./src/Services/LightSensor.o
                0x000004d0                LightSensor_read
 .text.LightSensor_readerTask
                0x000004ec       0x48 ./src/Services/LightSensor.o
                0x000004ec                LightSensor_readerTask
 .text.init_i2c
                0x00000534       0x48 ./src/Services/LightSensor.o
 .text.OLED_display_init_ssp
                0x0000057c       0x78 ./src/Services/OLED_display.o
 .text.OLED_display_init
                0x000005f4       0xb8 ./src/Services/OLED_display.o
                0x000005f4                OLED_display_init
 .text.OLED_display_fillRect
                0x000006ac       0x38 ./src/Services/OLED_display.o
                0x000006ac                OLED_display_fillRect
 .text.OLED_display_clearScreen
                0x000006e4       0x10 ./src/Services/OLED_display.o
                0x000006e4                OLED_display_clearScreen
 .text.OLED_display_putString
                0x000006f4       0x28 ./src/Services/OLED_display.o
                0x000006f4                OLED_display_putString
 .text.initDisplayAccordingToJoystick
                0x0000071c       0xd8 ./src/Services/OLED_display.o
                0x0000071c                initDisplayAccordingToJoystick
 .text.printInfoOnDisplay
                0x000007f4       0xfc ./src/Services/OLED_display.o
                0x000007f4                printInfoOnDisplay
 .text.OLED_display_writerTask
                0x000008f0       0x4c ./src/Services/OLED_display.o
                0x000008f0                OLED_display_writerTask
 .text.OLED_display_updaterTask
                0x0000093c      0x124 ./src/Services/OLED_display.o
                0x0000093c                OLED_display_updaterTask
 .text.RGB_Leds_init
                0x00000a60       0x64 ./src/Services/RGB_Leds.o
                0x00000a60                RGB_Leds_init
 .text.RGB_Leds_setCallback
                0x00000ac4       0x24 ./src/Services/RGB_Leds.o
                0x00000ac4                RGB_Leds_setCallback
 .text.RGB_Leds_setLeds
                0x00000ae8       0x1c ./src/Services/RGB_Leds.o
                0x00000ae8                RGB_Leds_setLeds
 .text.updateRGBColor
                0x00000b04       0x24 ./src/Services/RGB_Leds.o
                0x00000b04                updateRGBColor
 .text.RGB_Leds_updaterTask
                0x00000b28       0xb0 ./src/Services/RGB_Leds.o
                0x00000b28                RGB_Leds_updaterTask
 .text.SysTick_Handler
                0x00000bd8       0x80 ./src/Services/Systick.o
                0x00000bd8                SysTick_Handler
 .text.intToString
                0x00000c58       0xcc ./src/common.o
                0x00000c58                intToString
 .text.main     0x00000d24       0x60 ./src/main.o
                0x00000d24                main
 .text.acc_callback
                0x00000d84       0x38 ./src/main.o
                0x00000d84                acc_callback
 .text.but_callback
                0x00000dbc       0x38 ./src/main.o
                0x00000dbc                but_callback
 .text.joystick_callback
                0x00000df4       0x2c ./src/main.o
                0x00000df4                joystick_callback
 .text.light_callback
                0x00000e20       0x38 ./src/main.o
                0x00000e20                light_callback
 .text.RGB_callback
                0x00000e58       0x38 ./src/main.o
                0x00000e58                RGB_callback
 .text.vApplicationMallocFailedHook
                0x00000e90        0x8 ./src/main.o
                0x00000e90                vApplicationMallocFailedHook
 .text.vApplicationStackOverflowHook
                0x00000e98        0xc ./src/main.o
                0x00000e98                vApplicationStackOverflowHook
 .text.vApplicationIdleHook
                0x00000ea4        0xc ./src/main.o
                0x00000ea4                vApplicationIdleHook
 .text.vApplicationTickHook
                0x00000eb0        0xc ./src/main.o
                0x00000eb0                vApplicationTickHook
 .text.ResetISR
                0x00000ebc       0x58 ./cr_startup_lpc17.o
                0x00000ebc                ResetISR
 .text.NMI_Handler
                0x00000f14        0x8 ./cr_startup_lpc17.o
                0x00000f14                NMI_Handler
 .text.HardFault_Handler
                0x00000f1c        0x8 ./cr_startup_lpc17.o
                0x00000f1c                HardFault_Handler
 .text.MemManage_Handler
                0x00000f24        0x8 ./cr_startup_lpc17.o
                0x00000f24                MemManage_Handler
 .text.BusFault_Handler
                0x00000f2c        0x8 ./cr_startup_lpc17.o
                0x00000f2c                BusFault_Handler
 .text.UsageFault_Handler
                0x00000f34        0x8 ./cr_startup_lpc17.o
                0x00000f34                UsageFault_Handler
 .text.DebugMon_Handler
                0x00000f3c        0x8 ./cr_startup_lpc17.o
                0x00000f3c                DebugMon_Handler
 .text.IntDefaultHandler
                0x00000f44        0x8 ./cr_startup_lpc17.o
                0x00000f44                TIMER2_IRQHandler
                0x00000f44                RIT_IRQHandler
                0x00000f44                I2C0_IRQHandler
                0x00000f44                USBActivity_IRQHandler
                0x00000f44                PWM1_IRQHandler
                0x00000f44                I2C1_IRQHandler
                0x00000f44                EINT2_IRQHandler
                0x00000f44                UART1_IRQHandler
                0x00000f44                EINT3_IRQHandler
                0x00000f44                CANActivity_IRQHandler
                0x00000f44                TIMER3_IRQHandler
                0x00000f44                UART0_IRQHandler
                0x00000f44                IntDefaultHandler
                0x00000f44                PLL0_IRQHandler
                0x00000f44                CAN_IRQHandler
                0x00000f44                PLL1_IRQHandler
                0x00000f44                SSP0_IRQHandler
                0x00000f44                I2S_IRQHandler
                0x00000f44                I2C2_IRQHandler
                0x00000f44                RTC_IRQHandler
                0x00000f44                TIMER0_IRQHandler
                0x00000f44                SPI_IRQHandler
                0x00000f44                EINT1_IRQHandler
                0x00000f44                TIMER1_IRQHandler
                0x00000f44                UART2_IRQHandler
                0x00000f44                ADC_IRQHandler
                0x00000f44                SSP1_IRQHandler
                0x00000f44                USB_IRQHandler
                0x00000f44                BOD_IRQHandler
                0x00000f44                WDT_IRQHandler
                0x00000f44                QEI_IRQHandler
                0x00000f44                EINT0_IRQHandler
                0x00000f44                DMA_IRQHandler
                0x00000f44                UART3_IRQHandler
                0x00000f44                MCPWM_IRQHandler
                0x00000f44                ENET_IRQHandler
 .text.SystemInit
                0x00000f4c       0xe4 /home/pedro/Documents/dev/LPCxpresso/EC020/firmware_src/CMSISv2p00_LPC17xx/Debug/libCMSISv2p00_LPC17xx.a(system_LPC17xx.o)
                0x00000f4c                SystemInit
 .text.GPIO_GetPointer
                0x00001030       0x70 /home/pedro/Documents/dev/LPCxpresso/EC020/firmware_src/Lib_MCU/Debug/libLib_MCU.a(lpc17xx_gpio.o)
 .text.GPIO_SetDir
                0x000010a0       0x4c /home/pedro/Documents/dev/LPCxpresso/EC020/firmware_src/Lib_MCU/Debug/libLib_MCU.a(lpc17xx_gpio.o)
                0x000010a0                GPIO_SetDir
 .text.GPIO_SetValue
                0x000010ec       0x2c /home/pedro/Documents/dev/LPCxpresso/EC020/firmware_src/Lib_MCU/Debug/libLib_MCU.a(lpc17xx_gpio.o)
                0x000010ec                GPIO_SetValue
 .text.GPIO_ClearValue
                0x00001118       0x2c /home/pedro/Documents/dev/LPCxpresso/EC020/firmware_src/Lib_MCU/Debug/libLib_MCU.a(lpc17xx_gpio.o)
                0x00001118                GPIO_ClearValue
 .text.GPIO_ReadValue
                0x00001144       0x2c /home/pedro/Documents/dev/LPCxpresso/EC020/firmware_src/Lib_MCU/Debug/libLib_MCU.a(lpc17xx_gpio.o)
                0x00001144                GPIO_ReadValue
 .text.NVIC_EnableIRQ
                0x00001170       0x30 /home/pedro/Documents/dev/LPCxpresso/EC020/firmware_src/Lib_MCU/Debug/libLib_MCU.a(lpc17xx_i2c.o)
 .text.NVIC_DisableIRQ
                0x000011a0       0x34 /home/pedro/Documents/dev/LPCxpresso/EC020/firmware_src/Lib_MCU/Debug/libLib_MCU.a(lpc17xx_i2c.o)
 .text.I2C_getNum
                0x000011d4       0x48 /home/pedro/Documents/dev/LPCxpresso/EC020/firmware_src/Lib_MCU/Debug/libLib_MCU.a(lpc17xx_i2c.o)
 .text.I2C_Start
                0x0000121c       0x3c /home/pedro/Documents/dev/LPCxpresso/EC020/firmware_src/Lib_MCU/Debug/libLib_MCU.a(lpc17xx_i2c.o)
 .text.I2C_Stop
                0x00001258       0x30 /home/pedro/Documents/dev/LPCxpresso/EC020/firmware_src/Lib_MCU/Debug/libLib_MCU.a(lpc17xx_i2c.o)
 .text.I2C_SendByte
                0x00001288       0x4c /home/pedro/Documents/dev/LPCxpresso/EC020/firmware_src/Lib_MCU/Debug/libLib_MCU.a(lpc17xx_i2c.o)
 .text.I2C_GetByte
                0x000012d4       0x54 /home/pedro/Documents/dev/LPCxpresso/EC020/firmware_src/Lib_MCU/Debug/libLib_MCU.a(lpc17xx_i2c.o)
 .text.I2C_IntCmd
                0x00001328       0x88 /home/pedro/Documents/dev/LPCxpresso/EC020/firmware_src/Lib_MCU/Debug/libLib_MCU.a(lpc17xx_i2c.o)
                0x00001328                I2C_IntCmd
 .text.I2C_MasterHandler
                0x000013b0      0x3a0 /home/pedro/Documents/dev/LPCxpresso/EC020/firmware_src/Lib_MCU/Debug/libLib_MCU.a(lpc17xx_i2c.o)
                0x000013b0                I2C_MasterHandler
 .text.I2C_SetClock
                0x00001750       0xa4 /home/pedro/Documents/dev/LPCxpresso/EC020/firmware_src/Lib_MCU/Debug/libLib_MCU.a(lpc17xx_i2c.o)
                0x00001750                I2C_SetClock
 .text.I2C_Init
                0x000017f4       0xa4 /home/pedro/Documents/dev/LPCxpresso/EC020/firmware_src/Lib_MCU/Debug/libLib_MCU.a(lpc17xx_i2c.o)
                0x000017f4                I2C_Init
 .text.I2C_Cmd  0x00001898       0x70 /home/pedro/Documents/dev/LPCxpresso/EC020/firmware_src/Lib_MCU/Debug/libLib_MCU.a(lpc17xx_i2c.o)
                0x00001898                I2C_Cmd
 .text.I2C_MasterTransferData
                0x00001908      0x2f8 /home/pedro/Documents/dev/LPCxpresso/EC020/firmware_src/Lib_MCU/Debug/libLib_MCU.a(lpc17xx_i2c.o)
                0x00001908                I2C_MasterTransferData
 .text.check_failed
                0x00001c00        0xc /home/pedro/Documents/dev/LPCxpresso/EC020/firmware_src/Lib_MCU/Debug/libLib_MCU.a(lpc17xx_libcfg_default.o)
                0x00001c00                check_failed
 .text.PINSEL_SetPinFunc
                0x00001c0c       0x84 /home/pedro/Documents/dev/LPCxpresso/EC020/firmware_src/Lib_MCU/Debug/libLib_MCU.a(lpc17xx_pinsel.o)
                0x00001c0c                PINSEL_SetPinFunc
 .text.PINSEL_SetResistorMode
                0x00001c90       0x84 /home/pedro/Documents/dev/LPCxpresso/EC020/firmware_src/Lib_MCU/Debug/libLib_MCU.a(lpc17xx_pinsel.o)
                0x00001c90                PINSEL_SetResistorMode
 .text.PINSEL_SetOpenDrainMode
                0x00001d14       0x6c /home/pedro/Documents/dev/LPCxpresso/EC020/firmware_src/Lib_MCU/Debug/libLib_MCU.a(lpc17xx_pinsel.o)
                0x00001d14                PINSEL_SetOpenDrainMode
 .text.PINSEL_ConfigPin
                0x00001d80       0x48 /home/pedro/Documents/dev/LPCxpresso/EC020/firmware_src/Lib_MCU/Debug/libLib_MCU.a(lpc17xx_pinsel.o)
                0x00001d80                PINSEL_ConfigPin
 .text.SSP_getNum
                0x00001dc8       0x38 /home/pedro/Documents/dev/LPCxpresso/EC020/firmware_src/Lib_MCU/Debug/libLib_MCU.a(lpc17xx_ssp.o)
 .text.SSP_IntHandler
                0x00001e00      0x2cc /home/pedro/Documents/dev/LPCxpresso/EC020/firmware_src/Lib_MCU/Debug/libLib_MCU.a(lpc17xx_ssp.o)
                0x00001e00                SSP_IntHandler
 .text.SSP_SetClock
                0x000020cc       0xc4 /home/pedro/Documents/dev/LPCxpresso/EC020/firmware_src/Lib_MCU/Debug/libLib_MCU.a(lpc17xx_ssp.o)
                0x000020cc                SSP_SetClock
 .text.SSP_Init
                0x00002190       0xd8 /home/pedro/Documents/dev/LPCxpresso/EC020/firmware_src/Lib_MCU/Debug/libLib_MCU.a(lpc17xx_ssp.o)
                0x00002190                SSP_Init
 .text.SSP_ConfigStructInit
                0x00002268       0x3c /home/pedro/Documents/dev/LPCxpresso/EC020/firmware_src/Lib_MCU/Debug/libLib_MCU.a(lpc17xx_ssp.o)
                0x00002268                SSP_ConfigStructInit
 .text.SSP_Cmd  0x000022a4       0x70 /home/pedro/Documents/dev/LPCxpresso/EC020/firmware_src/Lib_MCU/Debug/libLib_MCU.a(lpc17xx_ssp.o)
                0x000022a4                SSP_Cmd
 .text.SSP_SendData
                0x00002314       0x40 /home/pedro/Documents/dev/LPCxpresso/EC020/firmware_src/Lib_MCU/Debug/libLib_MCU.a(lpc17xx_ssp.o)
                0x00002314                SSP_SendData
 .text.SSP_ReceiveData
                0x00002354       0x3c /home/pedro/Documents/dev/LPCxpresso/EC020/firmware_src/Lib_MCU/Debug/libLib_MCU.a(lpc17xx_ssp.o)
                0x00002354                SSP_ReceiveData
 .text.SSP_ReadWrite
                0x00002390      0x3c0 /home/pedro/Documents/dev/LPCxpresso/EC020/firmware_src/Lib_MCU/Debug/libLib_MCU.a(lpc17xx_ssp.o)
                0x00002390                SSP_ReadWrite
 .text.CLKPWR_SetPCLKDiv
                0x00002750       0x8c /home/pedro/Documents/dev/LPCxpresso/EC020/firmware_src/Lib_MCU/Debug/libLib_MCU.a(lpc17xx_clkpwr.o)
                0x00002750                CLKPWR_SetPCLKDiv
 .text.CLKPWR_GetPCLKSEL
                0x000027dc       0x48 /home/pedro/Documents/dev/LPCxpresso/EC020/firmware_src/Lib_MCU/Debug/libLib_MCU.a(lpc17xx_clkpwr.o)
                0x000027dc                CLKPWR_GetPCLKSEL
 .text.CLKPWR_GetPCLK
                0x00002824       0x64 /home/pedro/Documents/dev/LPCxpresso/EC020/firmware_src/Lib_MCU/Debug/libLib_MCU.a(lpc17xx_clkpwr.o)
                0x00002824                CLKPWR_GetPCLK
 .text.CLKPWR_ConfigPPWR
                0x00002888       0x58 /home/pedro/Documents/dev/LPCxpresso/EC020/firmware_src/Lib_MCU/Debug/libLib_MCU.a(lpc17xx_clkpwr.o)
                0x00002888                CLKPWR_ConfigPPWR
 .text.I2CRead  0x000028e0       0x50 /home/pedro/Documents/dev/LPCxpresso/EC020/firmware_src/Lib_EaBaseBoard/Debug/libLib_EaBaseBoard.a(acc.o)
 .text.I2CWrite
                0x00002930       0x50 /home/pedro/Documents/dev/LPCxpresso/EC020/firmware_src/Lib_EaBaseBoard/Debug/libLib_EaBaseBoard.a(acc.o)
 .text.getStatus
                0x00002980       0x2c /home/pedro/Documents/dev/LPCxpresso/EC020/firmware_src/Lib_EaBaseBoard/Debug/libLib_EaBaseBoard.a(acc.o)
 .text.setModeControl
                0x000029ac       0x28 /home/pedro/Documents/dev/LPCxpresso/EC020/firmware_src/Lib_EaBaseBoard/Debug/libLib_EaBaseBoard.a(acc.o)
 .text.acc_init
                0x000029d4       0x10 /home/pedro/Documents/dev/LPCxpresso/EC020/firmware_src/Lib_EaBaseBoard/Debug/libLib_EaBaseBoard.a(acc.o)
                0x000029d4                acc_init
 .text.acc_read
                0x000029e4       0x9c /home/pedro/Documents/dev/LPCxpresso/EC020/firmware_src/Lib_EaBaseBoard/Debug/libLib_EaBaseBoard.a(acc.o)
                0x000029e4                acc_read
 .text.joystick_init
                0x00002a80       0x20 /home/pedro/Documents/dev/LPCxpresso/EC020/firmware_src/Lib_EaBaseBoard/Debug/libLib_EaBaseBoard.a(joystick.o)
                0x00002a80                joystick_init
 .text.joystick_read
                0x00002aa0       0x88 /home/pedro/Documents/dev/LPCxpresso/EC020/firmware_src/Lib_EaBaseBoard/Debug/libLib_EaBaseBoard.a(joystick.o)
                0x00002aa0                joystick_read
 .text.I2CRead  0x00002b28       0x50 /home/pedro/Documents/dev/LPCxpresso/EC020/firmware_src/Lib_EaBaseBoard/Debug/libLib_EaBaseBoard.a(light.o)
 .text.I2CWrite
                0x00002b78       0x50 /home/pedro/Documents/dev/LPCxpresso/EC020/firmware_src/Lib_EaBaseBoard/Debug/libLib_EaBaseBoard.a(light.o)
 .text.light_enable
                0x00002bc8       0x3c /home/pedro/Documents/dev/LPCxpresso/EC020/firmware_src/Lib_EaBaseBoard/Debug/libLib_EaBaseBoard.a(light.o)
                0x00002bc8                light_enable
 .text.light_read
                0x00002c04       0x74 /home/pedro/Documents/dev/LPCxpresso/EC020/firmware_src/Lib_EaBaseBoard/Debug/libLib_EaBaseBoard.a(light.o)
                0x00002c04                light_read
 .text.writeCommand
                0x00002c78       0x48 /home/pedro/Documents/dev/LPCxpresso/EC020/firmware_src/Lib_EaBaseBoard/Debug/libLib_EaBaseBoard.a(oled.o)
 .text.writeData
                0x00002cc0       0x48 /home/pedro/Documents/dev/LPCxpresso/EC020/firmware_src/Lib_EaBaseBoard/Debug/libLib_EaBaseBoard.a(oled.o)
 .text.writeDataLen
                0x00002d08       0x78 /home/pedro/Documents/dev/LPCxpresso/EC020/firmware_src/Lib_EaBaseBoard/Debug/libLib_EaBaseBoard.a(oled.o)
 .text.runInitSequence
                0x00002d80       0xd4 /home/pedro/Documents/dev/LPCxpresso/EC020/firmware_src/Lib_EaBaseBoard/Debug/libLib_EaBaseBoard.a(oled.o)
 .text.hLine    0x00002e54       0x58 /home/pedro/Documents/dev/LPCxpresso/EC020/firmware_src/Lib_EaBaseBoard/Debug/libLib_EaBaseBoard.a(oled.o)
 .text.vLine    0x00002eac       0x58 /home/pedro/Documents/dev/LPCxpresso/EC020/firmware_src/Lib_EaBaseBoard/Debug/libLib_EaBaseBoard.a(oled.o)
 .text.oled_init
                0x00002f04       0x74 /home/pedro/Documents/dev/LPCxpresso/EC020/firmware_src/Lib_EaBaseBoard/Debug/libLib_EaBaseBoard.a(oled.o)
                0x00002f04                oled_init
 .text.oled_putPixel
                0x00002f78      0x150 /home/pedro/Documents/dev/LPCxpresso/EC020/firmware_src/Lib_EaBaseBoard/Debug/libLib_EaBaseBoard.a(oled.o)
                0x00002f78                oled_putPixel
 .text.oled_fillRect
                0x000030c8       0xa0 /home/pedro/Documents/dev/LPCxpresso/EC020/firmware_src/Lib_EaBaseBoard/Debug/libLib_EaBaseBoard.a(oled.o)
                0x000030c8                oled_fillRect
 .text.oled_clearScreen
                0x00003168       0x64 /home/pedro/Documents/dev/LPCxpresso/EC020/firmware_src/Lib_EaBaseBoard/Debug/libLib_EaBaseBoard.a(oled.o)
                0x00003168                oled_clearScreen
 .text.oled_putChar
                0x000031cc       0xd8 /home/pedro/Documents/dev/LPCxpresso/EC020/firmware_src/Lib_EaBaseBoard/Debug/libLib_EaBaseBoard.a(oled.o)
                0x000031cc                oled_putChar
 .text.oled_putString
                0x000032a4       0x54 /home/pedro/Documents/dev/LPCxpresso/EC020/firmware_src/Lib_EaBaseBoard/Debug/libLib_EaBaseBoard.a(oled.o)
                0x000032a4                oled_putString
 .text.rgb_init
                0x000032f8       0x28 /home/pedro/Documents/dev/LPCxpresso/EC020/firmware_src/Lib_EaBaseBoard/Debug/libLib_EaBaseBoard.a(rgb.o)
                0x000032f8                rgb_init
 .text.rgb_setLeds
                0x00003320       0x6c /home/pedro/Documents/dev/LPCxpresso/EC020/firmware_src/Lib_EaBaseBoard/Debug/libLib_EaBaseBoard.a(rgb.o)
                0x00003320                rgb_setLeds
 .text          0x0000338c      0x130 /home/pedro/Documents/dev/LPCxpresso/EC020/firmware_src/FreeRTOS_Library/Debug/libFreeRTOS_Library.a(port.o)
                0x0000338c                pxPortInitialiseStack
                0x000033a8                vPortSVCHandler
                0x000033c8                vPortStartFirstTask
                0x000033d4                xPortStartScheduler
                0x00003410                vPortEndScheduler
                0x00003414                vPortYieldFromISR
                0x00003424                vPortEnterCritical
                0x0000343c                vPortExitCritical
                0x00003454                xPortPendSVHandler
                0x00003490                xPortSysTickHandler
 .text          0x000034bc       0x30 /home/pedro/Documents/dev/LPCxpresso/EC020/firmware_src/FreeRTOS_Library/Debug/libFreeRTOS_Library.a(basic_io.o)
                0x000034bc                vPrintString
                0x000034c0                vPrintStringAndNumber
 .text          0x000034ec       0x14 /home/pedro/Documents/dev/LPCxpresso/EC020/firmware_src/FreeRTOS_Library/Debug/libFreeRTOS_Library.a(consoleprint.o)
                0x000034ec                consoleprint
 .text          0x00003500      0x4a0 /home/pedro/Documents/dev/LPCxpresso/EC020/firmware_src/FreeRTOS_Library/Debug/libFreeRTOS_Library.a(queue.o)
                0x000035fc                xQueueCreate
                0x00003660                xQueueCreateCountingSemaphore
                0x00003674                xQueueGenericSend
                0x00003750                xQueueCreateMutex
                0x00003794                xQueueGenericSendFromISR
                0x000037ec                xQueueGenericReceive
                0x000038fc                xQueueReceiveFromISR
                0x00003958                uxQueueMessagesWaiting
                0x0000396c                uxQueueMessagesWaitingFromISR
                0x00003970                vQueueDelete
                0x00003984                xQueueIsQueueEmptyFromISR
                0x00003990                xQueueIsQueueFullFromISR
 .text          0x000039a0      0xa58 /home/pedro/Documents/dev/LPCxpresso/EC020/firmware_src/FreeRTOS_Library/Debug/libFreeRTOS_Library.a(tasks.o)
                0x000039a0                xTaskGenericCreate
                0x00003b30                vTaskDelete
                0x00003b98                uxTaskPriorityGet
                0x00003bb4                vTaskPrioritySet
                0x00003c4c                vTaskSuspend
                0x00003cd4                xTaskIsTaskSuspended
                0x00003cf8                vTaskResume
                0x00003d5c                xTaskResumeFromISR
                0x00003dcc                vTaskStartScheduler
                0x00003e14                vTaskEndScheduler
                0x00003e30                vTaskSuspendAll
                0x00003e44                xTaskGetTickCount
                0x00003e5c                uxTaskGetNumberOfTasks
                0x00003e68                vTaskIncrementTick
                0x00003f1c                xTaskResumeAll
                0x00003ff0                vTaskDelayUntil
                0x00004070                vTaskDelay
                0x0000411c                vTaskSwitchContext
                0x000041dc                vTaskPlaceOnEventList
                0x00004234                xTaskRemoveFromEventList
                0x000042a8                vTaskSetTimeOutState
                0x000042bc                xTaskCheckForTimeOut
                0x00004320                vTaskMissedYield
                0x00004330                xTaskGetCurrentTaskHandle
                0x0000433c                vTaskPriorityInherit
                0x000043ac                vTaskPriorityDisinherit
 .text          0x000043f8      0x12c /home/pedro/Documents/dev/LPCxpresso/EC020/firmware_src/FreeRTOS_Library/Debug/libFreeRTOS_Library.a(heap_2.o)
                0x000043f8                pvPortMalloc
                0x000044cc                vPortFree
                0x00004514                xPortGetFreeHeapSize
                0x00004520                vPortInitialiseBlocks
 .text          0x00004524       0x9c /home/pedro/Documents/dev/LPCxpresso/EC020/firmware_src/FreeRTOS_Library/Debug/libFreeRTOS_Library.a(list.o)
                0x00004524                vListInitialise
                0x0000453c                vListInitialiseItem
                0x00004544                vListInsertEnd
                0x00004560                vListInsert
                0x0000459c                vListRemove
 .text.__sys_write
                0x000045c0        0xc /usr/local/lpcxpresso_8.2.2_650/lpcxpresso/tools/bin/../lib/gcc/arm-none-eabi/5.4.1/../../../../arm-none-eabi/lib/armv7-m/libcr_semihost.a(__sys_write.o)
                0x000045c0                __write
                0x000045c0                __sys_write
 .text.__main   0x000045cc       0x14 /usr/local/lpcxpresso_8.2.2_650/lpcxpresso/tools/bin/../lib/gcc/arm-none-eabi/5.4.1/../../../../arm-none-eabi/lib/armv7-m/libcr_semihost.a(_cr__main.o)
                0x000045cc                __main
                0x000045cc                __CR_SEMIHOST
 .text.memcpy   0x000045e0        0x4 /usr/local/lpcxpresso_8.2.2_650/lpcxpresso/tools/bin/../lib/gcc/arm-none-eabi/5.4.1/../../../../arm-none-eabi/lib/armv7-m/libcr_c.a(memcpy.o)
                0x000045e0                memcpy
 .text.memset   0x000045e4        0x4 /usr/local/lpcxpresso_8.2.2_650/lpcxpresso/tools/bin/../lib/gcc/arm-none-eabi/5.4.1/../../../../arm-none-eabi/lib/armv7-m/libcr_c.a(memset.o)
                0x000045e4                memset
 .text.fp_round
                0x000045e8       0x4c /usr/local/lpcxpresso_8.2.2_650/lpcxpresso/tools/bin/../lib/gcc/arm-none-eabi/5.4.1/../../../../arm-none-eabi/lib/armv7-m/libcr_c.a(fpprintf.o)
 .text.pr_dec.constprop.1
                0x00004634       0x26 /usr/local/lpcxpresso_8.2.2_650/lpcxpresso/tools/bin/../lib/gcc/arm-none-eabi/5.4.1/../../../../arm-none-eabi/lib/armv7-m/libcr_c.a(fpprintf.o)
 *fill*         0x0000465a        0x2 ff
 .text.sprintf  0x0000465c       0x6c /usr/local/lpcxpresso_8.2.2_650/lpcxpresso/tools/bin/../lib/gcc/arm-none-eabi/5.4.1/../../../../arm-none-eabi/lib/armv7-m/libcr_c.a(fpprintf.o)
                0x0000465c                sprintf
 .text.fp_display
                0x000046c8      0x8ec /usr/local/lpcxpresso_8.2.2_650/lpcxpresso/tools/bin/../lib/gcc/arm-none-eabi/5.4.1/../../../../arm-none-eabi/lib/armv7-m/libcr_c.a(fpprintf.o)
 .text.vsnprintf
                0x00004fb4       0x5c /usr/local/lpcxpresso_8.2.2_650/lpcxpresso/tools/bin/../lib/gcc/arm-none-eabi/5.4.1/../../../../arm-none-eabi/lib/armv7-m/libcr_c.a(fpprintf.o)
                0x00004fb4                vsnprintf
 .text.printf   0x00005010       0x54 /usr/local/lpcxpresso_8.2.2_650/lpcxpresso/tools/bin/../lib/gcc/arm-none-eabi/5.4.1/../../../../arm-none-eabi/lib/armv7-m/libcr_c.a(fpprintf.o)
                0x00005010                printf
 .text._initio  0x00005064       0xa4 /usr/local/lpcxpresso_8.2.2_650/lpcxpresso/tools/bin/../lib/gcc/arm-none-eabi/5.4.1/../../../../arm-none-eabi/lib/armv7-m/libcr_c.a(initio.o)
                0x00005064                _initio
 .text.memcmp   0x00005108       0x42 /usr/local/lpcxpresso_8.2.2_650/lpcxpresso/tools/bin/../lib/gcc/arm-none-eabi/5.4.1/../../../../arm-none-eabi/lib/armv7-m/libcr_c.a(memcmp.o)
                0x00005108                memcmp
 *fill*         0x0000514a        0x2 ff
 .text.__vfprintf
                0x0000514c      0xd28 /usr/local/lpcxpresso_8.2.2_650/lpcxpresso/tools/bin/../lib/gcc/arm-none-eabi/5.4.1/../../../../arm-none-eabi/lib/armv7-m/libcr_c.a(printf.o)
                0x0000514c                __vfprintf
 .text.setvbuf  0x00005e74       0x40 /usr/local/lpcxpresso_8.2.2_650/lpcxpresso/tools/bin/../lib/gcc/arm-none-eabi/5.4.1/../../../../arm-none-eabi/lib/armv7-m/libcr_c.a(setvbuf.o)
                0x00005e74                setvbuf
 .text.strlen   0x00005eb4       0x4a /usr/local/lpcxpresso_8.2.2_650/lpcxpresso/tools/bin/../lib/gcc/arm-none-eabi/5.4.1/../../../../arm-none-eabi/lib/armv7-m/libcr_c.a(strlen.o)
                0x00005eb4                strlen
 .text.strncpy  0x00005efe       0x56 /usr/local/lpcxpresso_8.2.2_650/lpcxpresso/tools/bin/../lib/gcc/arm-none-eabi/5.4.1/../../../../arm-none-eabi/lib/armv7-m/libcr_c.a(strncpy.o)
                0x00005efe                strncpy
 .text._deferredlazyseek
                0x00005f54       0x44 /usr/local/lpcxpresso_8.2.2_650/lpcxpresso/tools/bin/../lib/gcc/arm-none-eabi/5.4.1/../../../../arm-none-eabi/lib/armv7-m/libcr_c.a(_deferredlazyseek.o)
                0x00005f54                _deferredlazyseek
 .text.__flsbuf
                0x00005f98      0x140 /usr/local/lpcxpresso_8.2.2_650/lpcxpresso/tools/bin/../lib/gcc/arm-none-eabi/5.4.1/../../../../arm-none-eabi/lib/armv7-m/libcr_c.a(_deferredlazyseek.o)
                0x00005f98                __flsbuf
 .text._fdopen  0x000060d8       0x6a /usr/local/lpcxpresso_8.2.2_650/lpcxpresso/tools/bin/../lib/gcc/arm-none-eabi/5.4.1/../../../../arm-none-eabi/lib/armv7-m/libcr_c.a(_fdopen.o)
                0x000060d8                _fdopen
 .text._fflush  0x00006142       0x58 /usr/local/lpcxpresso_8.2.2_650/lpcxpresso/tools/bin/../lib/gcc/arm-none-eabi/5.4.1/../../../../arm-none-eabi/lib/armv7-m/libcr_c.a(_fflush.o)
                0x00006142                _fflush
 .text._frexpl  0x0000619a       0x5a /usr/local/lpcxpresso_8.2.2_650/lpcxpresso/tools/bin/../lib/gcc/arm-none-eabi/5.4.1/../../../../arm-none-eabi/lib/armv7-m/libcr_c.a(_frexpl.o)
                0x0000619a                _frexpl
 .text._ldexpl  0x000061f4       0x4c /usr/local/lpcxpresso_8.2.2_650/lpcxpresso/tools/bin/../lib/gcc/arm-none-eabi/5.4.1/../../../../arm-none-eabi/lib/armv7-m/libcr_c.a(_ldexpl.o)
                0x000061f4                _ldexpl
 .text._Cwritebuf
                0x00006240       0x68 /usr/local/lpcxpresso_8.2.2_650/lpcxpresso/tools/bin/../lib/gcc/arm-none-eabi/5.4.1/../../../../arm-none-eabi/lib/armv7-m/libcr_c.a(_writebuf.o)
                0x00006240                _Cwritebuf
 .text.malloc   0x000062a8       0xc8 /usr/local/lpcxpresso_8.2.2_650/lpcxpresso/tools/bin/../lib/gcc/arm-none-eabi/5.4.1/../../../../arm-none-eabi/lib/armv7-m/libcr_c.a(alloc.o)
                0x000062a8                malloc
 .text.free     0x00006370       0x30 /usr/local/lpcxpresso_8.2.2_650/lpcxpresso/tools/bin/../lib/gcc/arm-none-eabi/5.4.1/../../../../arm-none-eabi/lib/armv7-m/libcr_c.a(alloc.o)
                0x00006370                free
 .text._Csys_alloc
                0x000063a0       0x20 /usr/local/lpcxpresso_8.2.2_650/lpcxpresso/tools/bin/../lib/gcc/arm-none-eabi/5.4.1/../../../../arm-none-eabi/lib/armv7-m/libcr_c.a(alloc.o)
                0x000063a0                _Csys_alloc
 .text.fclose   0x000063c0       0x6c /usr/local/lpcxpresso_8.2.2_650/lpcxpresso/tools/bin/../lib/gcc/arm-none-eabi/5.4.1/../../../../arm-none-eabi/lib/armv7-m/libcr_c.a(fclose.o)
                0x000063c0                fclose
 .text.fflush   0x0000642c       0x30 /usr/local/lpcxpresso_8.2.2_650/lpcxpresso/tools/bin/../lib/gcc/arm-none-eabi/5.4.1/../../../../arm-none-eabi/lib/armv7-m/libcr_c.a(fflush.o)
                0x0000642c                fflush
 .text.fseek    0x0000645c      0x110 /usr/local/lpcxpresso_8.2.2_650/lpcxpresso/tools/bin/../lib/gcc/arm-none-eabi/5.4.1/../../../../arm-none-eabi/lib/armv7-m/libcr_c.a(fseek.o)
                0x0000645c                fseek
 .text.ftell    0x0000656c       0x4c /usr/local/lpcxpresso_8.2.2_650/lpcxpresso/tools/bin/../lib/gcc/arm-none-eabi/5.4.1/../../../../arm-none-eabi/lib/armv7-m/libcr_c.a(ftell.o)
                0x0000656c                ftell
 .text.remove   0x000065b8       0x14 /usr/local/lpcxpresso_8.2.2_650/lpcxpresso/tools/bin/../lib/gcc/arm-none-eabi/5.4.1/../../../../arm-none-eabi/lib/armv7-m/libcr_c.a(remove.o)
                0x000065b8                remove
 .text._sbrk    0x000065cc       0x40 /usr/local/lpcxpresso_8.2.2_650/lpcxpresso/tools/bin/../lib/gcc/arm-none-eabi/5.4.1/../../../../arm-none-eabi/lib/armv7-m/libcr_c.a(_cr_sbrk.o)
                0x000065cc                _sbrk
 .text._do_fflush
                0x0000660c       0x44 /usr/local/lpcxpresso_8.2.2_650/lpcxpresso/tools/bin/../lib/gcc/arm-none-eabi/5.4.1/../../../../arm-none-eabi/lib/armv7-m/libcr_c.a(_do_fflush.o)
                0x0000660c                _do_fflush
 .text.__check_heap_overflow
                0x00006650       0x18 /usr/local/lpcxpresso_8.2.2_650/lpcxpresso/tools/bin/../lib/gcc/arm-none-eabi/5.4.1/../../../../arm-none-eabi/lib/armv7-m/libcr_c.a(_cr_check_heap.o)
                0x00006650                __check_heap_overflow
 .text.__aeabi_dmul
                0x00006668      0x110 /usr/local/lpcxpresso_8.2.2_650/lpcxpresso/tools/bin/../lib/gcc/arm-none-eabi/5.4.1/armv7-m/libcr_eabihelpers.a(double.o)
                0x00006668                __aeabi_dmul
 .text.__aeabi_ddiv
                0x00006778      0x138 /usr/local/lpcxpresso_8.2.2_650/lpcxpresso/tools/bin/../lib/gcc/arm-none-eabi/5.4.1/armv7-m/libcr_eabihelpers.a(double.o)
                0x00006778                __aeabi_ddiv
 .text.__aeabi_dsub
                0x000068b0      0x1a0 /usr/local/lpcxpresso_8.2.2_650/lpcxpresso/tools/bin/../lib/gcc/arm-none-eabi/5.4.1/armv7-m/libcr_eabihelpers.a(double.o)
                0x000068b0                __aeabi_dsub
 .text.__aeabi_dadd
                0x00006a50      0x10c /usr/local/lpcxpresso_8.2.2_650/lpcxpresso/tools/bin/../lib/gcc/arm-none-eabi/5.4.1/armv7-m/libcr_eabihelpers.a(double.o)
                0x00006a50                __aeabi_dadd
 .text.__aeabi_d2iz
                0x00006b5c       0x40 /usr/local/lpcxpresso_8.2.2_650/lpcxpresso/tools/bin/../lib/gcc/arm-none-eabi/5.4.1/armv7-m/libcr_eabihelpers.a(double.o)
                0x00006b5c                __aeabi_d2iz
 .text.__bhs_ui2d
                0x00006b9c       0x46 /usr/local/lpcxpresso_8.2.2_650/lpcxpresso/tools/bin/../lib/gcc/arm-none-eabi/5.4.1/armv7-m/libcr_eabihelpers.a(double.o)
                0x00006b9c                __bhs_ui2d
 .text.__aeabi_i2d
                0x00006be2       0x10 /usr/local/lpcxpresso_8.2.2_650/lpcxpresso/tools/bin/../lib/gcc/arm-none-eabi/5.4.1/armv7-m/libcr_eabihelpers.a(double.o)
                0x00006be2                __aeabi_i2d
 .text.__aeabi_dcmpeq
                0x00006bf2       0x2c /usr/local/lpcxpresso_8.2.2_650/lpcxpresso/tools/bin/../lib/gcc/arm-none-eabi/5.4.1/armv7-m/libcr_eabihelpers.a(double.o)
                0x00006bf2                __aeabi_dcmpeq
 .text.__aeabi_dcmplt
                0x00006c1e       0x54 /usr/local/lpcxpresso_8.2.2_650/lpcxpresso/tools/bin/../lib/gcc/arm-none-eabi/5.4.1/armv7-m/libcr_eabihelpers.a(double.o)
                0x00006c1e                __aeabi_dcmplt
 .text.__aeabi_dcmple
                0x00006c72       0x54 /usr/local/lpcxpresso_8.2.2_650/lpcxpresso/tools/bin/../lib/gcc/arm-none-eabi/5.4.1/armv7-m/libcr_eabihelpers.a(double.o)
                0x00006c72                __aeabi_dcmple
 .text.__aeabi_dcmpge
                0x00006cc6       0x54 /usr/local/lpcxpresso_8.2.2_650/lpcxpresso/tools/bin/../lib/gcc/arm-none-eabi/5.4.1/armv7-m/libcr_eabihelpers.a(double.o)
                0x00006cc6                __aeabi_dcmpge
 .text.__aeabi_memcpy
                0x00006d1a       0x34 /usr/local/lpcxpresso_8.2.2_650/lpcxpresso/tools/bin/../lib/gcc/arm-none-eabi/5.4.1/armv7-m/libcr_eabihelpers.a(memcpy.o)
                0x00006d1a                __aeabi_memcpy
                0x00006d24                __aeabi_memcpy4
                0x00006d24                __aeabi_memcpy8
 .text.__aeabi_memset_lowlevel
                0x00006d4e       0x32 /usr/local/lpcxpresso_8.2.2_650/lpcxpresso/tools/bin/../lib/gcc/arm-none-eabi/5.4.1/armv7-m/libcr_eabihelpers.a(memcpy.o)
                0x00006d4e                __aeabi_lowlevel_memset
 .text.__sys_appexit
                0x00006d80        0xc /usr/local/lpcxpresso_8.2.2_650/lpcxpresso/tools/bin/../lib/gcc/arm-none-eabi/5.4.1/../../../../arm-none-eabi/lib/armv7-m/libcr_semihost.a(__sys_appexit.o)
                0x00006d80                __exit
                0x00006d80                __sys_appexit
 .text.__sys_close
                0x00006d8c        0xc /usr/local/lpcxpresso_8.2.2_650/lpcxpresso/tools/bin/../lib/gcc/arm-none-eabi/5.4.1/../../../../arm-none-eabi/lib/armv7-m/libcr_semihost.a(__sys_close.o)
                0x00006d8c                __sys_close
 .text.__sys_flen
                0x00006d98        0xc /usr/local/lpcxpresso_8.2.2_650/lpcxpresso/tools/bin/../lib/gcc/arm-none-eabi/5.4.1/../../../../arm-none-eabi/lib/armv7-m/libcr_semihost.a(__sys_flen.o)
                0x00006d98                __sys_flen
 .text.__sys_istty
                0x00006da4        0xc /usr/local/lpcxpresso_8.2.2_650/lpcxpresso/tools/bin/../lib/gcc/arm-none-eabi/5.4.1/../../../../arm-none-eabi/lib/armv7-m/libcr_semihost.a(__sys_istty.o)
                0x00006da4                __sys_istty
 .text.__sys_remove
                0x00006db0        0xc /usr/local/lpcxpresso_8.2.2_650/lpcxpresso/tools/bin/../lib/gcc/arm-none-eabi/5.4.1/../../../../arm-none-eabi/lib/armv7-m/libcr_semihost.a(__sys_remove.o)
                0x00006db0                __sys_remove
 .text.__sys_seek
                0x00006dbc        0xc /usr/local/lpcxpresso_8.2.2_650/lpcxpresso/tools/bin/../lib/gcc/arm-none-eabi/5.4.1/../../../../arm-none-eabi/lib/armv7-m/libcr_semihost.a(__sys_seek.o)
                0x00006dbc                __sys_seek
 .text.__sys_tmpnam
                0x00006dc8        0xc /usr/local/lpcxpresso_8.2.2_650/lpcxpresso/tools/bin/../lib/gcc/arm-none-eabi/5.4.1/../../../../arm-none-eabi/lib/armv7-m/libcr_semihost.a(__sys_tmpnam.o)
                0x00006dc8                __sys_tmpnam
 *(.rodata .rodata.* .constdata .constdata.*)
 .rodata        0x00006dd4        0x4 ./src/Services/Accelerometer.o
 .rodata        0x00006dd8        0x7 ./src/Services/Button.o
 *fill*         0x00006ddf        0x1 ff
 .rodata        0x00006de0        0x9 ./src/Services/JoystickTask.o
 *fill*         0x00006de9        0x3 ff
 .rodata        0x00006dec        0x6 ./src/Services/LightSensor.o
 *fill*         0x00006df2        0x2 ff
 .rodata        0x00006df4       0xab ./src/Services/OLED_display.o
 *fill*         0x00006e9f        0x1 ff
 .rodata        0x00006ea0       0x25 ./src/Services/RGB_Leds.o
 *fill*         0x00006ec5        0x3 ff
 .rodata        0x00006ec8       0x25 ./src/common.o
 *fill*         0x00006eed        0x3 ff
 .rodata        0x00006ef0       0x41 ./src/main.o
 *fill*         0x00006f31        0x3 ff
 .rodata        0x00006f34       0x15 /home/pedro/Documents/dev/LPCxpresso/EC020/firmware_src/Lib_MCU/Debug/libLib_MCU.a(lpc17xx_i2c.o)
 *fill*         0x00006f49        0x3 ff
 .rodata        0x00006f4c       0x15 /home/pedro/Documents/dev/LPCxpresso/EC020/firmware_src/Lib_MCU/Debug/libLib_MCU.a(lpc17xx_ssp.o)
 *fill*         0x00006f61        0x3 ff
 .rodata        0x00006f64        0x8 /home/pedro/Documents/dev/LPCxpresso/EC020/firmware_src/Lib_EaBaseBoard/Debug/libLib_EaBaseBoard.a(oled.o)
 .rodata        0x00006f6c      0x300 /home/pedro/Documents/dev/LPCxpresso/EC020/firmware_src/Lib_EaBaseBoard/Debug/libLib_EaBaseBoard.a(font5x7.o)
                0x00006f6c                font5x7
 .rodata.str1.4
                0x0000726c        0x8 /home/pedro/Documents/dev/LPCxpresso/EC020/firmware_src/FreeRTOS_Library/Debug/libFreeRTOS_Library.a(basic_io.o)
 .rodata        0x00007274       0x14 /home/pedro/Documents/dev/LPCxpresso/EC020/firmware_src/FreeRTOS_Library/Debug/libFreeRTOS_Library.a(tasks.o)
 .rodata.str1.4
                0x00007288        0x8 /home/pedro/Documents/dev/LPCxpresso/EC020/firmware_src/FreeRTOS_Library/Debug/libFreeRTOS_Library.a(tasks.o)
                                  0x5 (size before relaxing)
 .rodata.str1.1
                0x00007290       0x34 /usr/local/lpcxpresso_8.2.2_650/lpcxpresso/tools/bin/../lib/gcc/arm-none-eabi/5.4.1/../../../../arm-none-eabi/lib/armv7-m/libcr_c.a(fpprintf.o)
                                 0x35 (size before relaxing)
 .rodata.str1.1
                0x000072c4        0x4 /usr/local/lpcxpresso_8.2.2_650/lpcxpresso/tools/bin/../lib/gcc/arm-none-eabi/5.4.1/../../../../arm-none-eabi/lib/armv7-m/libcr_c.a(initio.o)
 .rodata.str1.1
                0x000072c8       0x31 /usr/local/lpcxpresso_8.2.2_650/lpcxpresso/tools/bin/../lib/gcc/arm-none-eabi/5.4.1/../../../../arm-none-eabi/lib/armv7-m/libcr_c.a(printf.o)
                                 0x38 (size before relaxing)
 .rodata.str1.1
                0x000072f9       0x18 /usr/local/lpcxpresso_8.2.2_650/lpcxpresso/tools/bin/../lib/gcc/arm-none-eabi/5.4.1/../../../../arm-none-eabi/lib/armv7-m/libcr_c.a(alloc.o)
 *fill*         0x00007311        0x7 ff
 .rodata.__huge_vall
                0x00007318        0x8 /usr/local/lpcxpresso_8.2.2_650/lpcxpresso/tools/bin/../lib/gcc/arm-none-eabi/5.4.1/../../../../arm-none-eabi/lib/armv7-m/libcr_c.a(_hugeval.o)
                0x00007318                __huge_vall
                0x00007320                . = ALIGN (0x4)

.glue_7         0x00007320        0x0
 .glue_7        0x00007320        0x0 linker stubs

.glue_7t        0x00007320        0x0
 .glue_7t       0x00007320        0x0 linker stubs

.vfp11_veneer   0x00007320        0x0
 .vfp11_veneer  0x00007320        0x0 linker stubs

.v4_bx          0x00007320        0x0
 .v4_bx         0x00007320        0x0 linker stubs

.iplt           0x00007320        0x0
 .iplt          0x00007320        0x0 ./src/Services/Accelerometer.o

.rel.dyn        0x00007320        0x0
 .rel.iplt      0x00007320        0x0 ./src/Services/Accelerometer.o

.ARM.extab
 *(.ARM.extab* .gnu.linkonce.armextab.*)
                0x00007320                __exidx_start = .

.ARM.exidx
 *(.ARM.exidx* .gnu.linkonce.armexidx.*)
                0x00007320                __exidx_end = .
                0x00007320                _etext = .

.data_RAM2      0x2007c000        0x0 load address 0x00007320
 FILL mask 0xff
                [!provide]                PROVIDE (__start_data_RAM2, .)
 *(.ramfunc.$RAM2)
 *(.ramfunc.$RamAHB32)
 *(.data.$RAM2*)
 *(.data.$RamAHB32*)
                0x2007c000                . = ALIGN (0x4)
                [!provide]                PROVIDE (__end_data_RAM2, .)

.uninit_RESERVED
                0x10000000        0x0
 *(.bss.$RESERVED*)
                0x10000000                . = ALIGN (0x4)
                0x10000000                _end_uninit_RESERVED = .

.data           0x10000000       0x14 load address 0x00007320
 FILL mask 0xff
                0x10000000                _data = .
 *(vtable)
 *(.ramfunc*)
 *(.data*)
 .data          0x10000000        0x4 ./src/common.o
 .data.SystemCoreClock
                0x10000004        0x4 /home/pedro/Documents/dev/LPCxpresso/EC020/firmware_src/CMSISv2p00_LPC17xx/Debug/libCMSISv2p00_LPC17xx.a(system_LPC17xx.o)
                0x10000004                SystemCoreClock
 .data          0x10000008        0x8 /home/pedro/Documents/dev/LPCxpresso/EC020/firmware_src/Lib_EaBaseBoard/Debug/libLib_EaBaseBoard.a(light.o)
 .data          0x10000010        0x4 /home/pedro/Documents/dev/LPCxpresso/EC020/firmware_src/FreeRTOS_Library/Debug/libFreeRTOS_Library.a(port.o)
                0x10000014                . = ALIGN (0x4)
                0x10000014                _edata = .

.igot.plt       0x10000014        0x0 load address 0x00007334
 .igot.plt      0x10000014        0x0 ./src/Services/Accelerometer.o

.bss_RAM2       0x2007c000        0x0
                [!provide]                PROVIDE (__start_bss_RAM2, .)
 *(.bss.$RAM2*)
 *(.bss.$RamAHB32*)
                0x2007c000                . = ALIGN ((. != 0x0)?0x4:0x1)
                [!provide]                PROVIDE (__end_bss_RAM2, .)

.bss            0x10000018     0x3658
                0x10000018                _bss = .
 *(.bss*)
 .bss           0x10000018       0x14 ./src/Services/Accelerometer.o
 .bss           0x1000002c        0x4 ./src/Services/Button.o
 .bss           0x10000030        0x4 ./src/Services/JoystickTask.o
 .bss           0x10000034        0x8 ./src/Services/LightSensor.o
 .bss           0x1000003c       0x18 ./src/Services/OLED_display.o
 .bss           0x10000054        0x8 ./src/Services/RGB_Leds.o
 .bss           0x1000005c        0xc ./src/Services/Systick.o
                0x1000005c                TimeTick0
                0x10000060                TimeTick
                0x10000064                TimeTick2
 .bss           0x10000068       0x24 /home/pedro/Documents/dev/LPCxpresso/EC020/firmware_src/Lib_MCU/Debug/libLib_MCU.a(lpc17xx_i2c.o)
 .bss           0x1000008c       0x18 /home/pedro/Documents/dev/LPCxpresso/EC020/firmware_src/Lib_MCU/Debug/libLib_MCU.a(lpc17xx_ssp.o)
 .bss           0x100000a4      0x300 /home/pedro/Documents/dev/LPCxpresso/EC020/firmware_src/Lib_EaBaseBoard/Debug/libLib_EaBaseBoard.a(oled.o)
 .bss           0x100003a4       0x32 /home/pedro/Documents/dev/LPCxpresso/EC020/firmware_src/FreeRTOS_Library/Debug/libFreeRTOS_Library.a(basic_io.o)
 *fill*         0x100003d6        0x2 
 .bss           0x100003d8      0x100 /home/pedro/Documents/dev/LPCxpresso/EC020/firmware_src/FreeRTOS_Library/Debug/libFreeRTOS_Library.a(tasks.o)
                0x100003dc                pxCurrentTCB
 .bss           0x100004d8     0x301c /home/pedro/Documents/dev/LPCxpresso/EC020/firmware_src/FreeRTOS_Library/Debug/libFreeRTOS_Library.a(heap_2.o)
 .bss._extra    0x100034f4        0x4 /usr/local/lpcxpresso_8.2.2_650/lpcxpresso/tools/bin/../lib/gcc/arm-none-eabi/5.4.1/../../../../arm-none-eabi/lib/armv7-m/libcr_c.a(initio.o)
                0x100034f4                _extra
 .bss.__Ciob    0x100034f8      0x140 /usr/local/lpcxpresso_8.2.2_650/lpcxpresso/tools/bin/../lib/gcc/arm-none-eabi/5.4.1/../../../../arm-none-eabi/lib/armv7-m/libcr_c.a(stdio.o)
                0x100034f8                __Ciob
 .bss.errno     0x10003638        0x4 /usr/local/lpcxpresso_8.2.2_650/lpcxpresso/tools/bin/../lib/gcc/arm-none-eabi/5.4.1/../../../../arm-none-eabi/lib/armv7-m/libcr_c.a(errno.o)
                0x10003638                errno
 .bss.__heaps   0x1000363c        0x4 /usr/local/lpcxpresso_8.2.2_650/lpcxpresso/tools/bin/../lib/gcc/arm-none-eabi/5.4.1/../../../../arm-none-eabi/lib/armv7-m/libcr_c.a(__init_alloc.o)
                0x1000363c                __heaps
 .bss.__end_of_heap
                0x10003640        0x4 /usr/local/lpcxpresso_8.2.2_650/lpcxpresso/tools/bin/../lib/gcc/arm-none-eabi/5.4.1/../../../../arm-none-eabi/lib/armv7-m/libcr_c.a(__init_alloc.o)
                0x10003640                __end_of_heap
 *(COMMON)
 COMMON         0x10003644       0x28 ./src/Services/OLED_display.o
                0x10003644                buf
                0x10003664                data_semaphr
                0x10003668                OLED_display_queue
 COMMON         0x1000366c        0x4 ./src/Services/RGB_Leds.o
                0x1000366c                RGB_Leds_queue
                0x10003670                . = ALIGN (0x4)
                0x10003670                _ebss = .
                [!provide]                PROVIDE (end, .)

.noinit_RAM2    0x2007c000        0x0
 *(.noinit.$RAM2*)
 *(.noinit.$RamAHB32*)
                0x2007c000                . = ALIGN (0x4)

.noinit         0x10003670        0x0
                0x10003670                _noinit = .
 *(.noinit*)
                0x10003670                . = ALIGN (0x4)
                0x10003670                _end_noinit = .
                0x10003670                PROVIDE (_pvHeapStart, DEFINED (__user_heap_base)?__user_heap_base:.)
                0x10008000                PROVIDE (_vStackTop, DEFINED (__user_stack_top)?__user_stack_top:(__top_RamLoc32 - 0x0))
                [!provide]                PROVIDE (__valid_user_code_checksum, (0x0 - ((((((_vStackTop + (ResetISR + 0x1)) + (NMI_Handler + 0x1)) + (HardFault_Handler + 0x1)) + (DEFINED (MemManage_Handler)?MemManage_Handler:0x0 + 0x1)) + (DEFINED (BusFault_Handler)?BusFault_Handler:0x0 + 0x1)) + (DEFINED (UsageFault_Handler)?UsageFault_Handler:0x0 + 0x1))))
OUTPUT(Example01.axf elf32-littlearm)

.debug_info     0x00000000     0x9498
 .debug_info    0x00000000      0x556 ./src/Services/Accelerometer.o
 .debug_info    0x00000556      0x1fc ./src/Services/Button.o
 .debug_info    0x00000752      0x21d ./src/Services/JoystickTask.o
 .debug_info    0x0000096f      0x3ce ./src/Services/LightSensor.o
 .debug_info    0x00000d3d      0x51e ./src/Services/OLED_display.o
 .debug_info    0x0000125b      0x2d3 ./src/Services/RGB_Leds.o
 .debug_info    0x0000152e      0x851 ./src/Services/Systick.o
 .debug_info    0x00001d7f      0x120 ./src/common.o
 .debug_info    0x00001e9f      0x293 ./src/main.o
 .debug_info    0x00002132      0x1bd ./cr_startup_lpc17.o
 .debug_info    0x000022ef      0x318 /home/pedro/Documents/dev/LPCxpresso/EC020/firmware_src/CMSISv2p00_LPC17xx/Debug/libCMSISv2p00_LPC17xx.a(system_LPC17xx.o)
 .debug_info    0x00002607      0xad4 /home/pedro/Documents/dev/LPCxpresso/EC020/firmware_src/Lib_MCU/Debug/libLib_MCU.a(lpc17xx_gpio.o)
 .debug_info    0x000030db      0xc14 /home/pedro/Documents/dev/LPCxpresso/EC020/firmware_src/Lib_MCU/Debug/libLib_MCU.a(lpc17xx_i2c.o)
 .debug_info    0x00003cef       0xc5 /home/pedro/Documents/dev/LPCxpresso/EC020/firmware_src/Lib_MCU/Debug/libLib_MCU.a(lpc17xx_libcfg_default.o)
 .debug_info    0x00003db4      0x459 /home/pedro/Documents/dev/LPCxpresso/EC020/firmware_src/Lib_MCU/Debug/libLib_MCU.a(lpc17xx_pinsel.o)
 .debug_info    0x0000420d      0x7e1 /home/pedro/Documents/dev/LPCxpresso/EC020/firmware_src/Lib_MCU/Debug/libLib_MCU.a(lpc17xx_ssp.o)
 .debug_info    0x000049ee      0x638 /home/pedro/Documents/dev/LPCxpresso/EC020/firmware_src/Lib_MCU/Debug/libLib_MCU.a(lpc17xx_clkpwr.o)
 .debug_info    0x00005026      0x4f5 /home/pedro/Documents/dev/LPCxpresso/EC020/firmware_src/Lib_EaBaseBoard/Debug/libLib_EaBaseBoard.a(acc.o)
 .debug_info    0x0000551b      0x105 /home/pedro/Documents/dev/LPCxpresso/EC020/firmware_src/Lib_EaBaseBoard/Debug/libLib_EaBaseBoard.a(joystick.o)
 .debug_info    0x00005620      0x706 /home/pedro/Documents/dev/LPCxpresso/EC020/firmware_src/Lib_EaBaseBoard/Debug/libLib_EaBaseBoard.a(light.o)
 .debug_info    0x00005d26      0x920 /home/pedro/Documents/dev/LPCxpresso/EC020/firmware_src/Lib_EaBaseBoard/Debug/libLib_EaBaseBoard.a(oled.o)
 .debug_info    0x00006646       0xda /home/pedro/Documents/dev/LPCxpresso/EC020/firmware_src/Lib_EaBaseBoard/Debug/libLib_EaBaseBoard.a(rgb.o)
 .debug_info    0x00006720       0x61 /home/pedro/Documents/dev/LPCxpresso/EC020/firmware_src/Lib_EaBaseBoard/Debug/libLib_EaBaseBoard.a(font5x7.o)
 .debug_info    0x00006781      0x243 /home/pedro/Documents/dev/LPCxpresso/EC020/firmware_src/FreeRTOS_Library/Debug/libFreeRTOS_Library.a(port.o)
 .debug_info    0x000069c4      0x1a1 /home/pedro/Documents/dev/LPCxpresso/EC020/firmware_src/FreeRTOS_Library/Debug/libFreeRTOS_Library.a(basic_io.o)
 .debug_info    0x00006b65       0xe5 /home/pedro/Documents/dev/LPCxpresso/EC020/firmware_src/FreeRTOS_Library/Debug/libFreeRTOS_Library.a(consoleprint.o)
 .debug_info    0x00006c4a      0xcfe /home/pedro/Documents/dev/LPCxpresso/EC020/firmware_src/FreeRTOS_Library/Debug/libFreeRTOS_Library.a(queue.o)
 .debug_info    0x00007948     0x1568 /home/pedro/Documents/dev/LPCxpresso/EC020/firmware_src/FreeRTOS_Library/Debug/libFreeRTOS_Library.a(tasks.o)
 .debug_info    0x00008eb0      0x346 /home/pedro/Documents/dev/LPCxpresso/EC020/firmware_src/FreeRTOS_Library/Debug/libFreeRTOS_Library.a(heap_2.o)
 .debug_info    0x000091f6      0x2a2 /home/pedro/Documents/dev/LPCxpresso/EC020/firmware_src/FreeRTOS_Library/Debug/libFreeRTOS_Library.a(list.o)

.debug_abbrev   0x00000000     0x2a48
 .debug_abbrev  0x00000000      0x1df ./src/Services/Accelerometer.o
 .debug_abbrev  0x000001df      0x186 ./src/Services/Button.o
 .debug_abbrev  0x00000365      0x188 ./src/Services/JoystickTask.o
 .debug_abbrev  0x000004ed      0x202 ./src/Services/LightSensor.o
 .debug_abbrev  0x000006ef      0x1dd ./src/Services/OLED_display.o
 .debug_abbrev  0x000008cc      0x183 ./src/Services/RGB_Leds.o
 .debug_abbrev  0x00000a4f      0x1ed ./src/Services/Systick.o
 .debug_abbrev  0x00000c3c       0xa0 ./src/common.o
 .debug_abbrev  0x00000cdc      0x14a ./src/main.o
 .debug_abbrev  0x00000e26       0xb9 ./cr_startup_lpc17.o
 .debug_abbrev  0x00000edf       0xe6 /home/pedro/Documents/dev/LPCxpresso/EC020/firmware_src/CMSISv2p00_LPC17xx/Debug/libCMSISv2p00_LPC17xx.a(system_LPC17xx.o)
 .debug_abbrev  0x00000fc5      0x193 /home/pedro/Documents/dev/LPCxpresso/EC020/firmware_src/Lib_MCU/Debug/libLib_MCU.a(lpc17xx_gpio.o)
 .debug_abbrev  0x00001158      0x28b /home/pedro/Documents/dev/LPCxpresso/EC020/firmware_src/Lib_MCU/Debug/libLib_MCU.a(lpc17xx_i2c.o)
 .debug_abbrev  0x000013e3       0x6c /home/pedro/Documents/dev/LPCxpresso/EC020/firmware_src/Lib_MCU/Debug/libLib_MCU.a(lpc17xx_libcfg_default.o)
 .debug_abbrev  0x0000144f      0x12b /home/pedro/Documents/dev/LPCxpresso/EC020/firmware_src/Lib_MCU/Debug/libLib_MCU.a(lpc17xx_pinsel.o)
 .debug_abbrev  0x0000157a      0x1fd /home/pedro/Documents/dev/LPCxpresso/EC020/firmware_src/Lib_MCU/Debug/libLib_MCU.a(lpc17xx_ssp.o)
 .debug_abbrev  0x00001777      0x1cc /home/pedro/Documents/dev/LPCxpresso/EC020/firmware_src/Lib_MCU/Debug/libLib_MCU.a(lpc17xx_clkpwr.o)
 .debug_abbrev  0x00001943      0x16b /home/pedro/Documents/dev/LPCxpresso/EC020/firmware_src/Lib_EaBaseBoard/Debug/libLib_EaBaseBoard.a(acc.o)
 .debug_abbrev  0x00001aae       0x95 /home/pedro/Documents/dev/LPCxpresso/EC020/firmware_src/Lib_EaBaseBoard/Debug/libLib_EaBaseBoard.a(joystick.o)
 .debug_abbrev  0x00001b43      0x1d2 /home/pedro/Documents/dev/LPCxpresso/EC020/firmware_src/Lib_EaBaseBoard/Debug/libLib_EaBaseBoard.a(light.o)
 .debug_abbrev  0x00001d15      0x201 /home/pedro/Documents/dev/LPCxpresso/EC020/firmware_src/Lib_EaBaseBoard/Debug/libLib_EaBaseBoard.a(oled.o)
 .debug_abbrev  0x00001f16       0x93 /home/pedro/Documents/dev/LPCxpresso/EC020/firmware_src/Lib_EaBaseBoard/Debug/libLib_EaBaseBoard.a(rgb.o)
 .debug_abbrev  0x00001fa9       0x48 /home/pedro/Documents/dev/LPCxpresso/EC020/firmware_src/Lib_EaBaseBoard/Debug/libLib_EaBaseBoard.a(font5x7.o)
 .debug_abbrev  0x00001ff1      0x166 /home/pedro/Documents/dev/LPCxpresso/EC020/firmware_src/FreeRTOS_Library/Debug/libFreeRTOS_Library.a(port.o)
 .debug_abbrev  0x00002157      0x101 /home/pedro/Documents/dev/LPCxpresso/EC020/firmware_src/FreeRTOS_Library/Debug/libFreeRTOS_Library.a(basic_io.o)
 .debug_abbrev  0x00002258       0xb4 /home/pedro/Documents/dev/LPCxpresso/EC020/firmware_src/FreeRTOS_Library/Debug/libFreeRTOS_Library.a(consoleprint.o)
 .debug_abbrev  0x0000230c      0x207 /home/pedro/Documents/dev/LPCxpresso/EC020/firmware_src/FreeRTOS_Library/Debug/libFreeRTOS_Library.a(queue.o)
 .debug_abbrev  0x00002513      0x29f /home/pedro/Documents/dev/LPCxpresso/EC020/firmware_src/FreeRTOS_Library/Debug/libFreeRTOS_Library.a(tasks.o)
 .debug_abbrev  0x000027b2      0x1cf /home/pedro/Documents/dev/LPCxpresso/EC020/firmware_src/FreeRTOS_Library/Debug/libFreeRTOS_Library.a(heap_2.o)
 .debug_abbrev  0x00002981       0xc7 /home/pedro/Documents/dev/LPCxpresso/EC020/firmware_src/FreeRTOS_Library/Debug/libFreeRTOS_Library.a(list.o)

.debug_aranges  0x00000000      0x908
 .debug_aranges
                0x00000000       0x68 ./src/Services/Accelerometer.o
 .debug_aranges
                0x00000068       0x38 ./src/Services/Button.o
 .debug_aranges
                0x000000a0       0x38 ./src/Services/JoystickTask.o
 .debug_aranges
                0x000000d8       0x48 ./src/Services/LightSensor.o
 .debug_aranges
                0x00000120       0x60 ./src/Services/OLED_display.o
 .debug_aranges
                0x00000180       0x40 ./src/Services/RGB_Leds.o
 .debug_aranges
                0x000001c0       0x48 ./src/Services/Systick.o
 .debug_aranges
                0x00000208       0x20 ./src/common.o
 .debug_aranges
                0x00000228       0x68 ./src/main.o
 .debug_aranges
                0x00000290       0x70 ./cr_startup_lpc17.o
 .debug_aranges
                0x00000300       0x28 /home/pedro/Documents/dev/LPCxpresso/EC020/firmware_src/CMSISv2p00_LPC17xx/Debug/libCMSISv2p00_LPC17xx.a(system_LPC17xx.o)
 .debug_aranges
                0x00000328       0xc8 /home/pedro/Documents/dev/LPCxpresso/EC020/firmware_src/Lib_MCU/Debug/libLib_MCU.a(lpc17xx_gpio.o)
 .debug_aranges
                0x000003f0       0xd0 /home/pedro/Documents/dev/LPCxpresso/EC020/firmware_src/Lib_MCU/Debug/libLib_MCU.a(lpc17xx_i2c.o)
 .debug_aranges
                0x000004c0       0x20 /home/pedro/Documents/dev/LPCxpresso/EC020/firmware_src/Lib_MCU/Debug/libLib_MCU.a(lpc17xx_libcfg_default.o)
 .debug_aranges
                0x000004e0       0x48 /home/pedro/Documents/dev/LPCxpresso/EC020/firmware_src/Lib_MCU/Debug/libLib_MCU.a(lpc17xx_pinsel.o)
 .debug_aranges
                0x00000528       0xb8 /home/pedro/Documents/dev/LPCxpresso/EC020/firmware_src/Lib_MCU/Debug/libLib_MCU.a(lpc17xx_ssp.o)
 .debug_aranges
                0x000005e0       0x58 /home/pedro/Documents/dev/LPCxpresso/EC020/firmware_src/Lib_MCU/Debug/libLib_MCU.a(lpc17xx_clkpwr.o)
 .debug_aranges
                0x00000638       0x60 /home/pedro/Documents/dev/LPCxpresso/EC020/firmware_src/Lib_EaBaseBoard/Debug/libLib_EaBaseBoard.a(acc.o)
 .debug_aranges
                0x00000698       0x28 /home/pedro/Documents/dev/LPCxpresso/EC020/firmware_src/Lib_EaBaseBoard/Debug/libLib_EaBaseBoard.a(joystick.o)
 .debug_aranges
                0x000006c0       0x98 /home/pedro/Documents/dev/LPCxpresso/EC020/firmware_src/Lib_EaBaseBoard/Debug/libLib_EaBaseBoard.a(light.o)
 .debug_aranges
                0x00000758       0x90 /home/pedro/Documents/dev/LPCxpresso/EC020/firmware_src/Lib_EaBaseBoard/Debug/libLib_EaBaseBoard.a(oled.o)
 .debug_aranges
                0x000007e8       0x28 /home/pedro/Documents/dev/LPCxpresso/EC020/firmware_src/Lib_EaBaseBoard/Debug/libLib_EaBaseBoard.a(rgb.o)
 .debug_aranges
                0x00000810       0x18 /home/pedro/Documents/dev/LPCxpresso/EC020/firmware_src/Lib_EaBaseBoard/Debug/libLib_EaBaseBoard.a(font5x7.o)
 .debug_aranges
                0x00000828       0x20 /home/pedro/Documents/dev/LPCxpresso/EC020/firmware_src/FreeRTOS_Library/Debug/libFreeRTOS_Library.a(port.o)
 .debug_aranges
                0x00000848       0x20 /home/pedro/Documents/dev/LPCxpresso/EC020/firmware_src/FreeRTOS_Library/Debug/libFreeRTOS_Library.a(basic_io.o)
 .debug_aranges
                0x00000868       0x20 /home/pedro/Documents/dev/LPCxpresso/EC020/firmware_src/FreeRTOS_Library/Debug/libFreeRTOS_Library.a(consoleprint.o)
 .debug_aranges
                0x00000888       0x20 /home/pedro/Documents/dev/LPCxpresso/EC020/firmware_src/FreeRTOS_Library/Debug/libFreeRTOS_Library.a(queue.o)
 .debug_aranges
                0x000008a8       0x20 /home/pedro/Documents/dev/LPCxpresso/EC020/firmware_src/FreeRTOS_Library/Debug/libFreeRTOS_Library.a(tasks.o)
 .debug_aranges
                0x000008c8       0x20 /home/pedro/Documents/dev/LPCxpresso/EC020/firmware_src/FreeRTOS_Library/Debug/libFreeRTOS_Library.a(heap_2.o)
 .debug_aranges
                0x000008e8       0x20 /home/pedro/Documents/dev/LPCxpresso/EC020/firmware_src/FreeRTOS_Library/Debug/libFreeRTOS_Library.a(list.o)

.debug_ranges   0x00000000      0x708
 .debug_ranges  0x00000000       0x58 ./src/Services/Accelerometer.o
 .debug_ranges  0x00000058       0x28 ./src/Services/Button.o
 .debug_ranges  0x00000080       0x28 ./src/Services/JoystickTask.o
 .debug_ranges  0x000000a8       0x38 ./src/Services/LightSensor.o
 .debug_ranges  0x000000e0       0x50 ./src/Services/OLED_display.o
 .debug_ranges  0x00000130       0x30 ./src/Services/RGB_Leds.o
 .debug_ranges  0x00000160       0x38 ./src/Services/Systick.o
 .debug_ranges  0x00000198       0x10 ./src/common.o
 .debug_ranges  0x000001a8       0x58 ./src/main.o
 .debug_ranges  0x00000200       0x60 ./cr_startup_lpc17.o
 .debug_ranges  0x00000260       0x18 /home/pedro/Documents/dev/LPCxpresso/EC020/firmware_src/CMSISv2p00_LPC17xx/Debug/libCMSISv2p00_LPC17xx.a(system_LPC17xx.o)
 .debug_ranges  0x00000278       0xb8 /home/pedro/Documents/dev/LPCxpresso/EC020/firmware_src/Lib_MCU/Debug/libLib_MCU.a(lpc17xx_gpio.o)
 .debug_ranges  0x00000330       0xc0 /home/pedro/Documents/dev/LPCxpresso/EC020/firmware_src/Lib_MCU/Debug/libLib_MCU.a(lpc17xx_i2c.o)
 .debug_ranges  0x000003f0       0x10 /home/pedro/Documents/dev/LPCxpresso/EC020/firmware_src/Lib_MCU/Debug/libLib_MCU.a(lpc17xx_libcfg_default.o)
 .debug_ranges  0x00000400       0x38 /home/pedro/Documents/dev/LPCxpresso/EC020/firmware_src/Lib_MCU/Debug/libLib_MCU.a(lpc17xx_pinsel.o)
 .debug_ranges  0x00000438       0xa8 /home/pedro/Documents/dev/LPCxpresso/EC020/firmware_src/Lib_MCU/Debug/libLib_MCU.a(lpc17xx_ssp.o)
 .debug_ranges  0x000004e0       0x48 /home/pedro/Documents/dev/LPCxpresso/EC020/firmware_src/Lib_MCU/Debug/libLib_MCU.a(lpc17xx_clkpwr.o)
 .debug_ranges  0x00000528       0x50 /home/pedro/Documents/dev/LPCxpresso/EC020/firmware_src/Lib_EaBaseBoard/Debug/libLib_EaBaseBoard.a(acc.o)
 .debug_ranges  0x00000578       0x18 /home/pedro/Documents/dev/LPCxpresso/EC020/firmware_src/Lib_EaBaseBoard/Debug/libLib_EaBaseBoard.a(joystick.o)
 .debug_ranges  0x00000590       0x88 /home/pedro/Documents/dev/LPCxpresso/EC020/firmware_src/Lib_EaBaseBoard/Debug/libLib_EaBaseBoard.a(light.o)
 .debug_ranges  0x00000618       0x80 /home/pedro/Documents/dev/LPCxpresso/EC020/firmware_src/Lib_EaBaseBoard/Debug/libLib_EaBaseBoard.a(oled.o)
 .debug_ranges  0x00000698       0x18 /home/pedro/Documents/dev/LPCxpresso/EC020/firmware_src/Lib_EaBaseBoard/Debug/libLib_EaBaseBoard.a(rgb.o)
 .debug_ranges  0x000006b0       0x10 /home/pedro/Documents/dev/LPCxpresso/EC020/firmware_src/FreeRTOS_Library/Debug/libFreeRTOS_Library.a(port.o)
 .debug_ranges  0x000006c0       0x48 /home/pedro/Documents/dev/LPCxpresso/EC020/firmware_src/FreeRTOS_Library/Debug/libFreeRTOS_Library.a(tasks.o)

.debug_macro    0x00000000     0x71cf
 .debug_macro   0x00000000      0x133 ./src/Services/Accelerometer.o
 .debug_macro   0x00000133      0x880 ./src/Services/Accelerometer.o
 .debug_macro   0x000009b3       0x10 ./src/Services/Accelerometer.o
 .debug_macro   0x000009c3      0x12d ./src/Services/Accelerometer.o
 .debug_macro   0x00000af0       0x16 ./src/Services/Accelerometer.o
 .debug_macro   0x00000b06       0x46 ./src/Services/Accelerometer.o
 .debug_macro   0x00000b4c       0x1c ./src/Services/Accelerometer.o
 .debug_macro   0x00000b68       0x2e ./src/Services/Accelerometer.o
 .debug_macro   0x00000b96      0x5b2 ./src/Services/Accelerometer.o
 .debug_macro   0x00001148       0x18 ./src/Services/Accelerometer.o
 .debug_macro   0x00001160      0x7af ./src/Services/Accelerometer.o
 .debug_macro   0x0000190f      0x2c7 ./src/Services/Accelerometer.o
 .debug_macro   0x00001bd6       0xca ./src/Services/Accelerometer.o
 .debug_macro   0x00001ca0       0xa3 ./src/Services/Accelerometer.o
 .debug_macro   0x00001d43       0x12 ./src/Services/Accelerometer.o
 .debug_macro   0x00001d55       0x1d ./src/Services/Accelerometer.o
 .debug_macro   0x00001d72      0x15b ./src/Services/Accelerometer.o
 .debug_macro   0x00001ecd       0x42 ./src/Services/Accelerometer.o
 .debug_macro   0x00001f0f       0x56 ./src/Services/Accelerometer.o
 .debug_macro   0x00001f65       0x5d ./src/Services/Accelerometer.o
 .debug_macro   0x00001fc2      0x18c ./src/Services/Accelerometer.o
 .debug_macro   0x0000214e      0x149 ./src/Services/Accelerometer.o
 .debug_macro   0x00002297      0x145 ./src/Services/Button.o
 .debug_macro   0x000023dc       0x63 ./src/Services/Button.o
 .debug_macro   0x0000243f       0x40 ./src/Services/Button.o
 .debug_macro   0x0000247f       0x10 ./src/Services/Button.o
 .debug_macro   0x0000248f       0xd0 ./src/Services/Button.o
 .debug_macro   0x0000255f       0x1c ./src/Services/Button.o
 .debug_macro   0x0000257b      0x12d ./src/Services/JoystickTask.o
 .debug_macro   0x000026a8       0x28 ./src/Services/JoystickTask.o
 .debug_macro   0x000026d0       0x22 ./src/Services/JoystickTask.o
 .debug_macro   0x000026f2      0x136 ./src/Services/LightSensor.o
 .debug_macro   0x00002828      0x2a9 ./src/Services/LightSensor.o
 .debug_macro   0x00002ad1      0x192 ./src/Services/LightSensor.o
 .debug_macro   0x00002c63      0x166 ./src/Services/OLED_display.o
 .debug_macro   0x00002dc9       0x6a ./src/Services/OLED_display.o
 .debug_macro   0x00002e33       0x16 ./src/Services/OLED_display.o
 .debug_macro   0x00002e49      0x143 ./src/Services/OLED_display.o
 .debug_macro   0x00002f8c      0x2af ./src/Services/OLED_display.o
 .debug_macro   0x0000323b       0x62 ./src/Services/OLED_display.o
 .debug_macro   0x0000329d      0x155 ./src/Services/RGB_Leds.o
 .debug_macro   0x000033f2       0x16 ./src/Services/RGB_Leds.o
 .debug_macro   0x00003408       0x16 ./src/Services/RGB_Leds.o
 .debug_macro   0x0000341e       0x9a ./src/Services/RGB_Leds.o
 .debug_macro   0x000034b8       0x7f ./src/Services/Systick.o
 .debug_macro   0x00003537       0x59 ./src/common.o
 .debug_macro   0x00003590      0x1a7 ./src/main.o
 .debug_macro   0x00003737       0x1c ./src/main.o
 .debug_macro   0x00003753       0x52 ./cr_startup_lpc17.o
 .debug_macro   0x000037a5      0x12b /home/pedro/Documents/dev/LPCxpresso/EC020/firmware_src/CMSISv2p00_LPC17xx/Debug/libCMSISv2p00_LPC17xx.a(system_LPC17xx.o)
 .debug_macro   0x000038d0      0x886 /home/pedro/Documents/dev/LPCxpresso/EC020/firmware_src/CMSISv2p00_LPC17xx/Debug/libCMSISv2p00_LPC17xx.a(system_LPC17xx.o)
 .debug_macro   0x00004156       0x96 /home/pedro/Documents/dev/LPCxpresso/EC020/firmware_src/Lib_MCU/Debug/libLib_MCU.a(lpc17xx_gpio.o)
 .debug_macro   0x000041ec      0x880 /home/pedro/Documents/dev/LPCxpresso/EC020/firmware_src/Lib_MCU/Debug/libLib_MCU.a(lpc17xx_gpio.o)
 .debug_macro   0x00004a6c       0xcb /home/pedro/Documents/dev/LPCxpresso/EC020/firmware_src/Lib_MCU/Debug/libLib_MCU.a(lpc17xx_gpio.o)
 .debug_macro   0x00004b37       0xa8 /home/pedro/Documents/dev/LPCxpresso/EC020/firmware_src/Lib_MCU/Debug/libLib_MCU.a(lpc17xx_i2c.o)
 .debug_macro   0x00004bdf      0x2fe /home/pedro/Documents/dev/LPCxpresso/EC020/firmware_src/Lib_MCU/Debug/libLib_MCU.a(lpc17xx_i2c.o)
 .debug_macro   0x00004edd       0x5a /home/pedro/Documents/dev/LPCxpresso/EC020/firmware_src/Lib_MCU/Debug/libLib_MCU.a(lpc17xx_libcfg_default.o)
 .debug_macro   0x00004f37       0x5d /home/pedro/Documents/dev/LPCxpresso/EC020/firmware_src/Lib_MCU/Debug/libLib_MCU.a(lpc17xx_libcfg_default.o)
 .debug_macro   0x00004f94       0xc5 /home/pedro/Documents/dev/LPCxpresso/EC020/firmware_src/Lib_MCU/Debug/libLib_MCU.a(lpc17xx_libcfg_default.o)
 .debug_macro   0x00005059       0x8d /home/pedro/Documents/dev/LPCxpresso/EC020/firmware_src/Lib_MCU/Debug/libLib_MCU.a(lpc17xx_pinsel.o)
 .debug_macro   0x000050e6       0x9f /home/pedro/Documents/dev/LPCxpresso/EC020/firmware_src/Lib_MCU/Debug/libLib_MCU.a(lpc17xx_ssp.o)
 .debug_macro   0x00005185       0x8d /home/pedro/Documents/dev/LPCxpresso/EC020/firmware_src/Lib_MCU/Debug/libLib_MCU.a(lpc17xx_clkpwr.o)
 .debug_macro   0x00005212      0x2f8 /home/pedro/Documents/dev/LPCxpresso/EC020/firmware_src/Lib_MCU/Debug/libLib_MCU.a(lpc17xx_clkpwr.o)
 .debug_macro   0x0000550a      0x175 /home/pedro/Documents/dev/LPCxpresso/EC020/firmware_src/Lib_EaBaseBoard/Debug/libLib_EaBaseBoard.a(acc.o)
 .debug_macro   0x0000567f       0x96 /home/pedro/Documents/dev/LPCxpresso/EC020/firmware_src/Lib_EaBaseBoard/Debug/libLib_EaBaseBoard.a(joystick.o)
 .debug_macro   0x00005715      0x139 /home/pedro/Documents/dev/LPCxpresso/EC020/firmware_src/Lib_EaBaseBoard/Debug/libLib_EaBaseBoard.a(light.o)
 .debug_macro   0x0000584e       0xf0 /home/pedro/Documents/dev/LPCxpresso/EC020/firmware_src/Lib_EaBaseBoard/Debug/libLib_EaBaseBoard.a(oled.o)
 .debug_macro   0x0000593e       0x96 /home/pedro/Documents/dev/LPCxpresso/EC020/firmware_src/Lib_EaBaseBoard/Debug/libLib_EaBaseBoard.a(rgb.o)
 .debug_macro   0x000059d4       0x1a /home/pedro/Documents/dev/LPCxpresso/EC020/firmware_src/Lib_EaBaseBoard/Debug/libLib_EaBaseBoard.a(font5x7.o)
 .debug_macro   0x000059ee      0x696 /home/pedro/Documents/dev/LPCxpresso/EC020/firmware_src/Lib_EaBaseBoard/Debug/libLib_EaBaseBoard.a(font5x7.o)
 .debug_macro   0x00006084      0x12c /home/pedro/Documents/dev/LPCxpresso/EC020/firmware_src/FreeRTOS_Library/Debug/libFreeRTOS_Library.a(port.o)
 .debug_macro   0x000061b0      0x874 /home/pedro/Documents/dev/LPCxpresso/EC020/firmware_src/FreeRTOS_Library/Debug/libFreeRTOS_Library.a(port.o)
 .debug_macro   0x00006a24      0x10d /home/pedro/Documents/dev/LPCxpresso/EC020/firmware_src/FreeRTOS_Library/Debug/libFreeRTOS_Library.a(basic_io.o)
 .debug_macro   0x00006b31       0xa0 /home/pedro/Documents/dev/LPCxpresso/EC020/firmware_src/FreeRTOS_Library/Debug/libFreeRTOS_Library.a(basic_io.o)
 .debug_macro   0x00006bd1       0x5a /home/pedro/Documents/dev/LPCxpresso/EC020/firmware_src/FreeRTOS_Library/Debug/libFreeRTOS_Library.a(consoleprint.o)
 .debug_macro   0x00006c2b      0x170 /home/pedro/Documents/dev/LPCxpresso/EC020/firmware_src/FreeRTOS_Library/Debug/libFreeRTOS_Library.a(queue.o)
 .debug_macro   0x00006d9b       0x28 /home/pedro/Documents/dev/LPCxpresso/EC020/firmware_src/FreeRTOS_Library/Debug/libFreeRTOS_Library.a(queue.o)
 .debug_macro   0x00006dc3       0x49 /home/pedro/Documents/dev/LPCxpresso/EC020/firmware_src/FreeRTOS_Library/Debug/libFreeRTOS_Library.a(queue.o)
 .debug_macro   0x00006e0c      0x17f /home/pedro/Documents/dev/LPCxpresso/EC020/firmware_src/FreeRTOS_Library/Debug/libFreeRTOS_Library.a(tasks.o)
 .debug_macro   0x00006f8b       0x22 /home/pedro/Documents/dev/LPCxpresso/EC020/firmware_src/FreeRTOS_Library/Debug/libFreeRTOS_Library.a(tasks.o)
 .debug_macro   0x00006fad       0x16 /home/pedro/Documents/dev/LPCxpresso/EC020/firmware_src/FreeRTOS_Library/Debug/libFreeRTOS_Library.a(tasks.o)
 .debug_macro   0x00006fc3      0x11d /home/pedro/Documents/dev/LPCxpresso/EC020/firmware_src/FreeRTOS_Library/Debug/libFreeRTOS_Library.a(heap_2.o)
 .debug_macro   0x000070e0       0xef /home/pedro/Documents/dev/LPCxpresso/EC020/firmware_src/FreeRTOS_Library/Debug/libFreeRTOS_Library.a(list.o)

.debug_line     0x00000000     0x6c37
 .debug_line    0x00000000      0x52d ./src/Services/Accelerometer.o
 .debug_line    0x0000052d      0x43d ./src/Services/Button.o
 .debug_line    0x0000096a      0x46e ./src/Services/JoystickTask.o
 .debug_line    0x00000dd8      0x4e2 ./src/Services/LightSensor.o
 .debug_line    0x000012ba      0x5a9 ./src/Services/OLED_display.o
 .debug_line    0x00001863      0x477 ./src/Services/RGB_Leds.o
 .debug_line    0x00001cda      0x291 ./src/Services/Systick.o
 .debug_line    0x00001f6b      0x163 ./src/common.o
 .debug_line    0x000020ce      0x590 ./src/main.o
 .debug_line    0x0000265e      0x259 ./cr_startup_lpc17.o
 .debug_line    0x000028b7      0x1db /home/pedro/Documents/dev/LPCxpresso/EC020/firmware_src/CMSISv2p00_LPC17xx/Debug/libCMSISv2p00_LPC17xx.a(system_LPC17xx.o)
 .debug_line    0x00002a92      0x436 /home/pedro/Documents/dev/LPCxpresso/EC020/firmware_src/Lib_MCU/Debug/libLib_MCU.a(lpc17xx_gpio.o)
 .debug_line    0x00002ec8      0x70b /home/pedro/Documents/dev/LPCxpresso/EC020/firmware_src/Lib_MCU/Debug/libLib_MCU.a(lpc17xx_i2c.o)
 .debug_line    0x000035d3      0x189 /home/pedro/Documents/dev/LPCxpresso/EC020/firmware_src/Lib_MCU/Debug/libLib_MCU.a(lpc17xx_libcfg_default.o)
 .debug_line    0x0000375c      0x290 /home/pedro/Documents/dev/LPCxpresso/EC020/firmware_src/Lib_MCU/Debug/libLib_MCU.a(lpc17xx_pinsel.o)
 .debug_line    0x000039ec      0x63c /home/pedro/Documents/dev/LPCxpresso/EC020/firmware_src/Lib_MCU/Debug/libLib_MCU.a(lpc17xx_ssp.o)
 .debug_line    0x00004028      0x2f8 /home/pedro/Documents/dev/LPCxpresso/EC020/firmware_src/Lib_MCU/Debug/libLib_MCU.a(lpc17xx_clkpwr.o)
 .debug_line    0x00004320      0x32a /home/pedro/Documents/dev/LPCxpresso/EC020/firmware_src/Lib_EaBaseBoard/Debug/libLib_EaBaseBoard.a(acc.o)
 .debug_line    0x0000464a      0x28d /home/pedro/Documents/dev/LPCxpresso/EC020/firmware_src/Lib_EaBaseBoard/Debug/libLib_EaBaseBoard.a(joystick.o)
 .debug_line    0x000048d7      0x3d6 /home/pedro/Documents/dev/LPCxpresso/EC020/firmware_src/Lib_EaBaseBoard/Debug/libLib_EaBaseBoard.a(light.o)
 .debug_line    0x00004cad      0x5a8 /home/pedro/Documents/dev/LPCxpresso/EC020/firmware_src/Lib_EaBaseBoard/Debug/libLib_EaBaseBoard.a(oled.o)
 .debug_line    0x00005255      0x27b /home/pedro/Documents/dev/LPCxpresso/EC020/firmware_src/Lib_EaBaseBoard/Debug/libLib_EaBaseBoard.a(rgb.o)
 .debug_line    0x000054d0       0x8d /home/pedro/Documents/dev/LPCxpresso/EC020/firmware_src/Lib_EaBaseBoard/Debug/libLib_EaBaseBoard.a(font5x7.o)
 .debug_line    0x0000555d      0x2fd /home/pedro/Documents/dev/LPCxpresso/EC020/firmware_src/FreeRTOS_Library/Debug/libFreeRTOS_Library.a(port.o)
 .debug_line    0x0000585a      0x2f5 /home/pedro/Documents/dev/LPCxpresso/EC020/firmware_src/FreeRTOS_Library/Debug/libFreeRTOS_Library.a(basic_io.o)
 .debug_line    0x00005b4f      0x131 /home/pedro/Documents/dev/LPCxpresso/EC020/firmware_src/FreeRTOS_Library/Debug/libFreeRTOS_Library.a(consoleprint.o)
 .debug_line    0x00005c80      0x401 /home/pedro/Documents/dev/LPCxpresso/EC020/firmware_src/FreeRTOS_Library/Debug/libFreeRTOS_Library.a(queue.o)
 .debug_line    0x00006081      0x596 /home/pedro/Documents/dev/LPCxpresso/EC020/firmware_src/FreeRTOS_Library/Debug/libFreeRTOS_Library.a(tasks.o)
 .debug_line    0x00006617      0x32d /home/pedro/Documents/dev/LPCxpresso/EC020/firmware_src/FreeRTOS_Library/Debug/libFreeRTOS_Library.a(heap_2.o)
 .debug_line    0x00006944      0x2f3 /home/pedro/Documents/dev/LPCxpresso/EC020/firmware_src/FreeRTOS_Library/Debug/libFreeRTOS_Library.a(list.o)

.debug_str      0x00000000    0x137dd
 .debug_str     0x00000000     0xa6e5 ./src/Services/Accelerometer.o
                               0xa7a9 (size before relaxing)
 .debug_str     0x0000a6e5      0x34e ./src/Services/Button.o
                               0x9af6 (size before relaxing)
 .debug_str     0x0000aa33      0x15d ./src/Services/JoystickTask.o
                               0x9804 (size before relaxing)
 .debug_str     0x0000ab90     0x10de ./src/Services/LightSensor.o
                               0xb6b6 (size before relaxing)
 .debug_str     0x0000bc6e      0xe36 ./src/Services/OLED_display.o
                               0xbbb5 (size before relaxing)
 .debug_str     0x0000caa4      0x39d ./src/Services/RGB_Leds.o
                               0xa0c5 (size before relaxing)
 .debug_str     0x0000ce41      0x4bf ./src/Services/Systick.o
                               0x81cb (size before relaxing)
 .debug_str     0x0000d300       0x3c ./src/common.o
                               0x3d01 (size before relaxing)
 .debug_str     0x0000d33c       0xff ./src/main.o
                               0xa160 (size before relaxing)
 .debug_str     0x0000d43b      0x126 ./cr_startup_lpc17.o
                               0x3d6c (size before relaxing)
 .debug_str     0x0000d561      0x531 /home/pedro/Documents/dev/LPCxpresso/EC020/firmware_src/CMSISv2p00_LPC17xx/Debug/libCMSISv2p00_LPC17xx.a(system_LPC17xx.o)
                               0x814b (size before relaxing)
 .debug_str     0x0000da92      0x452 /home/pedro/Documents/dev/LPCxpresso/EC020/firmware_src/Lib_MCU/Debug/libLib_MCU.a(lpc17xx_gpio.o)
                               0x8562 (size before relaxing)
 .debug_str     0x0000dee4     0x15d7 /home/pedro/Documents/dev/LPCxpresso/EC020/firmware_src/Lib_MCU/Debug/libLib_MCU.a(lpc17xx_i2c.o)
                               0xa5ff (size before relaxing)
 .debug_str     0x0000f4bb       0x32 /home/pedro/Documents/dev/LPCxpresso/EC020/firmware_src/Lib_MCU/Debug/libLib_MCU.a(lpc17xx_libcfg_default.o)
                               0x3f21 (size before relaxing)
 .debug_str     0x0000f4ed      0x214 /home/pedro/Documents/dev/LPCxpresso/EC020/firmware_src/Lib_MCU/Debug/libLib_MCU.a(lpc17xx_pinsel.o)
                               0x85a6 (size before relaxing)
 .debug_str     0x0000f701      0x25f /home/pedro/Documents/dev/LPCxpresso/EC020/firmware_src/Lib_MCU/Debug/libLib_MCU.a(lpc17xx_ssp.o)
                               0xa54a (size before relaxing)
 .debug_str     0x0000f960       0xcb /home/pedro/Documents/dev/LPCxpresso/EC020/firmware_src/Lib_MCU/Debug/libLib_MCU.a(lpc17xx_clkpwr.o)
                               0x931c (size before relaxing)
 .debug_str     0x0000fa2b      0x3c2 /home/pedro/Documents/dev/LPCxpresso/EC020/firmware_src/Lib_EaBaseBoard/Debug/libLib_EaBaseBoard.a(acc.o)
                               0x8c67 (size before relaxing)
 .debug_str     0x0000fded       0x3a /home/pedro/Documents/dev/LPCxpresso/EC020/firmware_src/Lib_EaBaseBoard/Debug/libLib_EaBaseBoard.a(joystick.o)
                               0x816c (size before relaxing)
 .debug_str     0x0000fe27      0x454 /home/pedro/Documents/dev/LPCxpresso/EC020/firmware_src/Lib_EaBaseBoard/Debug/libLib_EaBaseBoard.a(light.o)
                               0x8cff (size before relaxing)
 .debug_str     0x0001027b      0x314 /home/pedro/Documents/dev/LPCxpresso/EC020/firmware_src/Lib_EaBaseBoard/Debug/libLib_EaBaseBoard.a(oled.o)
                               0x9d8b (size before relaxing)
 .debug_str     0x0001058f       0x22 /home/pedro/Documents/dev/LPCxpresso/EC020/firmware_src/Lib_EaBaseBoard/Debug/libLib_EaBaseBoard.a(rgb.o)
                               0x8111 (size before relaxing)
 .debug_str     0x000105b1      0xe21 /home/pedro/Documents/dev/LPCxpresso/EC020/firmware_src/Lib_EaBaseBoard/Debug/libLib_EaBaseBoard.a(font5x7.o)
                               0x32d2 (size before relaxing)
 .debug_str     0x000113d2      0x456 /home/pedro/Documents/dev/LPCxpresso/EC020/firmware_src/FreeRTOS_Library/Debug/libFreeRTOS_Library.a(port.o)
                               0x9906 (size before relaxing)
 .debug_str     0x00011828       0xae /home/pedro/Documents/dev/LPCxpresso/EC020/firmware_src/FreeRTOS_Library/Debug/libFreeRTOS_Library.a(basic_io.o)
                               0x982a (size before relaxing)
 .debug_str     0x000118d6       0x4b /home/pedro/Documents/dev/LPCxpresso/EC020/firmware_src/FreeRTOS_Library/Debug/libFreeRTOS_Library.a(consoleprint.o)
                               0x2ca3 (size before relaxing)
 .debug_str     0x00011921      0xc7b /home/pedro/Documents/dev/LPCxpresso/EC020/firmware_src/FreeRTOS_Library/Debug/libFreeRTOS_Library.a(queue.o)
                               0xa347 (size before relaxing)
 .debug_str     0x0001259c      0xd8b /home/pedro/Documents/dev/LPCxpresso/EC020/firmware_src/FreeRTOS_Library/Debug/libFreeRTOS_Library.a(tasks.o)
                               0xa8dd (size before relaxing)
 .debug_str     0x00013327      0x46f /home/pedro/Documents/dev/LPCxpresso/EC020/firmware_src/FreeRTOS_Library/Debug/libFreeRTOS_Library.a(heap_2.o)
                               0x9ad1 (size before relaxing)
 .debug_str     0x00013796       0x47 /home/pedro/Documents/dev/LPCxpresso/EC020/firmware_src/FreeRTOS_Library/Debug/libFreeRTOS_Library.a(list.o)
                               0x93d2 (size before relaxing)

.comment        0x00000000       0xdc
 .comment       0x00000000       0x6e ./src/Services/Accelerometer.o
                                 0x6f (size before relaxing)
 .comment       0x0000006e       0x6f ./src/Services/Button.o
 .comment       0x0000006e       0x6f ./src/Services/JoystickTask.o
 .comment       0x0000006e       0x6f ./src/Services/LightSensor.o
 .comment       0x0000006e       0x6f ./src/Services/OLED_display.o
 .comment       0x0000006e       0x6f ./src/Services/RGB_Leds.o
 .comment       0x0000006e       0x6f ./src/Services/Systick.o
 .comment       0x0000006e       0x6f ./src/common.o
 .comment       0x0000006e       0x6f ./src/main.o
 .comment       0x0000006e       0x6f ./cr_startup_lpc17.o
 .comment       0x0000006e       0x6f /home/pedro/Documents/dev/LPCxpresso/EC020/firmware_src/CMSISv2p00_LPC17xx/Debug/libCMSISv2p00_LPC17xx.a(system_LPC17xx.o)
 .comment       0x0000006e       0x6f /home/pedro/Documents/dev/LPCxpresso/EC020/firmware_src/Lib_MCU/Debug/libLib_MCU.a(lpc17xx_gpio.o)
 .comment       0x0000006e       0x6f /home/pedro/Documents/dev/LPCxpresso/EC020/firmware_src/Lib_MCU/Debug/libLib_MCU.a(lpc17xx_i2c.o)
 .comment       0x0000006e       0x6f /home/pedro/Documents/dev/LPCxpresso/EC020/firmware_src/Lib_MCU/Debug/libLib_MCU.a(lpc17xx_libcfg_default.o)
 .comment       0x0000006e       0x6f /home/pedro/Documents/dev/LPCxpresso/EC020/firmware_src/Lib_MCU/Debug/libLib_MCU.a(lpc17xx_pinsel.o)
 .comment       0x0000006e       0x6f /home/pedro/Documents/dev/LPCxpresso/EC020/firmware_src/Lib_MCU/Debug/libLib_MCU.a(lpc17xx_ssp.o)
 .comment       0x0000006e       0x6f /home/pedro/Documents/dev/LPCxpresso/EC020/firmware_src/Lib_MCU/Debug/libLib_MCU.a(lpc17xx_clkpwr.o)
 .comment       0x0000006e       0x6f /home/pedro/Documents/dev/LPCxpresso/EC020/firmware_src/Lib_EaBaseBoard/Debug/libLib_EaBaseBoard.a(acc.o)
 .comment       0x0000006e       0x6f /home/pedro/Documents/dev/LPCxpresso/EC020/firmware_src/Lib_EaBaseBoard/Debug/libLib_EaBaseBoard.a(joystick.o)
 .comment       0x0000006e       0x6f /home/pedro/Documents/dev/LPCxpresso/EC020/firmware_src/Lib_EaBaseBoard/Debug/libLib_EaBaseBoard.a(light.o)
 .comment       0x0000006e       0x6f /home/pedro/Documents/dev/LPCxpresso/EC020/firmware_src/Lib_EaBaseBoard/Debug/libLib_EaBaseBoard.a(oled.o)
 .comment       0x0000006e       0x6f /home/pedro/Documents/dev/LPCxpresso/EC020/firmware_src/Lib_EaBaseBoard/Debug/libLib_EaBaseBoard.a(rgb.o)
 .comment       0x0000006e       0x6f /home/pedro/Documents/dev/LPCxpresso/EC020/firmware_src/Lib_EaBaseBoard/Debug/libLib_EaBaseBoard.a(font5x7.o)
 .comment       0x0000006e       0x6f /home/pedro/Documents/dev/LPCxpresso/EC020/firmware_src/FreeRTOS_Library/Debug/libFreeRTOS_Library.a(port.o)
 .comment       0x0000006e       0x6f /home/pedro/Documents/dev/LPCxpresso/EC020/firmware_src/FreeRTOS_Library/Debug/libFreeRTOS_Library.a(basic_io.o)
 .comment       0x0000006e       0x6f /home/pedro/Documents/dev/LPCxpresso/EC020/firmware_src/FreeRTOS_Library/Debug/libFreeRTOS_Library.a(consoleprint.o)
 .comment       0x0000006e       0x6f /home/pedro/Documents/dev/LPCxpresso/EC020/firmware_src/FreeRTOS_Library/Debug/libFreeRTOS_Library.a(queue.o)
 .comment       0x0000006e       0x6f /home/pedro/Documents/dev/LPCxpresso/EC020/firmware_src/FreeRTOS_Library/Debug/libFreeRTOS_Library.a(tasks.o)
 .comment       0x0000006e       0x6f /home/pedro/Documents/dev/LPCxpresso/EC020/firmware_src/FreeRTOS_Library/Debug/libFreeRTOS_Library.a(heap_2.o)
 .comment       0x0000006e       0x6f /home/pedro/Documents/dev/LPCxpresso/EC020/firmware_src/FreeRTOS_Library/Debug/libFreeRTOS_Library.a(list.o)
 .comment       0x0000006e       0x6e /usr/local/lpcxpresso_8.2.2_650/lpcxpresso/tools/bin/../lib/gcc/arm-none-eabi/5.4.1/../../../../arm-none-eabi/lib/armv7-m/libcr_semihost.a(_cr__main.o)
                                 0x6f (size before relaxing)
 .comment       0x000000dc       0x6f /usr/local/lpcxpresso_8.2.2_650/lpcxpresso/tools/bin/../lib/gcc/arm-none-eabi/5.4.1/../../../../arm-none-eabi/lib/armv7-m/libcr_c.a(memcpy.o)
 .comment       0x000000dc       0x6f /usr/local/lpcxpresso_8.2.2_650/lpcxpresso/tools/bin/../lib/gcc/arm-none-eabi/5.4.1/../../../../arm-none-eabi/lib/armv7-m/libcr_c.a(memset.o)
 .comment       0x000000dc       0x6f /usr/local/lpcxpresso_8.2.2_650/lpcxpresso/tools/bin/../lib/gcc/arm-none-eabi/5.4.1/../../../../arm-none-eabi/lib/armv7-m/libcr_c.a(fpprintf.o)
 .comment       0x000000dc       0x6f /usr/local/lpcxpresso_8.2.2_650/lpcxpresso/tools/bin/../lib/gcc/arm-none-eabi/5.4.1/../../../../arm-none-eabi/lib/armv7-m/libcr_c.a(initio.o)
 .comment       0x000000dc       0x6f /usr/local/lpcxpresso_8.2.2_650/lpcxpresso/tools/bin/../lib/gcc/arm-none-eabi/5.4.1/../../../../arm-none-eabi/lib/armv7-m/libcr_c.a(memcmp.o)
 .comment       0x000000dc       0x6f /usr/local/lpcxpresso_8.2.2_650/lpcxpresso/tools/bin/../lib/gcc/arm-none-eabi/5.4.1/../../../../arm-none-eabi/lib/armv7-m/libcr_c.a(printf.o)
 .comment       0x000000dc       0x6f /usr/local/lpcxpresso_8.2.2_650/lpcxpresso/tools/bin/../lib/gcc/arm-none-eabi/5.4.1/../../../../arm-none-eabi/lib/armv7-m/libcr_c.a(setvbuf.o)
 .comment       0x000000dc       0x6f /usr/local/lpcxpresso_8.2.2_650/lpcxpresso/tools/bin/../lib/gcc/arm-none-eabi/5.4.1/../../../../arm-none-eabi/lib/armv7-m/libcr_c.a(stdio.o)
 .comment       0x000000dc       0x6f /usr/local/lpcxpresso_8.2.2_650/lpcxpresso/tools/bin/../lib/gcc/arm-none-eabi/5.4.1/../../../../arm-none-eabi/lib/armv7-m/libcr_c.a(strlen.o)
 .comment       0x000000dc       0x6f /usr/local/lpcxpresso_8.2.2_650/lpcxpresso/tools/bin/../lib/gcc/arm-none-eabi/5.4.1/../../../../arm-none-eabi/lib/armv7-m/libcr_c.a(strncpy.o)
 .comment       0x000000dc       0x6f /usr/local/lpcxpresso_8.2.2_650/lpcxpresso/tools/bin/../lib/gcc/arm-none-eabi/5.4.1/../../../../arm-none-eabi/lib/armv7-m/libcr_c.a(_deferredlazyseek.o)
 .comment       0x000000dc       0x6f /usr/local/lpcxpresso_8.2.2_650/lpcxpresso/tools/bin/../lib/gcc/arm-none-eabi/5.4.1/../../../../arm-none-eabi/lib/armv7-m/libcr_c.a(_fdopen.o)
 .comment       0x000000dc       0x6f /usr/local/lpcxpresso_8.2.2_650/lpcxpresso/tools/bin/../lib/gcc/arm-none-eabi/5.4.1/../../../../arm-none-eabi/lib/armv7-m/libcr_c.a(_fflush.o)
 .comment       0x000000dc       0x6f /usr/local/lpcxpresso_8.2.2_650/lpcxpresso/tools/bin/../lib/gcc/arm-none-eabi/5.4.1/../../../../arm-none-eabi/lib/armv7-m/libcr_c.a(_frexpl.o)
 .comment       0x000000dc       0x6f /usr/local/lpcxpresso_8.2.2_650/lpcxpresso/tools/bin/../lib/gcc/arm-none-eabi/5.4.1/../../../../arm-none-eabi/lib/armv7-m/libcr_c.a(_ldexpl.o)
 .comment       0x000000dc       0x6f /usr/local/lpcxpresso_8.2.2_650/lpcxpresso/tools/bin/../lib/gcc/arm-none-eabi/5.4.1/../../../../arm-none-eabi/lib/armv7-m/libcr_c.a(_writebuf.o)
 .comment       0x000000dc       0x6f /usr/local/lpcxpresso_8.2.2_650/lpcxpresso/tools/bin/../lib/gcc/arm-none-eabi/5.4.1/../../../../arm-none-eabi/lib/armv7-m/libcr_c.a(alloc.o)
 .comment       0x000000dc       0x6f /usr/local/lpcxpresso_8.2.2_650/lpcxpresso/tools/bin/../lib/gcc/arm-none-eabi/5.4.1/../../../../arm-none-eabi/lib/armv7-m/libcr_c.a(errno.o)
 .comment       0x000000dc       0x6f /usr/local/lpcxpresso_8.2.2_650/lpcxpresso/tools/bin/../lib/gcc/arm-none-eabi/5.4.1/../../../../arm-none-eabi/lib/armv7-m/libcr_c.a(fclose.o)
 .comment       0x000000dc       0x6f /usr/local/lpcxpresso_8.2.2_650/lpcxpresso/tools/bin/../lib/gcc/arm-none-eabi/5.4.1/../../../../arm-none-eabi/lib/armv7-m/libcr_c.a(fflush.o)
 .comment       0x000000dc       0x6f /usr/local/lpcxpresso_8.2.2_650/lpcxpresso/tools/bin/../lib/gcc/arm-none-eabi/5.4.1/../../../../arm-none-eabi/lib/armv7-m/libcr_c.a(fseek.o)
 .comment       0x000000dc       0x6f /usr/local/lpcxpresso_8.2.2_650/lpcxpresso/tools/bin/../lib/gcc/arm-none-eabi/5.4.1/../../../../arm-none-eabi/lib/armv7-m/libcr_c.a(ftell.o)
 .comment       0x000000dc       0x6f /usr/local/lpcxpresso_8.2.2_650/lpcxpresso/tools/bin/../lib/gcc/arm-none-eabi/5.4.1/../../../../arm-none-eabi/lib/armv7-m/libcr_c.a(remove.o)
 .comment       0x000000dc       0x6f /usr/local/lpcxpresso_8.2.2_650/lpcxpresso/tools/bin/../lib/gcc/arm-none-eabi/5.4.1/../../../../arm-none-eabi/lib/armv7-m/libcr_c.a(__init_alloc.o)
 .comment       0x000000dc       0x6f /usr/local/lpcxpresso_8.2.2_650/lpcxpresso/tools/bin/../lib/gcc/arm-none-eabi/5.4.1/../../../../arm-none-eabi/lib/armv7-m/libcr_c.a(_cr_sbrk.o)
 .comment       0x000000dc       0x6f /usr/local/lpcxpresso_8.2.2_650/lpcxpresso/tools/bin/../lib/gcc/arm-none-eabi/5.4.1/../../../../arm-none-eabi/lib/armv7-m/libcr_c.a(_do_fflush.o)
 .comment       0x000000dc       0x6f /usr/local/lpcxpresso_8.2.2_650/lpcxpresso/tools/bin/../lib/gcc/arm-none-eabi/5.4.1/../../../../arm-none-eabi/lib/armv7-m/libcr_c.a(_hugeval.o)
 .comment       0x000000dc       0x6f /usr/local/lpcxpresso_8.2.2_650/lpcxpresso/tools/bin/../lib/gcc/arm-none-eabi/5.4.1/../../../../arm-none-eabi/lib/armv7-m/libcr_c.a(_cr_check_heap.o)
 .comment       0x000000dc       0x6f /usr/local/lpcxpresso_8.2.2_650/lpcxpresso/tools/bin/../lib/gcc/arm-none-eabi/5.4.1/armv7-m/libcr_eabihelpers.a(double.o)

.ARM.attributes
                0x00000000       0x31
 .ARM.attributes
                0x00000000       0x33 ./src/Services/Accelerometer.o
 .ARM.attributes
                0x00000033       0x33 ./src/Services/Button.o
 .ARM.attributes
                0x00000066       0x33 ./src/Services/JoystickTask.o
 .ARM.attributes
                0x00000099       0x33 ./src/Services/LightSensor.o
 .ARM.attributes
                0x000000cc       0x33 ./src/Services/OLED_display.o
 .ARM.attributes
                0x000000ff       0x33 ./src/Services/RGB_Leds.o
 .ARM.attributes